127.0.0.1 - - [09/Jun/2020:10:46:20 +0530] "GET / HTTP/1.1" 404 1074
0:0:0:0:0:0:0:1 - - [09/Jun/2020:10:50:14 +0530] "GET /usermanagement/ HTTP/1.1" 200 3174
0:0:0:0:0:0:0:1 - - [09/Jun/2020:10:50:14 +0530] "GET /usermanagement/assets/lib/select2/select2.min.css HTTP/1.1" 200 15197
0:0:0:0:0:0:0:1 - - [09/Jun/2020:10:50:14 +0530] "GET /usermanagement/assets/lib/font-awesome/font-awesome.min.css HTTP/1.1" 200 27283
0:0:0:0:0:0:0:1 - - [09/Jun/2020:10:50:14 +0530] "GET /usermanagement/assets/lib/bootstrap/css/bootstrap.min.css HTTP/1.1" 200 121205
0:0:0:0:0:0:0:1 - - [09/Jun/2020:10:50:14 +0530] "GET /usermanagement/assets/lib/datepicker/datepicker3.css HTTP/1.1" 200 34535
0:0:0:0:0:0:0:1 - - [09/Jun/2020:10:50:14 +0530] "GET /usermanagement/assets/css/angular-ui-notification.css HTTP/1.1" 200 1602
0:0:0:0:0:0:0:1 - - [09/Jun/2020:10:50:14 +0530] "GET /usermanagement/assets/css/skins/skin-blue.min.css HTTP/1.1" 200 3531
0:0:0:0:0:0:0:1 - - [09/Jun/2020:10:50:14 +0530] "GET /usermanagement/assets/css/AdminLTE.min.css HTTP/1.1" 200 114027
0:0:0:0:0:0:0:1 - - [09/Jun/2020:10:50:14 +0530] "GET /usermanagement/assets/css/multiple-select.min.css HTTP/1.1" 200 3055
0:0:0:0:0:0:0:1 - - [09/Jun/2020:10:50:14 +0530] "GET /usermanagement/assets/ngtrix//trix.css HTTP/1.1" 200 17708
0:0:0:0:0:0:0:1 - - [09/Jun/2020:10:50:14 +0530] "GET /usermanagement/assets/lib/boot-select/bootstrap-select.css HTTP/1.1" 200 7831
0:0:0:0:0:0:0:1 - - [09/Jun/2020:10:50:15 +0530] "GET /usermanagement/assets/lib/momentjs/moment.js HTTP/1.1" 200 151325
0:0:0:0:0:0:0:1 - - [09/Jun/2020:10:50:15 +0530] "GET /usermanagement/assets/lib/bootstrap/js/bootstrap.min.js HTTP/1.1" 200 37051
0:0:0:0:0:0:0:1 - - [09/Jun/2020:10:50:15 +0530] "GET /usermanagement/assets/lib/sparklines/sparkline.min.js HTTP/1.1" 200 43251
0:0:0:0:0:0:0:1 - - [09/Jun/2020:10:50:15 +0530] "GET /usermanagement/assets/lib/adminlte/adminlte.min.js HTTP/1.1" 200 9935
0:0:0:0:0:0:0:1 - - [09/Jun/2020:10:50:15 +0530] "GET /usermanagement/assets/lib/jQuery/jquery-2.2.3.min.js HTTP/1.1" 200 85663
0:0:0:0:0:0:0:1 - - [09/Jun/2020:10:50:15 +0530] "GET /usermanagement/assets/lib/fastclick/fastclick.js HTTP/1.1" 200 26806
0:0:0:0:0:0:0:1 - - [09/Jun/2020:10:50:15 +0530] "GET /usermanagement/assets/lib/flot/jquery.flot.resize.min.js HTTP/1.1" 200 2023
0:0:0:0:0:0:0:1 - - [09/Jun/2020:10:50:15 +0530] "GET /usermanagement/assets/lib/flot/jquery.flot.categories.min.js HTTP/1.1" 200 2457
0:0:0:0:0:0:0:1 - - [09/Jun/2020:10:50:15 +0530] "GET /usermanagement/assets/lib/datepicker/bootstrap-datepicker.js HTTP/1.1" 200 48509
0:0:0:0:0:0:0:1 - - [09/Jun/2020:10:50:15 +0530] "GET /usermanagement/assets/lib/flot/jquery.flot.pie.min.js HTTP/1.1" 200 12024
0:0:0:0:0:0:0:1 - - [09/Jun/2020:10:50:15 +0530] "GET /usermanagement/assets/ngtrix/trix.js HTTP/1.1" 200 211778
0:0:0:0:0:0:0:1 - - [09/Jun/2020:10:50:15 +0530] "GET /usermanagement/assets/lib/flot/jquery.flot.min.js HTTP/1.1" 200 52301
0:0:0:0:0:0:0:1 - - [09/Jun/2020:10:50:15 +0530] "GET /usermanagement/assets/lib/jQuery/jquery-ui.min.js HTTP/1.1" 200 228088
0:0:0:0:0:0:0:1 - - [09/Jun/2020:10:50:15 +0530] "GET /usermanagement/assets/lib/boot-select/bootstrap-select.js HTTP/1.1" 200 70555
0:0:0:0:0:0:0:1 - - [09/Jun/2020:10:50:15 +0530] "GET /usermanagement/app.bundle.js?f69bfb46c6ebaf9ab26b HTTP/1.1" 200 75558
0:0:0:0:0:0:0:1 - - [09/Jun/2020:10:50:15 +0530] "GET /usermanagement/assets/lib/datepicker/bootstrap-datepicker.js HTTP/1.1" 200 48509
0:0:0:0:0:0:0:1 - - [09/Jun/2020:10:50:16 +0530] "GET /usermanagement/vendor.bundle.js?f69bfb46c6ebaf9ab26b HTTP/1.1" 200 430050
0:0:0:0:0:0:0:1 - - [09/Jun/2020:10:50:16 +0530] "GET /usermanagement/lclog.html HTTP/1.1" 200 3549
0:0:0:0:0:0:0:1 - - [09/Jun/2020:10:50:16 +0530] "GET /usermanagement/user/details HTTP/1.1" 401 1034
0:0:0:0:0:0:0:1 - - [09/Jun/2020:10:50:16 +0530] "GET /usermanagement/lclog.html HTTP/1.1" 200 3549
0:0:0:0:0:0:0:1 - - [09/Jun/2020:10:50:16 +0530] "GET /usermanagement//user/all HTTP/1.1" 401 1034
0:0:0:0:0:0:0:1 - - [09/Jun/2020:10:50:16 +0530] "GET /usermanagement/assets/img/axis-bank-logo.png HTTP/1.1" 200 8509
0:0:0:0:0:0:0:1 - - [09/Jun/2020:10:50:16 +0530] "GET /usermanagement/lclog.html HTTP/1.1" 200 3549
0:0:0:0:0:0:0:1 - - [09/Jun/2020:10:50:17 +0530] "GET /usermanagement/css/font-awesome/css/font-awesome.css HTTP/1.1" 200 31002
0:0:0:0:0:0:0:1 - - [09/Jun/2020:10:50:17 +0530] "GET /usermanagement/css/bootstrap.min.css HTTP/1.1" 200 138609
0:0:0:0:0:0:0:1 - - [09/Jun/2020:10:50:17 +0530] "GET /usermanagement/js/jquery-val.js HTTP/1.1" 200 50278
0:0:0:0:0:0:0:1 - - [09/Jun/2020:10:50:17 +0530] "GET /usermanagement/js/pan.js HTTP/1.1" 200 13247
0:0:0:0:0:0:0:1 - - [09/Jun/2020:10:50:17 +0530] "GET /usermanagement/assets/lib/fonts/fontawesome-webfont.woff HTTP/1.1" 500 8192
0:0:0:0:0:0:0:1 - - [09/Jun/2020:10:50:17 +0530] "GET /usermanagement/js/bootstrap.min.js HTTP/1.1" 200 37045
0:0:0:0:0:0:0:1 - - [09/Jun/2020:10:50:17 +0530] "GET /usermanagement/js/logger.js HTTP/1.1" 200 7430
0:0:0:0:0:0:0:1 - - [09/Jun/2020:10:50:18 +0530] "GET /usermanagement/js/jquery.min.js HTTP/1.1" 200 85593
0:0:0:0:0:0:0:1 - - [09/Jun/2020:10:50:18 +0530] "GET /usermanagement/assets/img/axis-bar.png HTTP/1.1" 200 32976
0:0:0:0:0:0:0:1 - - [09/Jun/2020:10:50:18 +0530] "GET /usermanagement/fonts/glyphicons-halflings-regular.woff2 HTTP/1.1" 401 1034
0:0:0:0:0:0:0:1 - - [09/Jun/2020:10:50:18 +0530] "GET /usermanagement/fonts/glyphicons-halflings-regular.woff HTTP/1.1" 401 1034
0:0:0:0:0:0:0:1 - - [09/Jun/2020:10:50:18 +0530] "GET /usermanagement/fonts/glyphicons-halflings-regular.ttf HTTP/1.1" 401 1034
0:0:0:0:0:0:0:1 - - [09/Jun/2020:10:50:18 +0530] "GET /favicon.ico HTTP/1.1" 404 1085
0:0:0:0:0:0:0:1 - - [09/Jun/2020:10:50:27 +0530] "GET /usermanagement/css/font-awesome/fonts/fontawesome-webfont.woff2?v=4.7.0 HTTP/1.1" 200 66624
0:0:0:0:0:0:0:1 - - [09/Jun/2020:10:50:30 +0530] "POST /usermanagement/auth/login HTTP/1.1" 200 253
0:0:0:0:0:0:0:1 - - [09/Jun/2020:10:50:32 +0530] "GET /usermanagement/user/details HTTP/1.1" 200 803
127.0.0.1 - - [09/Jun/2020:10:50:40 +0530] "GET /usermanagement/auth/validate HTTP/1.1" 200 71
127.0.0.1 - - [09/Jun/2020:10:50:43 +0530] "GET /usermanagement/user/details HTTP/1.1" 200 803
0:0:0:0:0:0:0:1 - - [09/Jun/2020:10:50:43 +0530] "GET /DirectDealing/api/customer/getLoggedInUserDetails HTTP/1.1" 200 1238
127.0.0.1 - - [09/Jun/2020:10:50:44 +0530] "GET /usermanagement/auth/validate HTTP/1.1" 200 71
0:0:0:0:0:0:0:1 - - [09/Jun/2020:10:50:45 +0530] "GET /DirectDealing/api/customer/getCustomerList?solId=72 HTTP/1.1" 200 7964
127.0.0.1 - - [09/Jun/2020:10:51:07 +0530] "GET /usermanagement/auth/validate HTTP/1.1" 200 71
127.0.0.1 - - [09/Jun/2020:10:51:08 +0530] "GET /usermanagement/auth/validate HTTP/1.1" 200 71
0:0:0:0:0:0:0:1 - - [09/Jun/2020:10:51:08 +0530] "GET /DirectDealing/api/customer/getCustomerList?solId=undefined HTTP/1.1" 200 492
127.0.0.1 - - [09/Jun/2020:10:51:09 +0530] "GET /usermanagement/user/details HTTP/1.1" 200 803
0:0:0:0:0:0:0:1 - - [09/Jun/2020:10:51:09 +0530] "GET /DirectDealing/api/customer/getLoggedInUserDetails HTTP/1.1" 200 1238
127.0.0.1 - - [09/Jun/2020:11:57:03 +0530] "GET / HTTP/1.1" 404 1074
127.0.0.1 - - [09/Jun/2020:12:01:56 +0530] "GET /usermanagement/auth/validate HTTP/1.1" 200 71
127.0.0.1 - - [09/Jun/2020:12:01:58 +0530] "GET /usermanagement/user/details HTTP/1.1" 200 803
0:0:0:0:0:0:0:1 - - [09/Jun/2020:12:01:58 +0530] "GET /DirectDealing/api/customer/getLoggedInUserDetails HTTP/1.1" 200 1238
127.0.0.1 - - [09/Jun/2020:12:02:09 +0530] "GET /usermanagement/auth/validate HTTP/1.1" 200 71
0:0:0:0:0:0:0:1 - - [09/Jun/2020:12:02:10 +0530] "GET /DirectDealing/api/customer/getCustomerList?solId=72 HTTP/1.1" 200 7964
127.0.0.1 - - [09/Jun/2020:12:02:12 +0530] "GET /usermanagement/auth/validate HTTP/1.1" 200 71
0:0:0:0:0:0:0:1 - - [09/Jun/2020:12:02:12 +0530] "GET /DirectDealing/api/customer/getCustomerList?solId=72 HTTP/1.1" 200 7964
127.0.0.1 - - [09/Jun/2020:12:02:19 +0530] "GET /usermanagement/auth/validate HTTP/1.1" 200 71
0:0:0:0:0:0:0:1 - - [09/Jun/2020:12:02:19 +0530] "GET /DirectDealing/api/staticlov/getCurrencyAndProductLovs HTTP/1.1" 200 1231
127.0.0.1 - - [09/Jun/2020:12:30:10 +0530] "GET /usermanagement/auth/validate HTTP/1.1" 200 71
127.0.0.1 - - [09/Jun/2020:12:30:10 +0530] "GET /usermanagement/auth/validate HTTP/1.1" 200 71
0:0:0:0:0:0:0:1 - - [09/Jun/2020:12:30:10 +0530] "GET /DirectDealing/api/staticlov/getCurrencyAndProductLovs HTTP/1.1" 200 1231
127.0.0.1 - - [09/Jun/2020:12:30:12 +0530] "GET /usermanagement/user/details HTTP/1.1" 200 803
0:0:0:0:0:0:0:1 - - [09/Jun/2020:12:30:12 +0530] "GET /DirectDealing/api/customer/getLoggedInUserDetails HTTP/1.1" 200 1238
127.0.0.1 - - [09/Jun/2020:12:30:13 +0530] "GET /usermanagement/auth/validate HTTP/1.1" 200 71
0:0:0:0:0:0:0:1 - - [09/Jun/2020:12:30:13 +0530] "GET /DirectDealing/api/customer/getCustomerList?solId=72 HTTP/1.1" 200 7964
127.0.0.1 - - [09/Jun/2020:12:30:18 +0530] "GET /usermanagement/auth/validate HTTP/1.1" 200 71
0:0:0:0:0:0:0:1 - - [09/Jun/2020:12:30:18 +0530] "GET /DirectDealing/api/staticlov/getCurrencyAndProductLovs HTTP/1.1" 200 1231
127.0.0.1 - - [09/Jun/2020:12:34:36 +0530] "GET /usermanagement/auth/validate HTTP/1.1" 200 71
0:0:0:0:0:0:0:1 - - [09/Jun/2020:12:34:37 +0530] "GET /DirectDealing/api/customer/getCustomerList?solId=72 HTTP/1.1" 200 7964
127.0.0.1 - - [09/Jun/2020:12:34:48 +0530] "GET /usermanagement/auth/validate HTTP/1.1" 200 71
127.0.0.1 - - [09/Jun/2020:12:34:48 +0530] "GET /usermanagement/auth/validate HTTP/1.1" 200 71
0:0:0:0:0:0:0:1 - - [09/Jun/2020:12:34:48 +0530] "GET /DirectDealing/api/customer/getCustomerList?solId=undefined HTTP/1.1" 200 492
127.0.0.1 - - [09/Jun/2020:12:34:51 +0530] "GET /usermanagement/user/details HTTP/1.1" 200 803
0:0:0:0:0:0:0:1 - - [09/Jun/2020:12:34:51 +0530] "GET /DirectDealing/api/customer/getLoggedInUserDetails HTTP/1.1" 200 1238
127.0.0.1 - - [09/Jun/2020:12:35:01 +0530] "GET /usermanagement/auth/validate HTTP/1.1" 200 71
0:0:0:0:0:0:0:1 - - [09/Jun/2020:12:35:01 +0530] "GET /DirectDealing/api/customer/getCustomerList?solId=72 HTTP/1.1" 200 7964
127.0.0.1 - - [09/Jun/2020:12:35:03 +0530] "GET /usermanagement/auth/validate HTTP/1.1" 200 71
0:0:0:0:0:0:0:1 - - [09/Jun/2020:12:35:03 +0530] "GET /DirectDealing/api/customer/getCustomerList?solId=72 HTTP/1.1" 200 7964
127.0.0.1 - - [09/Jun/2020:12:35:23 +0530] "GET /usermanagement/auth/validate HTTP/1.1" 200 71
127.0.0.1 - - [09/Jun/2020:12:35:27 +0530] "GET /usermanagement/user/details HTTP/1.1" 200 803
0:0:0:0:0:0:0:1 - - [09/Jun/2020:12:35:27 +0530] "GET /DirectDealing/api/customer/getLoggedInUserDetails HTTP/1.1" 200 1238
127.0.0.1 - - [09/Jun/2020:12:35:28 +0530] "GET /usermanagement/auth/validate HTTP/1.1" 200 71
0:0:0:0:0:0:0:1 - - [09/Jun/2020:12:35:29 +0530] "GET /DirectDealing/api/customer/getCustomerList?solId=72 HTTP/1.1" 200 7964
127.0.0.1 - - [09/Jun/2020:12:35:33 +0530] "GET /usermanagement/auth/validate HTTP/1.1" 200 71
0:0:0:0:0:0:0:1 - - [09/Jun/2020:12:35:33 +0530] "GET /DirectDealing/api/customer/getCustomerList?solId=72 HTTP/1.1" 200 7964
127.0.0.1 - - [09/Jun/2020:12:45:56 +0530] "GET /usermanagement/auth/validate HTTP/1.1" 200 71
127.0.0.1 - - [09/Jun/2020:12:45:57 +0530] "GET /usermanagement/auth/validate HTTP/1.1" 200 71
0:0:0:0:0:0:0:1 - - [09/Jun/2020:12:45:57 +0530] "GET /DirectDealing/api/customer/getCustomerList?solId=undefined HTTP/1.1" 200 492
127.0.0.1 - - [09/Jun/2020:12:45:57 +0530] "GET /usermanagement/user/details HTTP/1.1" 200 803
0:0:0:0:0:0:0:1 - - [09/Jun/2020:12:45:57 +0530] "GET /DirectDealing/api/customer/getLoggedInUserDetails HTTP/1.1" 200 1238
127.0.0.1 - - [09/Jun/2020:12:45:58 +0530] "GET /usermanagement/auth/validate HTTP/1.1" 200 71
0:0:0:0:0:0:0:1 - - [09/Jun/2020:12:45:58 +0530] "GET /DirectDealing/api/customer/getCustomerList?solId=72 HTTP/1.1" 200 7964
127.0.0.1 - - [09/Jun/2020:12:46:11 +0530] "GET /usermanagement/auth/validate HTTP/1.1" 200 71
0:0:0:0:0:0:0:1 - - [09/Jun/2020:12:46:11 +0530] "GET /DirectDealing/api/customer/getCustomerList?solId=72 HTTP/1.1" 200 7964
127.0.0.1 - - [09/Jun/2020:12:46:16 +0530] "GET /usermanagement/auth/validate HTTP/1.1" 200 71
127.0.0.1 - - [09/Jun/2020:12:46:17 +0530] "GET /usermanagement/auth/validate HTTP/1.1" 200 71
0:0:0:0:0:0:0:1 - - [09/Jun/2020:12:46:17 +0530] "GET /DirectDealing/api/customer/getCustomerList?solId=undefined HTTP/1.1" 200 492
127.0.0.1 - - [09/Jun/2020:12:46:18 +0530] "GET /usermanagement/user/details HTTP/1.1" 200 803
0:0:0:0:0:0:0:1 - - [09/Jun/2020:12:46:18 +0530] "GET /DirectDealing/api/customer/getLoggedInUserDetails HTTP/1.1" 200 1238
127.0.0.1 - - [09/Jun/2020:12:46:19 +0530] "GET /usermanagement/auth/validate HTTP/1.1" 200 71
0:0:0:0:0:0:0:1 - - [09/Jun/2020:12:46:20 +0530] "GET /DirectDealing/api/customer/getCustomerList?solId=72 HTTP/1.1" 200 7964
127.0.0.1 - - [09/Jun/2020:12:46:23 +0530] "GET /usermanagement/auth/validate HTTP/1.1" 200 71
0:0:0:0:0:0:0:1 - - [09/Jun/2020:12:46:23 +0530] "GET /DirectDealing/api/customer/getCustomerList?solId=72 HTTP/1.1" 200 7964
127.0.0.1 - - [09/Jun/2020:12:48:45 +0530] "GET /usermanagement/auth/validate HTTP/1.1" 200 71
127.0.0.1 - - [09/Jun/2020:12:48:46 +0530] "GET /usermanagement/auth/validate HTTP/1.1" 200 71
0:0:0:0:0:0:0:1 - - [09/Jun/2020:12:48:46 +0530] "GET /DirectDealing/api/customer/getCustomerList?solId=undefined HTTP/1.1" 200 492
127.0.0.1 - - [09/Jun/2020:12:48:47 +0530] "GET /usermanagement/user/details HTTP/1.1" 200 803
0:0:0:0:0:0:0:1 - - [09/Jun/2020:12:48:47 +0530] "GET /DirectDealing/api/customer/getLoggedInUserDetails HTTP/1.1" 200 1238
127.0.0.1 - - [09/Jun/2020:12:48:57 +0530] "GET /usermanagement/auth/validate HTTP/1.1" 200 71
0:0:0:0:0:0:0:1 - - [09/Jun/2020:12:48:57 +0530] "GET /DirectDealing/api/customer/getCustomerList?solId=72 HTTP/1.1" 200 7964
127.0.0.1 - - [09/Jun/2020:12:48:59 +0530] "GET /usermanagement/auth/validate HTTP/1.1" 200 71
0:0:0:0:0:0:0:1 - - [09/Jun/2020:12:48:59 +0530] "GET /DirectDealing/api/customer/getCustomerList?solId=72 HTTP/1.1" 200 7964
127.0.0.1 - - [09/Jun/2020:12:49:45 +0530] "GET /usermanagement/auth/validate HTTP/1.1" 200 71
127.0.0.1 - - [09/Jun/2020:12:49:46 +0530] "POST /usermanagement/user/logout HTTP/1.1" 200 86987
0:0:0:0:0:0:0:1 - - [09/Jun/2020:12:49:46 +0530] "POST /DirectDealing/api/customer/logoutUser HTTP/1.1" 200 60
0:0:0:0:0:0:0:1 - - [09/Jun/2020:12:49:47 +0530] "GET /usermanagement/lclog.html HTTP/1.1" 200 3549
0:0:0:0:0:0:0:1 - - [09/Jun/2020:12:49:47 +0530] "GET /usermanagement/css/bootstrap.min.css HTTP/1.1" 200 138609
0:0:0:0:0:0:0:1 - - [09/Jun/2020:12:49:47 +0530] "GET /usermanagement/css/font-awesome/css/font-awesome.css HTTP/1.1" 200 31002
0:0:0:0:0:0:0:1 - - [09/Jun/2020:12:49:47 +0530] "GET /usermanagement/js/jquery-val.js HTTP/1.1" 200 50278
0:0:0:0:0:0:0:1 - - [09/Jun/2020:12:49:47 +0530] "GET /usermanagement/js/bootstrap.min.js HTTP/1.1" 200 37045
0:0:0:0:0:0:0:1 - - [09/Jun/2020:12:49:47 +0530] "GET /usermanagement/js/pan.js HTTP/1.1" 200 13247
0:0:0:0:0:0:0:1 - - [09/Jun/2020:12:49:47 +0530] "GET /usermanagement/js/logger.js HTTP/1.1" 200 7430
0:0:0:0:0:0:0:1 - - [09/Jun/2020:12:49:47 +0530] "GET /usermanagement/assets/img/axis-bar.png HTTP/1.1" 200 32976
0:0:0:0:0:0:0:1 - - [09/Jun/2020:12:49:47 +0530] "GET /usermanagement/js/jquery.min.js HTTP/1.1" 200 85593
0:0:0:0:0:0:0:1 - - [09/Jun/2020:12:49:47 +0530] "GET /usermanagement/fonts/glyphicons-halflings-regular.woff2 HTTP/1.1" 401 1034
0:0:0:0:0:0:0:1 - - [09/Jun/2020:12:49:47 +0530] "GET /usermanagement/fonts/glyphicons-halflings-regular.woff HTTP/1.1" 401 1034
0:0:0:0:0:0:0:1 - - [09/Jun/2020:12:49:47 +0530] "GET /usermanagement/fonts/glyphicons-halflings-regular.ttf HTTP/1.1" 401 1034
0:0:0:0:0:0:0:1 - - [09/Jun/2020:12:49:47 +0530] "GET /favicon.ico HTTP/1.1" 404 1085
0:0:0:0:0:0:0:1 - - [09/Jun/2020:12:49:55 +0530] "GET /usermanagement/css/font-awesome/fonts/fontawesome-webfont.woff2?v=4.7.0 HTTP/1.1" 200 66624
0:0:0:0:0:0:0:1 - - [09/Jun/2020:12:49:56 +0530] "POST /usermanagement/auth/login HTTP/1.1" 200 254
0:0:0:0:0:0:0:1 - - [09/Jun/2020:12:49:57 +0530] "GET /usermanagement/user/details HTTP/1.1" 200 677
127.0.0.1 - - [09/Jun/2020:12:50:02 +0530] "GET /usermanagement/auth/validate HTTP/1.1" 200 71
127.0.0.1 - - [09/Jun/2020:12:50:03 +0530] "GET /usermanagement/user/details HTTP/1.1" 200 677
0:0:0:0:0:0:0:1 - - [09/Jun/2020:12:50:03 +0530] "GET /DirectDealing/api/customer/getLoggedInUserDetails HTTP/1.1" 200 1112
127.0.0.1 - - [09/Jun/2020:12:50:04 +0530] "GET /usermanagement/auth/validate HTTP/1.1" 200 71
0:0:0:0:0:0:0:1 - - [09/Jun/2020:12:50:04 +0530] "GET /DirectDealing/api/customer/getCustomerList?solId=72 HTTP/1.1" 200 7964
127.0.0.1 - - [09/Jun/2020:12:50:12 +0530] "GET /usermanagement/auth/validate HTTP/1.1" 200 71
0:0:0:0:0:0:0:1 - - [09/Jun/2020:12:50:13 +0530] "GET /DirectDealing/api/dashboard/getPendingRequest HTTP/1.1" 200 699
127.0.0.1 - - [09/Jun/2020:12:50:14 +0530] "GET /usermanagement/auth/validate HTTP/1.1" 200 71
0:0:0:0:0:0:0:1 - - [09/Jun/2020:12:50:14 +0530] "GET /DirectDealing/api/customer/getCustomerList?solId=72 HTTP/1.1" 200 7964
127.0.0.1 - - [09/Jun/2020:12:50:22 +0530] "GET /usermanagement/auth/validate HTTP/1.1" 200 71
127.0.0.1 - - [09/Jun/2020:12:50:24 +0530] "POST /usermanagement/user/logout HTTP/1.1" 200 86987
0:0:0:0:0:0:0:1 - - [09/Jun/2020:12:50:24 +0530] "POST /DirectDealing/api/customer/logoutUser HTTP/1.1" 200 60
0:0:0:0:0:0:0:1 - - [09/Jun/2020:12:50:24 +0530] "GET /usermanagement/lclog.html HTTP/1.1" 200 3549
0:0:0:0:0:0:0:1 - - [09/Jun/2020:12:50:24 +0530] "GET /usermanagement/js/jquery.min.js HTTP/1.1" 200 85593
0:0:0:0:0:0:0:1 - - [09/Jun/2020:12:50:24 +0530] "GET /usermanagement/js/jquery-val.js HTTP/1.1" 200 50278
0:0:0:0:0:0:0:1 - - [09/Jun/2020:12:50:24 +0530] "GET /usermanagement/js/pan.js HTTP/1.1" 200 13247
0:0:0:0:0:0:0:1 - - [09/Jun/2020:12:50:24 +0530] "GET /usermanagement/css/bootstrap.min.css HTTP/1.1" 200 138609
0:0:0:0:0:0:0:1 - - [09/Jun/2020:12:50:24 +0530] "GET /usermanagement/css/font-awesome/css/font-awesome.css HTTP/1.1" 200 31002
0:0:0:0:0:0:0:1 - - [09/Jun/2020:12:50:24 +0530] "GET /usermanagement/js/bootstrap.min.js HTTP/1.1" 200 37045
0:0:0:0:0:0:0:1 - - [09/Jun/2020:12:50:24 +0530] "GET /usermanagement/js/logger.js HTTP/1.1" 200 7430
0:0:0:0:0:0:0:1 - - [09/Jun/2020:12:50:24 +0530] "GET /usermanagement/assets/img/axis-bar.png HTTP/1.1" 200 32976
0:0:0:0:0:0:0:1 - - [09/Jun/2020:12:50:25 +0530] "GET /usermanagement/fonts/glyphicons-halflings-regular.woff2 HTTP/1.1" 401 1034
0:0:0:0:0:0:0:1 - - [09/Jun/2020:12:50:25 +0530] "GET /usermanagement/fonts/glyphicons-halflings-regular.woff HTTP/1.1" 401 1034
0:0:0:0:0:0:0:1 - - [09/Jun/2020:12:50:25 +0530] "GET /usermanagement/fonts/glyphicons-halflings-regular.ttf HTTP/1.1" 401 1034
0:0:0:0:0:0:0:1 - - [09/Jun/2020:13:29:38 +0530] "GET /usermanagement/css/font-awesome/fonts/fontawesome-webfont.woff2?v=4.7.0 HTTP/1.1" 200 66624
0:0:0:0:0:0:0:1 - - [09/Jun/2020:13:29:39 +0530] "POST /usermanagement/auth/login HTTP/1.1" 200 254
0:0:0:0:0:0:0:1 - - [09/Jun/2020:13:29:40 +0530] "GET /usermanagement/user/details HTTP/1.1" 200 677
127.0.0.1 - - [09/Jun/2020:13:29:45 +0530] "GET /usermanagement/auth/validate HTTP/1.1" 200 71
127.0.0.1 - - [09/Jun/2020:13:29:46 +0530] "GET /usermanagement/user/details HTTP/1.1" 200 677
0:0:0:0:0:0:0:1 - - [09/Jun/2020:13:29:46 +0530] "GET /DirectDealing/api/customer/getLoggedInUserDetails HTTP/1.1" 200 1112
127.0.0.1 - - [09/Jun/2020:13:29:47 +0530] "GET /usermanagement/auth/validate HTTP/1.1" 200 71
0:0:0:0:0:0:0:1 - - [09/Jun/2020:13:29:47 +0530] "GET /DirectDealing/api/customer/getCustomerList?solId=72 HTTP/1.1" 200 7964
127.0.0.1 - - [09/Jun/2020:13:30:00 +0530] "GET /usermanagement/auth/validate HTTP/1.1" 200 71
127.0.0.1 - - [09/Jun/2020:13:30:01 +0530] "POST /usermanagement/user/logout HTTP/1.1" 200 86987
0:0:0:0:0:0:0:1 - - [09/Jun/2020:13:30:01 +0530] "POST /DirectDealing/api/customer/logoutUser HTTP/1.1" 200 60
0:0:0:0:0:0:0:1 - - [09/Jun/2020:13:30:01 +0530] "GET /usermanagement/lclog.html HTTP/1.1" 200 3549
0:0:0:0:0:0:0:1 - - [09/Jun/2020:13:30:02 +0530] "GET /usermanagement/js/jquery.min.js HTTP/1.1" 200 85593
0:0:0:0:0:0:0:1 - - [09/Jun/2020:13:30:02 +0530] "GET /usermanagement/js/jquery-val.js HTTP/1.1" 200 50278
0:0:0:0:0:0:0:1 - - [09/Jun/2020:13:30:02 +0530] "GET /usermanagement/js/pan.js HTTP/1.1" 200 13247
0:0:0:0:0:0:0:1 - - [09/Jun/2020:13:30:02 +0530] "GET /usermanagement/js/bootstrap.min.js HTTP/1.1" 200 37045
0:0:0:0:0:0:0:1 - - [09/Jun/2020:13:30:02 +0530] "GET /usermanagement/css/bootstrap.min.css HTTP/1.1" 200 138609
0:0:0:0:0:0:0:1 - - [09/Jun/2020:13:30:02 +0530] "GET /usermanagement/css/font-awesome/css/font-awesome.css HTTP/1.1" 200 31002
0:0:0:0:0:0:0:1 - - [09/Jun/2020:13:30:02 +0530] "GET /usermanagement/js/logger.js HTTP/1.1" 200 7430
0:0:0:0:0:0:0:1 - - [09/Jun/2020:13:30:02 +0530] "GET /usermanagement/assets/img/axis-bar.png HTTP/1.1" 200 32976
0:0:0:0:0:0:0:1 - - [09/Jun/2020:13:30:02 +0530] "GET /usermanagement/fonts/glyphicons-halflings-regular.woff2 HTTP/1.1" 401 1034
0:0:0:0:0:0:0:1 - - [09/Jun/2020:13:30:02 +0530] "GET /usermanagement/fonts/glyphicons-halflings-regular.woff HTTP/1.1" 401 1034
0:0:0:0:0:0:0:1 - - [09/Jun/2020:13:30:02 +0530] "GET /usermanagement/fonts/glyphicons-halflings-regular.ttf HTTP/1.1" 401 1034
0:0:0:0:0:0:0:1 - - [09/Jun/2020:13:30:07 +0530] "GET /usermanagement/css/font-awesome/fonts/fontawesome-webfont.woff2?v=4.7.0 HTTP/1.1" 200 66624
0:0:0:0:0:0:0:1 - - [09/Jun/2020:13:30:08 +0530] "POST /usermanagement/auth/login HTTP/1.1" 200 258
0:0:0:0:0:0:0:1 - - [09/Jun/2020:13:30:09 +0530] "GET /usermanagement/user/details HTTP/1.1" 200 591
127.0.0.1 - - [09/Jun/2020:13:30:14 +0530] "GET /usermanagement/auth/validate HTTP/1.1" 200 71
127.0.0.1 - - [09/Jun/2020:13:30:15 +0530] "GET /usermanagement/user/details HTTP/1.1" 200 591
0:0:0:0:0:0:0:1 - - [09/Jun/2020:13:30:15 +0530] "GET /DirectDealing/api/customer/getLoggedInUserDetails HTTP/1.1" 200 1026
127.0.0.1 - - [09/Jun/2020:13:30:16 +0530] "GET /usermanagement/auth/validate HTTP/1.1" 200 71
0:0:0:0:0:0:0:1 - - [09/Jun/2020:13:30:16 +0530] "GET /DirectDealing/api/customer/getCustomerList?solId=72 HTTP/1.1" 200 7964
127.0.0.1 - - [09/Jun/2020:13:30:25 +0530] "GET /usermanagement/auth/validate HTTP/1.1" 200 71
127.0.0.1 - - [09/Jun/2020:13:30:27 +0530] "POST /usermanagement/user/logout HTTP/1.1" 200 86987
0:0:0:0:0:0:0:1 - - [09/Jun/2020:13:30:27 +0530] "POST /DirectDealing/api/customer/logoutUser HTTP/1.1" 200 60
0:0:0:0:0:0:0:1 - - [09/Jun/2020:13:30:27 +0530] "GET /usermanagement/lclog.html HTTP/1.1" 200 3549
0:0:0:0:0:0:0:1 - - [09/Jun/2020:13:30:27 +0530] "GET /usermanagement/js/jquery-val.js HTTP/1.1" 200 50278
0:0:0:0:0:0:0:1 - - [09/Jun/2020:13:30:27 +0530] "GET /usermanagement/js/jquery.min.js HTTP/1.1" 200 85593
0:0:0:0:0:0:0:1 - - [09/Jun/2020:13:30:27 +0530] "GET /usermanagement/js/pan.js HTTP/1.1" 200 13247
0:0:0:0:0:0:0:1 - - [09/Jun/2020:13:30:27 +0530] "GET /usermanagement/css/bootstrap.min.css HTTP/1.1" 200 138609
0:0:0:0:0:0:0:1 - - [09/Jun/2020:13:30:27 +0530] "GET /usermanagement/js/bootstrap.min.js HTTP/1.1" 200 37045
0:0:0:0:0:0:0:1 - - [09/Jun/2020:13:30:27 +0530] "GET /usermanagement/css/font-awesome/css/font-awesome.css HTTP/1.1" 200 31002
0:0:0:0:0:0:0:1 - - [09/Jun/2020:13:30:27 +0530] "GET /usermanagement/js/logger.js HTTP/1.1" 200 7430
0:0:0:0:0:0:0:1 - - [09/Jun/2020:13:30:27 +0530] "GET /usermanagement/assets/img/axis-bar.png HTTP/1.1" 200 32976
0:0:0:0:0:0:0:1 - - [09/Jun/2020:13:30:27 +0530] "GET /usermanagement/fonts/glyphicons-halflings-regular.woff2 HTTP/1.1" 401 1034
0:0:0:0:0:0:0:1 - - [09/Jun/2020:13:30:27 +0530] "GET /usermanagement/fonts/glyphicons-halflings-regular.woff HTTP/1.1" 401 1034
0:0:0:0:0:0:0:1 - - [09/Jun/2020:13:30:27 +0530] "GET /usermanagement/fonts/glyphicons-halflings-regular.ttf HTTP/1.1" 401 1034
0:0:0:0:0:0:0:1 - - [09/Jun/2020:13:30:34 +0530] "GET /usermanagement/css/font-awesome/fonts/fontawesome-webfont.woff2?v=4.7.0 HTTP/1.1" 200 66624
0:0:0:0:0:0:0:1 - - [09/Jun/2020:13:30:35 +0530] "POST /usermanagement/auth/login HTTP/1.1" 200 254
0:0:0:0:0:0:0:1 - - [09/Jun/2020:13:30:38 +0530] "GET /usermanagement/user/details HTTP/1.1" 200 677
127.0.0.1 - - [09/Jun/2020:13:30:45 +0530] "GET /usermanagement/auth/validate HTTP/1.1" 200 71
127.0.0.1 - - [09/Jun/2020:13:30:47 +0530] "GET /usermanagement/user/details HTTP/1.1" 200 677
0:0:0:0:0:0:0:1 - - [09/Jun/2020:13:30:47 +0530] "GET /DirectDealing/api/customer/getLoggedInUserDetails HTTP/1.1" 200 1112
127.0.0.1 - - [09/Jun/2020:13:30:48 +0530] "GET /usermanagement/auth/validate HTTP/1.1" 200 71
0:0:0:0:0:0:0:1 - - [09/Jun/2020:13:30:48 +0530] "GET /DirectDealing/api/customer/getCustomerList?solId=72 HTTP/1.1" 200 7964
127.0.0.1 - - [09/Jun/2020:13:31:26 +0530] "GET /usermanagement/auth/validate HTTP/1.1" 200 71
127.0.0.1 - - [09/Jun/2020:13:31:27 +0530] "POST /usermanagement/user/logout HTTP/1.1" 200 86987
0:0:0:0:0:0:0:1 - - [09/Jun/2020:13:31:27 +0530] "POST /DirectDealing/api/customer/logoutUser HTTP/1.1" 200 60
0:0:0:0:0:0:0:1 - - [09/Jun/2020:13:31:27 +0530] "GET /usermanagement/lclog.html HTTP/1.1" 200 3549
0:0:0:0:0:0:0:1 - - [09/Jun/2020:13:31:27 +0530] "GET /usermanagement/js/jquery-val.js HTTP/1.1" 200 50278
0:0:0:0:0:0:0:1 - - [09/Jun/2020:13:31:27 +0530] "GET /usermanagement/js/jquery.min.js HTTP/1.1" 200 85593
0:0:0:0:0:0:0:1 - - [09/Jun/2020:13:31:27 +0530] "GET /usermanagement/js/pan.js HTTP/1.1" 200 13247
0:0:0:0:0:0:0:1 - - [09/Jun/2020:13:31:28 +0530] "GET /usermanagement/js/bootstrap.min.js HTTP/1.1" 200 37045
0:0:0:0:0:0:0:1 - - [09/Jun/2020:13:31:28 +0530] "GET /usermanagement/css/font-awesome/css/font-awesome.css HTTP/1.1" 200 31002
0:0:0:0:0:0:0:1 - - [09/Jun/2020:13:31:28 +0530] "GET /usermanagement/css/bootstrap.min.css HTTP/1.1" 200 138609
0:0:0:0:0:0:0:1 - - [09/Jun/2020:13:31:28 +0530] "GET /usermanagement/js/logger.js HTTP/1.1" 200 7430
0:0:0:0:0:0:0:1 - - [09/Jun/2020:13:31:28 +0530] "GET /usermanagement/assets/img/axis-bar.png HTTP/1.1" 200 32976
0:0:0:0:0:0:0:1 - - [09/Jun/2020:13:31:28 +0530] "GET /usermanagement/fonts/glyphicons-halflings-regular.woff2 HTTP/1.1" 401 1034
0:0:0:0:0:0:0:1 - - [09/Jun/2020:13:31:28 +0530] "GET /usermanagement/fonts/glyphicons-halflings-regular.woff HTTP/1.1" 401 1034
0:0:0:0:0:0:0:1 - - [09/Jun/2020:13:31:28 +0530] "GET /usermanagement/fonts/glyphicons-halflings-regular.ttf HTTP/1.1" 401 1034
0:0:0:0:0:0:0:1 - - [09/Jun/2020:13:32:26 +0530] "GET /usermanagement/css/font-awesome/fonts/fontawesome-webfont.woff2?v=4.7.0 HTTP/1.1" 200 66624
0:0:0:0:0:0:0:1 - - [09/Jun/2020:13:32:27 +0530] "POST /usermanagement/auth/login HTTP/1.1" 200 253
0:0:0:0:0:0:0:1 - - [09/Jun/2020:13:32:29 +0530] "GET /usermanagement/user/details HTTP/1.1" 200 803
127.0.0.1 - - [09/Jun/2020:13:32:33 +0530] "GET /usermanagement/auth/validate HTTP/1.1" 200 71
127.0.0.1 - - [09/Jun/2020:13:32:34 +0530] "GET /usermanagement/user/details HTTP/1.1" 200 803
0:0:0:0:0:0:0:1 - - [09/Jun/2020:13:32:34 +0530] "GET /DirectDealing/api/customer/getLoggedInUserDetails HTTP/1.1" 200 1238
127.0.0.1 - - [09/Jun/2020:13:32:35 +0530] "GET /usermanagement/auth/validate HTTP/1.1" 200 71
0:0:0:0:0:0:0:1 - - [09/Jun/2020:13:32:35 +0530] "GET /DirectDealing/api/customer/getCustomerList?solId=72 HTTP/1.1" 200 7964
127.0.0.1 - - [09/Jun/2020:13:32:51 +0530] "GET /usermanagement/auth/validate HTTP/1.1" 200 71
0:0:0:0:0:0:0:1 - - [09/Jun/2020:13:32:51 +0530] "GET /DirectDealing/api/customer/getCustomerList?solId=72 HTTP/1.1" 200 7964
127.0.0.1 - - [09/Jun/2020:13:45:30 +0530] "GET /usermanagement/auth/validate HTTP/1.1" 200 71
0:0:0:0:0:0:0:1 - - [09/Jun/2020:13:45:30 +0530] "GET /DirectDealing/api/customer/getCustomerList?solId=72 HTTP/1.1" 200 7964
127.0.0.1 - - [09/Jun/2020:13:46:23 +0530] "GET /usermanagement/auth/validate HTTP/1.1" 200 71
0:0:0:0:0:0:0:1 - - [09/Jun/2020:13:46:26 +0530] "GET /DirectDealing/api/staticlov/getCurrencyAndProductLovs HTTP/1.1" 200 1231
127.0.0.1 - - [09/Jun/2020:13:46:26 +0530] "GET /usermanagement/auth/validate HTTP/1.1" 200 71
0:0:0:0:0:0:0:1 - - [09/Jun/2020:13:46:56 +0530] "GET /DirectDealing/api/customer/getByCustomerId?customerId=1 HTTP/1.1" 200 194
127.0.0.1 - - [09/Jun/2020:13:49:06 +0530] "GET /usermanagement/auth/validate HTTP/1.1" 200 71
0:0:0:0:0:0:0:1 - - [09/Jun/2020:13:49:09 +0530] "GET /DirectDealing/api/customer/getByRmEmail/rm@gmail.com HTTP/1.1" 200 133
127.0.0.1 - - [09/Jun/2020:13:49:21 +0530] "GET /usermanagement/auth/validate HTTP/1.1" 200 71
0:0:0:0:0:0:0:1 - - [09/Jun/2020:13:49:21 +0530] "GET /DirectDealing/api/customer/getByRhEmail/rh@gmail.com HTTP/1.1" 200 133
127.0.0.1 - - [09/Jun/2020:13:49:29 +0530] "GET /usermanagement/auth/validate HTTP/1.1" 200 71
0:0:0:0:0:0:0:1 - - [09/Jun/2020:13:49:29 +0530] "GET /DirectDealing/api/customer/getByCrmEmail/crm@gmail.com HTTP/1.1" 200 138
127.0.0.1 - - [09/Jun/2020:13:49:41 +0530] "GET /usermanagement/auth/validate HTTP/1.1" 200 71
0:0:0:0:0:0:0:1 - - [09/Jun/2020:13:49:41 +0530] "GET /DirectDealing/api/documents/getDocument?documentId=1 HTTP/1.1" 200 296
127.0.0.1 - - [09/Jun/2020:13:50:27 +0530] "GET /usermanagement/auth/validate HTTP/1.1" 200 71
0:0:0:0:0:0:0:1 - - [09/Jun/2020:13:52:50 +0530] "POST /DirectDealing/api/customer/addCustomer HTTP/1.1" 200 1624
0:0:0:0:0:0:0:1 - - [09/Jun/2020:13:54:43 +0530] "GET /usermanagement/ HTTP/1.1" 200 3174
0:0:0:0:0:0:0:1 - - [09/Jun/2020:13:54:43 +0530] "GET /usermanagement/assets/lib/select2/select2.min.css HTTP/1.1" 200 15197
0:0:0:0:0:0:0:1 - - [09/Jun/2020:13:54:43 +0530] "GET /usermanagement/assets/lib/boot-select/bootstrap-select.css HTTP/1.1" 200 7831
0:0:0:0:0:0:0:1 - - [09/Jun/2020:13:54:43 +0530] "GET /usermanagement/assets/css/AdminLTE.min.css HTTP/1.1" 200 114027
0:0:0:0:0:0:0:1 - - [09/Jun/2020:13:54:43 +0530] "GET /usermanagement/assets/lib/font-awesome/font-awesome.min.css HTTP/1.1" 200 27283
0:0:0:0:0:0:0:1 - - [09/Jun/2020:13:54:43 +0530] "GET /usermanagement/assets/lib/datepicker/datepicker3.css HTTP/1.1" 200 34535
0:0:0:0:0:0:0:1 - - [09/Jun/2020:13:54:43 +0530] "GET /usermanagement/assets/css/skins/skin-blue.min.css HTTP/1.1" 200 3531
0:0:0:0:0:0:0:1 - - [09/Jun/2020:13:54:43 +0530] "GET /usermanagement/assets/lib/bootstrap/css/bootstrap.min.css HTTP/1.1" 200 121205
0:0:0:0:0:0:0:1 - - [09/Jun/2020:13:54:43 +0530] "GET /usermanagement/assets/css/angular-ui-notification.css HTTP/1.1" 200 1602
0:0:0:0:0:0:0:1 - - [09/Jun/2020:13:54:43 +0530] "GET /usermanagement/assets/ngtrix//trix.css HTTP/1.1" 200 17708
0:0:0:0:0:0:0:1 - - [09/Jun/2020:13:54:43 +0530] "GET /usermanagement/assets/css/multiple-select.min.css HTTP/1.1" 200 3055
0:0:0:0:0:0:0:1 - - [09/Jun/2020:13:54:44 +0530] "GET /usermanagement/assets/lib/momentjs/moment.js HTTP/1.1" 200 151325
0:0:0:0:0:0:0:1 - - [09/Jun/2020:13:54:44 +0530] "GET /usermanagement/assets/lib/sparklines/sparkline.min.js HTTP/1.1" 200 43251
0:0:0:0:0:0:0:1 - - [09/Jun/2020:13:54:44 +0530] "GET /usermanagement/assets/lib/bootstrap/js/bootstrap.min.js HTTP/1.1" 200 37051
0:0:0:0:0:0:0:1 - - [09/Jun/2020:13:54:44 +0530] "GET /usermanagement/assets/lib/fastclick/fastclick.js HTTP/1.1" 200 26806
0:0:0:0:0:0:0:1 - - [09/Jun/2020:13:54:44 +0530] "GET /usermanagement/assets/lib/jQuery/jquery-2.2.3.min.js HTTP/1.1" 200 85663
0:0:0:0:0:0:0:1 - - [09/Jun/2020:13:54:44 +0530] "GET /usermanagement/assets/lib/adminlte/adminlte.min.js HTTP/1.1" 200 9935
0:0:0:0:0:0:0:1 - - [09/Jun/2020:13:54:44 +0530] "GET /usermanagement/assets/lib/datepicker/bootstrap-datepicker.js HTTP/1.1" 200 48509
0:0:0:0:0:0:0:1 - - [09/Jun/2020:13:54:44 +0530] "GET /usermanagement/assets/lib/flot/jquery.flot.resize.min.js HTTP/1.1" 200 2023
0:0:0:0:0:0:0:1 - - [09/Jun/2020:13:54:44 +0530] "GET /usermanagement/assets/ngtrix/trix.js HTTP/1.1" 200 211778
0:0:0:0:0:0:0:1 - - [09/Jun/2020:13:54:44 +0530] "GET /usermanagement/assets/lib/flot/jquery.flot.min.js HTTP/1.1" 200 52301
0:0:0:0:0:0:0:1 - - [09/Jun/2020:13:54:44 +0530] "GET /usermanagement/assets/lib/flot/jquery.flot.categories.min.js HTTP/1.1" 200 2457
0:0:0:0:0:0:0:1 - - [09/Jun/2020:13:54:44 +0530] "GET /usermanagement/assets/lib/jQuery/jquery-ui.min.js HTTP/1.1" 200 228088
0:0:0:0:0:0:0:1 - - [09/Jun/2020:13:54:44 +0530] "GET /usermanagement/assets/lib/flot/jquery.flot.pie.min.js HTTP/1.1" 200 12024
0:0:0:0:0:0:0:1 - - [09/Jun/2020:13:54:44 +0530] "GET /usermanagement/assets/lib/boot-select/bootstrap-select.js HTTP/1.1" 200 70555
0:0:0:0:0:0:0:1 - - [09/Jun/2020:13:54:44 +0530] "GET /usermanagement/app.bundle.js?f69bfb46c6ebaf9ab26b HTTP/1.1" 200 75558
0:0:0:0:0:0:0:1 - - [09/Jun/2020:13:54:45 +0530] "GET /usermanagement/vendor.bundle.js?f69bfb46c6ebaf9ab26b HTTP/1.1" 200 430050
0:0:0:0:0:0:0:1 - - [09/Jun/2020:13:54:46 +0530] "GET /usermanagement/assets/lib/datepicker/bootstrap-datepicker.js HTTP/1.1" 200 48509
0:0:0:0:0:0:0:1 - - [09/Jun/2020:13:54:47 +0530] "GET /usermanagement/user/details HTTP/1.1" 401 1034
0:0:0:0:0:0:0:1 - - [09/Jun/2020:13:54:47 +0530] "GET /usermanagement/lclog.html HTTP/1.1" 200 3549
0:0:0:0:0:0:0:1 - - [09/Jun/2020:13:54:48 +0530] "GET /usermanagement//user/all HTTP/1.1" 401 1034
0:0:0:0:0:0:0:1 - - [09/Jun/2020:13:54:48 +0530] "GET /usermanagement/lclog.html HTTP/1.1" 200 3549
0:0:0:0:0:0:0:1 - - [09/Jun/2020:13:54:48 +0530] "GET /usermanagement/assets/img/axis-bank-logo.png HTTP/1.1" 200 8509
0:0:0:0:0:0:0:1 - - [09/Jun/2020:13:54:48 +0530] "GET /usermanagement/lclog.html HTTP/1.1" 200 3549
0:0:0:0:0:0:0:1 - - [09/Jun/2020:13:54:48 +0530] "GET /usermanagement/lclog.html HTTP/1.1" 200 3549
0:0:0:0:0:0:0:1 - - [09/Jun/2020:13:54:48 +0530] "GET /usermanagement/js/jquery.min.js HTTP/1.1" 200 85593
0:0:0:0:0:0:0:1 - - [09/Jun/2020:13:54:48 +0530] "GET /usermanagement/js/jquery-val.js HTTP/1.1" 200 50278
0:0:0:0:0:0:0:1 - - [09/Jun/2020:13:54:48 +0530] "GET /usermanagement/css/font-awesome/css/font-awesome.css HTTP/1.1" 200 31002
0:0:0:0:0:0:0:1 - - [09/Jun/2020:13:54:48 +0530] "GET /usermanagement/js/pan.js HTTP/1.1" 200 13247
0:0:0:0:0:0:0:1 - - [09/Jun/2020:13:54:48 +0530] "GET /usermanagement/js/bootstrap.min.js HTTP/1.1" 200 37045
0:0:0:0:0:0:0:1 - - [09/Jun/2020:13:54:48 +0530] "GET /usermanagement/css/bootstrap.min.css HTTP/1.1" 200 138609
0:0:0:0:0:0:0:1 - - [09/Jun/2020:13:54:48 +0530] "GET /usermanagement/js/logger.js HTTP/1.1" 200 7430
0:0:0:0:0:0:0:1 - - [09/Jun/2020:13:54:48 +0530] "GET /usermanagement/assets/img/axis-bar.png HTTP/1.1" 200 32976
0:0:0:0:0:0:0:1 - - [09/Jun/2020:13:54:48 +0530] "GET /usermanagement/fonts/glyphicons-halflings-regular.woff2 HTTP/1.1" 401 1034
0:0:0:0:0:0:0:1 - - [09/Jun/2020:13:54:49 +0530] "GET /usermanagement/fonts/glyphicons-halflings-regular.woff HTTP/1.1" 401 1034
0:0:0:0:0:0:0:1 - - [09/Jun/2020:13:54:49 +0530] "GET /usermanagement/fonts/glyphicons-halflings-regular.ttf HTTP/1.1" 401 1034
0:0:0:0:0:0:0:1 - - [09/Jun/2020:13:54:49 +0530] "GET /usermanagement/assets/lib/fonts/fontawesome-webfont.woff HTTP/1.1" 500 8192
0:0:0:0:0:0:0:1 - - [09/Jun/2020:13:55:15 +0530] "GET /usermanagement/css/font-awesome/fonts/fontawesome-webfont.woff2?v=4.7.0 HTTP/1.1" 200 66624
0:0:0:0:0:0:0:1 - - [09/Jun/2020:13:55:31 +0530] "POST /usermanagement/auth/login HTTP/1.1" 200 254
0:0:0:0:0:0:0:1 - - [09/Jun/2020:13:55:55 +0530] "GET /usermanagement/user/details HTTP/1.1" 200 677
0:0:0:0:0:0:0:1 - - [09/Jun/2020:13:55:55 +0530] "POST /usermanagement/auth/login HTTP/1.1" 401 92
127.0.0.1 - - [09/Jun/2020:13:56:20 +0530] "GET /usermanagement/auth/validate HTTP/1.1" 200 71
127.0.0.1 - - [09/Jun/2020:13:56:33 +0530] "GET /usermanagement/user/details HTTP/1.1" 200 677
0:0:0:0:0:0:0:1 - - [09/Jun/2020:13:56:33 +0530] "GET /DirectDealing/api/customer/getLoggedInUserDetails HTTP/1.1" 200 1112
127.0.0.1 - - [09/Jun/2020:13:56:36 +0530] "GET /usermanagement/auth/validate HTTP/1.1" 200 71
0:0:0:0:0:0:0:1 - - [09/Jun/2020:13:56:36 +0530] "GET /DirectDealing/api/customer/getCustomerList?solId=72 HTTP/1.1" 200 9549
127.0.0.1 - - [09/Jun/2020:13:56:38 +0530] "GET /usermanagement/auth/validate HTTP/1.1" 200 71
0:0:0:0:0:0:0:1 - - [09/Jun/2020:13:56:38 +0530] "GET /DirectDealing/api/dashboard/getPendingRequest HTTP/1.1" 200 1014
127.0.0.1 - - [09/Jun/2020:13:57:04 +0530] "GET /usermanagement/auth/validate HTTP/1.1" 404 34
0:0:0:0:0:0:0:1 - - [09/Jun/2020:13:57:04 +0530] "GET /DirectDealing/api/staticlov/getCurrencyAndProductLovs HTTP/1.1" 401 1030
127.0.0.1 - - [09/Jun/2020:13:57:04 +0530] "GET /usermanagement/auth/validate HTTP/1.1" 404 34
0:0:0:0:0:0:0:1 - - [09/Jun/2020:13:57:04 +0530] "GET /DirectDealing/api/dashboard/newCustomerAudit/10060 HTTP/1.1" 401 1030
0:0:0:0:0:0:0:1 - - [09/Jun/2020:13:57:04 +0530] "GET /usermanagement/lclog.html HTTP/1.1" 200 3549
0:0:0:0:0:0:0:1 - - [09/Jun/2020:13:57:04 +0530] "GET /usermanagement/lclog.html HTTP/1.1" 200 3549
0:0:0:0:0:0:0:1 - - [09/Jun/2020:13:57:04 +0530] "GET /usermanagement/css/font-awesome/css/font-awesome.css HTTP/1.1" 200 31002
0:0:0:0:0:0:0:1 - - [09/Jun/2020:13:57:04 +0530] "GET /usermanagement/js/jquery-val.js HTTP/1.1" 200 50278
0:0:0:0:0:0:0:1 - - [09/Jun/2020:13:57:04 +0530] "GET /usermanagement/js/jquery.min.js HTTP/1.1" 200 85593
0:0:0:0:0:0:0:1 - - [09/Jun/2020:13:57:04 +0530] "GET /usermanagement/css/bootstrap.min.css HTTP/1.1" 200 138609
0:0:0:0:0:0:0:1 - - [09/Jun/2020:13:57:04 +0530] "GET /usermanagement/js/pan.js HTTP/1.1" 200 13247
0:0:0:0:0:0:0:1 - - [09/Jun/2020:13:57:04 +0530] "GET /usermanagement/js/bootstrap.min.js HTTP/1.1" 200 37045
0:0:0:0:0:0:0:1 - - [09/Jun/2020:13:57:04 +0530] "GET /usermanagement/js/logger.js HTTP/1.1" 200 7430
0:0:0:0:0:0:0:1 - - [09/Jun/2020:13:57:04 +0530] "GET /usermanagement/assets/img/axis-bar.png HTTP/1.1" 200 32976
0:0:0:0:0:0:0:1 - - [09/Jun/2020:13:57:04 +0530] "GET /usermanagement/fonts/glyphicons-halflings-regular.woff2 HTTP/1.1" 401 1034
0:0:0:0:0:0:0:1 - - [09/Jun/2020:13:57:04 +0530] "GET /usermanagement/fonts/glyphicons-halflings-regular.woff HTTP/1.1" 401 1034
0:0:0:0:0:0:0:1 - - [09/Jun/2020:13:57:05 +0530] "GET /usermanagement/fonts/glyphicons-halflings-regular.ttf HTTP/1.1" 401 1034
0:0:0:0:0:0:0:1 - - [09/Jun/2020:13:57:05 +0530] "GET /usermanagement/css/bootstrap.min.css.map HTTP/1.1" 200 542194
127.0.0.1 - - [09/Jun/2020:13:57:11 +0530] "GET /usermanagement/auth/validate HTTP/1.1" 200 71
0:0:0:0:0:0:0:1 - - [09/Jun/2020:13:57:11 +0530] "GET /DirectDealing/api/dashboard/getPendingRequest HTTP/1.1" 200 1014
0:0:0:0:0:0:0:1 - - [09/Jun/2020:13:57:11 +0530] "GET /usermanagement/user/details HTTP/1.1" 200 677
127.0.0.1 - - [09/Jun/2020:13:57:32 +0530] "GET /usermanagement/auth/validate HTTP/1.1" 200 71
127.0.0.1 - - [09/Jun/2020:13:57:47 +0530] "GET /usermanagement/user/details HTTP/1.1" 200 677
0:0:0:0:0:0:0:1 - - [09/Jun/2020:13:57:47 +0530] "GET /DirectDealing/api/customer/getLoggedInUserDetails HTTP/1.1" 200 1112
127.0.0.1 - - [09/Jun/2020:13:57:50 +0530] "GET /usermanagement/auth/validate HTTP/1.1" 200 71
0:0:0:0:0:0:0:1 - - [09/Jun/2020:13:57:50 +0530] "GET /DirectDealing/api/customer/getCustomerList?solId=72 HTTP/1.1" 200 9549
127.0.0.1 - - [09/Jun/2020:13:57:59 +0530] "GET /usermanagement/auth/validate HTTP/1.1" 200 71
0:0:0:0:0:0:0:1 - - [09/Jun/2020:13:57:59 +0530] "GET /DirectDealing/api/dashboard/getPendingRequest HTTP/1.1" 200 1014
127.0.0.1 - - [09/Jun/2020:13:58:17 +0530] "GET /usermanagement/auth/validate HTTP/1.1" 200 71
127.0.0.1 - - [09/Jun/2020:13:58:17 +0530] "GET /usermanagement/auth/validate HTTP/1.1" 200 71
0:0:0:0:0:0:0:1 - - [09/Jun/2020:13:58:17 +0530] "GET /DirectDealing/api/staticlov/getCurrencyAndProductLovs HTTP/1.1" 200 1231
0:0:0:0:0:0:0:1 - - [09/Jun/2020:13:58:17 +0530] "GET /DirectDealing/api/dashboard/newCustomerAudit/10060 HTTP/1.1" 200 1634
127.0.0.1 - - [09/Jun/2020:14:02:31 +0530] "GET /usermanagement/auth/validate HTTP/1.1" 200 71
0:0:0:0:0:0:0:1 - - [09/Jun/2020:14:02:31 +0530] "GET /DirectDealing/api/dashboard/getPendingRequest HTTP/1.1" 200 1014
127.0.0.1 - - [09/Jun/2020:14:03:13 +0530] "GET /usermanagement/auth/validate HTTP/1.1" 200 71
127.0.0.1 - - [09/Jun/2020:14:03:13 +0530] "GET /usermanagement/auth/validate HTTP/1.1" 200 71
0:0:0:0:0:0:0:1 - - [09/Jun/2020:14:03:15 +0530] "GET /DirectDealing/api/staticlov/getCurrencyAndProductLovs HTTP/1.1" 200 1231
0:0:0:0:0:0:0:1 - - [09/Jun/2020:14:03:51 +0530] "GET /DirectDealing/api/dashboard/newCustomerAudit/10060 HTTP/1.1" 200 1634
127.0.0.1 - - [09/Jun/2020:14:04:33 +0530] "GET /usermanagement/auth/validate HTTP/1.1" 200 71
0:0:0:0:0:0:0:1 - - [09/Jun/2020:14:04:33 +0530] "POST /DirectDealing/api/dashboard/processRequest HTTP/1.1" 200 58
127.0.0.1 - - [09/Jun/2020:14:04:36 +0530] "GET /usermanagement/auth/validate HTTP/1.1" 200 71
0:0:0:0:0:0:0:1 - - [09/Jun/2020:14:04:36 +0530] "GET /DirectDealing/api/dashboard/getPendingRequest HTTP/1.1" 200 699
127.0.0.1 - - [09/Jun/2020:14:06:42 +0530] "GET /usermanagement/auth/validate HTTP/1.1" 200 71
0:0:0:0:0:0:0:1 - - [09/Jun/2020:14:06:42 +0530] "GET /DirectDealing/api/customer/getCustomerList?solId=72 HTTP/1.1" 200 7964
127.0.0.1 - - [09/Jun/2020:14:16:41 +0530] "GET /usermanagement/auth/validate HTTP/1.1" 200 71
127.0.0.1 - - [09/Jun/2020:14:16:41 +0530] "GET /usermanagement/auth/validate HTTP/1.1" 200 71
0:0:0:0:0:0:0:1 - - [09/Jun/2020:14:16:41 +0530] "GET /DirectDealing/api/dashboard/getPendingRequest HTTP/1.1" 200 699
127.0.0.1 - - [09/Jun/2020:14:16:42 +0530] "GET /usermanagement/auth/validate HTTP/1.1" 200 71
127.0.0.1 - - [09/Jun/2020:14:16:42 +0530] "GET /usermanagement/auth/validate HTTP/1.1" 200 71
0:0:0:0:0:0:0:1 - - [09/Jun/2020:14:16:42 +0530] "GET /DirectDealing/api/customer/getCustomerList?solId=undefined HTTP/1.1" 200 492
127.0.0.1 - - [09/Jun/2020:14:16:44 +0530] "GET /usermanagement/user/details HTTP/1.1" 200 677
0:0:0:0:0:0:0:1 - - [09/Jun/2020:14:16:44 +0530] "GET /DirectDealing/api/customer/getLoggedInUserDetails HTTP/1.1" 200 1112
127.0.0.1 - - [09/Jun/2020:14:16:44 +0530] "GET /usermanagement/user/details HTTP/1.1" 200 803
0:0:0:0:0:0:0:1 - - [09/Jun/2020:14:16:44 +0530] "GET /DirectDealing/api/customer/getLoggedInUserDetails HTTP/1.1" 200 1238
127.0.0.1 - - [09/Jun/2020:14:16:45 +0530] "GET /usermanagement/auth/validate HTTP/1.1" 200 71
0:0:0:0:0:0:0:1 - - [09/Jun/2020:14:16:45 +0530] "GET /DirectDealing/api/customer/getCustomerList?solId=72 HTTP/1.1" 200 7964
127.0.0.1 - - [09/Jun/2020:14:17:32 +0530] "GET /usermanagement/auth/validate HTTP/1.1" 200 71
0:0:0:0:0:0:0:1 - - [09/Jun/2020:14:17:32 +0530] "GET /DirectDealing/api/customer/getCustomerList?solId=undefined HTTP/1.1" 200 492
127.0.0.1 - - [09/Jun/2020:14:17:32 +0530] "GET /usermanagement/auth/validate HTTP/1.1" 200 71
127.0.0.1 - - [09/Jun/2020:14:17:34 +0530] "GET /usermanagement/user/details HTTP/1.1" 200 677
0:0:0:0:0:0:0:1 - - [09/Jun/2020:14:17:34 +0530] "GET /DirectDealing/api/customer/getLoggedInUserDetails HTTP/1.1" 200 1112
127.0.0.1 - - [09/Jun/2020:14:17:35 +0530] "GET /usermanagement/auth/validate HTTP/1.1" 200 71
127.0.0.1 - - [09/Jun/2020:14:17:35 +0530] "GET /usermanagement/auth/validate HTTP/1.1" 200 71
0:0:0:0:0:0:0:1 - - [09/Jun/2020:14:17:35 +0530] "GET /DirectDealing/api/customer/getCustomerList?solId=undefined HTTP/1.1" 200 492
127.0.0.1 - - [09/Jun/2020:14:17:37 +0530] "GET /usermanagement/auth/validate HTTP/1.1" 200 71
0:0:0:0:0:0:0:1 - - [09/Jun/2020:14:17:37 +0530] "GET /DirectDealing/api/dashboard/getPendingRequest HTTP/1.1" 200 699
127.0.0.1 - - [09/Jun/2020:14:17:37 +0530] "GET /usermanagement/user/details HTTP/1.1" 200 803
0:0:0:0:0:0:0:1 - - [09/Jun/2020:14:17:37 +0530] "GET /DirectDealing/api/customer/getLoggedInUserDetails HTTP/1.1" 200 1238
127.0.0.1 - - [09/Jun/2020:14:17:41 +0530] "GET /usermanagement/auth/validate HTTP/1.1" 200 71
0:0:0:0:0:0:0:1 - - [09/Jun/2020:14:17:41 +0530] "GET /DirectDealing/api/customer/getCustomerList?solId=72 HTTP/1.1" 200 7964
127.0.0.1 - - [09/Jun/2020:14:17:51 +0530] "GET /usermanagement/auth/validate HTTP/1.1" 200 71
127.0.0.1 - - [09/Jun/2020:14:17:53 +0530] "POST /usermanagement/user/logout HTTP/1.1" 200 86987
0:0:0:0:0:0:0:1 - - [09/Jun/2020:14:17:53 +0530] "POST /DirectDealing/api/customer/logoutUser HTTP/1.1" 200 60
0:0:0:0:0:0:0:1 - - [09/Jun/2020:14:17:53 +0530] "GET /usermanagement/lclog.html HTTP/1.1" 200 3549
0:0:0:0:0:0:0:1 - - [09/Jun/2020:14:17:54 +0530] "GET /usermanagement/js/jquery-val.js HTTP/1.1" 200 50278
0:0:0:0:0:0:0:1 - - [09/Jun/2020:14:17:54 +0530] "GET /usermanagement/js/jquery.min.js HTTP/1.1" 200 85593
0:0:0:0:0:0:0:1 - - [09/Jun/2020:14:17:54 +0530] "GET /usermanagement/css/bootstrap.min.css HTTP/1.1" 200 138609
0:0:0:0:0:0:0:1 - - [09/Jun/2020:14:17:54 +0530] "GET /usermanagement/js/bootstrap.min.js HTTP/1.1" 200 37045
0:0:0:0:0:0:0:1 - - [09/Jun/2020:14:17:54 +0530] "GET /usermanagement/css/font-awesome/css/font-awesome.css HTTP/1.1" 200 31002
0:0:0:0:0:0:0:1 - - [09/Jun/2020:14:17:54 +0530] "GET /usermanagement/js/pan.js HTTP/1.1" 200 13247
0:0:0:0:0:0:0:1 - - [09/Jun/2020:14:17:54 +0530] "GET /usermanagement/js/logger.js HTTP/1.1" 200 7430
0:0:0:0:0:0:0:1 - - [09/Jun/2020:14:17:54 +0530] "GET /usermanagement/assets/img/axis-bar.png HTTP/1.1" 200 32976
0:0:0:0:0:0:0:1 - - [09/Jun/2020:14:17:54 +0530] "GET /usermanagement/fonts/glyphicons-halflings-regular.woff2 HTTP/1.1" 401 1034
0:0:0:0:0:0:0:1 - - [09/Jun/2020:14:17:54 +0530] "GET /usermanagement/fonts/glyphicons-halflings-regular.woff HTTP/1.1" 401 1034
0:0:0:0:0:0:0:1 - - [09/Jun/2020:14:17:54 +0530] "GET /usermanagement/fonts/glyphicons-halflings-regular.ttf HTTP/1.1" 401 1034
0:0:0:0:0:0:0:1 - - [09/Jun/2020:14:18:01 +0530] "GET /usermanagement/css/font-awesome/fonts/fontawesome-webfont.woff2?v=4.7.0 HTTP/1.1" 200 66624
0:0:0:0:0:0:0:1 - - [09/Jun/2020:14:18:01 +0530] "POST /usermanagement/auth/login HTTP/1.1" 200 253
0:0:0:0:0:0:0:1 - - [09/Jun/2020:14:18:05 +0530] "POST /usermanagement/auth/login HTTP/1.1" 401 92
0:0:0:0:0:0:0:1 - - [09/Jun/2020:14:18:07 +0530] "GET /usermanagement/user/details HTTP/1.1" 200 803
127.0.0.1 - - [09/Jun/2020:14:18:14 +0530] "GET /usermanagement/auth/validate HTTP/1.1" 200 71
127.0.0.1 - - [09/Jun/2020:14:18:19 +0530] "GET /usermanagement/user/details HTTP/1.1" 200 803
0:0:0:0:0:0:0:1 - - [09/Jun/2020:14:18:19 +0530] "GET /DirectDealing/api/customer/getLoggedInUserDetails HTTP/1.1" 200 1238
127.0.0.1 - - [09/Jun/2020:14:18:24 +0530] "GET /usermanagement/auth/validate HTTP/1.1" 200 71
0:0:0:0:0:0:0:1 - - [09/Jun/2020:14:18:24 +0530] "GET /DirectDealing/api/customer/getCustomerList?solId=72 HTTP/1.1" 200 7964
127.0.0.1 - - [09/Jun/2020:14:18:28 +0530] "GET /usermanagement/auth/validate HTTP/1.1" 200 71
0:0:0:0:0:0:0:1 - - [09/Jun/2020:14:18:28 +0530] "GET /DirectDealing/api/customer/getCustomerList?solId=72 HTTP/1.1" 200 7964
127.0.0.1 - - [09/Jun/2020:14:18:42 +0530] "GET /usermanagement/auth/validate HTTP/1.1" 200 71
127.0.0.1 - - [09/Jun/2020:14:18:42 +0530] "GET /usermanagement/auth/validate HTTP/1.1" 200 71
0:0:0:0:0:0:0:1 - - [09/Jun/2020:14:18:42 +0530] "GET /DirectDealing/api/customer/getCustomerList?solId=undefined HTTP/1.1" 200 492
127.0.0.1 - - [09/Jun/2020:14:18:43 +0530] "GET /usermanagement/user/details HTTP/1.1" 200 803
0:0:0:0:0:0:0:1 - - [09/Jun/2020:14:18:43 +0530] "GET /DirectDealing/api/customer/getLoggedInUserDetails HTTP/1.1" 200 1238
127.0.0.1 - - [09/Jun/2020:14:18:44 +0530] "GET /usermanagement/auth/validate HTTP/1.1" 200 71
0:0:0:0:0:0:0:1 - - [09/Jun/2020:14:18:44 +0530] "GET /DirectDealing/api/customer/getCustomerList?solId=72 HTTP/1.1" 200 7964
127.0.0.1 - - [09/Jun/2020:14:18:49 +0530] "GET /usermanagement/auth/validate HTTP/1.1" 200 71
0:0:0:0:0:0:0:1 - - [09/Jun/2020:14:18:49 +0530] "GET /DirectDealing/api/customer/getCustomerList?solId=72 HTTP/1.1" 200 7964
127.0.0.1 - - [09/Jun/2020:14:18:54 +0530] "GET /usermanagement/auth/validate HTTP/1.1" 200 71
127.0.0.1 - - [09/Jun/2020:14:18:57 +0530] "POST /usermanagement/user/logout HTTP/1.1" 200 86987
0:0:0:0:0:0:0:1 - - [09/Jun/2020:14:18:57 +0530] "POST /DirectDealing/api/customer/logoutUser HTTP/1.1" 200 60
0:0:0:0:0:0:0:1 - - [09/Jun/2020:14:18:57 +0530] "GET /usermanagement/lclog.html HTTP/1.1" 200 3549
0:0:0:0:0:0:0:1 - - [09/Jun/2020:14:18:57 +0530] "GET /usermanagement/js/jquery.min.js HTTP/1.1" 200 85593
0:0:0:0:0:0:0:1 - - [09/Jun/2020:14:18:57 +0530] "GET /usermanagement/js/jquery-val.js HTTP/1.1" 200 50278
0:0:0:0:0:0:0:1 - - [09/Jun/2020:14:18:57 +0530] "GET /usermanagement/js/pan.js HTTP/1.1" 200 13247
0:0:0:0:0:0:0:1 - - [09/Jun/2020:14:18:57 +0530] "GET /usermanagement/css/bootstrap.min.css HTTP/1.1" 200 138609
0:0:0:0:0:0:0:1 - - [09/Jun/2020:14:18:57 +0530] "GET /usermanagement/js/bootstrap.min.js HTTP/1.1" 200 37045
0:0:0:0:0:0:0:1 - - [09/Jun/2020:14:18:57 +0530] "GET /usermanagement/css/font-awesome/css/font-awesome.css HTTP/1.1" 200 31002
0:0:0:0:0:0:0:1 - - [09/Jun/2020:14:18:57 +0530] "GET /usermanagement/js/logger.js HTTP/1.1" 200 7430
0:0:0:0:0:0:0:1 - - [09/Jun/2020:14:18:57 +0530] "GET /usermanagement/assets/img/axis-bar.png HTTP/1.1" 200 32976
0:0:0:0:0:0:0:1 - - [09/Jun/2020:14:18:57 +0530] "GET /usermanagement/fonts/glyphicons-halflings-regular.woff2 HTTP/1.1" 401 1034
0:0:0:0:0:0:0:1 - - [09/Jun/2020:14:18:57 +0530] "GET /usermanagement/fonts/glyphicons-halflings-regular.woff HTTP/1.1" 401 1034
0:0:0:0:0:0:0:1 - - [09/Jun/2020:14:18:57 +0530] "GET /usermanagement/fonts/glyphicons-halflings-regular.ttf HTTP/1.1" 401 1034
0:0:0:0:0:0:0:1 - - [09/Jun/2020:14:19:02 +0530] "GET /usermanagement/css/font-awesome/fonts/fontawesome-webfont.woff2?v=4.7.0 HTTP/1.1" 200 66624
0:0:0:0:0:0:0:1 - - [09/Jun/2020:14:19:03 +0530] "POST /usermanagement/auth/login HTTP/1.1" 200 254
0:0:0:0:0:0:0:1 - - [09/Jun/2020:14:19:09 +0530] "GET /usermanagement/user/details HTTP/1.1" 200 677
127.0.0.1 - - [09/Jun/2020:14:19:20 +0530] "GET /usermanagement/auth/validate HTTP/1.1" 200 71
127.0.0.1 - - [09/Jun/2020:14:19:22 +0530] "POST /usermanagement/user/logout HTTP/1.1" 200 86987
