127.0.0.1 - - [30/May/2020:11:36:24 +0530] "GET / HTTP/1.1" 404 1074
0:0:0:0:0:0:0:1 - - [30/May/2020:11:43:37 +0530] "GET /usermanagement/ HTTP/1.1" 200 3174
0:0:0:0:0:0:0:1 - - [30/May/2020:11:43:37 +0530] "GET /usermanagement/assets/lib/font-awesome/font-awesome.min.css HTTP/1.1" 200 27283
0:0:0:0:0:0:0:1 - - [30/May/2020:11:43:37 +0530] "GET /usermanagement/assets/lib/datepicker/datepicker3.css HTTP/1.1" 200 34535
0:0:0:0:0:0:0:1 - - [30/May/2020:11:43:37 +0530] "GET /usermanagement/assets/lib/bootstrap/css/bootstrap.min.css HTTP/1.1" 200 121205
0:0:0:0:0:0:0:1 - - [30/May/2020:11:43:37 +0530] "GET /usermanagement/assets/lib/select2/select2.min.css HTTP/1.1" 200 15197
0:0:0:0:0:0:0:1 - - [30/May/2020:11:43:37 +0530] "GET /usermanagement/assets/css/AdminLTE.min.css HTTP/1.1" 200 114027
0:0:0:0:0:0:0:1 - - [30/May/2020:11:43:37 +0530] "GET /usermanagement/assets/lib/boot-select/bootstrap-select.css HTTP/1.1" 200 7831
0:0:0:0:0:0:0:1 - - [30/May/2020:11:43:37 +0530] "GET /usermanagement/assets/css/skins/skin-blue.min.css HTTP/1.1" 200 3531
0:0:0:0:0:0:0:1 - - [30/May/2020:11:43:37 +0530] "GET /usermanagement/assets/css/multiple-select.min.css HTTP/1.1" 200 3055
0:0:0:0:0:0:0:1 - - [30/May/2020:11:43:37 +0530] "GET /usermanagement/assets/css/angular-ui-notification.css HTTP/1.1" 200 1602
0:0:0:0:0:0:0:1 - - [30/May/2020:11:43:38 +0530] "GET /usermanagement/assets/ngtrix//trix.css HTTP/1.1" 200 17708
0:0:0:0:0:0:0:1 - - [30/May/2020:11:43:38 +0530] "GET /usermanagement/assets/lib/momentjs/moment.js HTTP/1.1" 200 151325
0:0:0:0:0:0:0:1 - - [30/May/2020:11:43:38 +0530] "GET /usermanagement/assets/lib/sparklines/sparkline.min.js HTTP/1.1" 200 43251
0:0:0:0:0:0:0:1 - - [30/May/2020:11:43:38 +0530] "GET /usermanagement/assets/lib/bootstrap/js/bootstrap.min.js HTTP/1.1" 200 37051
0:0:0:0:0:0:0:1 - - [30/May/2020:11:43:38 +0530] "GET /usermanagement/assets/lib/fastclick/fastclick.js HTTP/1.1" 200 26806
0:0:0:0:0:0:0:1 - - [30/May/2020:11:43:38 +0530] "GET /usermanagement/assets/lib/flot/jquery.flot.resize.min.js HTTP/1.1" 200 2023
0:0:0:0:0:0:0:1 - - [30/May/2020:11:43:38 +0530] "GET /usermanagement/assets/lib/jQuery/jquery-2.2.3.min.js HTTP/1.1" 200 85663
0:0:0:0:0:0:0:1 - - [30/May/2020:11:43:38 +0530] "GET /usermanagement/assets/lib/adminlte/adminlte.min.js HTTP/1.1" 200 9935
0:0:0:0:0:0:0:1 - - [30/May/2020:11:43:38 +0530] "GET /usermanagement/assets/lib/flot/jquery.flot.categories.min.js HTTP/1.1" 200 2457
0:0:0:0:0:0:0:1 - - [30/May/2020:11:43:38 +0530] "GET /usermanagement/assets/lib/datepicker/bootstrap-datepicker.js HTTP/1.1" 200 48509
0:0:0:0:0:0:0:1 - - [30/May/2020:11:43:38 +0530] "GET /usermanagement/assets/ngtrix/trix.js HTTP/1.1" 200 211778
0:0:0:0:0:0:0:1 - - [30/May/2020:11:43:38 +0530] "GET /usermanagement/assets/lib/flot/jquery.flot.pie.min.js HTTP/1.1" 200 12024
0:0:0:0:0:0:0:1 - - [30/May/2020:11:43:38 +0530] "GET /usermanagement/assets/lib/flot/jquery.flot.min.js HTTP/1.1" 200 52301
0:0:0:0:0:0:0:1 - - [30/May/2020:11:43:38 +0530] "GET /usermanagement/assets/lib/boot-select/bootstrap-select.js HTTP/1.1" 200 70555
0:0:0:0:0:0:0:1 - - [30/May/2020:11:43:38 +0530] "GET /usermanagement/assets/lib/jQuery/jquery-ui.min.js HTTP/1.1" 200 228088
0:0:0:0:0:0:0:1 - - [30/May/2020:11:43:38 +0530] "GET /usermanagement/app.bundle.js?f69bfb46c6ebaf9ab26b HTTP/1.1" 200 75558
0:0:0:0:0:0:0:1 - - [30/May/2020:11:43:38 +0530] "GET /usermanagement/assets/lib/datepicker/bootstrap-datepicker.js HTTP/1.1" 200 48509
0:0:0:0:0:0:0:1 - - [30/May/2020:11:43:39 +0530] "GET /usermanagement/vendor.bundle.js?f69bfb46c6ebaf9ab26b HTTP/1.1" 200 430050
0:0:0:0:0:0:0:1 - - [30/May/2020:11:43:39 +0530] "GET /usermanagement/user/details HTTP/1.1" 401 1034
0:0:0:0:0:0:0:1 - - [30/May/2020:11:43:39 +0530] "GET /usermanagement/lclog.html HTTP/1.1" 200 3549
0:0:0:0:0:0:0:1 - - [30/May/2020:11:43:39 +0530] "GET /usermanagement//user/all HTTP/1.1" 401 1034
0:0:0:0:0:0:0:1 - - [30/May/2020:11:43:39 +0530] "GET /usermanagement/lclog.html HTTP/1.1" 200 3549
0:0:0:0:0:0:0:1 - - [30/May/2020:11:43:39 +0530] "GET /usermanagement/assets/img/axis-bank-logo.png HTTP/1.1" 200 8509
0:0:0:0:0:0:0:1 - - [30/May/2020:11:43:39 +0530] "GET /usermanagement/lclog.html HTTP/1.1" 200 3549
0:0:0:0:0:0:0:1 - - [30/May/2020:11:43:39 +0530] "GET /usermanagement/css/bootstrap.min.css HTTP/1.1" 200 138609
0:0:0:0:0:0:0:1 - - [30/May/2020:11:43:39 +0530] "GET /usermanagement/js/pan.js HTTP/1.1" 200 13247
0:0:0:0:0:0:0:1 - - [30/May/2020:11:43:39 +0530] "GET /usermanagement/css/font-awesome/css/font-awesome.css HTTP/1.1" 200 31002
0:0:0:0:0:0:0:1 - - [30/May/2020:11:43:39 +0530] "GET /usermanagement/assets/lib/fonts/fontawesome-webfont.woff HTTP/1.1" 500 8192
0:0:0:0:0:0:0:1 - - [30/May/2020:11:43:39 +0530] "GET /usermanagement/js/jquery-val.js HTTP/1.1" 200 50278
0:0:0:0:0:0:0:1 - - [30/May/2020:11:43:39 +0530] "GET /usermanagement/js/bootstrap.min.js HTTP/1.1" 200 37045
0:0:0:0:0:0:0:1 - - [30/May/2020:11:43:39 +0530] "GET /usermanagement/js/logger.js HTTP/1.1" 200 7471
0:0:0:0:0:0:0:1 - - [30/May/2020:11:43:39 +0530] "GET /usermanagement/assets/img/axis-bar.png HTTP/1.1" 200 32976
0:0:0:0:0:0:0:1 - - [30/May/2020:11:43:40 +0530] "GET /usermanagement/js/jquery.min.js HTTP/1.1" 200 85593
0:0:0:0:0:0:0:1 - - [30/May/2020:11:43:40 +0530] "GET /usermanagement/fonts/glyphicons-halflings-regular.woff2 HTTP/1.1" 401 1034
0:0:0:0:0:0:0:1 - - [30/May/2020:11:43:40 +0530] "GET /usermanagement/fonts/glyphicons-halflings-regular.woff HTTP/1.1" 401 1034
0:0:0:0:0:0:0:1 - - [30/May/2020:11:43:40 +0530] "GET /usermanagement/fonts/glyphicons-halflings-regular.ttf HTTP/1.1" 401 1034
0:0:0:0:0:0:0:1 - - [30/May/2020:11:43:40 +0530] "GET /favicon.ico HTTP/1.1" 404 1085
0:0:0:0:0:0:0:1 - - [30/May/2020:11:43:46 +0530] "GET /usermanagement/css/font-awesome/fonts/fontawesome-webfont.woff2?v=4.7.0 HTTP/1.1" 200 66624
0:0:0:0:0:0:0:1 - - [30/May/2020:11:43:48 +0530] "POST /usermanagement/auth/login HTTP/1.1" 200 253
0:0:0:0:0:0:0:1 - - [30/May/2020:11:43:50 +0530] "GET /usermanagement/user/details HTTP/1.1" 200 687
127.0.0.1 - - [30/May/2020:11:51:40 +0530] "GET / HTTP/1.1" 404 1074
127.0.0.1 - - [30/May/2020:11:51:43 +0530] "GET /usermanagement/ HTTP/1.1" 200 3174
127.0.0.1 - - [30/May/2020:11:51:43 +0530] "GET /usermanagement/assets/lib/bootstrap/css/bootstrap.min.css HTTP/1.1" 200 121205
127.0.0.1 - - [30/May/2020:11:51:43 +0530] "GET /usermanagement/assets/lib/font-awesome/font-awesome.min.css HTTP/1.1" 200 27283
127.0.0.1 - - [30/May/2020:11:51:43 +0530] "GET /usermanagement/assets/lib/datepicker/datepicker3.css HTTP/1.1" 200 34535
127.0.0.1 - - [30/May/2020:11:51:43 +0530] "GET /usermanagement/assets/lib/select2/select2.min.css HTTP/1.1" 200 15197
127.0.0.1 - - [30/May/2020:11:51:43 +0530] "GET /usermanagement/assets/css/AdminLTE.min.css HTTP/1.1" 200 114027
127.0.0.1 - - [30/May/2020:11:51:43 +0530] "GET /usermanagement/assets/css/skins/skin-blue.min.css HTTP/1.1" 200 3531
127.0.0.1 - - [30/May/2020:11:51:43 +0530] "GET /usermanagement/assets/lib/boot-select/bootstrap-select.css HTTP/1.1" 200 7831
127.0.0.1 - - [30/May/2020:11:51:43 +0530] "GET /usermanagement/assets/css/multiple-select.min.css HTTP/1.1" 200 3055
127.0.0.1 - - [30/May/2020:11:51:43 +0530] "GET /usermanagement/assets/css/angular-ui-notification.css HTTP/1.1" 200 1602
127.0.0.1 - - [30/May/2020:11:51:43 +0530] "GET /usermanagement/assets/ngtrix//trix.css HTTP/1.1" 200 17708
127.0.0.1 - - [30/May/2020:11:51:43 +0530] "GET /usermanagement/assets/ngtrix/trix.js HTTP/1.1" 200 211778
127.0.0.1 - - [30/May/2020:11:51:43 +0530] "GET /usermanagement/assets/lib/momentjs/moment.js HTTP/1.1" 200 151325
127.0.0.1 - - [30/May/2020:11:51:43 +0530] "GET /usermanagement/assets/lib/jQuery/jquery-2.2.3.min.js HTTP/1.1" 200 85663
127.0.0.1 - - [30/May/2020:11:51:43 +0530] "GET /usermanagement/assets/lib/sparklines/sparkline.min.js HTTP/1.1" 200 43251
127.0.0.1 - - [30/May/2020:11:51:43 +0530] "GET /usermanagement/assets/lib/jQuery/jquery-ui.min.js HTTP/1.1" 200 228088
127.0.0.1 - - [30/May/2020:11:51:43 +0530] "GET /usermanagement/assets/lib/bootstrap/js/bootstrap.min.js HTTP/1.1" 200 37051
127.0.0.1 - - [30/May/2020:11:51:43 +0530] "GET /usermanagement/assets/lib/adminlte/adminlte.min.js HTTP/1.1" 200 9935
127.0.0.1 - - [30/May/2020:11:51:43 +0530] "GET /usermanagement/assets/lib/fastclick/fastclick.js HTTP/1.1" 200 26806
127.0.0.1 - - [30/May/2020:11:51:43 +0530] "GET /usermanagement/assets/lib/flot/jquery.flot.min.js HTTP/1.1" 200 52301
127.0.0.1 - - [30/May/2020:11:51:43 +0530] "GET /usermanagement/assets/lib/datepicker/bootstrap-datepicker.js HTTP/1.1" 200 48509
127.0.0.1 - - [30/May/2020:11:51:43 +0530] "GET /usermanagement/assets/lib/flot/jquery.flot.pie.min.js HTTP/1.1" 200 12024
127.0.0.1 - - [30/May/2020:11:51:43 +0530] "GET /usermanagement/assets/lib/flot/jquery.flot.resize.min.js HTTP/1.1" 200 2023
127.0.0.1 - - [30/May/2020:11:51:43 +0530] "GET /usermanagement/assets/lib/flot/jquery.flot.categories.min.js HTTP/1.1" 200 2457
127.0.0.1 - - [30/May/2020:11:51:43 +0530] "GET /usermanagement/assets/lib/boot-select/bootstrap-select.js HTTP/1.1" 200 70555
127.0.0.1 - - [30/May/2020:11:51:43 +0530] "GET /usermanagement/app.bundle.js?f69bfb46c6ebaf9ab26b HTTP/1.1" 200 75558
127.0.0.1 - - [30/May/2020:11:51:43 +0530] "GET /usermanagement/vendor.bundle.js?f69bfb46c6ebaf9ab26b HTTP/1.1" 200 430050
127.0.0.1 - - [30/May/2020:11:51:44 +0530] "GET /usermanagement/assets/img/axis-bank-logo.png HTTP/1.1" 200 8509
127.0.0.1 - - [30/May/2020:11:51:44 +0530] "GET /usermanagement/lclog.html HTTP/1.1" 200 3549
127.0.0.1 - - [30/May/2020:11:51:44 +0530] "GET /usermanagement/user/details HTTP/1.1" 401 1034
127.0.0.1 - - [30/May/2020:11:51:44 +0530] "GET /usermanagement/lclog.html HTTP/1.1" 200 3549
127.0.0.1 - - [30/May/2020:11:51:44 +0530] "GET /usermanagement//user/all HTTP/1.1" 401 1034
127.0.0.1 - - [30/May/2020:11:51:44 +0530] "GET /usermanagement/lclog.html HTTP/1.1" 200 3549
127.0.0.1 - - [30/May/2020:11:51:44 +0530] "GET /usermanagement/js/jquery.min.js HTTP/1.1" 200 85593
127.0.0.1 - - [30/May/2020:11:51:44 +0530] "GET /usermanagement/lclog.html HTTP/1.1" 200 3549
127.0.0.1 - - [30/May/2020:11:51:44 +0530] "GET /usermanagement/js/jquery-val.js HTTP/1.1" 500 -
127.0.0.1 - - [30/May/2020:11:51:44 +0530] "GET /usermanagement/js/jquery.min.js HTTP/1.1" 500 -
127.0.0.1 - - [30/May/2020:11:51:44 +0530] "GET /usermanagement/js/jquery-val.js HTTP/1.1" 200 50278
127.0.0.1 - - [30/May/2020:11:51:44 +0530] "GET /usermanagement/js/jquery.min.js HTTP/1.1" 200 85593
127.0.0.1 - - [30/May/2020:11:51:44 +0530] "GET /usermanagement/js/pan.js HTTP/1.1" 200 13247
127.0.0.1 - - [30/May/2020:11:51:44 +0530] "GET /usermanagement/css/bootstrap.min.css HTTP/1.1" 200 138609
127.0.0.1 - - [30/May/2020:11:51:44 +0530] "GET /usermanagement/css/font-awesome/css/font-awesome.css HTTP/1.1" 200 31002
127.0.0.1 - - [30/May/2020:11:51:44 +0530] "GET /usermanagement/js/bootstrap.min.js HTTP/1.1" 200 37045
127.0.0.1 - - [30/May/2020:11:51:44 +0530] "GET /usermanagement/js/logger.js HTTP/1.1" 200 7471
127.0.0.1 - - [30/May/2020:11:51:44 +0530] "GET /usermanagement/assets/img/axis-bar.png HTTP/1.1" 200 32976
127.0.0.1 - - [30/May/2020:11:51:45 +0530] "GET /usermanagement/fonts/glyphicons-halflings-regular.eot? HTTP/1.1" 401 1034
127.0.0.1 - - [30/May/2020:11:51:45 +0530] "GET /usermanagement/fonts/glyphicons-halflings-regular.woff HTTP/1.1" 401 1034
127.0.0.1 - - [30/May/2020:11:51:45 +0530] "GET /usermanagement/fonts/glyphicons-halflings-regular.ttf HTTP/1.1" 401 1034
0:0:0:0:0:0:0:1 - - [30/May/2020:11:52:21 +0530] "GET /usermanagement/assets/lib/font-awesome/font-awesome.min.css HTTP/1.1" 200 27283
0:0:0:0:0:0:0:1 - - [30/May/2020:11:52:21 +0530] "GET /usermanagement/assets/lib/datepicker/datepicker3.css HTTP/1.1" 200 34535
0:0:0:0:0:0:0:1 - - [30/May/2020:11:52:21 +0530] "GET /usermanagement/assets/lib/select2/select2.min.css HTTP/1.1" 200 15197
0:0:0:0:0:0:0:1 - - [30/May/2020:11:52:21 +0530] "GET /usermanagement/assets/css/AdminLTE.min.css HTTP/1.1" 200 114027
0:0:0:0:0:0:0:1 - - [30/May/2020:11:52:21 +0530] "GET /usermanagement/assets/css/skins/skin-blue.min.css HTTP/1.1" 200 3531
0:0:0:0:0:0:0:1 - - [30/May/2020:11:52:21 +0530] "GET /usermanagement/assets/css/multiple-select.min.css HTTP/1.1" 200 3055
0:0:0:0:0:0:0:1 - - [30/May/2020:11:52:21 +0530] "GET /usermanagement/assets/lib/boot-select/bootstrap-select.css HTTP/1.1" 200 7831
0:0:0:0:0:0:0:1 - - [30/May/2020:11:52:21 +0530] "GET /usermanagement/assets/css/angular-ui-notification.css HTTP/1.1" 200 1602
0:0:0:0:0:0:0:1 - - [30/May/2020:11:52:21 +0530] "GET /usermanagement/assets/ngtrix//trix.css HTTP/1.1" 200 17708
0:0:0:0:0:0:0:1 - - [30/May/2020:11:52:21 +0530] "GET /usermanagement/assets/ngtrix/trix.js HTTP/1.1" 200 211778
0:0:0:0:0:0:0:1 - - [30/May/2020:11:52:21 +0530] "GET /usermanagement/assets/lib/momentjs/moment.js HTTP/1.1" 200 151325
0:0:0:0:0:0:0:1 - - [30/May/2020:11:52:21 +0530] "GET /usermanagement/assets/lib/jQuery/jquery-2.2.3.min.js HTTP/1.1" 200 85663
0:0:0:0:0:0:0:1 - - [30/May/2020:11:52:21 +0530] "GET /usermanagement/assets/lib/jQuery/jquery-ui.min.js HTTP/1.1" 200 228088
0:0:0:0:0:0:0:1 - - [30/May/2020:11:52:21 +0530] "GET /usermanagement/assets/lib/sparklines/sparkline.min.js HTTP/1.1" 200 43251
0:0:0:0:0:0:0:1 - - [30/May/2020:11:52:21 +0530] "GET /usermanagement/assets/lib/bootstrap/js/bootstrap.min.js HTTP/1.1" 200 37051
0:0:0:0:0:0:0:1 - - [30/May/2020:11:52:21 +0530] "GET /usermanagement/assets/lib/adminlte/adminlte.min.js HTTP/1.1" 200 9935
0:0:0:0:0:0:0:1 - - [30/May/2020:11:52:21 +0530] "GET /usermanagement/ HTTP/1.1" 200 3174
0:0:0:0:0:0:0:1 - - [30/May/2020:11:52:21 +0530] "GET /usermanagement/assets/lib/bootstrap/css/bootstrap.min.css HTTP/1.1" 200 121205
0:0:0:0:0:0:0:1 - - [30/May/2020:11:52:21 +0530] "GET /usermanagement/assets/lib/fastclick/fastclick.js HTTP/1.1" 200 26806
0:0:0:0:0:0:0:1 - - [30/May/2020:11:52:21 +0530] "GET /usermanagement/assets/lib/datepicker/bootstrap-datepicker.js HTTP/1.1" 200 48509
0:0:0:0:0:0:0:1 - - [30/May/2020:11:52:21 +0530] "GET /usermanagement/assets/lib/flot/jquery.flot.categories.min.js HTTP/1.1" 200 2457
0:0:0:0:0:0:0:1 - - [30/May/2020:11:52:21 +0530] "GET /usermanagement/assets/lib/flot/jquery.flot.pie.min.js HTTP/1.1" 200 12024
0:0:0:0:0:0:0:1 - - [30/May/2020:11:52:21 +0530] "GET /usermanagement/assets/lib/flot/jquery.flot.resize.min.js HTTP/1.1" 200 2023
0:0:0:0:0:0:0:1 - - [30/May/2020:11:52:21 +0530] "GET /usermanagement/assets/lib/boot-select/bootstrap-select.js HTTP/1.1" 200 70555
0:0:0:0:0:0:0:1 - - [30/May/2020:11:52:21 +0530] "GET /usermanagement/assets/lib/flot/jquery.flot.min.js HTTP/1.1" 200 52301
0:0:0:0:0:0:0:1 - - [30/May/2020:11:52:21 +0530] "GET /usermanagement/app.bundle.js?f69bfb46c6ebaf9ab26b HTTP/1.1" 200 75558
0:0:0:0:0:0:0:1 - - [30/May/2020:11:52:21 +0530] "GET /usermanagement/vendor.bundle.js?f69bfb46c6ebaf9ab26b HTTP/1.1" 200 430050
0:0:0:0:0:0:0:1 - - [30/May/2020:11:52:22 +0530] "GET /usermanagement/assets/lib/boot-select/bootstrap-select.css.map HTTP/1.1" 401 1034
0:0:0:0:0:0:0:1 - - [30/May/2020:11:52:22 +0530] "GET /usermanagement/assets/lib/bootstrap/css/bootstrap.min.css.map HTTP/1.1" 200 542194
0:0:0:0:0:0:0:1 - - [30/May/2020:11:52:22 +0530] "GET /usermanagement/assets/lib/datepicker/bootstrap-datepicker.js HTTP/1.1" 200 48509
0:0:0:0:0:0:0:1 - - [30/May/2020:11:52:22 +0530] "GET /usermanagement/app.bundle.js.map HTTP/1.1" 200 395410
0:0:0:0:0:0:0:1 - - [30/May/2020:11:52:22 +0530] "GET /usermanagement/vendor.bundle.js.map HTTP/1.1" 200 5242247
0:0:0:0:0:0:0:1 - - [30/May/2020:11:52:23 +0530] "GET /usermanagement/lclog.html HTTP/1.1" 200 3549
0:0:0:0:0:0:0:1 - - [30/May/2020:11:52:23 +0530] "GET /usermanagement/user/details HTTP/1.1" 401 1034
0:0:0:0:0:0:0:1 - - [30/May/2020:11:52:23 +0530] "GET /usermanagement//user/all HTTP/1.1" 401 1034
0:0:0:0:0:0:0:1 - - [30/May/2020:11:52:23 +0530] "GET /usermanagement/lclog.html HTTP/1.1" 200 3549
0:0:0:0:0:0:0:1 - - [30/May/2020:11:52:23 +0530] "GET /usermanagement/assets/img/axis-bank-logo.png HTTP/1.1" 200 8509
0:0:0:0:0:0:0:1 - - [30/May/2020:11:52:23 +0530] "GET /usermanagement/lclog.html HTTP/1.1" 200 3549
0:0:0:0:0:0:0:1 - - [30/May/2020:11:52:23 +0530] "GET /usermanagement/assets/lib/fonts/fontawesome-webfont.woff HTTP/1.1" 200 83588
0:0:0:0:0:0:0:1 - - [30/May/2020:11:52:23 +0530] "GET /usermanagement/js/pan.js HTTP/1.1" 200 13247
0:0:0:0:0:0:0:1 - - [30/May/2020:11:52:23 +0530] "GET /usermanagement/js/jquery-val.js HTTP/1.1" 200 50278
0:0:0:0:0:0:0:1 - - [30/May/2020:11:52:23 +0530] "GET /usermanagement/js/jquery.min.js HTTP/1.1" 200 85593
0:0:0:0:0:0:0:1 - - [30/May/2020:11:52:23 +0530] "GET /usermanagement/js/bootstrap.min.js HTTP/1.1" 200 37045
0:0:0:0:0:0:0:1 - - [30/May/2020:11:52:23 +0530] "GET /usermanagement/css/font-awesome/css/font-awesome.css HTTP/1.1" 200 31002
0:0:0:0:0:0:0:1 - - [30/May/2020:11:52:23 +0530] "GET /usermanagement/css/bootstrap.min.css HTTP/1.1" 200 138609
0:0:0:0:0:0:0:1 - - [30/May/2020:11:52:23 +0530] "GET /usermanagement/js/logger.js HTTP/1.1" 200 7471
0:0:0:0:0:0:0:1 - - [30/May/2020:11:52:23 +0530] "GET /usermanagement/assets/img/axis-bar.png HTTP/1.1" 200 32976
0:0:0:0:0:0:0:1 - - [30/May/2020:11:52:23 +0530] "GET /usermanagement/fonts/glyphicons-halflings-regular.woff2 HTTP/1.1" 401 1034
0:0:0:0:0:0:0:1 - - [30/May/2020:11:52:24 +0530] "GET /usermanagement/fonts/glyphicons-halflings-regular.woff HTTP/1.1" 401 1034
0:0:0:0:0:0:0:1 - - [30/May/2020:11:52:24 +0530] "GET /usermanagement/fonts/glyphicons-halflings-regular.ttf HTTP/1.1" 401 1034
0:0:0:0:0:0:0:1 - - [30/May/2020:11:52:24 +0530] "GET /favicon.ico HTTP/1.1" 404 1085
0:0:0:0:0:0:0:1 - - [30/May/2020:11:52:24 +0530] "GET /usermanagement/css/bootstrap.min.css.map HTTP/1.1" 200 542194
0:0:0:0:0:0:0:1 - - [30/May/2020:11:52:38 +0530] "GET /usermanagement/css/font-awesome/fonts/fontawesome-webfont.woff2?v=4.7.0 HTTP/1.1" 200 66624
0:0:0:0:0:0:0:1 - - [30/May/2020:11:52:40 +0530] "POST /usermanagement/auth/login HTTP/1.1" 200 258
0:0:0:0:0:0:0:1 - - [30/May/2020:11:52:41 +0530] "GET /usermanagement/user/details HTTP/1.1" 200 709
127.0.0.1 - - [30/May/2020:11:58:01 +0530] "GET /usermanagement/auth/validate HTTP/1.1" 200 71
127.0.0.1 - - [30/May/2020:11:58:04 +0530] "GET /usermanagement/user/details HTTP/1.1" 200 709
0:0:0:0:0:0:0:1 - - [30/May/2020:11:58:04 +0530] "GET /DirectDealing/api/customer/getLoggedInUserDetails HTTP/1.1" 200 1144
127.0.0.1 - - [30/May/2020:11:59:45 +0530] "GET /usermanagement/auth/validate HTTP/1.1" 200 71
127.0.0.1 - - [30/May/2020:11:59:46 +0530] "GET /usermanagement/user/details HTTP/1.1" 200 709
0:0:0:0:0:0:0:1 - - [30/May/2020:11:59:46 +0530] "GET /DirectDealing/api/customer/getLoggedInUserDetails HTTP/1.1" 200 1144
127.0.0.1 - - [30/May/2020:12:00:24 +0530] "GET /usermanagement/auth/validate HTTP/1.1" 200 71
127.0.0.1 - - [30/May/2020:12:00:26 +0530] "GET /usermanagement/user/details HTTP/1.1" 200 709
0:0:0:0:0:0:0:1 - - [30/May/2020:12:00:26 +0530] "GET /DirectDealing/api/customer/getLoggedInUserDetails HTTP/1.1" 200 1144
127.0.0.1 - - [30/May/2020:12:01:40 +0530] "GET /usermanagement/auth/validate HTTP/1.1" 200 71
127.0.0.1 - - [30/May/2020:12:01:42 +0530] "GET /usermanagement/user/details HTTP/1.1" 200 709
0:0:0:0:0:0:0:1 - - [30/May/2020:12:01:42 +0530] "GET /DirectDealing/api/customer/getLoggedInUserDetails HTTP/1.1" 200 1144
127.0.0.1 - - [30/May/2020:12:06:17 +0530] "GET /usermanagement/auth/validate HTTP/1.1" 200 71
127.0.0.1 - - [30/May/2020:12:06:19 +0530] "GET /usermanagement/user/details HTTP/1.1" 200 709
0:0:0:0:0:0:0:1 - - [30/May/2020:12:06:19 +0530] "GET /DirectDealing/api/customer/getLoggedInUserDetails HTTP/1.1" 200 1144
127.0.0.1 - - [30/May/2020:12:06:32 +0530] "GET /usermanagement/auth/validate HTTP/1.1" 200 71
127.0.0.1 - - [30/May/2020:12:06:33 +0530] "GET /usermanagement/user/details HTTP/1.1" 200 709
0:0:0:0:0:0:0:1 - - [30/May/2020:12:06:33 +0530] "GET /DirectDealing/api/customer/getLoggedInUserDetails HTTP/1.1" 200 1144
127.0.0.1 - - [30/May/2020:12:06:41 +0530] "GET /usermanagement/auth/validate HTTP/1.1" 200 71
127.0.0.1 - - [30/May/2020:12:06:42 +0530] "GET /usermanagement/user/details HTTP/1.1" 200 709
0:0:0:0:0:0:0:1 - - [30/May/2020:12:06:42 +0530] "GET /DirectDealing/api/customer/getLoggedInUserDetails HTTP/1.1" 200 1144
127.0.0.1 - - [30/May/2020:12:07:29 +0530] "GET /usermanagement/auth/validate HTTP/1.1" 200 71
0:0:0:0:0:0:0:1 - - [30/May/2020:12:07:30 +0530] "GET /DirectDealing/api/customer/getCustomerList?solId=72 HTTP/1.1" 200 2256
127.0.0.1 - - [30/May/2020:12:07:45 +0530] "GET /usermanagement/auth/validate HTTP/1.1" 200 71
0:0:0:0:0:0:0:1 - - [30/May/2020:12:07:45 +0530] "GET /DirectDealing/api/customer/getCustomerList?solId=72 HTTP/1.1" 200 2256
127.0.0.1 - - [30/May/2020:12:08:11 +0530] "GET /usermanagement/auth/validate HTTP/1.1" 200 71
0:0:0:0:0:0:0:1 - - [30/May/2020:12:08:11 +0530] "GET /DirectDealing/api/customer/getCustomerList?solId=72 HTTP/1.1" 200 2256
127.0.0.1 - - [30/May/2020:12:08:56 +0530] "GET /usermanagement/auth/validate HTTP/1.1" 200 71
127.0.0.1 - - [30/May/2020:12:08:57 +0530] "GET /usermanagement/user/details HTTP/1.1" 200 709
0:0:0:0:0:0:0:1 - - [30/May/2020:12:08:57 +0530] "GET /DirectDealing/api/customer/getLoggedInUserDetails HTTP/1.1" 200 1144
127.0.0.1 - - [30/May/2020:12:09:00 +0530] "GET /usermanagement/auth/validate HTTP/1.1" 200 71
0:0:0:0:0:0:0:1 - - [30/May/2020:12:09:00 +0530] "GET /DirectDealing/api/customer/getCustomerList?solId=undefined HTTP/1.1" 200 492
127.0.0.1 - - [30/May/2020:12:09:11 +0530] "GET /usermanagement/auth/validate HTTP/1.1" 200 71
127.0.0.1 - - [30/May/2020:12:09:11 +0530] "GET /usermanagement/auth/validate HTTP/1.1" 200 71
0:0:0:0:0:0:0:1 - - [30/May/2020:12:09:11 +0530] "GET /DirectDealing/api/customer/getCustomerList?solId=undefined HTTP/1.1" 200 492
127.0.0.1 - - [30/May/2020:12:09:12 +0530] "GET /usermanagement/user/details HTTP/1.1" 200 709
0:0:0:0:0:0:0:1 - - [30/May/2020:12:09:12 +0530] "GET /DirectDealing/api/customer/getLoggedInUserDetails HTTP/1.1" 200 1144
127.0.0.1 - - [30/May/2020:12:09:21 +0530] "GET /usermanagement/auth/validate HTTP/1.1" 200 71
0:0:0:0:0:0:0:1 - - [30/May/2020:12:09:21 +0530] "GET /DirectDealing/api/customer/getCustomerList?solId=72 HTTP/1.1" 200 2256
127.0.0.1 - - [30/May/2020:12:09:27 +0530] "GET /usermanagement/auth/validate HTTP/1.1" 200 71
0:0:0:0:0:0:0:1 - - [30/May/2020:12:09:27 +0530] "GET /DirectDealing/api/dashboard/getPendingRequest HTTP/1.1" 200 1017
127.0.0.1 - - [30/May/2020:12:09:30 +0530] "GET /usermanagement/auth/validate HTTP/1.1" 200 71
0:0:0:0:0:0:0:1 - - [30/May/2020:12:09:30 +0530] "GET /DirectDealing/api/customer/getCustomerList?solId=72 HTTP/1.1" 200 2256
127.0.0.1 - - [30/May/2020:12:09:42 +0530] "GET /usermanagement/auth/validate HTTP/1.1" 200 71
127.0.0.1 - - [30/May/2020:12:09:42 +0530] "GET /usermanagement/auth/validate HTTP/1.1" 200 71
0:0:0:0:0:0:0:1 - - [30/May/2020:12:09:42 +0530] "GET /DirectDealing/api/customer/getCustomerList?solId=undefined HTTP/1.1" 200 492
127.0.0.1 - - [30/May/2020:12:09:43 +0530] "GET /usermanagement/user/details HTTP/1.1" 200 709
0:0:0:0:0:0:0:1 - - [30/May/2020:12:09:43 +0530] "GET /DirectDealing/api/customer/getLoggedInUserDetails HTTP/1.1" 200 1144
127.0.0.1 - - [30/May/2020:12:09:54 +0530] "GET /usermanagement/auth/validate HTTP/1.1" 200 71
127.0.0.1 - - [30/May/2020:12:09:55 +0530] "GET /usermanagement/user/details HTTP/1.1" 200 709
0:0:0:0:0:0:0:1 - - [30/May/2020:12:09:55 +0530] "GET /DirectDealing/api/customer/getLoggedInUserDetails HTTP/1.1" 200 1144
127.0.0.1 - - [30/May/2020:12:10:03 +0530] "GET /usermanagement/auth/validate HTTP/1.1" 200 71
0:0:0:0:0:0:0:1 - - [30/May/2020:12:10:03 +0530] "GET /DirectDealing/api/customer/getCustomerList?solId=72 HTTP/1.1" 200 2256
127.0.0.1 - - [30/May/2020:12:12:04 +0530] "GET /usermanagement/auth/validate HTTP/1.1" 200 71
127.0.0.1 - - [30/May/2020:12:12:04 +0530] "GET /usermanagement/auth/validate HTTP/1.1" 200 71
0:0:0:0:0:0:0:1 - - [30/May/2020:12:12:04 +0530] "GET /DirectDealing/api/customer/getCustomerList?solId=undefined HTTP/1.1" 200 492
127.0.0.1 - - [30/May/2020:12:12:06 +0530] "GET /usermanagement/user/details HTTP/1.1" 200 709
0:0:0:0:0:0:0:1 - - [30/May/2020:12:12:06 +0530] "GET /DirectDealing/api/customer/getLoggedInUserDetails HTTP/1.1" 200 1144
127.0.0.1 - - [30/May/2020:12:12:20 +0530] "GET /usermanagement/auth/validate HTTP/1.1" 200 71
127.0.0.1 - - [30/May/2020:12:12:21 +0530] "GET /usermanagement/user/details HTTP/1.1" 200 709
0:0:0:0:0:0:0:1 - - [30/May/2020:12:12:21 +0530] "GET /DirectDealing/api/customer/getLoggedInUserDetails HTTP/1.1" 200 1144
127.0.0.1 - - [30/May/2020:12:12:58 +0530] "GET /usermanagement/auth/validate HTTP/1.1" 200 71
127.0.0.1 - - [30/May/2020:12:12:59 +0530] "GET /usermanagement/user/details HTTP/1.1" 200 709
0:0:0:0:0:0:0:1 - - [30/May/2020:12:12:59 +0530] "GET /DirectDealing/api/customer/getLoggedInUserDetails HTTP/1.1" 200 1144
127.0.0.1 - - [30/May/2020:12:13:03 +0530] "GET /usermanagement/auth/validate HTTP/1.1" 200 71
0:0:0:0:0:0:0:1 - - [30/May/2020:12:13:03 +0530] "GET /DirectDealing/api/customer/getCustomerList?solId=72 HTTP/1.1" 200 2256
127.0.0.1 - - [30/May/2020:12:32:31 +0530] "GET /usermanagement/auth/validate HTTP/1.1" 200 71
0:0:0:0:0:0:0:1 - - [30/May/2020:12:32:31 +0530] "GET /DirectDealing/api/customer/getCustomerList?solId=undefined HTTP/1.1" 200 492
127.0.0.1 - - [30/May/2020:12:32:31 +0530] "GET /usermanagement/auth/validate HTTP/1.1" 200 71
127.0.0.1 - - [30/May/2020:12:32:35 +0530] "GET /usermanagement/auth/validate HTTP/1.1" 200 71
127.0.0.1 - - [30/May/2020:12:32:36 +0530] "GET /usermanagement/user/details HTTP/1.1" 200 709
0:0:0:0:0:0:0:1 - - [30/May/2020:12:32:36 +0530] "GET /DirectDealing/api/customer/getLoggedInUserDetails HTTP/1.1" 200 1144
127.0.0.1 - - [30/May/2020:12:32:37 +0530] "GET /usermanagement/auth/validate HTTP/1.1" 200 71
0:0:0:0:0:0:0:1 - - [30/May/2020:12:32:37 +0530] "GET /DirectDealing/api/customer/getCustomerList?solId=undefined HTTP/1.1" 200 492
127.0.0.1 - - [30/May/2020:12:32:37 +0530] "GET /usermanagement/user/details HTTP/1.1" 200 709
0:0:0:0:0:0:0:1 - - [30/May/2020:12:32:37 +0530] "GET /DirectDealing/api/customer/getLoggedInUserDetails HTTP/1.1" 200 1144
127.0.0.1 - - [30/May/2020:12:34:36 +0530] "GET /usermanagement/auth/validate HTTP/1.1" 200 71
127.0.0.1 - - [30/May/2020:12:34:36 +0530] "GET /usermanagement/auth/validate HTTP/1.1" 200 71
0:0:0:0:0:0:0:1 - - [30/May/2020:12:34:36 +0530] "GET /DirectDealing/api/customer/getCustomerList?solId=undefined HTTP/1.1" 200 492
127.0.0.1 - - [30/May/2020:12:34:37 +0530] "GET /usermanagement/user/details HTTP/1.1" 200 709
0:0:0:0:0:0:0:1 - - [30/May/2020:12:34:37 +0530] "GET /DirectDealing/api/customer/getLoggedInUserDetails HTTP/1.1" 200 1144
127.0.0.1 - - [30/May/2020:12:35:13 +0530] "GET /usermanagement/auth/validate HTTP/1.1" 200 71
127.0.0.1 - - [30/May/2020:12:35:14 +0530] "GET /usermanagement/user/details HTTP/1.1" 200 709
0:0:0:0:0:0:0:1 - - [30/May/2020:12:35:14 +0530] "GET /DirectDealing/api/customer/getLoggedInUserDetails HTTP/1.1" 200 1144
127.0.0.1 - - [30/May/2020:12:35:19 +0530] "GET /usermanagement/auth/validate HTTP/1.1" 200 71
0:0:0:0:0:0:0:1 - - [30/May/2020:12:35:19 +0530] "GET /DirectDealing/api/customer/getCustomerList?solId=72 HTTP/1.1" 200 2256
127.0.0.1 - - [30/May/2020:12:36:11 +0530] "GET /usermanagement/auth/validate HTTP/1.1" 200 71
127.0.0.1 - - [30/May/2020:12:36:11 +0530] "GET /usermanagement/auth/validate HTTP/1.1" 200 71
0:0:0:0:0:0:0:1 - - [30/May/2020:12:36:11 +0530] "GET /DirectDealing/api/customer/getCustomerList?solId=undefined HTTP/1.1" 200 492
127.0.0.1 - - [30/May/2020:12:36:14 +0530] "GET /usermanagement/user/details HTTP/1.1" 200 709
0:0:0:0:0:0:0:1 - - [30/May/2020:12:36:14 +0530] "GET /DirectDealing/api/customer/getLoggedInUserDetails HTTP/1.1" 200 1144
127.0.0.1 - - [30/May/2020:12:36:42 +0530] "GET /usermanagement/auth/validate HTTP/1.1" 200 71
0:0:0:0:0:0:0:1 - - [30/May/2020:12:36:42 +0530] "GET /DirectDealing/api/customer/getCustomerList?solId=72 HTTP/1.1" 200 2256
127.0.0.1 - - [30/May/2020:12:37:22 +0530] "GET /usermanagement/auth/validate HTTP/1.1" 200 71
127.0.0.1 - - [30/May/2020:12:37:24 +0530] "GET /usermanagement/user/details HTTP/1.1" 200 709
0:0:0:0:0:0:0:1 - - [30/May/2020:12:37:24 +0530] "GET /DirectDealing/api/customer/getLoggedInUserDetails HTTP/1.1" 200 1144
127.0.0.1 - - [30/May/2020:12:37:25 +0530] "GET /usermanagement/auth/validate HTTP/1.1" 200 71
127.0.0.1 - - [30/May/2020:12:37:26 +0530] "GET /usermanagement/user/details HTTP/1.1" 200 709
0:0:0:0:0:0:0:1 - - [30/May/2020:12:37:26 +0530] "GET /DirectDealing/api/customer/getLoggedInUserDetails HTTP/1.1" 200 1144
127.0.0.1 - - [30/May/2020:12:37:38 +0530] "GET /usermanagement/auth/validate HTTP/1.1" 200 71
0:0:0:0:0:0:0:1 - - [30/May/2020:12:37:38 +0530] "GET /DirectDealing/api/customer/getCustomerList?solId=72 HTTP/1.1" 200 2256
127.0.0.1 - - [30/May/2020:12:37:45 +0530] "GET /usermanagement/auth/validate HTTP/1.1" 200 71
0:0:0:0:0:0:0:1 - - [30/May/2020:12:37:45 +0530] "GET /DirectDealing/api/customer/getCustomerList?solId=72 HTTP/1.1" 200 2256
127.0.0.1 - - [30/May/2020:12:37:53 +0530] "GET /usermanagement/auth/validate HTTP/1.1" 200 71
0:0:0:0:0:0:0:1 - - [30/May/2020:12:37:53 +0530] "GET /DirectDealing/api/customer/getCustomerList?solId=72 HTTP/1.1" 200 2256
127.0.0.1 - - [30/May/2020:12:40:46 +0530] "GET /usermanagement/auth/validate HTTP/1.1" 200 71
127.0.0.1 - - [30/May/2020:12:40:46 +0530] "GET /usermanagement/auth/validate HTTP/1.1" 200 71
0:0:0:0:0:0:0:1 - - [30/May/2020:12:40:46 +0530] "GET /DirectDealing/api/staticlov/getCurrencyAndProductLovs HTTP/1.1" 200 1231
0:0:0:0:0:0:0:1 - - [30/May/2020:12:40:46 +0530] "GET /DirectDealing/api/customer/getById/10018 HTTP/1.1" 200 1810
127.0.0.1 - - [30/May/2020:12:41:01 +0530] "GET /usermanagement/auth/validate HTTP/1.1" 200 71
0:0:0:0:0:0:0:1 - - [30/May/2020:12:41:01 +0530] "GET /DirectDealing/api/customer/getCustomerList?solId=72 HTTP/1.1" 200 2256
127.0.0.1 - - [30/May/2020:12:41:09 +0530] "GET /usermanagement/auth/validate HTTP/1.1" 200 71
0:0:0:0:0:0:0:1 - - [30/May/2020:12:41:10 +0530] "GET /DirectDealing/api/staticlov/getCurrencyAndProductLovs HTTP/1.1" 200 1231
127.0.0.1 - - [30/May/2020:12:41:10 +0530] "GET /usermanagement/auth/validate HTTP/1.1" 404 34
0:0:0:0:0:0:0:1 - - [30/May/2020:12:41:10 +0530] "GET /DirectDealing/api/customer/getById/10018 HTTP/1.1" 401 1030
127.0.0.1 - - [30/May/2020:12:41:26 +0530] "GET /usermanagement/auth/validate HTTP/1.1" 200 71
0:0:0:0:0:0:0:1 - - [30/May/2020:12:41:26 +0530] "GET /DirectDealing/api/customer/getCustomerList?solId=72 HTTP/1.1" 200 2256
127.0.0.1 - - [30/May/2020:12:41:32 +0530] "GET /usermanagement/auth/validate HTTP/1.1" 200 71
0:0:0:0:0:0:0:1 - - [30/May/2020:12:41:32 +0530] "GET /DirectDealing/api/customer/getCustomerList?solId=72 HTTP/1.1" 200 2256
127.0.0.1 - - [30/May/2020:12:41:37 +0530] "GET /usermanagement/auth/validate HTTP/1.1" 200 71
0:0:0:0:0:0:0:1 - - [30/May/2020:12:41:37 +0530] "GET /DirectDealing/api/dashboard/getPendingRequest HTTP/1.1" 200 1017
127.0.0.1 - - [30/May/2020:12:41:46 +0530] "GET /usermanagement/auth/validate HTTP/1.1" 200 71
127.0.0.1 - - [30/May/2020:12:41:46 +0530] "GET /usermanagement/auth/validate HTTP/1.1" 200 71
0:0:0:0:0:0:0:1 - - [30/May/2020:12:41:46 +0530] "GET /DirectDealing/api/staticlov/getCurrencyAndProductLovs HTTP/1.1" 200 1231
0:0:0:0:0:0:0:1 - - [30/May/2020:12:41:47 +0530] "GET /DirectDealing/api/dashboard/customerAudit/10031 HTTP/1.1" 200 3387
127.0.0.1 - - [30/May/2020:12:43:08 +0530] "GET /usermanagement/auth/validate HTTP/1.1" 200 71
0:0:0:0:0:0:0:1 - - [30/May/2020:12:43:08 +0530] "GET /DirectDealing/api/dashboard/getPendingRequest HTTP/1.1" 200 1017
127.0.0.1 - - [30/May/2020:12:45:58 +0530] "GET /usermanagement/auth/validate HTTP/1.1" 200 71
127.0.0.1 - - [30/May/2020:12:45:59 +0530] "GET /usermanagement/auth/validate HTTP/1.1" 200 71
0:0:0:0:0:0:0:1 - - [30/May/2020:12:45:59 +0530] "GET /DirectDealing/api/staticlov/getCurrencyAndProductLovs HTTP/1.1" 200 1231
0:0:0:0:0:0:0:1 - - [30/May/2020:12:45:59 +0530] "GET /DirectDealing/api/dashboard/customerAudit/10031 HTTP/1.1" 200 3387
127.0.0.1 - - [30/May/2020:12:47:17 +0530] "GET /usermanagement/auth/validate HTTP/1.1" 200 71
0:0:0:0:0:0:0:1 - - [30/May/2020:12:47:17 +0530] "GET /DirectDealing/api/dashboard/getPendingRequest HTTP/1.1" 200 1017
127.0.0.1 - - [30/May/2020:12:47:22 +0530] "GET /usermanagement/auth/validate HTTP/1.1" 200 71
0:0:0:0:0:0:0:1 - - [30/May/2020:12:47:22 +0530] "GET /DirectDealing/api/customer/getCustomerList?solId=72 HTTP/1.1" 200 2256
127.0.0.1 - - [30/May/2020:12:47:38 +0530] "GET /usermanagement/auth/validate HTTP/1.1" 200 71
0:0:0:0:0:0:0:1 - - [30/May/2020:12:47:38 +0530] "GET /DirectDealing/api/dashboard/getPendingRequest HTTP/1.1" 200 1017
127.0.0.1 - - [30/May/2020:12:48:44 +0530] "GET /usermanagement/auth/validate HTTP/1.1" 200 71
127.0.0.1 - - [30/May/2020:12:48:44 +0530] "GET /usermanagement/auth/validate HTTP/1.1" 200 71
0:0:0:0:0:0:0:1 - - [30/May/2020:12:48:45 +0530] "GET /DirectDealing/api/dashboard/getPendingRequest HTTP/1.1" 200 1017
127.0.0.1 - - [30/May/2020:12:48:46 +0530] "GET /usermanagement/user/details HTTP/1.1" 200 709
0:0:0:0:0:0:0:1 - - [30/May/2020:12:48:46 +0530] "GET /DirectDealing/api/customer/getLoggedInUserDetails HTTP/1.1" 200 1144
127.0.0.1 - - [30/May/2020:12:50:43 +0530] "GET /usermanagement/auth/validate HTTP/1.1" 200 71
0:0:0:0:0:0:0:1 - - [30/May/2020:12:50:43 +0530] "GET /DirectDealing/api/dashboard/getPendingRequest HTTP/1.1" 200 1017
127.0.0.1 - - [30/May/2020:12:50:43 +0530] "GET /usermanagement/auth/validate HTTP/1.1" 200 71
127.0.0.1 - - [30/May/2020:12:50:45 +0530] "GET /usermanagement/user/details HTTP/1.1" 200 709
0:0:0:0:0:0:0:1 - - [30/May/2020:12:50:45 +0530] "GET /DirectDealing/api/customer/getLoggedInUserDetails HTTP/1.1" 200 1144
127.0.0.1 - - [30/May/2020:12:50:49 +0530] "GET /usermanagement/auth/validate HTTP/1.1" 200 71
127.0.0.1 - - [30/May/2020:12:50:49 +0530] "GET /usermanagement/auth/validate HTTP/1.1" 200 71
0:0:0:0:0:0:0:1 - - [30/May/2020:12:50:49 +0530] "GET /DirectDealing/api/staticlov/getCurrencyAndProductLovs HTTP/1.1" 200 1231
0:0:0:0:0:0:0:1 - - [30/May/2020:12:50:49 +0530] "GET /DirectDealing/api/dashboard/customerAudit/10031 HTTP/1.1" 200 3387
127.0.0.1 - - [30/May/2020:12:53:25 +0530] "GET /usermanagement/auth/validate HTTP/1.1" 200 71
127.0.0.1 - - [30/May/2020:12:53:25 +0530] "GET /usermanagement/auth/validate HTTP/1.1" 200 71
0:0:0:0:0:0:0:1 - - [30/May/2020:12:53:25 +0530] "GET /DirectDealing/api/dashboard/customerAudit/10031 HTTP/1.1" 200 3387
127.0.0.1 - - [30/May/2020:12:53:26 +0530] "GET /usermanagement/auth/validate HTTP/1.1" 200 71
0:0:0:0:0:0:0:1 - - [30/May/2020:12:53:26 +0530] "GET /DirectDealing/api/staticlov/getCurrencyAndProductLovs HTTP/1.1" 200 1231
127.0.0.1 - - [30/May/2020:12:53:27 +0530] "GET /usermanagement/user/details HTTP/1.1" 200 709
0:0:0:0:0:0:0:1 - - [30/May/2020:12:53:27 +0530] "GET /DirectDealing/api/customer/getLoggedInUserDetails HTTP/1.1" 200 1144
127.0.0.1 - - [30/May/2020:12:53:42 +0530] "GET /usermanagement/auth/validate HTTP/1.1" 200 71
0:0:0:0:0:0:0:1 - - [30/May/2020:12:53:42 +0530] "GET /DirectDealing/api/dashboard/getPendingRequest HTTP/1.1" 200 1017
127.0.0.1 - - [30/May/2020:12:53:49 +0530] "GET /usermanagement/auth/validate HTTP/1.1" 200 71
0:0:0:0:0:0:0:1 - - [30/May/2020:12:53:49 +0530] "GET /DirectDealing/api/staticlov/getCurrencyAndProductLovs HTTP/1.1" 200 1231
127.0.0.1 - - [30/May/2020:12:53:49 +0530] "GET /usermanagement/auth/validate HTTP/1.1" 200 71
0:0:0:0:0:0:0:1 - - [30/May/2020:12:53:49 +0530] "GET /DirectDealing/api/dashboard/customerAudit/10031 HTTP/1.1" 200 3387
127.0.0.1 - - [30/May/2020:12:57:11 +0530] "GET /usermanagement/auth/validate HTTP/1.1" 200 71
127.0.0.1 - - [30/May/2020:12:57:13 +0530] "GET /usermanagement/auth/validate HTTP/1.1" 200 71
0:0:0:0:0:0:0:1 - - [30/May/2020:12:57:13 +0530] "GET /DirectDealing/api/dashboard/customerAudit/10031 HTTP/1.1" 200 3387
127.0.0.1 - - [30/May/2020:12:57:15 +0530] "GET /usermanagement/auth/validate HTTP/1.1" 200 71
0:0:0:0:0:0:0:1 - - [30/May/2020:12:57:15 +0530] "GET /DirectDealing/api/staticlov/getCurrencyAndProductLovs HTTP/1.1" 200 1231
127.0.0.1 - - [30/May/2020:12:57:17 +0530] "GET /usermanagement/user/details HTTP/1.1" 200 709
0:0:0:0:0:0:0:1 - - [30/May/2020:12:57:17 +0530] "GET /DirectDealing/api/customer/getLoggedInUserDetails HTTP/1.1" 200 1144
127.0.0.1 - - [30/May/2020:12:59:53 +0530] "GET /usermanagement/auth/validate HTTP/1.1" 200 71
127.0.0.1 - - [30/May/2020:12:59:53 +0530] "GET /usermanagement/auth/validate HTTP/1.1" 200 71
0:0:0:0:0:0:0:1 - - [30/May/2020:12:59:53 +0530] "GET /DirectDealing/api/dashboard/customerAudit/10031 HTTP/1.1" 200 3387
127.0.0.1 - - [30/May/2020:12:59:54 +0530] "GET /usermanagement/auth/validate HTTP/1.1" 200 71
0:0:0:0:0:0:0:1 - - [30/May/2020:12:59:55 +0530] "GET /DirectDealing/api/staticlov/getCurrencyAndProductLovs HTTP/1.1" 200 1231
127.0.0.1 - - [30/May/2020:12:59:55 +0530] "GET /usermanagement/user/details HTTP/1.1" 200 709
0:0:0:0:0:0:0:1 - - [30/May/2020:12:59:55 +0530] "GET /DirectDealing/api/customer/getLoggedInUserDetails HTTP/1.1" 200 1144
127.0.0.1 - - [30/May/2020:13:01:01 +0530] "GET /usermanagement/auth/validate HTTP/1.1" 200 71
127.0.0.1 - - [30/May/2020:13:01:01 +0530] "GET /usermanagement/auth/validate HTTP/1.1" 200 71
0:0:0:0:0:0:0:1 - - [30/May/2020:13:01:01 +0530] "GET /DirectDealing/api/dashboard/customerAudit/10031 HTTP/1.1" 200 3387
127.0.0.1 - - [30/May/2020:13:01:03 +0530] "GET /usermanagement/auth/validate HTTP/1.1" 200 71
0:0:0:0:0:0:0:1 - - [30/May/2020:13:01:03 +0530] "GET /DirectDealing/api/staticlov/getCurrencyAndProductLovs HTTP/1.1" 200 1231
127.0.0.1 - - [30/May/2020:13:01:03 +0530] "GET /usermanagement/user/details HTTP/1.1" 200 709
0:0:0:0:0:0:0:1 - - [30/May/2020:13:01:03 +0530] "GET /DirectDealing/api/customer/getLoggedInUserDetails HTTP/1.1" 200 1144
127.0.0.1 - - [30/May/2020:13:01:45 +0530] "GET /usermanagement/auth/validate HTTP/1.1" 200 71
127.0.0.1 - - [30/May/2020:13:01:45 +0530] "GET /usermanagement/auth/validate HTTP/1.1" 200 71
0:0:0:0:0:0:0:1 - - [30/May/2020:13:01:45 +0530] "GET /DirectDealing/api/dashboard/customerAudit/10031 HTTP/1.1" 200 3387
127.0.0.1 - - [30/May/2020:13:01:46 +0530] "GET /usermanagement/auth/validate HTTP/1.1" 200 71
0:0:0:0:0:0:0:1 - - [30/May/2020:13:01:46 +0530] "GET /DirectDealing/api/staticlov/getCurrencyAndProductLovs HTTP/1.1" 200 1231
127.0.0.1 - - [30/May/2020:13:01:47 +0530] "GET /usermanagement/user/details HTTP/1.1" 200 709
0:0:0:0:0:0:0:1 - - [30/May/2020:13:01:47 +0530] "GET /DirectDealing/api/customer/getLoggedInUserDetails HTTP/1.1" 200 1144
127.0.0.1 - - [30/May/2020:13:04:30 +0530] "GET /usermanagement/auth/validate HTTP/1.1" 200 71
127.0.0.1 - - [30/May/2020:13:04:31 +0530] "GET /usermanagement/auth/validate HTTP/1.1" 200 71
0:0:0:0:0:0:0:1 - - [30/May/2020:13:04:31 +0530] "GET /DirectDealing/api/dashboard/customerAudit/10031 HTTP/1.1" 200 3387
127.0.0.1 - - [30/May/2020:13:04:33 +0530] "GET /usermanagement/auth/validate HTTP/1.1" 200 71
0:0:0:0:0:0:0:1 - - [30/May/2020:13:04:33 +0530] "GET /DirectDealing/api/staticlov/getCurrencyAndProductLovs HTTP/1.1" 200 1231
127.0.0.1 - - [30/May/2020:13:04:34 +0530] "GET /usermanagement/user/details HTTP/1.1" 200 709
0:0:0:0:0:0:0:1 - - [30/May/2020:13:04:34 +0530] "GET /DirectDealing/api/customer/getLoggedInUserDetails HTTP/1.1" 200 1144
127.0.0.1 - - [30/May/2020:13:05:07 +0530] "GET /usermanagement/auth/validate HTTP/1.1" 200 71
127.0.0.1 - - [30/May/2020:13:05:07 +0530] "GET /usermanagement/auth/validate HTTP/1.1" 200 71
0:0:0:0:0:0:0:1 - - [30/May/2020:13:05:07 +0530] "GET /DirectDealing/api/dashboard/customerAudit/10031 HTTP/1.1" 200 3387
127.0.0.1 - - [30/May/2020:13:05:10 +0530] "GET /usermanagement/auth/validate HTTP/1.1" 200 71
0:0:0:0:0:0:0:1 - - [30/May/2020:13:05:10 +0530] "GET /DirectDealing/api/staticlov/getCurrencyAndProductLovs HTTP/1.1" 200 1231
127.0.0.1 - - [30/May/2020:13:05:10 +0530] "GET /usermanagement/user/details HTTP/1.1" 200 709
0:0:0:0:0:0:0:1 - - [30/May/2020:13:05:10 +0530] "GET /DirectDealing/api/customer/getLoggedInUserDetails HTTP/1.1" 200 1144
127.0.0.1 - - [30/May/2020:13:06:25 +0530] "GET /usermanagement/auth/validate HTTP/1.1" 200 71
127.0.0.1 - - [30/May/2020:13:06:26 +0530] "GET /usermanagement/auth/validate HTTP/1.1" 200 71
0:0:0:0:0:0:0:1 - - [30/May/2020:13:06:26 +0530] "GET /DirectDealing/api/dashboard/customerAudit/10031 HTTP/1.1" 200 3387
127.0.0.1 - - [30/May/2020:13:06:27 +0530] "GET /usermanagement/auth/validate HTTP/1.1" 200 71
0:0:0:0:0:0:0:1 - - [30/May/2020:13:06:27 +0530] "GET /DirectDealing/api/staticlov/getCurrencyAndProductLovs HTTP/1.1" 200 1231
127.0.0.1 - - [30/May/2020:13:06:29 +0530] "GET /usermanagement/user/details HTTP/1.1" 200 709
0:0:0:0:0:0:0:1 - - [30/May/2020:13:06:29 +0530] "GET /DirectDealing/api/customer/getLoggedInUserDetails HTTP/1.1" 200 1144
127.0.0.1 - - [30/May/2020:13:09:57 +0530] "GET /usermanagement/auth/validate HTTP/1.1" 200 71
0:0:0:0:0:0:0:1 - - [30/May/2020:13:09:57 +0530] "GET /DirectDealing/api/dashboard/customerAudit/10031 HTTP/1.1" 200 3387
127.0.0.1 - - [30/May/2020:13:09:57 +0530] "GET /usermanagement/auth/validate HTTP/1.1" 200 71
127.0.0.1 - - [30/May/2020:13:10:02 +0530] "GET /usermanagement/auth/validate HTTP/1.1" 200 71
0:0:0:0:0:0:0:1 - - [30/May/2020:13:10:02 +0530] "GET /DirectDealing/api/staticlov/getCurrencyAndProductLovs HTTP/1.1" 200 1231
127.0.0.1 - - [30/May/2020:13:10:07 +0530] "GET /usermanagement/user/details HTTP/1.1" 200 709
0:0:0:0:0:0:0:1 - - [30/May/2020:13:10:07 +0530] "GET /DirectDealing/api/customer/getLoggedInUserDetails HTTP/1.1" 200 1144
127.0.0.1 - - [30/May/2020:13:11:13 +0530] "GET /usermanagement/auth/validate HTTP/1.1" 200 71
127.0.0.1 - - [30/May/2020:13:11:13 +0530] "GET /usermanagement/auth/validate HTTP/1.1" 200 71
0:0:0:0:0:0:0:1 - - [30/May/2020:13:11:13 +0530] "GET /DirectDealing/api/dashboard/customerAudit/10031 HTTP/1.1" 200 3387
127.0.0.1 - - [30/May/2020:13:11:16 +0530] "GET /usermanagement/auth/validate HTTP/1.1" 200 71
0:0:0:0:0:0:0:1 - - [30/May/2020:13:11:16 +0530] "GET /DirectDealing/api/staticlov/getCurrencyAndProductLovs HTTP/1.1" 200 1231
127.0.0.1 - - [30/May/2020:13:11:17 +0530] "GET /usermanagement/user/details HTTP/1.1" 200 709
0:0:0:0:0:0:0:1 - - [30/May/2020:13:11:17 +0530] "GET /DirectDealing/api/customer/getLoggedInUserDetails HTTP/1.1" 200 1144
127.0.0.1 - - [30/May/2020:13:11:25 +0530] "GET /usermanagement/auth/validate HTTP/1.1" 200 71
127.0.0.1 - - [30/May/2020:13:11:25 +0530] "GET /usermanagement/auth/validate HTTP/1.1" 200 71
0:0:0:0:0:0:0:1 - - [30/May/2020:13:11:25 +0530] "GET /DirectDealing/api/dashboard/customerAudit/10031 HTTP/1.1" 200 3387
127.0.0.1 - - [30/May/2020:13:11:27 +0530] "GET /usermanagement/auth/validate HTTP/1.1" 200 71
0:0:0:0:0:0:0:1 - - [30/May/2020:13:11:27 +0530] "GET /DirectDealing/api/staticlov/getCurrencyAndProductLovs HTTP/1.1" 200 1231
127.0.0.1 - - [30/May/2020:13:11:31 +0530] "GET /usermanagement/user/details HTTP/1.1" 200 709
0:0:0:0:0:0:0:1 - - [30/May/2020:13:11:31 +0530] "GET /DirectDealing/api/customer/getLoggedInUserDetails HTTP/1.1" 200 1144
127.0.0.1 - - [30/May/2020:13:15:30 +0530] "GET /usermanagement/auth/validate HTTP/1.1" 200 71
127.0.0.1 - - [30/May/2020:13:15:32 +0530] "GET /usermanagement/user/details HTTP/1.1" 200 709
0:0:0:0:0:0:0:1 - - [30/May/2020:13:15:32 +0530] "GET /DirectDealing/api/customer/getLoggedInUserDetails HTTP/1.1" 200 1144
127.0.0.1 - - [30/May/2020:13:19:26 +0530] "GET /usermanagement/auth/validate HTTP/1.1" 200 71
0:0:0:0:0:0:0:1 - - [30/May/2020:13:19:26 +0530] "GET /DirectDealing/api/customer/getCustomerList?solId=72 HTTP/1.1" 200 2256
127.0.0.1 - - [30/May/2020:13:20:57 +0530] "GET /usermanagement/auth/validate HTTP/1.1" 200 71
127.0.0.1 - - [30/May/2020:13:20:58 +0530] "GET /usermanagement/user/details HTTP/1.1" 200 709
0:0:0:0:0:0:0:1 - - [30/May/2020:13:20:58 +0530] "GET /DirectDealing/api/customer/getLoggedInUserDetails HTTP/1.1" 200 1144
127.0.0.1 - - [30/May/2020:13:21:46 +0530] "GET /usermanagement/auth/validate HTTP/1.1" 200 71
127.0.0.1 - - [30/May/2020:13:21:48 +0530] "GET /usermanagement/user/details HTTP/1.1" 200 709
0:0:0:0:0:0:0:1 - - [30/May/2020:13:21:48 +0530] "GET /DirectDealing/api/customer/getLoggedInUserDetails HTTP/1.1" 200 1144
127.0.0.1 - - [30/May/2020:13:26:13 +0530] "GET /usermanagement/auth/validate HTTP/1.1" 200 71
127.0.0.1 - - [30/May/2020:13:26:15 +0530] "GET /usermanagement/user/details HTTP/1.1" 200 709
0:0:0:0:0:0:0:1 - - [30/May/2020:13:26:15 +0530] "GET /DirectDealing/api/customer/getLoggedInUserDetails HTTP/1.1" 200 1144
127.0.0.1 - - [30/May/2020:13:27:12 +0530] "GET /usermanagement/auth/validate HTTP/1.1" 200 71
127.0.0.1 - - [30/May/2020:13:27:13 +0530] "GET /usermanagement/user/details HTTP/1.1" 200 709
0:0:0:0:0:0:0:1 - - [30/May/2020:13:27:13 +0530] "GET /DirectDealing/api/customer/getLoggedInUserDetails HTTP/1.1" 200 1144
0:0:0:0:0:0:0:1 - - [30/May/2020:13:27:21 +0530] "GET /usermanagement/lclog.html HTTP/1.1" 200 3549
0:0:0:0:0:0:0:1 - - [30/May/2020:13:27:21 +0530] "GET /usermanagement/js/jquery.min.js HTTP/1.1" 200 85593
0:0:0:0:0:0:0:1 - - [30/May/2020:13:27:21 +0530] "GET /usermanagement/js/jquery-val.js HTTP/1.1" 200 50278
0:0:0:0:0:0:0:1 - - [30/May/2020:13:27:21 +0530] "GET /usermanagement/css/bootstrap.min.css HTTP/1.1" 200 138609
0:0:0:0:0:0:0:1 - - [30/May/2020:13:27:21 +0530] "GET /usermanagement/js/bootstrap.min.js HTTP/1.1" 200 37045
0:0:0:0:0:0:0:1 - - [30/May/2020:13:27:21 +0530] "GET /usermanagement/css/font-awesome/css/font-awesome.css HTTP/1.1" 200 31002
0:0:0:0:0:0:0:1 - - [30/May/2020:13:27:21 +0530] "GET /usermanagement/js/pan.js HTTP/1.1" 200 13247
0:0:0:0:0:0:0:1 - - [30/May/2020:13:27:21 +0530] "GET /usermanagement/js/logger.js HTTP/1.1" 200 7471
0:0:0:0:0:0:0:1 - - [30/May/2020:13:27:21 +0530] "GET /usermanagement/assets/img/axis-bar.png HTTP/1.1" 200 32976
0:0:0:0:0:0:0:1 - - [30/May/2020:13:27:22 +0530] "GET /usermanagement/fonts/glyphicons-halflings-regular.woff2 HTTP/1.1" 401 1034
0:0:0:0:0:0:0:1 - - [30/May/2020:13:27:22 +0530] "GET /usermanagement/css/bootstrap.min.css.map HTTP/1.1" 200 542194
0:0:0:0:0:0:0:1 - - [30/May/2020:13:27:22 +0530] "GET /usermanagement/fonts/glyphicons-halflings-regular.woff HTTP/1.1" 401 1034
0:0:0:0:0:0:0:1 - - [30/May/2020:13:27:22 +0530] "GET /usermanagement/fonts/glyphicons-halflings-regular.ttf HTTP/1.1" 401 1034
0:0:0:0:0:0:0:1 - - [30/May/2020:13:27:22 +0530] "GET /favicon.ico HTTP/1.1" 404 1085
0:0:0:0:0:0:0:1 - - [30/May/2020:13:27:33 +0530] "GET /usermanagement/css/font-awesome/fonts/fontawesome-webfont.woff2?v=4.7.0 HTTP/1.1" 200 66624
0:0:0:0:0:0:0:1 - - [30/May/2020:13:27:33 +0530] "POST /usermanagement/auth/login HTTP/1.1" 200 258
0:0:0:0:0:0:0:1 - - [30/May/2020:13:27:35 +0530] "GET /usermanagement/user/details HTTP/1.1" 200 709
127.0.0.1 - - [30/May/2020:13:27:44 +0530] "GET /usermanagement/auth/validate HTTP/1.1" 200 71
127.0.0.1 - - [30/May/2020:13:27:44 +0530] "GET /usermanagement/auth/validate HTTP/1.1" 200 71
0:0:0:0:0:0:0:1 - - [30/May/2020:13:27:44 +0530] "GET /DirectDealing/api/customer/getCustomerList?solId=undefined HTTP/1.1" 200 492
127.0.0.1 - - [30/May/2020:13:27:45 +0530] "GET /usermanagement/user/details HTTP/1.1" 200 709
0:0:0:0:0:0:0:1 - - [30/May/2020:13:27:45 +0530] "GET /DirectDealing/api/customer/getLoggedInUserDetails HTTP/1.1" 200 1144
127.0.0.1 - - [30/May/2020:13:28:07 +0530] "GET /usermanagement/auth/validate HTTP/1.1" 200 71
0:0:0:0:0:0:0:1 - - [30/May/2020:13:28:07 +0530] "GET /DirectDealing/api/customer/getCustomerList?solId=72 HTTP/1.1" 200 2256
127.0.0.1 - - [30/May/2020:13:28:09 +0530] "GET /usermanagement/auth/validate HTTP/1.1" 200 71
0:0:0:0:0:0:0:1 - - [30/May/2020:13:28:09 +0530] "GET /DirectDealing/api/customer/getCustomerList?solId=72 HTTP/1.1" 200 2256
127.0.0.1 - - [30/May/2020:13:28:17 +0530] "GET /usermanagement/auth/validate HTTP/1.1" 200 71
127.0.0.1 - - [30/May/2020:13:28:20 +0530] "GET /usermanagement/user/details HTTP/1.1" 200 709
0:0:0:0:0:0:0:1 - - [30/May/2020:13:28:20 +0530] "GET /DirectDealing/api/customer/getLoggedInUserDetails HTTP/1.1" 200 1144
127.0.0.1 - - [30/May/2020:13:28:24 +0530] "GET /usermanagement/auth/validate HTTP/1.1" 200 71
0:0:0:0:0:0:0:1 - - [30/May/2020:13:28:24 +0530] "GET /DirectDealing/api/customer/getCustomerList?solId=72 HTTP/1.1" 200 2256
0:0:0:0:0:0:0:1 - - [30/May/2020:13:28:28 +0530] "GET /usermanagement/lclog.html HTTP/1.1" 200 3549
0:0:0:0:0:0:0:1 - - [30/May/2020:13:28:28 +0530] "GET /usermanagement/js/jquery-val.js HTTP/1.1" 200 50278
0:0:0:0:0:0:0:1 - - [30/May/2020:13:28:28 +0530] "GET /usermanagement/js/jquery.min.js HTTP/1.1" 200 85593
0:0:0:0:0:0:0:1 - - [30/May/2020:13:28:28 +0530] "GET /usermanagement/js/pan.js HTTP/1.1" 200 13247
0:0:0:0:0:0:0:1 - - [30/May/2020:13:28:28 +0530] "GET /usermanagement/js/bootstrap.min.js HTTP/1.1" 200 37045
0:0:0:0:0:0:0:1 - - [30/May/2020:13:28:28 +0530] "GET /usermanagement/css/font-awesome/css/font-awesome.css HTTP/1.1" 200 31002
0:0:0:0:0:0:0:1 - - [30/May/2020:13:28:28 +0530] "GET /usermanagement/css/bootstrap.min.css HTTP/1.1" 200 138609
0:0:0:0:0:0:0:1 - - [30/May/2020:13:28:28 +0530] "GET /usermanagement/js/logger.js HTTP/1.1" 200 7471
0:0:0:0:0:0:0:1 - - [30/May/2020:13:28:28 +0530] "GET /usermanagement/assets/img/axis-bar.png HTTP/1.1" 200 32976
0:0:0:0:0:0:0:1 - - [30/May/2020:13:28:28 +0530] "GET /usermanagement/css/bootstrap.min.css.map HTTP/1.1" 200 542194
0:0:0:0:0:0:0:1 - - [30/May/2020:13:28:28 +0530] "GET /usermanagement/fonts/glyphicons-halflings-regular.woff2 HTTP/1.1" 401 1034
0:0:0:0:0:0:0:1 - - [30/May/2020:13:28:28 +0530] "GET /usermanagement/fonts/glyphicons-halflings-regular.woff HTTP/1.1" 401 1034
