0:0:0:0:0:0:0:1 - - [30/May/2020:13:28:28 +0530] "GET /usermanagement/fonts/glyphicons-halflings-regular.ttf HTTP/1.1" 401 1034
0:0:0:0:0:0:0:1 - - [30/May/2020:13:28:53 +0530] "GET /usermanagement/css/font-awesome/fonts/fontawesome-webfont.woff2?v=4.7.0 HTTP/1.1" 200 66624
0:0:0:0:0:0:0:1 - - [30/May/2020:13:28:54 +0530] "POST /usermanagement/auth/login HTTP/1.1" 200 258
0:0:0:0:0:0:0:1 - - [30/May/2020:13:28:55 +0530] "GET /usermanagement/user/details HTTP/1.1" 200 709
127.0.0.1 - - [30/May/2020:13:29:00 +0530] "GET /usermanagement/auth/validate HTTP/1.1" 200 71
0:0:0:0:0:0:0:1 - - [30/May/2020:13:29:00 +0530] "GET /DirectDealing/api/customer/getCustomerList?solId=undefined HTTP/1.1" 200 492
127.0.0.1 - - [30/May/2020:13:29:00 +0530] "GET /usermanagement/auth/validate HTTP/1.1" 200 71
127.0.0.1 - - [30/May/2020:13:29:01 +0530] "GET /usermanagement/user/details HTTP/1.1" 200 709
0:0:0:0:0:0:0:1 - - [30/May/2020:13:29:01 +0530] "GET /DirectDealing/api/customer/getLoggedInUserDetails HTTP/1.1" 200 1144
127.0.0.1 - - [30/May/2020:13:29:02 +0530] "GET /usermanagement/auth/validate HTTP/1.1" 200 71
0:0:0:0:0:0:0:1 - - [30/May/2020:13:29:02 +0530] "GET /DirectDealing/api/dashboard/getPendingRequest HTTP/1.1" 200 1017
127.0.0.1 - - [30/May/2020:13:29:06 +0530] "GET /usermanagement/auth/validate HTTP/1.1" 200 71
127.0.0.1 - - [30/May/2020:13:29:06 +0530] "GET /usermanagement/auth/validate HTTP/1.1" 200 71
0:0:0:0:0:0:0:1 - - [30/May/2020:13:29:06 +0530] "GET /DirectDealing/api/dashboard/customerAudit/10031 HTTP/1.1" 200 3387
0:0:0:0:0:0:0:1 - - [30/May/2020:13:29:06 +0530] "GET /DirectDealing/api/staticlov/getCurrencyAndProductLovs HTTP/1.1" 200 1231
127.0.0.1 - - [30/May/2020:13:31:35 +0530] "GET /usermanagement/auth/validate HTTP/1.1" 200 71
127.0.0.1 - - [30/May/2020:13:31:35 +0530] "GET /usermanagement/auth/validate HTTP/1.1" 200 71
0:0:0:0:0:0:0:1 - - [30/May/2020:13:31:35 +0530] "GET /DirectDealing/api/dashboard/customerAudit/10031 HTTP/1.1" 200 3387
127.0.0.1 - - [30/May/2020:13:31:36 +0530] "GET /usermanagement/auth/validate HTTP/1.1" 200 71
0:0:0:0:0:0:0:1 - - [30/May/2020:13:31:36 +0530] "GET /DirectDealing/api/staticlov/getCurrencyAndProductLovs HTTP/1.1" 200 1231
127.0.0.1 - - [30/May/2020:13:31:36 +0530] "GET /usermanagement/user/details HTTP/1.1" 200 709
0:0:0:0:0:0:0:1 - - [30/May/2020:13:31:36 +0530] "GET /DirectDealing/api/customer/getLoggedInUserDetails HTTP/1.1" 200 1144
127.0.0.1 - - [30/May/2020:13:32:02 +0530] "GET /usermanagement/auth/validate HTTP/1.1" 200 71
127.0.0.1 - - [30/May/2020:13:32:02 +0530] "GET /usermanagement/auth/validate HTTP/1.1" 200 71
0:0:0:0:0:0:0:1 - - [30/May/2020:13:32:02 +0530] "GET /DirectDealing/api/dashboard/customerAudit/10031 HTTP/1.1" 200 3387
127.0.0.1 - - [30/May/2020:13:32:03 +0530] "GET /usermanagement/auth/validate HTTP/1.1" 200 71
0:0:0:0:0:0:0:1 - - [30/May/2020:13:32:03 +0530] "GET /DirectDealing/api/staticlov/getCurrencyAndProductLovs HTTP/1.1" 200 1231
127.0.0.1 - - [30/May/2020:13:32:04 +0530] "GET /usermanagement/user/details HTTP/1.1" 200 709
0:0:0:0:0:0:0:1 - - [30/May/2020:13:32:04 +0530] "GET /DirectDealing/api/customer/getLoggedInUserDetails HTTP/1.1" 200 1144
127.0.0.1 - - [30/May/2020:13:35:16 +0530] "GET /usermanagement/auth/validate HTTP/1.1" 200 71
127.0.0.1 - - [30/May/2020:13:35:17 +0530] "GET /usermanagement/auth/validate HTTP/1.1" 200 71
0:0:0:0:0:0:0:1 - - [30/May/2020:13:35:17 +0530] "GET /DirectDealing/api/staticlov/getCurrencyAndProductLovs HTTP/1.1" 200 1231
127.0.0.1 - - [30/May/2020:13:35:18 +0530] "GET /usermanagement/auth/validate HTTP/1.1" 200 71
0:0:0:0:0:0:0:1 - - [30/May/2020:13:35:18 +0530] "GET /DirectDealing/api/dashboard/customerAudit/10031 HTTP/1.1" 200 3387
127.0.0.1 - - [30/May/2020:13:35:18 +0530] "GET /usermanagement/user/details HTTP/1.1" 200 709
0:0:0:0:0:0:0:1 - - [30/May/2020:13:35:18 +0530] "GET /DirectDealing/api/customer/getLoggedInUserDetails HTTP/1.1" 200 1144
127.0.0.1 - - [30/May/2020:13:35:57 +0530] "GET /usermanagement/auth/validate HTTP/1.1" 200 71
127.0.0.1 - - [30/May/2020:13:35:57 +0530] "GET /usermanagement/auth/validate HTTP/1.1" 200 71
0:0:0:0:0:0:0:1 - - [30/May/2020:13:35:58 +0530] "GET /DirectDealing/api/dashboard/customerAudit/10031 HTTP/1.1" 200 3387
127.0.0.1 - - [30/May/2020:13:35:58 +0530] "GET /usermanagement/auth/validate HTTP/1.1" 200 71
0:0:0:0:0:0:0:1 - - [30/May/2020:13:35:58 +0530] "GET /DirectDealing/api/staticlov/getCurrencyAndProductLovs HTTP/1.1" 200 1231
127.0.0.1 - - [30/May/2020:13:35:59 +0530] "GET /usermanagement/user/details HTTP/1.1" 200 709
0:0:0:0:0:0:0:1 - - [30/May/2020:13:35:59 +0530] "GET /DirectDealing/api/customer/getLoggedInUserDetails HTTP/1.1" 200 1144
127.0.0.1 - - [30/May/2020:13:36:32 +0530] "GET /usermanagement/auth/validate HTTP/1.1" 200 71
127.0.0.1 - - [30/May/2020:13:36:33 +0530] "GET /usermanagement/auth/validate HTTP/1.1" 200 71
0:0:0:0:0:0:0:1 - - [30/May/2020:13:36:33 +0530] "GET /DirectDealing/api/dashboard/customerAudit/10031 HTTP/1.1" 200 3387
127.0.0.1 - - [30/May/2020:13:36:34 +0530] "GET /usermanagement/auth/validate HTTP/1.1" 200 71
0:0:0:0:0:0:0:1 - - [30/May/2020:13:36:34 +0530] "GET /DirectDealing/api/staticlov/getCurrencyAndProductLovs HTTP/1.1" 200 1231
127.0.0.1 - - [30/May/2020:13:36:35 +0530] "GET /usermanagement/user/details HTTP/1.1" 200 709
0:0:0:0:0:0:0:1 - - [30/May/2020:13:36:35 +0530] "GET /DirectDealing/api/customer/getLoggedInUserDetails HTTP/1.1" 200 1144
127.0.0.1 - - [30/May/2020:13:37:07 +0530] "GET /usermanagement/auth/validate HTTP/1.1" 200 71
127.0.0.1 - - [30/May/2020:13:37:08 +0530] "GET /usermanagement/auth/validate HTTP/1.1" 200 71
0:0:0:0:0:0:0:1 - - [30/May/2020:13:37:08 +0530] "GET /DirectDealing/api/dashboard/customerAudit/10031 HTTP/1.1" 200 3387
127.0.0.1 - - [30/May/2020:13:37:09 +0530] "GET /usermanagement/user/details HTTP/1.1" 200 709
0:0:0:0:0:0:0:1 - - [30/May/2020:13:37:09 +0530] "GET /DirectDealing/api/customer/getLoggedInUserDetails HTTP/1.1" 200 1144
127.0.0.1 - - [30/May/2020:13:37:09 +0530] "GET /usermanagement/auth/validate HTTP/1.1" 200 71
0:0:0:0:0:0:0:1 - - [30/May/2020:13:37:09 +0530] "GET /DirectDealing/api/staticlov/getCurrencyAndProductLovs HTTP/1.1" 200 1231
127.0.0.1 - - [30/May/2020:13:38:52 +0530] "GET /usermanagement/auth/validate HTTP/1.1" 200 71
127.0.0.1 - - [30/May/2020:13:38:53 +0530] "GET /usermanagement/auth/validate HTTP/1.1" 200 71
0:0:0:0:0:0:0:1 - - [30/May/2020:13:38:53 +0530] "GET /DirectDealing/api/dashboard/customerAudit/10031 HTTP/1.1" 200 3387
127.0.0.1 - - [30/May/2020:13:38:54 +0530] "GET /usermanagement/auth/validate HTTP/1.1" 200 71
0:0:0:0:0:0:0:1 - - [30/May/2020:13:38:54 +0530] "GET /DirectDealing/api/staticlov/getCurrencyAndProductLovs HTTP/1.1" 200 1231
127.0.0.1 - - [30/May/2020:13:38:54 +0530] "GET /usermanagement/user/details HTTP/1.1" 200 709
0:0:0:0:0:0:0:1 - - [30/May/2020:13:38:54 +0530] "GET /DirectDealing/api/customer/getLoggedInUserDetails HTTP/1.1" 200 1144
127.0.0.1 - - [30/May/2020:13:40:45 +0530] "GET /usermanagement/auth/validate HTTP/1.1" 200 71
127.0.0.1 - - [30/May/2020:13:40:45 +0530] "GET /usermanagement/auth/validate HTTP/1.1" 200 71
0:0:0:0:0:0:0:1 - - [30/May/2020:13:40:45 +0530] "GET /DirectDealing/api/dashboard/customerAudit/10031 HTTP/1.1" 200 3387
127.0.0.1 - - [30/May/2020:13:40:46 +0530] "GET /usermanagement/auth/validate HTTP/1.1" 200 71
0:0:0:0:0:0:0:1 - - [30/May/2020:13:40:46 +0530] "GET /DirectDealing/api/staticlov/getCurrencyAndProductLovs HTTP/1.1" 200 1231
127.0.0.1 - - [30/May/2020:13:40:47 +0530] "GET /usermanagement/user/details HTTP/1.1" 200 709
0:0:0:0:0:0:0:1 - - [30/May/2020:13:40:47 +0530] "GET /DirectDealing/api/customer/getLoggedInUserDetails HTTP/1.1" 200 1144
127.0.0.1 - - [30/May/2020:13:42:26 +0530] "GET /usermanagement/auth/validate HTTP/1.1" 200 71
127.0.0.1 - - [30/May/2020:13:42:26 +0530] "GET /usermanagement/auth/validate HTTP/1.1" 200 71
0:0:0:0:0:0:0:1 - - [30/May/2020:13:42:26 +0530] "GET /DirectDealing/api/dashboard/customerAudit/10031 HTTP/1.1" 200 3387
127.0.0.1 - - [30/May/2020:13:42:27 +0530] "GET /usermanagement/auth/validate HTTP/1.1" 200 71
0:0:0:0:0:0:0:1 - - [30/May/2020:13:42:27 +0530] "GET /DirectDealing/api/staticlov/getCurrencyAndProductLovs HTTP/1.1" 200 1231
127.0.0.1 - - [30/May/2020:13:42:27 +0530] "GET /usermanagement/user/details HTTP/1.1" 200 709
0:0:0:0:0:0:0:1 - - [30/May/2020:13:42:27 +0530] "GET /DirectDealing/api/customer/getLoggedInUserDetails HTTP/1.1" 200 1144
127.0.0.1 - - [30/May/2020:13:42:45 +0530] "GET /usermanagement/auth/validate HTTP/1.1" 200 71
127.0.0.1 - - [30/May/2020:13:42:45 +0530] "GET /usermanagement/auth/validate HTTP/1.1" 200 71
0:0:0:0:0:0:0:1 - - [30/May/2020:13:42:46 +0530] "GET /DirectDealing/api/dashboard/customerAudit/10031 HTTP/1.1" 200 3387
127.0.0.1 - - [30/May/2020:13:42:47 +0530] "GET /usermanagement/auth/validate HTTP/1.1" 200 71
0:0:0:0:0:0:0:1 - - [30/May/2020:13:42:47 +0530] "GET /DirectDealing/api/staticlov/getCurrencyAndProductLovs HTTP/1.1" 200 1231
127.0.0.1 - - [30/May/2020:13:42:47 +0530] "GET /usermanagement/user/details HTTP/1.1" 200 709
0:0:0:0:0:0:0:1 - - [30/May/2020:13:42:47 +0530] "GET /DirectDealing/api/customer/getLoggedInUserDetails HTTP/1.1" 200 1144
127.0.0.1 - - [30/May/2020:13:44:39 +0530] "GET /usermanagement/auth/validate HTTP/1.1" 200 71
127.0.0.1 - - [30/May/2020:13:44:39 +0530] "GET /usermanagement/auth/validate HTTP/1.1" 200 71
0:0:0:0:0:0:0:1 - - [30/May/2020:13:44:39 +0530] "GET /DirectDealing/api/dashboard/customerAudit/10031 HTTP/1.1" 200 3387
127.0.0.1 - - [30/May/2020:13:44:40 +0530] "GET /usermanagement/auth/validate HTTP/1.1" 200 71
0:0:0:0:0:0:0:1 - - [30/May/2020:13:44:40 +0530] "GET /DirectDealing/api/staticlov/getCurrencyAndProductLovs HTTP/1.1" 200 1231
127.0.0.1 - - [30/May/2020:13:44:41 +0530] "GET /usermanagement/user/details HTTP/1.1" 200 709
0:0:0:0:0:0:0:1 - - [30/May/2020:13:44:41 +0530] "GET /DirectDealing/api/customer/getLoggedInUserDetails HTTP/1.1" 200 1144
127.0.0.1 - - [30/May/2020:13:45:12 +0530] "GET /usermanagement/auth/validate HTTP/1.1" 200 71
127.0.0.1 - - [30/May/2020:13:45:13 +0530] "GET /usermanagement/auth/validate HTTP/1.1" 200 71
0:0:0:0:0:0:0:1 - - [30/May/2020:13:45:13 +0530] "GET /DirectDealing/api/dashboard/customerAudit/10031 HTTP/1.1" 200 3387
127.0.0.1 - - [30/May/2020:13:45:14 +0530] "GET /usermanagement/auth/validate HTTP/1.1" 200 71
0:0:0:0:0:0:0:1 - - [30/May/2020:13:45:14 +0530] "GET /DirectDealing/api/staticlov/getCurrencyAndProductLovs HTTP/1.1" 200 1231
127.0.0.1 - - [30/May/2020:13:45:15 +0530] "GET /usermanagement/user/details HTTP/1.1" 200 709
0:0:0:0:0:0:0:1 - - [30/May/2020:13:45:15 +0530] "GET /DirectDealing/api/customer/getLoggedInUserDetails HTTP/1.1" 200 1144
127.0.0.1 - - [30/May/2020:13:45:39 +0530] "GET /usermanagement/auth/validate HTTP/1.1" 200 71
0:0:0:0:0:0:0:1 - - [30/May/2020:13:45:39 +0530] "GET /DirectDealing/api/dashboard/customerAudit/10031 HTTP/1.1" 200 3387
127.0.0.1 - - [30/May/2020:13:45:39 +0530] "GET /usermanagement/auth/validate HTTP/1.1" 200 71
127.0.0.1 - - [30/May/2020:13:45:41 +0530] "GET /usermanagement/auth/validate HTTP/1.1" 200 71
0:0:0:0:0:0:0:1 - - [30/May/2020:13:45:41 +0530] "GET /DirectDealing/api/staticlov/getCurrencyAndProductLovs HTTP/1.1" 200 1231
127.0.0.1 - - [30/May/2020:13:45:42 +0530] "GET /usermanagement/user/details HTTP/1.1" 200 709
0:0:0:0:0:0:0:1 - - [30/May/2020:13:45:42 +0530] "GET /DirectDealing/api/customer/getLoggedInUserDetails HTTP/1.1" 200 1144
127.0.0.1 - - [30/May/2020:14:03:59 +0530] "GET /usermanagement/auth/validate HTTP/1.1" 200 71
127.0.0.1 - - [30/May/2020:14:04:01 +0530] "GET /usermanagement/user/details HTTP/1.1" 200 709
0:0:0:0:0:0:0:1 - - [30/May/2020:14:04:01 +0530] "GET /DirectDealing/api/customer/getLoggedInUserDetails HTTP/1.1" 200 1144
127.0.0.1 - - [30/May/2020:14:04:10 +0530] "GET /usermanagement/auth/validate HTTP/1.1" 200 71
0:0:0:0:0:0:0:1 - - [30/May/2020:14:04:10 +0530] "GET /DirectDealing/api/customer/getCustomerList?solId=72 HTTP/1.1" 200 2256
127.0.0.1 - - [30/May/2020:14:04:22 +0530] "GET /usermanagement/auth/validate HTTP/1.1" 200 71
0:0:0:0:0:0:0:1 - - [30/May/2020:14:04:22 +0530] "GET /DirectDealing/api/customer/getCustomerList?solId=72 HTTP/1.1" 200 2256
127.0.0.1 - - [30/May/2020:14:04:28 +0530] "GET /usermanagement/auth/validate HTTP/1.1" 200 71
0:0:0:0:0:0:0:1 - - [30/May/2020:14:04:28 +0530] "GET /DirectDealing/api/dashboard/getPendingRequest HTTP/1.1" 200 1017
127.0.0.1 - - [30/May/2020:14:05:35 +0530] "GET /usermanagement/auth/validate HTTP/1.1" 200 71
127.0.0.1 - - [30/May/2020:14:05:35 +0530] "GET /usermanagement/auth/validate HTTP/1.1" 200 71
0:0:0:0:0:0:0:1 - - [30/May/2020:14:05:35 +0530] "GET /DirectDealing/api/dashboard/getPendingRequest HTTP/1.1" 200 1017
127.0.0.1 - - [30/May/2020:14:05:36 +0530] "GET /usermanagement/user/details HTTP/1.1" 200 709
0:0:0:0:0:0:0:1 - - [30/May/2020:14:05:36 +0530] "GET /DirectDealing/api/customer/getLoggedInUserDetails HTTP/1.1" 200 1144
127.0.0.1 - - [30/May/2020:14:06:03 +0530] "GET /usermanagement/auth/validate HTTP/1.1" 200 71
0:0:0:0:0:0:0:1 - - [30/May/2020:14:06:03 +0530] "GET /DirectDealing/api/dashboard/getPendingRequest HTTP/1.1" 200 1017
127.0.0.1 - - [30/May/2020:14:06:03 +0530] "GET /usermanagement/auth/validate HTTP/1.1" 200 71
127.0.0.1 - - [30/May/2020:14:06:04 +0530] "GET /usermanagement/user/details HTTP/1.1" 200 709
0:0:0:0:0:0:0:1 - - [30/May/2020:14:06:04 +0530] "GET /DirectDealing/api/customer/getLoggedInUserDetails HTTP/1.1" 200 1144
127.0.0.1 - - [30/May/2020:14:07:33 +0530] "GET /usermanagement/auth/validate HTTP/1.1" 200 71
127.0.0.1 - - [30/May/2020:14:07:33 +0530] "GET /usermanagement/auth/validate HTTP/1.1" 200 71
0:0:0:0:0:0:0:1 - - [30/May/2020:14:07:33 +0530] "GET /DirectDealing/api/dashboard/getPendingRequest HTTP/1.1" 200 1017
127.0.0.1 - - [30/May/2020:14:07:35 +0530] "GET /usermanagement/user/details HTTP/1.1" 200 709
0:0:0:0:0:0:0:1 - - [30/May/2020:14:07:35 +0530] "GET /DirectDealing/api/customer/getLoggedInUserDetails HTTP/1.1" 200 1144
127.0.0.1 - - [30/May/2020:14:07:39 +0530] "GET /usermanagement/auth/validate HTTP/1.1" 200 71
0:0:0:0:0:0:0:1 - - [30/May/2020:14:07:39 +0530] "GET /DirectDealing/api/dashboard/customerAudit/10031 HTTP/1.1" 200 3387
127.0.0.1 - - [30/May/2020:14:07:39 +0530] "GET /usermanagement/auth/validate HTTP/1.1" 200 71
0:0:0:0:0:0:0:1 - - [30/May/2020:14:07:39 +0530] "GET /DirectDealing/api/staticlov/getCurrencyAndProductLovs HTTP/1.1" 200 1231
127.0.0.1 - - [30/May/2020:14:09:38 +0530] "GET /usermanagement/auth/validate HTTP/1.1" 200 71
127.0.0.1 - - [30/May/2020:14:09:39 +0530] "GET /usermanagement/auth/validate HTTP/1.1" 200 71
0:0:0:0:0:0:0:1 - - [30/May/2020:14:09:39 +0530] "GET /DirectDealing/api/dashboard/customerAudit/10031 HTTP/1.1" 200 3387
127.0.0.1 - - [30/May/2020:14:09:39 +0530] "GET /usermanagement/auth/validate HTTP/1.1" 200 71
0:0:0:0:0:0:0:1 - - [30/May/2020:14:09:39 +0530] "GET /DirectDealing/api/staticlov/getCurrencyAndProductLovs HTTP/1.1" 200 1231
127.0.0.1 - - [30/May/2020:14:09:40 +0530] "GET /usermanagement/user/details HTTP/1.1" 200 709
0:0:0:0:0:0:0:1 - - [30/May/2020:14:09:40 +0530] "GET /DirectDealing/api/customer/getLoggedInUserDetails HTTP/1.1" 200 1144
127.0.0.1 - - [30/May/2020:14:12:56 +0530] "GET /usermanagement/auth/validate HTTP/1.1" 200 71
127.0.0.1 - - [30/May/2020:14:12:56 +0530] "GET /usermanagement/auth/validate HTTP/1.1" 200 71
0:0:0:0:0:0:0:1 - - [30/May/2020:14:12:56 +0530] "GET /DirectDealing/api/dashboard/customerAudit/10031 HTTP/1.1" 200 3387
127.0.0.1 - - [30/May/2020:14:13:00 +0530] "GET /usermanagement/auth/validate HTTP/1.1" 200 71
0:0:0:0:0:0:0:1 - - [30/May/2020:14:13:00 +0530] "GET /DirectDealing/api/staticlov/getCurrencyAndProductLovs HTTP/1.1" 200 1231
127.0.0.1 - - [30/May/2020:14:13:00 +0530] "GET /usermanagement/user/details HTTP/1.1" 200 709
0:0:0:0:0:0:0:1 - - [30/May/2020:14:13:00 +0530] "GET /DirectDealing/api/customer/getLoggedInUserDetails HTTP/1.1" 200 1144
127.0.0.1 - - [30/May/2020:14:15:09 +0530] "GET /usermanagement/auth/validate HTTP/1.1" 200 71
0:0:0:0:0:0:0:1 - - [30/May/2020:14:15:09 +0530] "GET /DirectDealing/api/dashboard/customerAudit/10031 HTTP/1.1" 200 3387
127.0.0.1 - - [30/May/2020:14:15:09 +0530] "GET /usermanagement/auth/validate HTTP/1.1" 200 71
127.0.0.1 - - [30/May/2020:14:15:10 +0530] "GET /usermanagement/auth/validate HTTP/1.1" 200 71
0:0:0:0:0:0:0:1 - - [30/May/2020:14:15:10 +0530] "GET /DirectDealing/api/staticlov/getCurrencyAndProductLovs HTTP/1.1" 200 1231
127.0.0.1 - - [30/May/2020:14:15:11 +0530] "GET /usermanagement/user/details HTTP/1.1" 200 709
0:0:0:0:0:0:0:1 - - [30/May/2020:14:15:11 +0530] "GET /DirectDealing/api/customer/getLoggedInUserDetails HTTP/1.1" 200 1144
127.0.0.1 - - [30/May/2020:14:16:15 +0530] "GET /usermanagement/auth/validate HTTP/1.1" 200 71
0:0:0:0:0:0:0:1 - - [30/May/2020:14:16:16 +0530] "GET /DirectDealing/api/dashboard/customerAudit/10031 HTTP/1.1" 200 3387
127.0.0.1 - - [30/May/2020:14:16:16 +0530] "GET /usermanagement/auth/validate HTTP/1.1" 200 71
127.0.0.1 - - [30/May/2020:14:16:20 +0530] "GET /usermanagement/auth/validate HTTP/1.1" 200 71
0:0:0:0:0:0:0:1 - - [30/May/2020:14:16:20 +0530] "GET /DirectDealing/api/staticlov/getCurrencyAndProductLovs HTTP/1.1" 200 1231
127.0.0.1 - - [30/May/2020:14:16:21 +0530] "GET /usermanagement/user/details HTTP/1.1" 200 709
0:0:0:0:0:0:0:1 - - [30/May/2020:14:16:21 +0530] "GET /DirectDealing/api/customer/getLoggedInUserDetails HTTP/1.1" 200 1144
127.0.0.1 - - [30/May/2020:14:18:59 +0530] "GET /usermanagement/auth/validate HTTP/1.1" 200 71
127.0.0.1 - - [30/May/2020:14:18:59 +0530] "GET /usermanagement/auth/validate HTTP/1.1" 200 71
0:0:0:0:0:0:0:1 - - [30/May/2020:14:19:00 +0530] "GET /DirectDealing/api/dashboard/customerAudit/10031 HTTP/1.1" 200 3387
127.0.0.1 - - [30/May/2020:14:19:00 +0530] "GET /usermanagement/auth/validate HTTP/1.1" 200 71
0:0:0:0:0:0:0:1 - - [30/May/2020:14:19:00 +0530] "GET /DirectDealing/api/staticlov/getCurrencyAndProductLovs HTTP/1.1" 200 1231
127.0.0.1 - - [30/May/2020:14:19:01 +0530] "GET /usermanagement/user/details HTTP/1.1" 200 709
0:0:0:0:0:0:0:1 - - [30/May/2020:14:19:01 +0530] "GET /DirectDealing/api/customer/getLoggedInUserDetails HTTP/1.1" 200 1144
127.0.0.1 - - [30/May/2020:14:19:27 +0530] "GET /usermanagement/auth/validate HTTP/1.1" 200 71
127.0.0.1 - - [30/May/2020:14:19:28 +0530] "GET /usermanagement/auth/validate HTTP/1.1" 200 71
0:0:0:0:0:0:0:1 - - [30/May/2020:14:19:28 +0530] "GET /DirectDealing/api/dashboard/customerAudit/10031 HTTP/1.1" 200 3387
127.0.0.1 - - [30/May/2020:14:19:29 +0530] "GET /usermanagement/auth/validate HTTP/1.1" 200 71
0:0:0:0:0:0:0:1 - - [30/May/2020:14:19:30 +0530] "GET /DirectDealing/api/staticlov/getCurrencyAndProductLovs HTTP/1.1" 200 1231
127.0.0.1 - - [30/May/2020:14:19:31 +0530] "GET /usermanagement/user/details HTTP/1.1" 200 709
0:0:0:0:0:0:0:1 - - [30/May/2020:14:19:31 +0530] "GET /DirectDealing/api/customer/getLoggedInUserDetails HTTP/1.1" 200 1144
127.0.0.1 - - [30/May/2020:14:20:01 +0530] "GET /usermanagement/auth/validate HTTP/1.1" 200 71
127.0.0.1 - - [30/May/2020:14:20:02 +0530] "GET /usermanagement/auth/validate HTTP/1.1" 200 71
0:0:0:0:0:0:0:1 - - [30/May/2020:14:20:02 +0530] "GET /DirectDealing/api/dashboard/customerAudit/10031 HTTP/1.1" 200 3387
127.0.0.1 - - [30/May/2020:14:20:03 +0530] "GET /usermanagement/auth/validate HTTP/1.1" 200 71
0:0:0:0:0:0:0:1 - - [30/May/2020:14:20:03 +0530] "GET /DirectDealing/api/staticlov/getCurrencyAndProductLovs HTTP/1.1" 200 1231
127.0.0.1 - - [30/May/2020:14:20:04 +0530] "GET /usermanagement/user/details HTTP/1.1" 200 709
0:0:0:0:0:0:0:1 - - [30/May/2020:14:20:04 +0530] "GET /DirectDealing/api/customer/getLoggedInUserDetails HTTP/1.1" 200 1144
127.0.0.1 - - [30/May/2020:14:23:44 +0530] "GET /usermanagement/auth/validate HTTP/1.1" 200 71
127.0.0.1 - - [30/May/2020:14:23:44 +0530] "GET /usermanagement/auth/validate HTTP/1.1" 200 71
0:0:0:0:0:0:0:1 - - [30/May/2020:14:23:45 +0530] "GET /DirectDealing/api/dashboard/customerAudit/10031 HTTP/1.1" 200 3387
127.0.0.1 - - [30/May/2020:14:23:46 +0530] "GET /usermanagement/auth/validate HTTP/1.1" 200 71
0:0:0:0:0:0:0:1 - - [30/May/2020:14:23:46 +0530] "GET /DirectDealing/api/staticlov/getCurrencyAndProductLovs HTTP/1.1" 200 1231
127.0.0.1 - - [30/May/2020:14:23:46 +0530] "GET /usermanagement/user/details HTTP/1.1" 200 709
0:0:0:0:0:0:0:1 - - [30/May/2020:14:23:46 +0530] "GET /DirectDealing/api/customer/getLoggedInUserDetails HTTP/1.1" 200 1144
127.0.0.1 - - [30/May/2020:14:24:44 +0530] "GET /usermanagement/auth/validate HTTP/1.1" 200 71
127.0.0.1 - - [30/May/2020:14:24:44 +0530] "GET /usermanagement/auth/validate HTTP/1.1" 200 71
0:0:0:0:0:0:0:1 - - [30/May/2020:14:24:44 +0530] "GET /DirectDealing/api/dashboard/customerAudit/10031 HTTP/1.1" 200 3387
127.0.0.1 - - [30/May/2020:14:24:46 +0530] "GET /usermanagement/auth/validate HTTP/1.1" 200 71
0:0:0:0:0:0:0:1 - - [30/May/2020:14:24:46 +0530] "GET /DirectDealing/api/staticlov/getCurrencyAndProductLovs HTTP/1.1" 200 1231
127.0.0.1 - - [30/May/2020:14:24:46 +0530] "GET /usermanagement/user/details HTTP/1.1" 200 709
0:0:0:0:0:0:0:1 - - [30/May/2020:14:24:46 +0530] "GET /DirectDealing/api/customer/getLoggedInUserDetails HTTP/1.1" 200 1144
127.0.0.1 - - [30/May/2020:14:28:31 +0530] "GET /usermanagement/auth/validate HTTP/1.1" 200 71
127.0.0.1 - - [30/May/2020:14:28:31 +0530] "GET /usermanagement/auth/validate HTTP/1.1" 200 71
0:0:0:0:0:0:0:1 - - [30/May/2020:14:28:31 +0530] "GET /DirectDealing/api/dashboard/customerAudit/10031 HTTP/1.1" 200 3387
127.0.0.1 - - [30/May/2020:14:28:32 +0530] "GET /usermanagement/auth/validate HTTP/1.1" 200 71
0:0:0:0:0:0:0:1 - - [30/May/2020:14:28:32 +0530] "GET /DirectDealing/api/staticlov/getCurrencyAndProductLovs HTTP/1.1" 200 1231
127.0.0.1 - - [30/May/2020:14:28:32 +0530] "GET /usermanagement/user/details HTTP/1.1" 200 709
0:0:0:0:0:0:0:1 - - [30/May/2020:14:28:32 +0530] "GET /DirectDealing/api/customer/getLoggedInUserDetails HTTP/1.1" 200 1144
127.0.0.1 - - [30/May/2020:14:32:12 +0530] "GET /usermanagement/auth/validate HTTP/1.1" 200 71
127.0.0.1 - - [30/May/2020:14:32:12 +0530] "GET /usermanagement/auth/validate HTTP/1.1" 200 71
0:0:0:0:0:0:0:1 - - [30/May/2020:14:32:12 +0530] "GET /DirectDealing/api/dashboard/customerAudit/10031 HTTP/1.1" 200 3387
127.0.0.1 - - [30/May/2020:14:32:14 +0530] "GET /usermanagement/auth/validate HTTP/1.1" 200 71
0:0:0:0:0:0:0:1 - - [30/May/2020:14:32:14 +0530] "GET /DirectDealing/api/staticlov/getCurrencyAndProductLovs HTTP/1.1" 200 1231
127.0.0.1 - - [30/May/2020:14:32:15 +0530] "GET /usermanagement/user/details HTTP/1.1" 200 709
0:0:0:0:0:0:0:1 - - [30/May/2020:14:32:15 +0530] "GET /DirectDealing/api/customer/getLoggedInUserDetails HTTP/1.1" 200 1144
127.0.0.1 - - [30/May/2020:14:32:54 +0530] "GET /usermanagement/auth/validate HTTP/1.1" 200 71
127.0.0.1 - - [30/May/2020:14:32:54 +0530] "GET /usermanagement/auth/validate HTTP/1.1" 200 71
0:0:0:0:0:0:0:1 - - [30/May/2020:14:32:54 +0530] "GET /DirectDealing/api/dashboard/customerAudit/10031 HTTP/1.1" 200 3387
127.0.0.1 - - [30/May/2020:14:32:55 +0530] "GET /usermanagement/auth/validate HTTP/1.1" 200 71
0:0:0:0:0:0:0:1 - - [30/May/2020:14:32:55 +0530] "GET /DirectDealing/api/staticlov/getCurrencyAndProductLovs HTTP/1.1" 200 1231
127.0.0.1 - - [30/May/2020:14:32:56 +0530] "GET /usermanagement/user/details HTTP/1.1" 200 709
0:0:0:0:0:0:0:1 - - [30/May/2020:14:32:56 +0530] "GET /DirectDealing/api/customer/getLoggedInUserDetails HTTP/1.1" 200 1144
127.0.0.1 - - [30/May/2020:14:34:02 +0530] "GET /usermanagement/auth/validate HTTP/1.1" 200 71
127.0.0.1 - - [30/May/2020:14:34:02 +0530] "GET /usermanagement/auth/validate HTTP/1.1" 200 71
0:0:0:0:0:0:0:1 - - [30/May/2020:14:34:02 +0530] "GET /DirectDealing/api/dashboard/customerAudit/10031 HTTP/1.1" 200 3387
127.0.0.1 - - [30/May/2020:14:34:03 +0530] "GET /usermanagement/auth/validate HTTP/1.1" 200 71
0:0:0:0:0:0:0:1 - - [30/May/2020:14:34:03 +0530] "GET /DirectDealing/api/staticlov/getCurrencyAndProductLovs HTTP/1.1" 200 1231
127.0.0.1 - - [30/May/2020:14:34:03 +0530] "GET /usermanagement/user/details HTTP/1.1" 200 709
0:0:0:0:0:0:0:1 - - [30/May/2020:14:34:03 +0530] "GET /DirectDealing/api/customer/getLoggedInUserDetails HTTP/1.1" 200 1144
127.0.0.1 - - [30/May/2020:14:34:43 +0530] "GET /usermanagement/auth/validate HTTP/1.1" 200 71
127.0.0.1 - - [30/May/2020:14:34:43 +0530] "GET /usermanagement/auth/validate HTTP/1.1" 200 71
0:0:0:0:0:0:0:1 - - [30/May/2020:14:34:43 +0530] "GET /DirectDealing/api/dashboard/customerAudit/10031 HTTP/1.1" 200 3387
127.0.0.1 - - [30/May/2020:14:34:44 +0530] "GET /usermanagement/auth/validate HTTP/1.1" 200 71
0:0:0:0:0:0:0:1 - - [30/May/2020:14:34:44 +0530] "GET /DirectDealing/api/staticlov/getCurrencyAndProductLovs HTTP/1.1" 200 1231
127.0.0.1 - - [30/May/2020:14:34:45 +0530] "GET /usermanagement/user/details HTTP/1.1" 200 709
0:0:0:0:0:0:0:1 - - [30/May/2020:14:34:45 +0530] "GET /DirectDealing/api/customer/getLoggedInUserDetails HTTP/1.1" 200 1144
127.0.0.1 - - [30/May/2020:14:34:49 +0530] "GET /usermanagement/auth/validate HTTP/1.1" 200 71
0:0:0:0:0:0:0:1 - - [30/May/2020:14:34:49 +0530] "GET /DirectDealing/api/customer/getCustomerList?solId=72 HTTP/1.1" 200 2256
127.0.0.1 - - [30/May/2020:14:34:54 +0530] "GET /usermanagement/auth/validate HTTP/1.1" 200 71
127.0.0.1 - - [30/May/2020:14:34:54 +0530] "GET /usermanagement/auth/validate HTTP/1.1" 200 71
0:0:0:0:0:0:0:1 - - [30/May/2020:14:34:54 +0530] "GET /DirectDealing/api/staticlov/getCurrencyAndProductLovs HTTP/1.1" 200 1231
0:0:0:0:0:0:0:1 - - [30/May/2020:14:34:54 +0530] "GET /DirectDealing/api/customer/getById/10018 HTTP/1.1" 200 1810
127.0.0.1 - - [30/May/2020:14:35:02 +0530] "GET /usermanagement/auth/validate HTTP/1.1" 200 71
0:0:0:0:0:0:0:1 - - [30/May/2020:14:35:02 +0530] "GET /DirectDealing/api/customer/getCustomerList?solId=72 HTTP/1.1" 200 2256
127.0.0.1 - - [30/May/2020:14:35:07 +0530] "GET /usermanagement/auth/validate HTTP/1.1" 200 71
0:0:0:0:0:0:0:1 - - [30/May/2020:14:35:07 +0530] "GET /DirectDealing/api/staticlov/getCurrencyAndProductLovs HTTP/1.1" 200 1231
127.0.0.1 - - [30/May/2020:14:35:07 +0530] "GET /usermanagement/auth/validate HTTP/1.1" 200 71
0:0:0:0:0:0:0:1 - - [30/May/2020:14:35:07 +0530] "GET /DirectDealing/api/customer/getById/10018 HTTP/1.1" 200 1810
127.0.0.1 - - [30/May/2020:14:36:33 +0530] "GET /usermanagement/auth/validate HTTP/1.1" 200 71
127.0.0.1 - - [30/May/2020:14:36:33 +0530] "GET /usermanagement/auth/validate HTTP/1.1" 200 71
0:0:0:0:0:0:0:1 - - [30/May/2020:14:36:33 +0530] "GET /DirectDealing/api/customer/getById/10018 HTTP/1.1" 200 1810
127.0.0.1 - - [30/May/2020:14:36:34 +0530] "GET /usermanagement/auth/validate HTTP/1.1" 200 71
0:0:0:0:0:0:0:1 - - [30/May/2020:14:36:34 +0530] "GET /DirectDealing/api/staticlov/getCurrencyAndProductLovs HTTP/1.1" 200 1231
127.0.0.1 - - [30/May/2020:14:36:34 +0530] "GET /usermanagement/user/details HTTP/1.1" 200 709
0:0:0:0:0:0:0:1 - - [30/May/2020:14:36:34 +0530] "GET /DirectDealing/api/customer/getLoggedInUserDetails HTTP/1.1" 200 1144
127.0.0.1 - - [30/May/2020:14:36:42 +0530] "GET /usermanagement/auth/validate HTTP/1.1" 200 71
0:0:0:0:0:0:0:1 - - [30/May/2020:14:36:42 +0530] "GET /DirectDealing/api/customer/getCustomerList?solId=72 HTTP/1.1" 200 2256
127.0.0.1 - - [30/May/2020:14:36:48 +0530] "GET /usermanagement/auth/validate HTTP/1.1" 200 71
0:0:0:0:0:0:0:1 - - [30/May/2020:14:36:48 +0530] "GET /DirectDealing/api/staticlov/getCurrencyAndProductLovs HTTP/1.1" 200 1231
127.0.0.1 - - [30/May/2020:14:36:54 +0530] "GET /usermanagement/auth/validate HTTP/1.1" 200 71
0:0:0:0:0:0:0:1 - - [30/May/2020:14:36:54 +0530] "GET /DirectDealing/api/customer/getCustomerList?solId=72 HTTP/1.1" 200 2256
127.0.0.1 - - [30/May/2020:14:36:56 +0530] "GET /usermanagement/auth/validate HTTP/1.1" 200 71
0:0:0:0:0:0:0:1 - - [30/May/2020:14:36:56 +0530] "GET /DirectDealing/api/customer/getCustomerList?solId=72 HTTP/1.1" 200 2256
127.0.0.1 - - [30/May/2020:14:37:02 +0530] "GET /usermanagement/auth/validate HTTP/1.1" 200 71
0:0:0:0:0:0:0:1 - - [30/May/2020:14:37:02 +0530] "GET /DirectDealing/api/dashboard/getPendingRequest HTTP/1.1" 200 1017
127.0.0.1 - - [30/May/2020:14:37:07 +0530] "GET /usermanagement/auth/validate HTTP/1.1" 200 71
0:0:0:0:0:0:0:1 - - [30/May/2020:14:37:07 +0530] "GET /DirectDealing/api/dashboard/customerAudit/10031 HTTP/1.1" 200 3387
127.0.0.1 - - [30/May/2020:14:37:07 +0530] "GET /usermanagement/auth/validate HTTP/1.1" 200 71
0:0:0:0:0:0:0:1 - - [30/May/2020:14:37:07 +0530] "GET /DirectDealing/api/staticlov/getCurrencyAndProductLovs HTTP/1.1" 200 1231
127.0.0.1 - - [30/May/2020:14:37:14 +0530] "GET /usermanagement/auth/validate HTTP/1.1" 200 71
0:0:0:0:0:0:0:1 - - [30/May/2020:14:37:14 +0530] "GET /DirectDealing/api/dashboard/getPendingRequest HTTP/1.1" 200 1017
127.0.0.1 - - [30/May/2020:14:39:36 +0530] "GET /usermanagement/auth/validate HTTP/1.1" 200 71
0:0:0:0:0:0:0:1 - - [30/May/2020:14:39:36 +0530] "GET /DirectDealing/api/customer/getCustomerList?solId=72 HTTP/1.1" 200 2256
127.0.0.1 - - [30/May/2020:14:39:38 +0530] "GET /usermanagement/auth/validate HTTP/1.1" 200 71
0:0:0:0:0:0:0:1 - - [30/May/2020:14:39:38 +0530] "GET /DirectDealing/api/dashboard/getPendingRequest HTTP/1.1" 200 1017
127.0.0.1 - - [30/May/2020:14:39:41 +0530] "GET /usermanagement/auth/validate HTTP/1.1" 200 71
0:0:0:0:0:0:0:1 - - [30/May/2020:14:39:41 +0530] "GET /DirectDealing/api/staticlov/getCurrencyAndProductLovs HTTP/1.1" 200 1231
127.0.0.1 - - [30/May/2020:14:39:41 +0530] "GET /usermanagement/auth/validate HTTP/1.1" 200 71
0:0:0:0:0:0:0:1 - - [30/May/2020:14:39:41 +0530] "GET /DirectDealing/api/dashboard/customerAudit/10031 HTTP/1.1" 200 3387
127.0.0.1 - - [30/May/2020:14:39:49 +0530] "GET /usermanagement/auth/validate HTTP/1.1" 200 71
0:0:0:0:0:0:0:1 - - [30/May/2020:14:39:49 +0530] "GET /DirectDealing/api/customer/getCustomerList?solId=72 HTTP/1.1" 200 2256
127.0.0.1 - - [30/May/2020:14:39:53 +0530] "GET /usermanagement/auth/validate HTTP/1.1" 200 71
0:0:0:0:0:0:0:1 - - [30/May/2020:14:39:53 +0530] "GET /DirectDealing/api/customer/getById/10018 HTTP/1.1" 200 1810
127.0.0.1 - - [30/May/2020:14:39:53 +0530] "GET /usermanagement/auth/validate HTTP/1.1" 200 71
0:0:0:0:0:0:0:1 - - [30/May/2020:14:39:53 +0530] "GET /DirectDealing/api/staticlov/getCurrencyAndProductLovs HTTP/1.1" 200 1231
127.0.0.1 - - [30/May/2020:14:40:00 +0530] "GET /usermanagement/auth/validate HTTP/1.1" 200 71
0:0:0:0:0:0:0:1 - - [30/May/2020:14:40:00 +0530] "GET /DirectDealing/api/customer/getCustomerList?solId=72 HTTP/1.1" 200 2256
127.0.0.1 - - [30/May/2020:14:40:03 +0530] "GET /usermanagement/auth/validate HTTP/1.1" 200 71
0:0:0:0:0:0:0:1 - - [30/May/2020:14:40:03 +0530] "GET /DirectDealing/api/dashboard/getPendingRequest HTTP/1.1" 200 1017
127.0.0.1 - - [30/May/2020:14:40:09 +0530] "GET /usermanagement/auth/validate HTTP/1.1" 200 71
0:0:0:0:0:0:0:1 - - [30/May/2020:14:40:09 +0530] "GET /DirectDealing/api/dashboard/getPendingRequest HTTP/1.1" 200 1017
127.0.0.1 - - [30/May/2020:14:47:00 +0530] "GET /usermanagement/auth/validate HTTP/1.1" 200 71
0:0:0:0:0:0:0:1 - - [30/May/2020:14:47:00 +0530] "GET /DirectDealing/api/dashboard/newCustomerAudit/10006 HTTP/1.1" 200 60
127.0.0.1 - - [30/May/2020:14:47:00 +0530] "GET /usermanagement/auth/validate HTTP/1.1" 200 71
0:0:0:0:0:0:0:1 - - [30/May/2020:14:47:00 +0530] "GET /DirectDealing/api/staticlov/getCurrencyAndProductLovs HTTP/1.1" 200 1231
127.0.0.1 - - [30/May/2020:14:47:10 +0530] "GET /usermanagement/auth/validate HTTP/1.1" 200 71
0:0:0:0:0:0:0:1 - - [30/May/2020:14:47:10 +0530] "GET /DirectDealing/api/dashboard/getPendingRequest HTTP/1.1" 200 1017
127.0.0.1 - - [30/May/2020:14:47:14 +0530] "GET /usermanagement/auth/validate HTTP/1.1" 200 71
0:0:0:0:0:0:0:1 - - [30/May/2020:14:47:14 +0530] "GET /DirectDealing/api/dashboard/customerAudit/10031 HTTP/1.1" 200 3387
127.0.0.1 - - [30/May/2020:14:47:14 +0530] "GET /usermanagement/auth/validate HTTP/1.1" 200 71
0:0:0:0:0:0:0:1 - - [30/May/2020:14:47:14 +0530] "GET /DirectDealing/api/staticlov/getCurrencyAndProductLovs HTTP/1.1" 200 1231
127.0.0.1 - - [30/May/2020:14:47:33 +0530] "GET /usermanagement/auth/validate HTTP/1.1" 200 71
0:0:0:0:0:0:0:1 - - [30/May/2020:14:47:34 +0530] "POST /DirectDealing/api/dashboard/processRequest HTTP/1.1" 200 58
127.0.0.1 - - [30/May/2020:14:47:39 +0530] "GET /usermanagement/auth/validate HTTP/1.1" 200 71
0:0:0:0:0:0:0:1 - - [30/May/2020:14:47:39 +0530] "GET /DirectDealing/api/dashboard/getPendingRequest HTTP/1.1" 200 699
0:0:0:0:0:0:0:1 - - [30/May/2020:14:47:44 +0530] "GET /usermanagement/assets/lib/datepicker/datepicker3.css HTTP/1.1" 200 34535
0:0:0:0:0:0:0:1 - - [30/May/2020:14:47:44 +0530] "GET /usermanagement/assets/css/skins/skin-blue.min.css HTTP/1.1" 200 3531
0:0:0:0:0:0:0:1 - - [30/May/2020:14:47:44 +0530] "GET /usermanagement/assets/lib/select2/select2.min.css HTTP/1.1" 200 15197
0:0:0:0:0:0:0:1 - - [30/May/2020:14:47:44 +0530] "GET /usermanagement/assets/css/AdminLTE.min.css HTTP/1.1" 200 114027
0:0:0:0:0:0:0:1 - - [30/May/2020:14:47:44 +0530] "GET /usermanagement/assets/lib/font-awesome/font-awesome.min.css HTTP/1.1" 200 27283
0:0:0:0:0:0:0:1 - - [30/May/2020:14:47:44 +0530] "GET /usermanagement/assets/lib/boot-select/bootstrap-select.css HTTP/1.1" 200 7831
0:0:0:0:0:0:0:1 - - [30/May/2020:14:47:44 +0530] "GET /usermanagement/assets/css/multiple-select.min.css HTTP/1.1" 200 3055
0:0:0:0:0:0:0:1 - - [30/May/2020:14:47:44 +0530] "GET /usermanagement/ HTTP/1.1" 200 3174
0:0:0:0:0:0:0:1 - - [30/May/2020:14:47:44 +0530] "GET /usermanagement/assets/css/angular-ui-notification.css HTTP/1.1" 200 1602
0:0:0:0:0:0:0:1 - - [30/May/2020:14:47:44 +0530] "GET /usermanagement/assets/ngtrix//trix.css HTTP/1.1" 200 17708
0:0:0:0:0:0:0:1 - - [30/May/2020:14:47:44 +0530] "GET /usermanagement/assets/ngtrix/trix.js HTTP/1.1" 200 211778
0:0:0:0:0:0:0:1 - - [30/May/2020:14:47:44 +0530] "GET /usermanagement/assets/lib/momentjs/moment.js HTTP/1.1" 200 151325
0:0:0:0:0:0:0:1 - - [30/May/2020:14:47:44 +0530] "GET /usermanagement/assets/lib/jQuery/jquery-2.2.3.min.js HTTP/1.1" 200 85663
0:0:0:0:0:0:0:1 - - [30/May/2020:14:47:44 +0530] "GET /usermanagement/assets/lib/jQuery/jquery-ui.min.js HTTP/1.1" 200 228088
0:0:0:0:0:0:0:1 - - [30/May/2020:14:47:44 +0530] "GET /usermanagement/assets/lib/bootstrap/js/bootstrap.min.js HTTP/1.1" 200 37051
0:0:0:0:0:0:0:1 - - [30/May/2020:14:47:44 +0530] "GET /usermanagement/assets/lib/adminlte/adminlte.min.js HTTP/1.1" 200 9935
0:0:0:0:0:0:0:1 - - [30/May/2020:14:47:45 +0530] "GET /usermanagement/assets/lib/sparklines/sparkline.min.js HTTP/1.1" 200 43251
0:0:0:0:0:0:0:1 - - [30/May/2020:14:47:45 +0530] "GET /usermanagement/assets/lib/bootstrap/css/bootstrap.min.css HTTP/1.1" 200 121205
0:0:0:0:0:0:0:1 - - [30/May/2020:14:47:45 +0530] "GET /usermanagement/assets/lib/flot/jquery.flot.pie.min.js HTTP/1.1" 200 12024
0:0:0:0:0:0:0:1 - - [30/May/2020:14:47:45 +0530] "GET /usermanagement/assets/lib/flot/jquery.flot.resize.min.js HTTP/1.1" 200 2023
0:0:0:0:0:0:0:1 - - [30/May/2020:14:47:45 +0530] "GET /usermanagement/assets/lib/flot/jquery.flot.categories.min.js HTTP/1.1" 200 2457
0:0:0:0:0:0:0:1 - - [30/May/2020:14:47:45 +0530] "GET /usermanagement/assets/lib/fastclick/fastclick.js HTTP/1.1" 200 26806
0:0:0:0:0:0:0:1 - - [30/May/2020:14:47:45 +0530] "GET /usermanagement/assets/lib/flot/jquery.flot.min.js HTTP/1.1" 200 52301
0:0:0:0:0:0:0:1 - - [30/May/2020:14:47:45 +0530] "GET /usermanagement/assets/lib/datepicker/bootstrap-datepicker.js HTTP/1.1" 200 48509
0:0:0:0:0:0:0:1 - - [30/May/2020:14:47:45 +0530] "GET /usermanagement/assets/lib/boot-select/bootstrap-select.js HTTP/1.1" 200 70555
0:0:0:0:0:0:0:1 - - [30/May/2020:14:47:45 +0530] "GET /usermanagement/app.bundle.js?f69bfb46c6ebaf9ab26b HTTP/1.1" 200 75558
0:0:0:0:0:0:0:1 - - [30/May/2020:14:47:45 +0530] "GET /usermanagement/vendor.bundle.js?f69bfb46c6ebaf9ab26b HTTP/1.1" 200 430050
0:0:0:0:0:0:0:1 - - [30/May/2020:14:47:45 +0530] "GET /usermanagement/assets/lib/datepicker/bootstrap-datepicker.js HTTP/1.1" 200 48509
0:0:0:0:0:0:0:1 - - [30/May/2020:14:47:46 +0530] "GET /usermanagement/user/details HTTP/1.1" 401 1034
0:0:0:0:0:0:0:1 - - [30/May/2020:14:47:46 +0530] "GET /usermanagement/lclog.html HTTP/1.1" 200 3549
0:0:0:0:0:0:0:1 - - [30/May/2020:14:47:46 +0530] "GET /usermanagement/lclog.html HTTP/1.1" 200 3549
0:0:0:0:0:0:0:1 - - [30/May/2020:14:47:46 +0530] "GET /usermanagement//user/all HTTP/1.1" 401 1034
0:0:0:0:0:0:0:1 - - [30/May/2020:14:47:46 +0530] "GET /usermanagement/assets/img/axis-bank-logo.png HTTP/1.1" 200 8509
0:0:0:0:0:0:0:1 - - [30/May/2020:14:47:46 +0530] "GET /usermanagement/lclog.html HTTP/1.1" 200 3549
0:0:0:0:0:0:0:1 - - [30/May/2020:14:47:46 +0530] "GET /usermanagement/assets/lib/fonts/fontawesome-webfont.woff HTTP/1.1" 200 83588
0:0:0:0:0:0:0:1 - - [30/May/2020:14:47:46 +0530] "GET /usermanagement/lclog.html HTTP/1.1" 200 3549
0:0:0:0:0:0:0:1 - - [30/May/2020:14:47:46 +0530] "GET /usermanagement/js/bootstrap.min.js HTTP/1.1" 200 37045
0:0:0:0:0:0:0:1 - - [30/May/2020:14:47:46 +0530] "GET /usermanagement/js/jquery.min.js HTTP/1.1" 200 85593
0:0:0:0:0:0:0:1 - - [30/May/2020:14:47:46 +0530] "GET /usermanagement/js/jquery-val.js HTTP/1.1" 200 50278
0:0:0:0:0:0:0:1 - - [30/May/2020:14:47:46 +0530] "GET /usermanagement/js/pan.js HTTP/1.1" 200 13247
0:0:0:0:0:0:0:1 - - [30/May/2020:14:47:46 +0530] "GET /usermanagement/css/font-awesome/css/font-awesome.css HTTP/1.1" 200 31002
0:0:0:0:0:0:0:1 - - [30/May/2020:14:47:46 +0530] "GET /usermanagement/css/bootstrap.min.css HTTP/1.1" 200 138609
0:0:0:0:0:0:0:1 - - [30/May/2020:14:47:47 +0530] "GET /usermanagement/js/logger.js HTTP/1.1" 200 7471
0:0:0:0:0:0:0:1 - - [30/May/2020:14:47:47 +0530] "GET /usermanagement/assets/img/axis-bar.png HTTP/1.1" 200 32976
0:0:0:0:0:0:0:1 - - [30/May/2020:14:47:47 +0530] "GET /usermanagement/fonts/glyphicons-halflings-regular.woff2 HTTP/1.1" 401 1034
0:0:0:0:0:0:0:1 - - [30/May/2020:14:47:47 +0530] "GET /usermanagement/fonts/glyphicons-halflings-regular.woff HTTP/1.1" 401 1034
0:0:0:0:0:0:0:1 - - [30/May/2020:14:47:47 +0530] "GET /usermanagement/fonts/glyphicons-halflings-regular.ttf HTTP/1.1" 401 1034
0:0:0:0:0:0:0:1 - - [30/May/2020:14:47:47 +0530] "GET /favicon.ico HTTP/1.1" 404 1085
0:0:0:0:0:0:0:1 - - [30/May/2020:14:47:55 +0530] "GET /usermanagement/css/font-awesome/fonts/fontawesome-webfont.woff2?v=4.7.0 HTTP/1.1" 200 66624
0:0:0:0:0:0:0:1 - - [30/May/2020:14:47:56 +0530] "POST /usermanagement/auth/login HTTP/1.1" 200 258
0:0:0:0:0:0:0:1 - - [30/May/2020:14:47:57 +0530] "GET /usermanagement/user/details HTTP/1.1" 200 709
127.0.0.1 - - [30/May/2020:14:48:04 +0530] "GET /usermanagement/auth/validate HTTP/1.1" 200 71
127.0.0.1 - - [30/May/2020:14:48:04 +0530] "GET /usermanagement/auth/validate HTTP/1.1" 200 71
0:0:0:0:0:0:0:1 - - [30/May/2020:14:48:04 +0530] "GET /DirectDealing/api/customer/getCustomerList?solId=undefined HTTP/1.1" 200 492
127.0.0.1 - - [30/May/2020:14:48:05 +0530] "GET /usermanagement/user/details HTTP/1.1" 200 709
0:0:0:0:0:0:0:1 - - [30/May/2020:14:48:05 +0530] "GET /DirectDealing/api/customer/getLoggedInUserDetails HTTP/1.1" 200 1144
127.0.0.1 - - [30/May/2020:14:48:12 +0530] "GET /usermanagement/auth/validate HTTP/1.1" 200 71
0:0:0:0:0:0:0:1 - - [30/May/2020:14:48:12 +0530] "GET /DirectDealing/api/customer/getCustomerList?solId=72 HTTP/1.1" 200 2256
127.0.0.1 - - [30/May/2020:14:48:17 +0530] "GET /usermanagement/auth/validate HTTP/1.1" 200 71
0:0:0:0:0:0:0:1 - - [30/May/2020:14:48:18 +0530] "GET /DirectDealing/api/customer/getCustomerList?solId=72 HTTP/1.1" 200 2256
127.0.0.1 - - [30/May/2020:14:48:41 +0530] "GET /usermanagement/auth/validate HTTP/1.1" 200 71
127.0.0.1 - - [30/May/2020:14:48:41 +0530] "GET /usermanagement/auth/validate HTTP/1.1" 200 71
0:0:0:0:0:0:0:1 - - [30/May/2020:14:48:41 +0530] "GET /DirectDealing/api/customer/getCustomerList?solId=undefined HTTP/1.1" 200 492
127.0.0.1 - - [30/May/2020:14:48:42 +0530] "GET /usermanagement/user/details HTTP/1.1" 200 709
0:0:0:0:0:0:0:1 - - [30/May/2020:14:48:42 +0530] "GET /DirectDealing/api/customer/getLoggedInUserDetails HTTP/1.1" 200 1144
127.0.0.1 - - [30/May/2020:14:49:53 +0530] "GET /usermanagement/auth/validate HTTP/1.1" 200 71
127.0.0.1 - - [30/May/2020:14:49:55 +0530] "GET /usermanagement/user/details HTTP/1.1" 200 709
0:0:0:0:0:0:0:1 - - [30/May/2020:14:49:55 +0530] "GET /DirectDealing/api/customer/getLoggedInUserDetails HTTP/1.1" 200 1144
127.0.0.1 - - [30/May/2020:14:49:57 +0530] "GET /usermanagement/auth/validate HTTP/1.1" 200 71
0:0:0:0:0:0:0:1 - - [30/May/2020:14:49:57 +0530] "GET /DirectDealing/api/customer/getCustomerList?solId=72 HTTP/1.1" 200 2256
127.0.0.1 - - [30/May/2020:14:50:12 +0530] "GET /usermanagement/auth/validate HTTP/1.1" 200 71
127.0.0.1 - - [30/May/2020:14:50:12 +0530] "GET /usermanagement/auth/validate HTTP/1.1" 200 71
0:0:0:0:0:0:0:1 - - [30/May/2020:14:50:12 +0530] "GET /DirectDealing/api/customer/getCustomerList?solId=undefined HTTP/1.1" 200 492
127.0.0.1 - - [30/May/2020:14:50:13 +0530] "GET /usermanagement/user/details HTTP/1.1" 200 709
0:0:0:0:0:0:0:1 - - [30/May/2020:14:50:13 +0530] "GET /DirectDealing/api/customer/getLoggedInUserDetails HTTP/1.1" 200 1144
127.0.0.1 - - [30/May/2020:14:50:30 +0530] "GET /usermanagement/auth/validate HTTP/1.1" 200 71
0:0:0:0:0:0:0:1 - - [30/May/2020:14:50:30 +0530] "GET /DirectDealing/api/customer/getCustomerList?solId=72 HTTP/1.1" 200 2256
127.0.0.1 - - [30/May/2020:14:50:31 +0530] "GET /usermanagement/auth/validate HTTP/1.1" 200 71
0:0:0:0:0:0:0:1 - - [30/May/2020:14:50:31 +0530] "GET /DirectDealing/api/customer/getCustomerList?solId=72 HTTP/1.1" 200 2256
127.0.0.1 - - [30/May/2020:14:51:14 +0530] "GET /usermanagement/auth/validate HTTP/1.1" 200 71
0:0:0:0:0:0:0:1 - - [30/May/2020:14:51:14 +0530] "GET /DirectDealing/api/customer/getCustomerList?solId=undefined HTTP/1.1" 200 492
127.0.0.1 - - [30/May/2020:14:51:14 +0530] "GET /usermanagement/auth/validate HTTP/1.1" 200 71
127.0.0.1 - - [30/May/2020:14:51:16 +0530] "GET /usermanagement/user/details HTTP/1.1" 200 709
0:0:0:0:0:0:0:1 - - [30/May/2020:14:51:16 +0530] "GET /DirectDealing/api/customer/getLoggedInUserDetails HTTP/1.1" 200 1144
127.0.0.1 - - [30/May/2020:14:51:22 +0530] "GET /usermanagement/auth/validate HTTP/1.1" 200 71
127.0.0.1 - - [30/May/2020:14:51:23 +0530] "GET /usermanagement/user/details HTTP/1.1" 200 709
0:0:0:0:0:0:0:1 - - [30/May/2020:14:51:23 +0530] "GET /DirectDealing/api/customer/getLoggedInUserDetails HTTP/1.1" 200 1144
127.0.0.1 - - [30/May/2020:14:51:25 +0530] "GET /usermanagement/auth/validate HTTP/1.1" 200 71
0:0:0:0:0:0:0:1 - - [30/May/2020:14:51:25 +0530] "GET /DirectDealing/api/customer/getCustomerList?solId=72 HTTP/1.1" 200 7964
127.0.0.1 - - [30/May/2020:14:51:32 +0530] "GET /usermanagement/auth/validate HTTP/1.1" 200 71
0:0:0:0:0:0:0:1 - - [30/May/2020:14:51:32 +0530] "GET /DirectDealing/api/staticlov/getCurrencyAndProductLovs HTTP/1.1" 200 1231
127.0.0.1 - - [30/May/2020:14:51:32 +0530] "GET /usermanagement/auth/validate HTTP/1.1" 200 71
0:0:0:0:0:0:0:1 - - [30/May/2020:14:51:32 +0530] "GET /DirectDealing/api/customer/getById/10016 HTTP/1.1" 200 1738
127.0.0.1 - - [30/May/2020:14:51:48 +0530] "GET /usermanagement/auth/validate HTTP/1.1" 200 71
0:0:0:0:0:0:0:1 - - [30/May/2020:14:51:48 +0530] "GET /DirectDealing/api/customer/getCustomerList?solId=72 HTTP/1.1" 200 7964
127.0.0.1 - - [30/May/2020:14:51:52 +0530] "GET /usermanagement/auth/validate HTTP/1.1" 200 71
0:0:0:0:0:0:0:1 - - [30/May/2020:14:51:52 +0530] "GET /DirectDealing/api/customer/getById/10016 HTTP/1.1" 200 1738
127.0.0.1 - - [30/May/2020:14:51:52 +0530] "GET /usermanagement/auth/validate HTTP/1.1" 200 71
0:0:0:0:0:0:0:1 - - [30/May/2020:14:51:52 +0530] "GET /DirectDealing/api/staticlov/getCurrencyAndProductLovs HTTP/1.1" 200 1231
127.0.0.1 - - [30/May/2020:14:55:59 +0530] "GET /usermanagement/auth/validate HTTP/1.1" 401 1034
127.0.0.1 - - [30/May/2020:14:55:59 +0530] "GET /usermanagement/auth/validate HTTP/1.1" 401 1034
0:0:0:0:0:0:0:1 - - [30/May/2020:14:55:59 +0530] "GET /DirectDealing/api/customer/getLoggedInUserDetails HTTP/1.1" 401 1030
0:0:0:0:0:0:0:1 - - [30/May/2020:14:55:59 +0530] "GET /DirectDealing/api/dashboard/getPendingRequest HTTP/1.1" 401 1030
127.0.0.1 - - [30/May/2020:14:56:00 +0530] "GET /usermanagement/auth/validate HTTP/1.1" 200 71
127.0.0.1 - - [30/May/2020:14:56:01 +0530] "GET /usermanagement/auth/validate HTTP/1.1" 200 71
0:0:0:0:0:0:0:1 - - [30/May/2020:14:56:01 +0530] "GET /DirectDealing/api/customer/getById/10016 HTTP/1.1" 200 1738
127.0.0.1 - - [30/May/2020:14:56:01 +0530] "GET /usermanagement/auth/validate HTTP/1.1" 200 71
0:0:0:0:0:0:0:1 - - [30/May/2020:14:56:01 +0530] "GET /DirectDealing/api/staticlov/getCurrencyAndProductLovs HTTP/1.1" 200 1231
127.0.0.1 - - [30/May/2020:14:56:03 +0530] "GET /usermanagement/user/details HTTP/1.1" 200 709
0:0:0:0:0:0:0:1 - - [30/May/2020:14:56:03 +0530] "GET /DirectDealing/api/customer/getLoggedInUserDetails HTTP/1.1" 200 1144
127.0.0.1 - - [30/May/2020:14:56:36 +0530] "GET /usermanagement/auth/validate HTTP/1.1" 401 1034
0:0:0:0:0:0:0:1 - - [30/May/2020:14:56:36 +0530] "GET /DirectDealing/api/customer/getLoggedInUserDetails HTTP/1.1" 401 1030
127.0.0.1 - - [30/May/2020:14:56:36 +0530] "GET /usermanagement/auth/validate HTTP/1.1" 200 71
127.0.0.1 - - [30/May/2020:14:56:37 +0530] "GET /usermanagement/auth/validate HTTP/1.1" 401 1034
0:0:0:0:0:0:0:1 - - [30/May/2020:14:56:37 +0530] "GET /DirectDealing/api/dashboard/getPendingRequest HTTP/1.1" 401 1030
127.0.0.1 - - [30/May/2020:14:56:38 +0530] "GET /usermanagement/auth/validate HTTP/1.1" 200 71
0:0:0:0:0:0:0:1 - - [30/May/2020:14:56:38 +0530] "GET /DirectDealing/api/staticlov/getCurrencyAndProductLovs HTTP/1.1" 200 1231
127.0.0.1 - - [30/May/2020:14:56:38 +0530] "GET /usermanagement/user/details HTTP/1.1" 200 709
0:0:0:0:0:0:0:1 - - [30/May/2020:14:56:38 +0530] "GET /DirectDealing/api/customer/getLoggedInUserDetails HTTP/1.1" 200 1144
127.0.0.1 - - [30/May/2020:14:56:39 +0530] "GET /usermanagement/auth/validate HTTP/1.1" 200 71
0:0:0:0:0:0:0:1 - - [30/May/2020:14:56:39 +0530] "GET /DirectDealing/api/customer/getById/10016 HTTP/1.1" 200 1738
127.0.0.1 - - [30/May/2020:14:57:11 +0530] "GET /usermanagement/auth/validate HTTP/1.1" 401 1034
0:0:0:0:0:0:0:1 - - [30/May/2020:14:57:11 +0530] "GET /DirectDealing/api/customer/getLoggedInUserDetails HTTP/1.1" 401 1030
127.0.0.1 - - [30/May/2020:14:57:11 +0530] "GET /usermanagement/auth/validate HTTP/1.1" 200 71
127.0.0.1 - - [30/May/2020:14:57:12 +0530] "GET /usermanagement/auth/validate HTTP/1.1" 401 1034
0:0:0:0:0:0:0:1 - - [30/May/2020:14:57:12 +0530] "GET /DirectDealing/api/dashboard/getPendingRequest HTTP/1.1" 401 1030
127.0.0.1 - - [30/May/2020:14:57:12 +0530] "GET /usermanagement/auth/validate HTTP/1.1" 200 71
0:0:0:0:0:0:0:1 - - [30/May/2020:14:57:13 +0530] "GET /DirectDealing/api/staticlov/getCurrencyAndProductLovs HTTP/1.1" 200 1231
127.0.0.1 - - [30/May/2020:14:57:15 +0530] "GET /usermanagement/auth/validate HTTP/1.1" 200 71
0:0:0:0:0:0:0:1 - - [30/May/2020:14:57:15 +0530] "GET /DirectDealing/api/customer/getById/10016 HTTP/1.1" 200 1738
127.0.0.1 - - [30/May/2020:14:57:18 +0530] "GET /usermanagement/user/details HTTP/1.1" 200 709
0:0:0:0:0:0:0:1 - - [30/May/2020:14:57:18 +0530] "GET /DirectDealing/api/customer/getLoggedInUserDetails HTTP/1.1" 200 1144
127.0.0.1 - - [30/May/2020:14:57:56 +0530] "GET /usermanagement/auth/validate HTTP/1.1" 401 1034
0:0:0:0:0:0:0:1 - - [30/May/2020:14:57:56 +0530] "GET /DirectDealing/api/customer/getLoggedInUserDetails HTTP/1.1" 401 1030
127.0.0.1 - - [30/May/2020:14:57:57 +0530] "GET /usermanagement/auth/validate HTTP/1.1" 200 71
127.0.0.1 - - [30/May/2020:14:57:57 +0530] "GET /usermanagement/auth/validate HTTP/1.1" 401 1034
0:0:0:0:0:0:0:1 - - [30/May/2020:14:57:57 +0530] "GET /DirectDealing/api/dashboard/getPendingRequest HTTP/1.1" 401 1030
127.0.0.1 - - [30/May/2020:14:58:02 +0530] "GET /usermanagement/auth/validate HTTP/1.1" 200 71
0:0:0:0:0:0:0:1 - - [30/May/2020:14:58:02 +0530] "GET /DirectDealing/api/customer/getById/10016 HTTP/1.1" 200 1738
127.0.0.1 - - [30/May/2020:14:58:03 +0530] "GET /usermanagement/user/details HTTP/1.1" 200 709
0:0:0:0:0:0:0:1 - - [30/May/2020:14:58:03 +0530] "GET /DirectDealing/api/customer/getLoggedInUserDetails HTTP/1.1" 200 1144
127.0.0.1 - - [30/May/2020:14:58:03 +0530] "GET /usermanagement/auth/validate HTTP/1.1" 200 71
0:0:0:0:0:0:0:1 - - [30/May/2020:14:58:03 +0530] "GET /DirectDealing/api/staticlov/getCurrencyAndProductLovs HTTP/1.1" 200 1231
127.0.0.1 - - [30/May/2020:14:58:04 +0530] "GET /usermanagement/auth/validate HTTP/1.1" 200 71
127.0.0.1 - - [30/May/2020:14:58:05 +0530] "GET /usermanagement/user/details HTTP/1.1" 200 709
0:0:0:0:0:0:0:1 - - [30/May/2020:14:58:05 +0530] "GET /DirectDealing/api/customer/getLoggedInUserDetails HTTP/1.1" 200 1144
127.0.0.1 - - [30/May/2020:14:58:09 +0530] "GET /usermanagement/auth/validate HTTP/1.1" 200 71
0:0:0:0:0:0:0:1 - - [30/May/2020:14:58:09 +0530] "GET /DirectDealing/api/customer/getCustomerList?solId=72 HTTP/1.1" 200 7964
127.0.0.1 - - [30/May/2020:14:58:14 +0530] "GET /usermanagement/auth/validate HTTP/1.1" 200 71
0:0:0:0:0:0:0:1 - - [30/May/2020:14:58:14 +0530] "GET /DirectDealing/api/staticlov/getCurrencyAndProductLovs HTTP/1.1" 200 1231
127.0.0.1 - - [30/May/2020:14:58:14 +0530] "GET /usermanagement/auth/validate HTTP/1.1" 200 71
0:0:0:0:0:0:0:1 - - [30/May/2020:14:58:14 +0530] "GET /DirectDealing/api/customer/getById/10018 HTTP/1.1" 200 1810
127.0.0.1 - - [30/May/2020:14:59:20 +0530] "GET /usermanagement/auth/validate HTTP/1.1" 401 1034
0:0:0:0:0:0:0:1 - - [30/May/2020:14:59:20 +0530] "GET /DirectDealing/api/customer/getLoggedInUserDetails HTTP/1.1" 401 1030
127.0.0.1 - - [30/May/2020:14:59:20 +0530] "GET /usermanagement/auth/validate HTTP/1.1" 401 1034
0:0:0:0:0:0:0:1 - - [30/May/2020:14:59:20 +0530] "GET /DirectDealing/api/dashboard/getPendingRequest HTTP/1.1" 401 1030
