127.0.0.1 - - [17/Jun/2020:11:23:41 +0530] "GET / HTTP/1.1" 404 1074
0:0:0:0:0:0:0:1 - - [17/Jun/2020:11:31:11 +0530] "GET /usermanagement/ HTTP/1.1" 200 3174
0:0:0:0:0:0:0:1 - - [17/Jun/2020:11:31:11 +0530] "GET /usermanagement/assets/lib/datepicker/datepicker3.css HTTP/1.1" 200 34535
0:0:0:0:0:0:0:1 - - [17/Jun/2020:11:31:11 +0530] "GET /usermanagement/assets/lib/boot-select/bootstrap-select.css HTTP/1.1" 200 7831
0:0:0:0:0:0:0:1 - - [17/Jun/2020:11:31:11 +0530] "GET /usermanagement/assets/lib/font-awesome/font-awesome.min.css HTTP/1.1" 200 27283
0:0:0:0:0:0:0:1 - - [17/Jun/2020:11:31:11 +0530] "GET /usermanagement/assets/lib/bootstrap/css/bootstrap.min.css HTTP/1.1" 200 121205
0:0:0:0:0:0:0:1 - - [17/Jun/2020:11:31:11 +0530] "GET /usermanagement/assets/lib/select2/select2.min.css HTTP/1.1" 200 15197
0:0:0:0:0:0:0:1 - - [17/Jun/2020:11:31:11 +0530] "GET /usermanagement/assets/css/skins/skin-blue.min.css HTTP/1.1" 200 3531
0:0:0:0:0:0:0:1 - - [17/Jun/2020:11:31:11 +0530] "GET /usermanagement/assets/css/multiple-select.min.css HTTP/1.1" 200 3055
0:0:0:0:0:0:0:1 - - [17/Jun/2020:11:31:11 +0530] "GET /usermanagement/assets/css/angular-ui-notification.css HTTP/1.1" 200 1602
0:0:0:0:0:0:0:1 - - [17/Jun/2020:11:31:11 +0530] "GET /usermanagement/assets/ngtrix//trix.css HTTP/1.1" 200 17708
0:0:0:0:0:0:0:1 - - [17/Jun/2020:11:31:11 +0530] "GET /usermanagement/assets/css/AdminLTE.min.css HTTP/1.1" 200 114027
0:0:0:0:0:0:0:1 - - [17/Jun/2020:11:31:11 +0530] "GET /usermanagement/assets/lib/momentjs/moment.js HTTP/1.1" 200 151325
0:0:0:0:0:0:0:1 - - [17/Jun/2020:11:31:12 +0530] "GET /usermanagement/assets/lib/bootstrap/js/bootstrap.min.js HTTP/1.1" 200 37051
0:0:0:0:0:0:0:1 - - [17/Jun/2020:11:31:12 +0530] "GET /usermanagement/assets/lib/sparklines/sparkline.min.js HTTP/1.1" 200 43251
0:0:0:0:0:0:0:1 - - [17/Jun/2020:11:31:12 +0530] "GET /usermanagement/assets/lib/jQuery/jquery-2.2.3.min.js HTTP/1.1" 200 85663
0:0:0:0:0:0:0:1 - - [17/Jun/2020:11:31:12 +0530] "GET /usermanagement/assets/lib/fastclick/fastclick.js HTTP/1.1" 200 26806
0:0:0:0:0:0:0:1 - - [17/Jun/2020:11:31:12 +0530] "GET /usermanagement/assets/lib/flot/jquery.flot.resize.min.js HTTP/1.1" 200 2023
0:0:0:0:0:0:0:1 - - [17/Jun/2020:11:31:12 +0530] "GET /usermanagement/assets/lib/adminlte/adminlte.min.js HTTP/1.1" 200 9935
0:0:0:0:0:0:0:1 - - [17/Jun/2020:11:31:12 +0530] "GET /usermanagement/assets/lib/flot/jquery.flot.min.js HTTP/1.1" 200 52301
0:0:0:0:0:0:0:1 - - [17/Jun/2020:11:31:12 +0530] "GET /usermanagement/assets/lib/flot/jquery.flot.pie.min.js HTTP/1.1" 200 12024
0:0:0:0:0:0:0:1 - - [17/Jun/2020:11:31:12 +0530] "GET /usermanagement/assets/lib/datepicker/bootstrap-datepicker.js HTTP/1.1" 200 48509
0:0:0:0:0:0:0:1 - - [17/Jun/2020:11:31:12 +0530] "GET /usermanagement/assets/lib/flot/jquery.flot.categories.min.js HTTP/1.1" 200 2457
0:0:0:0:0:0:0:1 - - [17/Jun/2020:11:31:12 +0530] "GET /usermanagement/assets/ngtrix/trix.js HTTP/1.1" 200 211778
0:0:0:0:0:0:0:1 - - [17/Jun/2020:11:31:12 +0530] "GET /usermanagement/assets/lib/boot-select/bootstrap-select.js HTTP/1.1" 200 70555
0:0:0:0:0:0:0:1 - - [17/Jun/2020:11:31:12 +0530] "GET /usermanagement/app.bundle.js?f69bfb46c6ebaf9ab26b HTTP/1.1" 200 75558
0:0:0:0:0:0:0:1 - - [17/Jun/2020:11:31:12 +0530] "GET /usermanagement/assets/lib/jQuery/jquery-ui.min.js HTTP/1.1" 200 228088
0:0:0:0:0:0:0:1 - - [17/Jun/2020:11:31:12 +0530] "GET /usermanagement/assets/lib/datepicker/bootstrap-datepicker.js HTTP/1.1" 200 48509
0:0:0:0:0:0:0:1 - - [17/Jun/2020:11:31:12 +0530] "GET /usermanagement/vendor.bundle.js?f69bfb46c6ebaf9ab26b HTTP/1.1" 200 430050
0:0:0:0:0:0:0:1 - - [17/Jun/2020:11:31:12 +0530] "GET /usermanagement/lclog.html HTTP/1.1" 200 3549
0:0:0:0:0:0:0:1 - - [17/Jun/2020:11:31:12 +0530] "GET /usermanagement/user/details HTTP/1.1" 401 1034
0:0:0:0:0:0:0:1 - - [17/Jun/2020:11:31:12 +0530] "GET /usermanagement//user/all HTTP/1.1" 401 1034
0:0:0:0:0:0:0:1 - - [17/Jun/2020:11:31:12 +0530] "GET /usermanagement/lclog.html HTTP/1.1" 200 3549
0:0:0:0:0:0:0:1 - - [17/Jun/2020:11:31:13 +0530] "GET /usermanagement/assets/img/axis-bank-logo.png HTTP/1.1" 200 8509
0:0:0:0:0:0:0:1 - - [17/Jun/2020:11:31:13 +0530] "GET /usermanagement/lclog.html HTTP/1.1" 200 3549
0:0:0:0:0:0:0:1 - - [17/Jun/2020:11:31:13 +0530] "GET /usermanagement/css/bootstrap.min.css HTTP/1.1" 200 138609
0:0:0:0:0:0:0:1 - - [17/Jun/2020:11:31:13 +0530] "GET /usermanagement/css/font-awesome/css/font-awesome.css HTTP/1.1" 200 31002
0:0:0:0:0:0:0:1 - - [17/Jun/2020:11:31:13 +0530] "GET /usermanagement/js/jquery-val.js HTTP/1.1" 200 50278
0:0:0:0:0:0:0:1 - - [17/Jun/2020:11:31:13 +0530] "GET /usermanagement/js/pan.js HTTP/1.1" 200 13247
0:0:0:0:0:0:0:1 - - [17/Jun/2020:11:31:13 +0530] "GET /usermanagement/assets/lib/fonts/fontawesome-webfont.woff HTTP/1.1" 500 8192
0:0:0:0:0:0:0:1 - - [17/Jun/2020:11:31:13 +0530] "GET /usermanagement/js/bootstrap.min.js HTTP/1.1" 200 37045
0:0:0:0:0:0:0:1 - - [17/Jun/2020:11:31:13 +0530] "GET /usermanagement/js/logger.js HTTP/1.1" 200 7430
0:0:0:0:0:0:0:1 - - [17/Jun/2020:11:31:13 +0530] "GET /usermanagement/assets/img/axis-bar.png HTTP/1.1" 200 32976
0:0:0:0:0:0:0:1 - - [17/Jun/2020:11:31:13 +0530] "GET /usermanagement/js/jquery.min.js HTTP/1.1" 200 85593
0:0:0:0:0:0:0:1 - - [17/Jun/2020:11:31:13 +0530] "GET /usermanagement/fonts/glyphicons-halflings-regular.woff2 HTTP/1.1" 401 1034
0:0:0:0:0:0:0:1 - - [17/Jun/2020:11:31:14 +0530] "GET /usermanagement/fonts/glyphicons-halflings-regular.woff HTTP/1.1" 401 1034
0:0:0:0:0:0:0:1 - - [17/Jun/2020:11:31:14 +0530] "GET /usermanagement/fonts/glyphicons-halflings-regular.ttf HTTP/1.1" 401 1034
0:0:0:0:0:0:0:1 - - [17/Jun/2020:11:31:14 +0530] "GET /favicon.ico HTTP/1.1" 404 1085
0:0:0:0:0:0:0:1 - - [17/Jun/2020:11:31:28 +0530] "GET /usermanagement/css/font-awesome/fonts/fontawesome-webfont.woff2?v=4.7.0 HTTP/1.1" 200 66624
0:0:0:0:0:0:0:1 - - [17/Jun/2020:11:31:29 +0530] "POST /usermanagement/auth/login HTTP/1.1" 401 92
0:0:0:0:0:0:0:1 - - [17/Jun/2020:11:31:33 +0530] "POST /usermanagement/auth/login HTTP/1.1" 401 92
0:0:0:0:0:0:0:1 - - [17/Jun/2020:11:31:39 +0530] "POST /usermanagement/auth/login HTTP/1.1" 401 92
0:0:0:0:0:0:0:1 - - [17/Jun/2020:11:31:43 +0530] "POST /usermanagement/auth/login HTTP/1.1" 401 92
0:0:0:0:0:0:0:1 - - [17/Jun/2020:11:32:04 +0530] "POST /usermanagement/auth/login HTTP/1.1" 401 92
0:0:0:0:0:0:0:1 - - [17/Jun/2020:11:32:13 +0530] "POST /usermanagement/auth/login HTTP/1.1" 401 92
0:0:0:0:0:0:0:1 - - [17/Jun/2020:11:32:25 +0530] "POST /usermanagement/auth/login HTTP/1.1" 401 92
0:0:0:0:0:0:0:1 - - [17/Jun/2020:11:32:34 +0530] "POST /usermanagement/auth/login HTTP/1.1" 401 92
0:0:0:0:0:0:0:1 - - [17/Jun/2020:11:32:38 +0530] "POST /usermanagement/auth/login HTTP/1.1" 401 92
0:0:0:0:0:0:0:1 - - [17/Jun/2020:11:32:44 +0530] "POST /usermanagement/auth/login HTTP/1.1" 200 258
0:0:0:0:0:0:0:1 - - [17/Jun/2020:11:32:47 +0530] "GET /usermanagement/user/details HTTP/1.1" 200 825
127.0.0.1 - - [17/Jun/2020:11:32:58 +0530] "GET /usermanagement/auth/validate HTTP/1.1" 200 71
127.0.0.1 - - [17/Jun/2020:11:33:00 +0530] "GET /usermanagement/user/details HTTP/1.1" 200 825
0:0:0:0:0:0:0:1 - - [17/Jun/2020:11:33:00 +0530] "GET /DirectDealing/api/customer/getLoggedInUserDetails HTTP/1.1" 200 1260
127.0.0.1 - - [17/Jun/2020:11:33:05 +0530] "GET /usermanagement/auth/validate HTTP/1.1" 200 71
0:0:0:0:0:0:0:1 - - [17/Jun/2020:11:33:06 +0530] "GET /DirectDealing/api/customer/getCustomerList?solId=72 HTTP/1.1" 200 11143
127.0.0.1 - - [17/Jun/2020:11:33:16 +0530] "GET /usermanagement/auth/validate HTTP/1.1" 200 71
0:0:0:0:0:0:0:1 - - [17/Jun/2020:11:33:16 +0530] "GET /DirectDealing/api/staticlov/getCurrencyAndProductLovs HTTP/1.1" 200 1231
127.0.0.1 - - [17/Jun/2020:11:33:17 +0530] "GET /usermanagement/auth/validate HTTP/1.1" 200 71
0:0:0:0:0:0:0:1 - - [17/Jun/2020:11:33:17 +0530] "GET /DirectDealing/api/customer/getById/10016 HTTP/1.1" 200 1988
127.0.0.1 - - [17/Jun/2020:11:33:38 +0530] "GET /usermanagement/auth/validate HTTP/1.1" 200 71
0:0:0:0:0:0:0:1 - - [17/Jun/2020:11:33:38 +0530] "POST /DirectDealing/api/documents/viewPdf?fileName=FILE%201&id=10000 HTTP/1.1" 500 5
0:0:0:0:0:0:0:1 - - [17/Jun/2020:11:33:38 +0530] "GET /usermanagement/lclog.html HTTP/1.1" 200 3549
0:0:0:0:0:0:0:1 - - [17/Jun/2020:11:33:38 +0530] "GET /usermanagement/js/pan.js HTTP/1.1" 200 13247
0:0:0:0:0:0:0:1 - - [17/Jun/2020:11:33:38 +0530] "GET /usermanagement/js/jquery.min.js HTTP/1.1" 200 85593
0:0:0:0:0:0:0:1 - - [17/Jun/2020:11:33:38 +0530] "GET /usermanagement/css/bootstrap.min.css HTTP/1.1" 200 138609
0:0:0:0:0:0:0:1 - - [17/Jun/2020:11:33:38 +0530] "GET /usermanagement/js/jquery-val.js HTTP/1.1" 200 50278
0:0:0:0:0:0:0:1 - - [17/Jun/2020:11:33:38 +0530] "GET /usermanagement/js/bootstrap.min.js HTTP/1.1" 200 37045
0:0:0:0:0:0:0:1 - - [17/Jun/2020:11:33:38 +0530] "GET /usermanagement/css/font-awesome/css/font-awesome.css HTTP/1.1" 200 31002
0:0:0:0:0:0:0:1 - - [17/Jun/2020:11:33:38 +0530] "GET /usermanagement/js/logger.js HTTP/1.1" 200 7430
0:0:0:0:0:0:0:1 - - [17/Jun/2020:11:33:38 +0530] "GET /usermanagement/assets/img/axis-bar.png HTTP/1.1" 200 32976
0:0:0:0:0:0:0:1 - - [17/Jun/2020:11:33:38 +0530] "GET /usermanagement/fonts/glyphicons-halflings-regular.woff2 HTTP/1.1" 401 1034
0:0:0:0:0:0:0:1 - - [17/Jun/2020:11:33:38 +0530] "GET /usermanagement/fonts/glyphicons-halflings-regular.woff HTTP/1.1" 401 1034
0:0:0:0:0:0:0:1 - - [17/Jun/2020:11:33:38 +0530] "GET /usermanagement/fonts/glyphicons-halflings-regular.ttf HTTP/1.1" 401 1034
0:0:0:0:0:0:0:1 - - [17/Jun/2020:11:33:40 +0530] "GET /usermanagement/user/details HTTP/1.1" 200 825
127.0.0.1 - - [17/Jun/2020:11:37:51 +0530] "GET /usermanagement/auth/validate HTTP/1.1" 200 71
127.0.0.1 - - [17/Jun/2020:11:37:52 +0530] "GET /usermanagement/user/details HTTP/1.1" 200 825
0:0:0:0:0:0:0:1 - - [17/Jun/2020:11:37:52 +0530] "GET /DirectDealing/api/customer/getLoggedInUserDetails HTTP/1.1" 200 1260
127.0.0.1 - - [17/Jun/2020:11:39:28 +0530] "GET /usermanagement/auth/validate HTTP/1.1" 200 71
0:0:0:0:0:0:0:1 - - [17/Jun/2020:11:39:28 +0530] "GET /DirectDealing/api/customer/getCustomerList?solId=72 HTTP/1.1" 200 11143
127.0.0.1 - - [17/Jun/2020:11:39:32 +0530] "GET /usermanagement/auth/validate HTTP/1.1" 200 71
0:0:0:0:0:0:0:1 - - [17/Jun/2020:11:39:32 +0530] "GET /DirectDealing/api/customer/getById/10021 HTTP/1.1" 200 1308
127.0.0.1 - - [17/Jun/2020:11:39:32 +0530] "GET /usermanagement/auth/validate HTTP/1.1" 200 71
0:0:0:0:0:0:0:1 - - [17/Jun/2020:11:39:32 +0530] "GET /DirectDealing/api/staticlov/getCurrencyAndProductLovs HTTP/1.1" 200 1231
127.0.0.1 - - [17/Jun/2020:11:39:37 +0530] "GET /usermanagement/auth/validate HTTP/1.1" 200 71
0:0:0:0:0:0:0:1 - - [17/Jun/2020:11:39:37 +0530] "GET /DirectDealing/api/customer/getCustomerList?solId=72 HTTP/1.1" 200 11143
127.0.0.1 - - [17/Jun/2020:11:39:41 +0530] "GET /usermanagement/auth/validate HTTP/1.1" 200 71
0:0:0:0:0:0:0:1 - - [17/Jun/2020:11:39:41 +0530] "GET /DirectDealing/api/customer/getById/10021 HTTP/1.1" 200 1308
127.0.0.1 - - [17/Jun/2020:11:39:41 +0530] "GET /usermanagement/auth/validate HTTP/1.1" 200 71
0:0:0:0:0:0:0:1 - - [17/Jun/2020:11:39:41 +0530] "GET /DirectDealing/api/staticlov/getCurrencyAndProductLovs HTTP/1.1" 200 1231
127.0.0.1 - - [17/Jun/2020:11:48:41 +0530] "GET /usermanagement/auth/validate HTTP/1.1" 200 71
127.0.0.1 - - [17/Jun/2020:11:48:41 +0530] "GET /usermanagement/auth/validate HTTP/1.1" 200 71
0:0:0:0:0:0:0:1 - - [17/Jun/2020:11:48:41 +0530] "GET /DirectDealing/api/customer/getById/10021 HTTP/1.1" 200 1308
127.0.0.1 - - [17/Jun/2020:11:48:42 +0530] "GET /usermanagement/auth/validate HTTP/1.1" 200 71
0:0:0:0:0:0:0:1 - - [17/Jun/2020:11:48:42 +0530] "GET /DirectDealing/api/staticlov/getCurrencyAndProductLovs HTTP/1.1" 200 1231
127.0.0.1 - - [17/Jun/2020:11:48:43 +0530] "GET /usermanagement/user/details HTTP/1.1" 200 825
0:0:0:0:0:0:0:1 - - [17/Jun/2020:11:48:43 +0530] "GET /DirectDealing/api/customer/getLoggedInUserDetails HTTP/1.1" 200 1260
127.0.0.1 - - [17/Jun/2020:11:49:31 +0530] "GET /usermanagement/auth/validate HTTP/1.1" 200 71
127.0.0.1 - - [17/Jun/2020:11:49:32 +0530] "GET /usermanagement/user/details HTTP/1.1" 200 825
0:0:0:0:0:0:0:1 - - [17/Jun/2020:11:49:32 +0530] "GET /DirectDealing/api/customer/getLoggedInUserDetails HTTP/1.1" 200 1260
127.0.0.1 - - [17/Jun/2020:11:49:37 +0530] "GET /usermanagement/auth/validate HTTP/1.1" 200 71
0:0:0:0:0:0:0:1 - - [17/Jun/2020:11:49:37 +0530] "GET /DirectDealing/api/customer/getCustomerList?solId=72 HTTP/1.1" 200 11143
127.0.0.1 - - [17/Jun/2020:11:49:45 +0530] "GET /usermanagement/auth/validate HTTP/1.1" 200 71
0:0:0:0:0:0:0:1 - - [17/Jun/2020:11:49:45 +0530] "GET /DirectDealing/api/customer/getById/10021 HTTP/1.1" 200 1308
127.0.0.1 - - [17/Jun/2020:11:49:45 +0530] "GET /usermanagement/auth/validate HTTP/1.1" 200 71
0:0:0:0:0:0:0:1 - - [17/Jun/2020:11:49:45 +0530] "GET /DirectDealing/api/staticlov/getCurrencyAndProductLovs HTTP/1.1" 200 1231
127.0.0.1 - - [17/Jun/2020:11:50:18 +0530] "GET /usermanagement/auth/validate HTTP/1.1" 200 71
0:0:0:0:0:0:0:1 - - [17/Jun/2020:11:50:18 +0530] "GET /DirectDealing/api/customer/getCustomerList?solId=72 HTTP/1.1" 200 11143
127.0.0.1 - - [17/Jun/2020:11:50:26 +0530] "GET /usermanagement/auth/validate HTTP/1.1" 200 71
0:0:0:0:0:0:0:1 - - [17/Jun/2020:11:50:26 +0530] "GET /DirectDealing/api/customer/getById/10021 HTTP/1.1" 200 1308
127.0.0.1 - - [17/Jun/2020:11:50:26 +0530] "GET /usermanagement/auth/validate HTTP/1.1" 200 71
0:0:0:0:0:0:0:1 - - [17/Jun/2020:11:50:26 +0530] "GET /DirectDealing/api/staticlov/getCurrencyAndProductLovs HTTP/1.1" 200 1231
127.0.0.1 - - [17/Jun/2020:11:51:12 +0530] "GET /usermanagement/auth/validate HTTP/1.1" 200 71
127.0.0.1 - - [17/Jun/2020:11:51:13 +0530] "GET /usermanagement/auth/validate HTTP/1.1" 200 71
0:0:0:0:0:0:0:1 - - [17/Jun/2020:11:51:13 +0530] "GET /DirectDealing/api/staticlov/getCurrencyAndProductLovs HTTP/1.1" 200 1231
127.0.0.1 - - [17/Jun/2020:11:51:13 +0530] "GET /usermanagement/auth/validate HTTP/1.1" 200 71
0:0:0:0:0:0:0:1 - - [17/Jun/2020:11:51:13 +0530] "GET /DirectDealing/api/customer/getById/10021 HTTP/1.1" 200 1308
127.0.0.1 - - [17/Jun/2020:11:51:14 +0530] "GET /usermanagement/user/details HTTP/1.1" 200 825
0:0:0:0:0:0:0:1 - - [17/Jun/2020:11:51:14 +0530] "GET /DirectDealing/api/customer/getLoggedInUserDetails HTTP/1.1" 200 1260
127.0.0.1 - - [17/Jun/2020:11:51:24 +0530] "GET /usermanagement/auth/validate HTTP/1.1" 200 71
127.0.0.1 - - [17/Jun/2020:11:51:25 +0530] "GET /usermanagement/user/details HTTP/1.1" 200 825
0:0:0:0:0:0:0:1 - - [17/Jun/2020:11:51:25 +0530] "GET /DirectDealing/api/customer/getLoggedInUserDetails HTTP/1.1" 200 1260
127.0.0.1 - - [17/Jun/2020:11:51:31 +0530] "GET /usermanagement/auth/validate HTTP/1.1" 200 71
0:0:0:0:0:0:0:1 - - [17/Jun/2020:11:51:31 +0530] "GET /DirectDealing/api/customer/getCustomerList?solId=72 HTTP/1.1" 200 11143
127.0.0.1 - - [17/Jun/2020:11:51:37 +0530] "GET /usermanagement/auth/validate HTTP/1.1" 200 71
0:0:0:0:0:0:0:1 - - [17/Jun/2020:11:51:37 +0530] "GET /DirectDealing/api/customer/getById/10021 HTTP/1.1" 200 1308
127.0.0.1 - - [17/Jun/2020:11:51:37 +0530] "GET /usermanagement/auth/validate HTTP/1.1" 200 71
0:0:0:0:0:0:0:1 - - [17/Jun/2020:11:51:37 +0530] "GET /DirectDealing/api/staticlov/getCurrencyAndProductLovs HTTP/1.1" 200 1231
127.0.0.1 - - [17/Jun/2020:11:52:45 +0530] "GET /usermanagement/auth/validate HTTP/1.1" 200 71
127.0.0.1 - - [17/Jun/2020:11:52:45 +0530] "GET /usermanagement/auth/validate HTTP/1.1" 200 71
0:0:0:0:0:0:0:1 - - [17/Jun/2020:11:52:45 +0530] "GET /DirectDealing/api/staticlov/getCurrencyAndProductLovs HTTP/1.1" 200 1231
127.0.0.1 - - [17/Jun/2020:11:52:46 +0530] "GET /usermanagement/auth/validate HTTP/1.1" 200 71
0:0:0:0:0:0:0:1 - - [17/Jun/2020:11:52:46 +0530] "GET /DirectDealing/api/customer/getById/10021 HTTP/1.1" 200 1308
127.0.0.1 - - [17/Jun/2020:11:52:47 +0530] "GET /usermanagement/user/details HTTP/1.1" 200 825
0:0:0:0:0:0:0:1 - - [17/Jun/2020:11:52:47 +0530] "GET /DirectDealing/api/customer/getLoggedInUserDetails HTTP/1.1" 200 1260
127.0.0.1 - - [17/Jun/2020:11:53:43 +0530] "GET /usermanagement/auth/validate HTTP/1.1" 200 71
127.0.0.1 - - [17/Jun/2020:11:53:45 +0530] "GET /usermanagement/user/details HTTP/1.1" 200 825
0:0:0:0:0:0:0:1 - - [17/Jun/2020:11:53:45 +0530] "GET /DirectDealing/api/customer/getLoggedInUserDetails HTTP/1.1" 200 1260
127.0.0.1 - - [17/Jun/2020:11:53:51 +0530] "GET /usermanagement/auth/validate HTTP/1.1" 200 71
0:0:0:0:0:0:0:1 - - [17/Jun/2020:11:53:51 +0530] "GET /DirectDealing/api/customer/getCustomerList?solId=72 HTTP/1.1" 200 11143
127.0.0.1 - - [17/Jun/2020:11:54:01 +0530] "GET /usermanagement/auth/validate HTTP/1.1" 200 71
0:0:0:0:0:0:0:1 - - [17/Jun/2020:11:54:01 +0530] "GET /DirectDealing/api/customer/getById/10021 HTTP/1.1" 200 1308
127.0.0.1 - - [17/Jun/2020:11:54:01 +0530] "GET /usermanagement/auth/validate HTTP/1.1" 200 71
0:0:0:0:0:0:0:1 - - [17/Jun/2020:11:54:01 +0530] "GET /DirectDealing/api/staticlov/getCurrencyAndProductLovs HTTP/1.1" 200 1231
127.0.0.1 - - [17/Jun/2020:11:54:46 +0530] "GET /usermanagement/auth/validate HTTP/1.1" 200 71
127.0.0.1 - - [17/Jun/2020:11:54:46 +0530] "GET /usermanagement/auth/validate HTTP/1.1" 200 71
0:0:0:0:0:0:0:1 - - [17/Jun/2020:11:54:46 +0530] "GET /DirectDealing/api/customer/getById/10021 HTTP/1.1" 200 1308
127.0.0.1 - - [17/Jun/2020:11:54:48 +0530] "GET /usermanagement/user/details HTTP/1.1" 200 825
0:0:0:0:0:0:0:1 - - [17/Jun/2020:11:54:48 +0530] "GET /DirectDealing/api/customer/getLoggedInUserDetails HTTP/1.1" 200 1260
127.0.0.1 - - [17/Jun/2020:11:54:49 +0530] "GET /usermanagement/auth/validate HTTP/1.1" 200 71
127.0.0.1 - - [17/Jun/2020:11:54:50 +0530] "GET /usermanagement/user/details HTTP/1.1" 200 825
0:0:0:0:0:0:0:1 - - [17/Jun/2020:11:54:50 +0530] "GET /DirectDealing/api/customer/getLoggedInUserDetails HTTP/1.1" 200 1260
127.0.0.1 - - [17/Jun/2020:11:54:59 +0530] "GET /usermanagement/auth/validate HTTP/1.1" 200 71
0:0:0:0:0:0:0:1 - - [17/Jun/2020:11:54:59 +0530] "GET /DirectDealing/api/customer/getCustomerList?solId=72 HTTP/1.1" 200 11143
127.0.0.1 - - [17/Jun/2020:11:55:13 +0530] "GET /usermanagement/auth/validate HTTP/1.1" 200 71
0:0:0:0:0:0:0:1 - - [17/Jun/2020:11:55:13 +0530] "GET /DirectDealing/api/staticlov/getCurrencyAndProductLovs HTTP/1.1" 200 1231
127.0.0.1 - - [17/Jun/2020:11:55:13 +0530] "GET /usermanagement/auth/validate HTTP/1.1" 200 71
0:0:0:0:0:0:0:1 - - [17/Jun/2020:11:55:13 +0530] "GET /DirectDealing/api/customer/getById/10021 HTTP/1.1" 200 1308
127.0.0.1 - - [17/Jun/2020:11:56:00 +0530] "GET /usermanagement/auth/validate HTTP/1.1" 200 71
127.0.0.1 - - [17/Jun/2020:11:56:01 +0530] "GET /usermanagement/user/details HTTP/1.1" 200 825
0:0:0:0:0:0:0:1 - - [17/Jun/2020:11:56:01 +0530] "GET /DirectDealing/api/customer/getLoggedInUserDetails HTTP/1.1" 200 1260
127.0.0.1 - - [17/Jun/2020:11:56:05 +0530] "GET /usermanagement/auth/validate HTTP/1.1" 200 71
0:0:0:0:0:0:0:1 - - [17/Jun/2020:11:56:05 +0530] "GET /DirectDealing/api/customer/getCustomerList?solId=72 HTTP/1.1" 200 11143
127.0.0.1 - - [17/Jun/2020:11:56:11 +0530] "GET /usermanagement/auth/validate HTTP/1.1" 200 71
0:0:0:0:0:0:0:1 - - [17/Jun/2020:11:56:11 +0530] "GET /DirectDealing/api/customer/getById/10021 HTTP/1.1" 200 1308
127.0.0.1 - - [17/Jun/2020:11:56:11 +0530] "GET /usermanagement/auth/validate HTTP/1.1" 200 71
0:0:0:0:0:0:0:1 - - [17/Jun/2020:11:56:11 +0530] "GET /DirectDealing/api/staticlov/getCurrencyAndProductLovs HTTP/1.1" 200 1231
127.0.0.1 - - [17/Jun/2020:11:56:44 +0530] "GET /usermanagement/auth/validate HTTP/1.1" 200 71
0:0:0:0:0:0:0:1 - - [17/Jun/2020:11:56:44 +0530] "GET /DirectDealing/api/customer/getCustomerList?solId=72 HTTP/1.1" 200 11143
127.0.0.1 - - [17/Jun/2020:11:56:55 +0530] "GET /usermanagement/auth/validate HTTP/1.1" 200 71
0:0:0:0:0:0:0:1 - - [17/Jun/2020:11:56:55 +0530] "GET /DirectDealing/api/customer/getById/10018 HTTP/1.1" 200 2295
127.0.0.1 - - [17/Jun/2020:11:56:55 +0530] "GET /usermanagement/auth/validate HTTP/1.1" 200 71
0:0:0:0:0:0:0:1 - - [17/Jun/2020:11:56:55 +0530] "GET /DirectDealing/api/staticlov/getCurrencyAndProductLovs HTTP/1.1" 200 1231
127.0.0.1 - - [17/Jun/2020:11:57:21 +0530] "GET /usermanagement/auth/validate HTTP/1.1" 200 71
0:0:0:0:0:0:0:1 - - [17/Jun/2020:11:57:21 +0530] "GET /DirectDealing/api/customer/getCustomerList?solId=72 HTTP/1.1" 200 11143
127.0.0.1 - - [17/Jun/2020:11:59:18 +0530] "GET /usermanagement/auth/validate HTTP/1.1" 200 71
127.0.0.1 - - [17/Jun/2020:11:59:19 +0530] "GET /usermanagement/auth/validate HTTP/1.1" 200 71
0:0:0:0:0:0:0:1 - - [17/Jun/2020:11:59:19 +0530] "GET /DirectDealing/api/customer/getCustomerList?solId=undefined HTTP/1.1" 200 492
127.0.0.1 - - [17/Jun/2020:11:59:20 +0530] "GET /usermanagement/user/details HTTP/1.1" 200 825
0:0:0:0:0:0:0:1 - - [17/Jun/2020:11:59:20 +0530] "GET /DirectDealing/api/customer/getLoggedInUserDetails HTTP/1.1" 200 1260
127.0.0.1 - - [17/Jun/2020:11:59:37 +0530] "GET /usermanagement/auth/validate HTTP/1.1" 401 1034
0:0:0:0:0:0:0:1 - - [17/Jun/2020:11:59:37 +0530] "GET /DirectDealing/api/customer/getLoggedInUserDetails HTTP/1.1" 401 1030
0:0:0:0:0:0:0:1 - - [17/Jun/2020:11:59:37 +0530] "GET /usermanagement/lclog.html HTTP/1.1" 200 3549
0:0:0:0:0:0:0:1 - - [17/Jun/2020:11:59:37 +0530] "GET /usermanagement/js/jquery-val.js HTTP/1.1" 200 50278
0:0:0:0:0:0:0:1 - - [17/Jun/2020:11:59:37 +0530] "GET /usermanagement/css/font-awesome/css/font-awesome.css HTTP/1.1" 200 31002
0:0:0:0:0:0:0:1 - - [17/Jun/2020:11:59:37 +0530] "GET /usermanagement/js/bootstrap.min.js HTTP/1.1" 200 37045
0:0:0:0:0:0:0:1 - - [17/Jun/2020:11:59:37 +0530] "GET /usermanagement/js/jquery.min.js HTTP/1.1" 200 85593
0:0:0:0:0:0:0:1 - - [17/Jun/2020:11:59:37 +0530] "GET /usermanagement/css/bootstrap.min.css HTTP/1.1" 200 138609
0:0:0:0:0:0:0:1 - - [17/Jun/2020:11:59:37 +0530] "GET /usermanagement/js/pan.js HTTP/1.1" 200 13247
0:0:0:0:0:0:0:1 - - [17/Jun/2020:11:59:37 +0530] "GET /usermanagement/js/logger.js HTTP/1.1" 200 7430
0:0:0:0:0:0:0:1 - - [17/Jun/2020:11:59:37 +0530] "GET /usermanagement/assets/img/axis-bar.png HTTP/1.1" 200 32976
0:0:0:0:0:0:0:1 - - [17/Jun/2020:11:59:37 +0530] "GET /usermanagement/fonts/glyphicons-halflings-regular.woff2 HTTP/1.1" 401 1034
0:0:0:0:0:0:0:1 - - [17/Jun/2020:11:59:37 +0530] "GET /usermanagement/fonts/glyphicons-halflings-regular.woff HTTP/1.1" 401 1034
0:0:0:0:0:0:0:1 - - [17/Jun/2020:11:59:37 +0530] "GET /usermanagement/fonts/glyphicons-halflings-regular.ttf HTTP/1.1" 401 1034
0:0:0:0:0:0:0:1 - - [17/Jun/2020:11:59:38 +0530] "GET /usermanagement/css/bootstrap.min.css.map HTTP/1.1" 200 542194
0:0:0:0:0:0:0:1 - - [17/Jun/2020:11:59:38 +0530] "GET /usermanagement/user/details HTTP/1.1" 401 1034
0:0:0:0:0:0:0:1 - - [17/Jun/2020:11:59:54 +0530] "GET /usermanagement/lclog.html HTTP/1.1" 200 3549
0:0:0:0:0:0:0:1 - - [17/Jun/2020:11:59:55 +0530] "GET /usermanagement/js/pan.js HTTP/1.1" 200 13247
0:0:0:0:0:0:0:1 - - [17/Jun/2020:11:59:55 +0530] "GET /usermanagement/js/jquery.min.js HTTP/1.1" 200 85593
0:0:0:0:0:0:0:1 - - [17/Jun/2020:11:59:55 +0530] "GET /usermanagement/js/jquery-val.js HTTP/1.1" 200 50278
0:0:0:0:0:0:0:1 - - [17/Jun/2020:11:59:55 +0530] "GET /usermanagement/css/bootstrap.min.css HTTP/1.1" 200 138609
0:0:0:0:0:0:0:1 - - [17/Jun/2020:11:59:55 +0530] "GET /usermanagement/js/bootstrap.min.js HTTP/1.1" 200 37045
0:0:0:0:0:0:0:1 - - [17/Jun/2020:11:59:55 +0530] "GET /usermanagement/css/font-awesome/css/font-awesome.css HTTP/1.1" 200 31002
0:0:0:0:0:0:0:1 - - [17/Jun/2020:11:59:55 +0530] "GET /usermanagement/js/logger.js HTTP/1.1" 200 7430
0:0:0:0:0:0:0:1 - - [17/Jun/2020:11:59:55 +0530] "GET /usermanagement/assets/img/axis-bar.png HTTP/1.1" 200 32976
0:0:0:0:0:0:0:1 - - [17/Jun/2020:11:59:55 +0530] "GET /usermanagement/fonts/glyphicons-halflings-regular.woff2 HTTP/1.1" 401 1034
0:0:0:0:0:0:0:1 - - [17/Jun/2020:11:59:55 +0530] "GET /usermanagement/fonts/glyphicons-halflings-regular.woff HTTP/1.1" 401 1034
0:0:0:0:0:0:0:1 - - [17/Jun/2020:11:59:55 +0530] "GET /usermanagement/css/bootstrap.min.css.map HTTP/1.1" 200 542194
0:0:0:0:0:0:0:1 - - [17/Jun/2020:11:59:55 +0530] "GET /usermanagement/fonts/glyphicons-halflings-regular.ttf HTTP/1.1" 401 1034
0:0:0:0:0:0:0:1 - - [17/Jun/2020:12:00:01 +0530] "GET /usermanagement/css/font-awesome/fonts/fontawesome-webfont.woff2?v=4.7.0 HTTP/1.1" 200 66624
0:0:0:0:0:0:0:1 - - [17/Jun/2020:12:00:02 +0530] "POST /usermanagement/auth/login HTTP/1.1" 200 258
0:0:0:0:0:0:0:1 - - [17/Jun/2020:12:00:03 +0530] "GET /usermanagement/user/details HTTP/1.1" 200 825
127.0.0.1 - - [17/Jun/2020:12:00:12 +0530] "GET /usermanagement/auth/validate HTTP/1.1" 200 71
127.0.0.1 - - [17/Jun/2020:12:00:13 +0530] "GET /usermanagement/user/details HTTP/1.1" 200 825
0:0:0:0:0:0:0:1 - - [17/Jun/2020:12:00:13 +0530] "GET /DirectDealing/api/customer/getLoggedInUserDetails HTTP/1.1" 200 1260
127.0.0.1 - - [17/Jun/2020:12:00:17 +0530] "GET /usermanagement/auth/validate HTTP/1.1" 200 71
0:0:0:0:0:0:0:1 - - [17/Jun/2020:12:00:17 +0530] "GET /DirectDealing/api/customer/getCustomerList?solId=72 HTTP/1.1" 200 11143
127.0.0.1 - - [17/Jun/2020:12:00:29 +0530] "GET /usermanagement/auth/validate HTTP/1.1" 200 71
0:0:0:0:0:0:0:1 - - [17/Jun/2020:12:00:29 +0530] "GET /DirectDealing/api/customer/getById/10021 HTTP/1.1" 200 1308
127.0.0.1 - - [17/Jun/2020:12:00:29 +0530] "GET /usermanagement/auth/validate HTTP/1.1" 200 71
0:0:0:0:0:0:0:1 - - [17/Jun/2020:12:00:29 +0530] "GET /DirectDealing/api/staticlov/getCurrencyAndProductLovs HTTP/1.1" 200 1231
127.0.0.1 - - [17/Jun/2020:12:04:09 +0530] "GET /usermanagement/auth/validate HTTP/1.1" 200 71
127.0.0.1 - - [17/Jun/2020:12:04:10 +0530] "GET /usermanagement/user/details HTTP/1.1" 200 825
0:0:0:0:0:0:0:1 - - [17/Jun/2020:12:04:10 +0530] "GET /DirectDealing/api/customer/getLoggedInUserDetails HTTP/1.1" 200 1260
127.0.0.1 - - [17/Jun/2020:12:04:14 +0530] "GET /usermanagement/auth/validate HTTP/1.1" 200 71
0:0:0:0:0:0:0:1 - - [17/Jun/2020:12:04:14 +0530] "GET /DirectDealing/api/customer/getCustomerList?solId=72 HTTP/1.1" 200 11143
127.0.0.1 - - [17/Jun/2020:12:04:26 +0530] "GET /usermanagement/auth/validate HTTP/1.1" 200 71
0:0:0:0:0:0:0:1 - - [17/Jun/2020:12:04:26 +0530] "GET /DirectDealing/api/customer/getById/10021 HTTP/1.1" 200 1308
127.0.0.1 - - [17/Jun/2020:12:04:26 +0530] "GET /usermanagement/auth/validate HTTP/1.1" 200 71
0:0:0:0:0:0:0:1 - - [17/Jun/2020:12:04:26 +0530] "GET /DirectDealing/api/staticlov/getCurrencyAndProductLovs HTTP/1.1" 200 1231
127.0.0.1 - - [17/Jun/2020:12:05:59 +0530] "GET /usermanagement/auth/validate HTTP/1.1" 401 1034
0:0:0:0:0:0:0:1 - - [17/Jun/2020:12:05:59 +0530] "GET /DirectDealing/api/customer/getLoggedInUserDetails HTTP/1.1" 401 1030
0:0:0:0:0:0:0:1 - - [17/Jun/2020:12:05:59 +0530] "GET /usermanagement/lclog.html HTTP/1.1" 200 3549
0:0:0:0:0:0:0:1 - - [17/Jun/2020:12:05:59 +0530] "GET /usermanagement/js/jquery-val.js HTTP/1.1" 200 50278
0:0:0:0:0:0:0:1 - - [17/Jun/2020:12:05:59 +0530] "GET /usermanagement/css/bootstrap.min.css HTTP/1.1" 200 138609
0:0:0:0:0:0:0:1 - - [17/Jun/2020:12:05:59 +0530] "GET /usermanagement/js/jquery.min.js HTTP/1.1" 200 85593
0:0:0:0:0:0:0:1 - - [17/Jun/2020:12:05:59 +0530] "GET /usermanagement/js/pan.js HTTP/1.1" 200 13247
0:0:0:0:0:0:0:1 - - [17/Jun/2020:12:05:59 +0530] "GET /usermanagement/css/font-awesome/css/font-awesome.css HTTP/1.1" 200 31002
0:0:0:0:0:0:0:1 - - [17/Jun/2020:12:05:59 +0530] "GET /usermanagement/js/bootstrap.min.js HTTP/1.1" 200 37045
0:0:0:0:0:0:0:1 - - [17/Jun/2020:12:05:59 +0530] "GET /usermanagement/js/logger.js HTTP/1.1" 200 7430
0:0:0:0:0:0:0:1 - - [17/Jun/2020:12:05:59 +0530] "GET /usermanagement/assets/img/axis-bar.png HTTP/1.1" 200 32976
0:0:0:0:0:0:0:1 - - [17/Jun/2020:12:05:59 +0530] "GET /usermanagement/fonts/glyphicons-halflings-regular.woff2 HTTP/1.1" 401 1034
0:0:0:0:0:0:0:1 - - [17/Jun/2020:12:05:59 +0530] "GET /usermanagement/fonts/glyphicons-halflings-regular.woff HTTP/1.1" 401 1034
0:0:0:0:0:0:0:1 - - [17/Jun/2020:12:05:59 +0530] "GET /usermanagement/fonts/glyphicons-halflings-regular.ttf HTTP/1.1" 401 1034
0:0:0:0:0:0:0:1 - - [17/Jun/2020:12:06:00 +0530] "GET /usermanagement/css/bootstrap.min.css.map HTTP/1.1" 200 542194
0:0:0:0:0:0:0:1 - - [17/Jun/2020:12:06:00 +0530] "GET /usermanagement/user/details HTTP/1.1" 401 1034
0:0:0:0:0:0:0:1 - - [17/Jun/2020:12:06:07 +0530] "GET /usermanagement/css/font-awesome/fonts/fontawesome-webfont.woff2?v=4.7.0 HTTP/1.1" 200 66624
0:0:0:0:0:0:0:1 - - [17/Jun/2020:12:06:07 +0530] "POST /usermanagement/auth/login HTTP/1.1" 200 258
0:0:0:0:0:0:0:1 - - [17/Jun/2020:12:06:08 +0530] "GET /usermanagement/user/details HTTP/1.1" 200 825
127.0.0.1 - - [17/Jun/2020:12:06:15 +0530] "GET /usermanagement/auth/validate HTTP/1.1" 200 71
127.0.0.1 - - [17/Jun/2020:12:06:17 +0530] "GET /usermanagement/user/details HTTP/1.1" 200 825
0:0:0:0:0:0:0:1 - - [17/Jun/2020:12:06:17 +0530] "GET /DirectDealing/api/customer/getLoggedInUserDetails HTTP/1.1" 200 1260
127.0.0.1 - - [17/Jun/2020:12:06:23 +0530] "GET /usermanagement/auth/validate HTTP/1.1" 200 71
0:0:0:0:0:0:0:1 - - [17/Jun/2020:12:06:23 +0530] "GET /DirectDealing/api/customer/getCustomerList?solId=72 HTTP/1.1" 200 11143
127.0.0.1 - - [17/Jun/2020:12:06:35 +0530] "GET /usermanagement/auth/validate HTTP/1.1" 200 71
0:0:0:0:0:0:0:1 - - [17/Jun/2020:12:06:35 +0530] "GET /DirectDealing/api/customer/getById/10021 HTTP/1.1" 200 1308
127.0.0.1 - - [17/Jun/2020:12:06:35 +0530] "GET /usermanagement/auth/validate HTTP/1.1" 200 71
0:0:0:0:0:0:0:1 - - [17/Jun/2020:12:06:35 +0530] "GET /DirectDealing/api/staticlov/getCurrencyAndProductLovs HTTP/1.1" 200 1231
127.0.0.1 - - [17/Jun/2020:12:07:59 +0530] "GET /usermanagement/auth/validate HTTP/1.1" 200 71
127.0.0.1 - - [17/Jun/2020:12:08:00 +0530] "GET /usermanagement/auth/validate HTTP/1.1" 200 71
0:0:0:0:0:0:0:1 - - [17/Jun/2020:12:08:00 +0530] "GET /DirectDealing/api/customer/getById/10021 HTTP/1.1" 200 1308
127.0.0.1 - - [17/Jun/2020:12:08:00 +0530] "GET /usermanagement/auth/validate HTTP/1.1" 200 71
0:0:0:0:0:0:0:1 - - [17/Jun/2020:12:08:00 +0530] "GET /DirectDealing/api/staticlov/getCurrencyAndProductLovs HTTP/1.1" 200 1231
127.0.0.1 - - [17/Jun/2020:12:08:01 +0530] "GET /usermanagement/user/details HTTP/1.1" 200 825
0:0:0:0:0:0:0:1 - - [17/Jun/2020:12:08:01 +0530] "GET /DirectDealing/api/customer/getLoggedInUserDetails HTTP/1.1" 200 1260
127.0.0.1 - - [17/Jun/2020:12:08:04 +0530] "GET /usermanagement/auth/validate HTTP/1.1" 200 71
127.0.0.1 - - [17/Jun/2020:12:08:05 +0530] "GET /usermanagement/user/details HTTP/1.1" 200 825
0:0:0:0:0:0:0:1 - - [17/Jun/2020:12:08:05 +0530] "GET /DirectDealing/api/customer/getLoggedInUserDetails HTTP/1.1" 200 1260
127.0.0.1 - - [17/Jun/2020:12:08:11 +0530] "GET /usermanagement/auth/validate HTTP/1.1" 200 71
0:0:0:0:0:0:0:1 - - [17/Jun/2020:12:08:11 +0530] "GET /DirectDealing/api/customer/getCustomerList?solId=72 HTTP/1.1" 200 11143
127.0.0.1 - - [17/Jun/2020:12:08:18 +0530] "GET /usermanagement/auth/validate HTTP/1.1" 200 71
0:0:0:0:0:0:0:1 - - [17/Jun/2020:12:08:18 +0530] "GET /DirectDealing/api/customer/getById/10021 HTTP/1.1" 200 1308
127.0.0.1 - - [17/Jun/2020:12:08:19 +0530] "GET /usermanagement/auth/validate HTTP/1.1" 200 71
0:0:0:0:0:0:0:1 - - [17/Jun/2020:12:08:19 +0530] "GET /DirectDealing/api/staticlov/getCurrencyAndProductLovs HTTP/1.1" 200 1231
127.0.0.1 - - [17/Jun/2020:12:12:23 +0530] "GET /usermanagement/auth/validate HTTP/1.1" 401 1034
0:0:0:0:0:0:0:1 - - [17/Jun/2020:12:12:23 +0530] "GET /DirectDealing/api/customer/getLoggedInUserDetails HTTP/1.1" 401 1030
0:0:0:0:0:0:0:1 - - [17/Jun/2020:12:12:23 +0530] "GET /usermanagement/lclog.html HTTP/1.1" 200 3549
0:0:0:0:0:0:0:1 - - [17/Jun/2020:12:12:23 +0530] "GET /usermanagement/js/jquery-val.js HTTP/1.1" 200 50278
0:0:0:0:0:0:0:1 - - [17/Jun/2020:12:12:23 +0530] "GET /usermanagement/css/bootstrap.min.css HTTP/1.1" 200 138609
0:0:0:0:0:0:0:1 - - [17/Jun/2020:12:12:23 +0530] "GET /usermanagement/js/jquery.min.js HTTP/1.1" 200 85593
0:0:0:0:0:0:0:1 - - [17/Jun/2020:12:12:23 +0530] "GET /usermanagement/js/pan.js HTTP/1.1" 200 13247
0:0:0:0:0:0:0:1 - - [17/Jun/2020:12:12:23 +0530] "GET /usermanagement/css/font-awesome/css/font-awesome.css HTTP/1.1" 200 31002
0:0:0:0:0:0:0:1 - - [17/Jun/2020:12:12:23 +0530] "GET /usermanagement/js/bootstrap.min.js HTTP/1.1" 200 37045
0:0:0:0:0:0:0:1 - - [17/Jun/2020:12:12:23 +0530] "GET /usermanagement/js/logger.js HTTP/1.1" 200 7430
0:0:0:0:0:0:0:1 - - [17/Jun/2020:12:12:23 +0530] "GET /usermanagement/assets/img/axis-bar.png HTTP/1.1" 200 32976
0:0:0:0:0:0:0:1 - - [17/Jun/2020:12:12:24 +0530] "GET /usermanagement/fonts/glyphicons-halflings-regular.woff2 HTTP/1.1" 401 1034
0:0:0:0:0:0:0:1 - - [17/Jun/2020:12:12:24 +0530] "GET /usermanagement/fonts/glyphicons-halflings-regular.woff HTTP/1.1" 401 1034
0:0:0:0:0:0:0:1 - - [17/Jun/2020:12:12:24 +0530] "GET /usermanagement/fonts/glyphicons-halflings-regular.ttf HTTP/1.1" 401 1034
0:0:0:0:0:0:0:1 - - [17/Jun/2020:12:12:24 +0530] "GET /usermanagement/css/bootstrap.min.css.map HTTP/1.1" 200 542194
0:0:0:0:0:0:0:1 - - [17/Jun/2020:12:12:24 +0530] "GET /usermanagement/user/details HTTP/1.1" 401 1034
0:0:0:0:0:0:0:1 - - [17/Jun/2020:12:12:33 +0530] "GET /usermanagement/css/font-awesome/fonts/fontawesome-webfont.woff2?v=4.7.0 HTTP/1.1" 200 66624
0:0:0:0:0:0:0:1 - - [17/Jun/2020:12:12:33 +0530] "POST /usermanagement/auth/login HTTP/1.1" 200 258
0:0:0:0:0:0:0:1 - - [17/Jun/2020:12:12:35 +0530] "GET /usermanagement/user/details HTTP/1.1" 200 825
127.0.0.1 - - [17/Jun/2020:12:12:44 +0530] "GET /usermanagement/auth/validate HTTP/1.1" 200 71
127.0.0.1 - - [17/Jun/2020:12:12:45 +0530] "GET /usermanagement/user/details HTTP/1.1" 200 825
0:0:0:0:0:0:0:1 - - [17/Jun/2020:12:12:45 +0530] "GET /DirectDealing/api/customer/getLoggedInUserDetails HTTP/1.1" 200 1260
127.0.0.1 - - [17/Jun/2020:12:12:49 +0530] "GET /usermanagement/auth/validate HTTP/1.1" 200 71
0:0:0:0:0:0:0:1 - - [17/Jun/2020:12:12:49 +0530] "GET /DirectDealing/api/customer/getCustomerList?solId=72 HTTP/1.1" 200 11143
127.0.0.1 - - [17/Jun/2020:12:12:58 +0530] "GET /usermanagement/auth/validate HTTP/1.1" 200 71
0:0:0:0:0:0:0:1 - - [17/Jun/2020:12:12:58 +0530] "GET /DirectDealing/api/customer/getById/10021 HTTP/1.1" 200 1308
127.0.0.1 - - [17/Jun/2020:12:12:58 +0530] "GET /usermanagement/auth/validate HTTP/1.1" 200 71
0:0:0:0:0:0:0:1 - - [17/Jun/2020:12:12:58 +0530] "GET /DirectDealing/api/staticlov/getCurrencyAndProductLovs HTTP/1.1" 200 1231
127.0.0.1 - - [17/Jun/2020:12:14:02 +0530] "GET /usermanagement/auth/validate HTTP/1.1" 200 71
127.0.0.1 - - [17/Jun/2020:12:14:04 +0530] "GET /usermanagement/user/details HTTP/1.1" 200 825
0:0:0:0:0:0:0:1 - - [17/Jun/2020:12:14:04 +0530] "GET /DirectDealing/api/customer/getLoggedInUserDetails HTTP/1.1" 200 1260
127.0.0.1 - - [17/Jun/2020:12:14:09 +0530] "GET /usermanagement/auth/validate HTTP/1.1" 200 71
0:0:0:0:0:0:0:1 - - [17/Jun/2020:12:14:09 +0530] "GET /DirectDealing/api/customer/getCustomerList?solId=72 HTTP/1.1" 200 11143
127.0.0.1 - - [17/Jun/2020:12:14:16 +0530] "GET /usermanagement/auth/validate HTTP/1.1" 200 71
0:0:0:0:0:0:0:1 - - [17/Jun/2020:12:14:16 +0530] "GET /DirectDealing/api/customer/getById/10021 HTTP/1.1" 200 1308
127.0.0.1 - - [17/Jun/2020:12:14:16 +0530] "GET /usermanagement/auth/validate HTTP/1.1" 200 71
0:0:0:0:0:0:0:1 - - [17/Jun/2020:12:14:16 +0530] "GET /DirectDealing/api/staticlov/getCurrencyAndProductLovs HTTP/1.1" 200 1231
127.0.0.1 - - [17/Jun/2020:12:17:08 +0530] "GET /usermanagement/auth/validate HTTP/1.1" 200 71
127.0.0.1 - - [17/Jun/2020:12:17:08 +0530] "GET /usermanagement/auth/validate HTTP/1.1" 200 71
0:0:0:0:0:0:0:1 - - [17/Jun/2020:12:17:08 +0530] "GET /DirectDealing/api/customer/getById/10021 HTTP/1.1" 200 1308
127.0.0.1 - - [17/Jun/2020:12:17:09 +0530] "GET /usermanagement/auth/validate HTTP/1.1" 200 71
0:0:0:0:0:0:0:1 - - [17/Jun/2020:12:17:09 +0530] "GET /DirectDealing/api/staticlov/getCurrencyAndProductLovs HTTP/1.1" 200 1231
127.0.0.1 - - [17/Jun/2020:12:17:09 +0530] "GET /usermanagement/user/details HTTP/1.1" 200 825
0:0:0:0:0:0:0:1 - - [17/Jun/2020:12:17:09 +0530] "GET /DirectDealing/api/customer/getLoggedInUserDetails HTTP/1.1" 200 1260
127.0.0.1 - - [17/Jun/2020:12:17:11 +0530] "GET /usermanagement/auth/validate HTTP/1.1" 200 71
127.0.0.1 - - [17/Jun/2020:12:17:13 +0530] "GET /usermanagement/user/details HTTP/1.1" 200 825
0:0:0:0:0:0:0:1 - - [17/Jun/2020:12:17:13 +0530] "GET /DirectDealing/api/customer/getLoggedInUserDetails HTTP/1.1" 200 1260
127.0.0.1 - - [17/Jun/2020:12:17:16 +0530] "GET /usermanagement/auth/validate HTTP/1.1" 200 71
0:0:0:0:0:0:0:1 - - [17/Jun/2020:12:17:16 +0530] "GET /DirectDealing/api/customer/getCustomerList?solId=72 HTTP/1.1" 200 11143
127.0.0.1 - - [17/Jun/2020:12:17:22 +0530] "GET /usermanagement/auth/validate HTTP/1.1" 200 71
0:0:0:0:0:0:0:1 - - [17/Jun/2020:12:17:22 +0530] "GET /DirectDealing/api/staticlov/getCurrencyAndProductLovs HTTP/1.1" 200 1231
127.0.0.1 - - [17/Jun/2020:12:17:22 +0530] "GET /usermanagement/auth/validate HTTP/1.1" 200 71
0:0:0:0:0:0:0:1 - - [17/Jun/2020:12:17:22 +0530] "GET /DirectDealing/api/customer/getById/10021 HTTP/1.1" 200 1308
127.0.0.1 - - [17/Jun/2020:12:18:41 +0530] "GET /usermanagement/auth/validate HTTP/1.1" 200 71
127.0.0.1 - - [17/Jun/2020:12:18:41 +0530] "GET /usermanagement/auth/validate HTTP/1.1" 200 71
0:0:0:0:0:0:0:1 - - [17/Jun/2020:12:18:41 +0530] "GET /DirectDealing/api/customer/getById/10021 HTTP/1.1" 200 1308
127.0.0.1 - - [17/Jun/2020:12:18:42 +0530] "GET /usermanagement/auth/validate HTTP/1.1" 200 71
0:0:0:0:0:0:0:1 - - [17/Jun/2020:12:18:42 +0530] "GET /DirectDealing/api/staticlov/getCurrencyAndProductLovs HTTP/1.1" 200 1231
127.0.0.1 - - [17/Jun/2020:12:18:43 +0530] "GET /usermanagement/user/details HTTP/1.1" 200 825
0:0:0:0:0:0:0:1 - - [17/Jun/2020:12:18:43 +0530] "GET /DirectDealing/api/customer/getLoggedInUserDetails HTTP/1.1" 200 1260
127.0.0.1 - - [17/Jun/2020:12:19:27 +0530] "GET /usermanagement/auth/validate HTTP/1.1" 200 71
127.0.0.1 - - [17/Jun/2020:12:19:27 +0530] "GET /usermanagement/auth/validate HTTP/1.1" 200 71
0:0:0:0:0:0:0:1 - - [17/Jun/2020:12:19:27 +0530] "GET /DirectDealing/api/customer/getById/10021 HTTP/1.1" 200 1308
127.0.0.1 - - [17/Jun/2020:12:19:28 +0530] "GET /usermanagement/auth/validate HTTP/1.1" 200 71
0:0:0:0:0:0:0:1 - - [17/Jun/2020:12:19:28 +0530] "GET /DirectDealing/api/staticlov/getCurrencyAndProductLovs HTTP/1.1" 200 1231
127.0.0.1 - - [17/Jun/2020:12:19:29 +0530] "GET /usermanagement/user/details HTTP/1.1" 200 825
0:0:0:0:0:0:0:1 - - [17/Jun/2020:12:19:29 +0530] "GET /DirectDealing/api/customer/getLoggedInUserDetails HTTP/1.1" 200 1260
127.0.0.1 - - [17/Jun/2020:12:19:42 +0530] "GET /usermanagement/auth/validate HTTP/1.1" 200 71
127.0.0.1 - - [17/Jun/2020:12:19:43 +0530] "GET /usermanagement/user/details HTTP/1.1" 200 825
0:0:0:0:0:0:0:1 - - [17/Jun/2020:12:19:43 +0530] "GET /DirectDealing/api/customer/getLoggedInUserDetails HTTP/1.1" 200 1260
127.0.0.1 - - [17/Jun/2020:12:19:54 +0530] "GET /usermanagement/auth/validate HTTP/1.1" 200 71
0:0:0:0:0:0:0:1 - - [17/Jun/2020:12:19:54 +0530] "GET /DirectDealing/api/customer/getCustomerList?solId=72 HTTP/1.1" 200 11143
127.0.0.1 - - [17/Jun/2020:12:20:02 +0530] "GET /usermanagement/auth/validate HTTP/1.1" 200 71
0:0:0:0:0:0:0:1 - - [17/Jun/2020:12:20:02 +0530] "GET /DirectDealing/api/customer/getById/10021 HTTP/1.1" 200 1308
127.0.0.1 - - [17/Jun/2020:12:20:02 +0530] "GET /usermanagement/auth/validate HTTP/1.1" 200 71
0:0:0:0:0:0:0:1 - - [17/Jun/2020:12:20:02 +0530] "GET /DirectDealing/api/staticlov/getCurrencyAndProductLovs HTTP/1.1" 200 1231
127.0.0.1 - - [17/Jun/2020:12:20:58 +0530] "GET /usermanagement/auth/validate HTTP/1.1" 200 71
127.0.0.1 - - [17/Jun/2020:12:20:59 +0530] "GET /usermanagement/auth/validate HTTP/1.1" 200 71
0:0:0:0:0:0:0:1 - - [17/Jun/2020:12:20:59 +0530] "GET /DirectDealing/api/customer/getById/10021 HTTP/1.1" 200 1308
127.0.0.1 - - [17/Jun/2020:12:20:59 +0530] "GET /usermanagement/user/details HTTP/1.1" 200 825
0:0:0:0:0:0:0:1 - - [17/Jun/2020:12:20:59 +0530] "GET /DirectDealing/api/customer/getLoggedInUserDetails HTTP/1.1" 200 1260
127.0.0.1 - - [17/Jun/2020:12:20:59 +0530] "GET /usermanagement/auth/validate HTTP/1.1" 200 71
0:0:0:0:0:0:0:1 - - [17/Jun/2020:12:21:00 +0530] "GET /DirectDealing/api/staticlov/getCurrencyAndProductLovs HTTP/1.1" 200 1231
127.0.0.1 - - [17/Jun/2020:12:21:46 +0530] "GET /usermanagement/auth/validate HTTP/1.1" 200 71
127.0.0.1 - - [17/Jun/2020:12:21:47 +0530] "GET /usermanagement/auth/validate HTTP/1.1" 200 71
0:0:0:0:0:0:0:1 - - [17/Jun/2020:12:21:47 +0530] "GET /DirectDealing/api/customer/getById/10021 HTTP/1.1" 200 1308
127.0.0.1 - - [17/Jun/2020:12:21:47 +0530] "GET /usermanagement/auth/validate HTTP/1.1" 200 71
0:0:0:0:0:0:0:1 - - [17/Jun/2020:12:21:47 +0530] "GET /DirectDealing/api/staticlov/getCurrencyAndProductLovs HTTP/1.1" 200 1231
127.0.0.1 - - [17/Jun/2020:12:21:48 +0530] "GET /usermanagement/user/details HTTP/1.1" 200 825
0:0:0:0:0:0:0:1 - - [17/Jun/2020:12:21:48 +0530] "GET /DirectDealing/api/customer/getLoggedInUserDetails HTTP/1.1" 200 1260
127.0.0.1 - - [17/Jun/2020:12:22:25 +0530] "GET /usermanagement/auth/validate HTTP/1.1" 200 71
0:0:0:0:0:0:0:1 - - [17/Jun/2020:12:22:25 +0530] "GET /DirectDealing/api/customer/getCustomerList?solId=72 HTTP/1.1" 200 11143
127.0.0.1 - - [17/Jun/2020:12:22:36 +0530] "GET /usermanagement/auth/validate HTTP/1.1" 200 71
127.0.0.1 - - [17/Jun/2020:12:22:36 +0530] "GET /usermanagement/auth/validate HTTP/1.1" 200 71
0:0:0:0:0:0:0:1 - - [17/Jun/2020:12:22:36 +0530] "GET /DirectDealing/api/customer/getCustomerList?solId=undefined HTTP/1.1" 200 492
127.0.0.1 - - [17/Jun/2020:12:22:38 +0530] "GET /usermanagement/user/details HTTP/1.1" 200 825
0:0:0:0:0:0:0:1 - - [17/Jun/2020:12:22:38 +0530] "GET /DirectDealing/api/customer/getLoggedInUserDetails HTTP/1.1" 200 1260
127.0.0.1 - - [17/Jun/2020:12:22:39 +0530] "GET /usermanagement/auth/validate HTTP/1.1" 200 71
127.0.0.1 - - [17/Jun/2020:12:22:40 +0530] "GET /usermanagement/user/details HTTP/1.1" 200 825
0:0:0:0:0:0:0:1 - - [17/Jun/2020:12:22:40 +0530] "GET /DirectDealing/api/customer/getLoggedInUserDetails HTTP/1.1" 200 1260
127.0.0.1 - - [17/Jun/2020:12:22:44 +0530] "GET /usermanagement/auth/validate HTTP/1.1" 200 71
0:0:0:0:0:0:0:1 - - [17/Jun/2020:12:22:44 +0530] "GET /DirectDealing/api/customer/getCustomerList?solId=72 HTTP/1.1" 200 11143
127.0.0.1 - - [17/Jun/2020:12:22:50 +0530] "GET /usermanagement/auth/validate HTTP/1.1" 200 71
0:0:0:0:0:0:0:1 - - [17/Jun/2020:12:22:50 +0530] "GET /DirectDealing/api/customer/getById/10021 HTTP/1.1" 200 1308
127.0.0.1 - - [17/Jun/2020:12:22:51 +0530] "GET /usermanagement/auth/validate HTTP/1.1" 200 71
0:0:0:0:0:0:0:1 - - [17/Jun/2020:12:22:51 +0530] "GET /DirectDealing/api/staticlov/getCurrencyAndProductLovs HTTP/1.1" 200 1231
127.0.0.1 - - [17/Jun/2020:12:24:27 +0530] "GET /usermanagement/auth/validate HTTP/1.1" 200 71
127.0.0.1 - - [17/Jun/2020:12:24:29 +0530] "GET /usermanagement/user/details HTTP/1.1" 200 825
0:0:0:0:0:0:0:1 - - [17/Jun/2020:12:24:29 +0530] "GET /DirectDealing/api/customer/getLoggedInUserDetails HTTP/1.1" 200 1260
127.0.0.1 - - [17/Jun/2020:12:24:39 +0530] "GET /usermanagement/auth/validate HTTP/1.1" 200 71
0:0:0:0:0:0:0:1 - - [17/Jun/2020:12:24:39 +0530] "GET /DirectDealing/api/customer/getCustomerList?solId=72 HTTP/1.1" 200 11143
127.0.0.1 - - [17/Jun/2020:12:24:46 +0530] "GET /usermanagement/auth/validate HTTP/1.1" 200 71
0:0:0:0:0:0:0:1 - - [17/Jun/2020:12:24:46 +0530] "GET /DirectDealing/api/customer/getById/10021 HTTP/1.1" 200 1308
127.0.0.1 - - [17/Jun/2020:12:24:46 +0530] "GET /usermanagement/auth/validate HTTP/1.1" 200 71
0:0:0:0:0:0:0:1 - - [17/Jun/2020:12:24:46 +0530] "GET /DirectDealing/api/staticlov/getCurrencyAndProductLovs HTTP/1.1" 200 1231
127.0.0.1 - - [17/Jun/2020:12:25:27 +0530] "GET /usermanagement/auth/validate HTTP/1.1" 200 71
127.0.0.1 - - [17/Jun/2020:12:25:28 +0530] "GET /usermanagement/auth/validate HTTP/1.1" 200 71
0:0:0:0:0:0:0:1 - - [17/Jun/2020:12:25:28 +0530] "GET /DirectDealing/api/customer/getById/10021 HTTP/1.1" 200 1308
127.0.0.1 - - [17/Jun/2020:12:25:28 +0530] "GET /usermanagement/user/details HTTP/1.1" 200 825
0:0:0:0:0:0:0:1 - - [17/Jun/2020:12:25:28 +0530] "GET /DirectDealing/api/customer/getLoggedInUserDetails HTTP/1.1" 200 1260
127.0.0.1 - - [17/Jun/2020:12:25:28 +0530] "GET /usermanagement/auth/validate HTTP/1.1" 200 71
0:0:0:0:0:0:0:1 - - [17/Jun/2020:12:25:28 +0530] "GET /DirectDealing/api/staticlov/getCurrencyAndProductLovs HTTP/1.1" 200 1231
127.0.0.1 - - [17/Jun/2020:12:26:01 +0530] "GET /usermanagement/auth/validate HTTP/1.1" 200 71
0:0:0:0:0:0:0:1 - - [17/Jun/2020:12:26:01 +0530] "GET /DirectDealing/api/customer/getCustomerList?solId=72 HTTP/1.1" 200 11143
127.0.0.1 - - [17/Jun/2020:12:26:06 +0530] "GET /usermanagement/auth/validate HTTP/1.1" 200 71
0:0:0:0:0:0:0:1 - - [17/Jun/2020:12:26:06 +0530] "GET /DirectDealing/api/customer/getById/10025 HTTP/1.1" 200 1313
127.0.0.1 - - [17/Jun/2020:12:26:06 +0530] "GET /usermanagement/auth/validate HTTP/1.1" 200 71
0:0:0:0:0:0:0:1 - - [17/Jun/2020:12:26:06 +0530] "GET /DirectDealing/api/staticlov/getCurrencyAndProductLovs HTTP/1.1" 200 1231
127.0.0.1 - - [17/Jun/2020:12:26:30 +0530] "GET /usermanagement/auth/validate HTTP/1.1" 200 71
127.0.0.1 - - [17/Jun/2020:12:26:31 +0530] "POST /usermanagement/user/logout HTTP/1.1" 200 86982
0:0:0:0:0:0:0:1 - - [17/Jun/2020:12:26:31 +0530] "POST /DirectDealing/api/customer/logoutUser HTTP/1.1" 200 60
0:0:0:0:0:0:0:1 - - [17/Jun/2020:12:26:31 +0530] "GET /usermanagement/lclog.html HTTP/1.1" 200 3549
0:0:0:0:0:0:0:1 - - [17/Jun/2020:12:26:31 +0530] "GET /usermanagement/js/jquery-val.js HTTP/1.1" 200 50278
0:0:0:0:0:0:0:1 - - [17/Jun/2020:12:26:31 +0530] "GET /usermanagement/js/jquery.min.js HTTP/1.1" 200 85593
0:0:0:0:0:0:0:1 - - [17/Jun/2020:12:26:31 +0530] "GET /usermanagement/css/bootstrap.min.css HTTP/1.1" 200 138609
0:0:0:0:0:0:0:1 - - [17/Jun/2020:12:26:31 +0530] "GET /usermanagement/js/pan.js HTTP/1.1" 200 13247
0:0:0:0:0:0:0:1 - - [17/Jun/2020:12:26:31 +0530] "GET /usermanagement/js/bootstrap.min.js HTTP/1.1" 200 37045
0:0:0:0:0:0:0:1 - - [17/Jun/2020:12:26:31 +0530] "GET /usermanagement/css/font-awesome/css/font-awesome.css HTTP/1.1" 200 31002
0:0:0:0:0:0:0:1 - - [17/Jun/2020:12:26:31 +0530] "GET /usermanagement/js/logger.js HTTP/1.1" 200 7430
0:0:0:0:0:0:0:1 - - [17/Jun/2020:12:26:31 +0530] "GET /usermanagement/assets/img/axis-bar.png HTTP/1.1" 200 32976
0:0:0:0:0:0:0:1 - - [17/Jun/2020:12:26:32 +0530] "GET /usermanagement/fonts/glyphicons-halflings-regular.woff2 HTTP/1.1" 401 1034
0:0:0:0:0:0:0:1 - - [17/Jun/2020:12:26:32 +0530] "GET /usermanagement/fonts/glyphicons-halflings-regular.woff HTTP/1.1" 401 1034
0:0:0:0:0:0:0:1 - - [17/Jun/2020:12:26:32 +0530] "GET /usermanagement/fonts/glyphicons-halflings-regular.ttf HTTP/1.1" 401 1034
0:0:0:0:0:0:0:1 - - [17/Jun/2020:12:26:33 +0530] "GET /usermanagement/user/details HTTP/1.1" 200 825
0:0:0:0:0:0:0:1 - - [17/Jun/2020:12:26:45 +0530] "GET /usermanagement/css/font-awesome/css/font-awesome.css HTTP/1.1" 200 31002
0:0:0:0:0:0:0:1 - - [17/Jun/2020:12:26:45 +0530] "GET /usermanagement/css/bootstrap.min.css HTTP/1.1" 200 138609
0:0:0:0:0:0:0:1 - - [17/Jun/2020:12:26:45 +0530] "GET /usermanagement/css/bootstrap.min.css.map HTTP/1.1" 200 542194
127.0.0.1 - - [17/Jun/2020:12:27:00 +0530] "GET /usermanagement/auth/validate HTTP/1.1" 200 71
127.0.0.1 - - [17/Jun/2020:12:27:01 +0530] "GET /usermanagement/user/details HTTP/1.1" 200 825
0:0:0:0:0:0:0:1 - - [17/Jun/2020:12:27:01 +0530] "GET /DirectDealing/api/customer/getLoggedInUserDetails HTTP/1.1" 200 1260
127.0.0.1 - - [17/Jun/2020:12:27:13 +0530] "GET /usermanagement/auth/validate HTTP/1.1" 200 71
0:0:0:0:0:0:0:1 - - [17/Jun/2020:12:27:13 +0530] "GET /DirectDealing/api/customer/getCustomerList?solId=72 HTTP/1.1" 200 11143
127.0.0.1 - - [17/Jun/2020:12:27:22 +0530] "GET /usermanagement/auth/validate HTTP/1.1" 200 71
127.0.0.1 - - [17/Jun/2020:12:27:23 +0530] "POST /usermanagement/user/logout HTTP/1.1" 200 86982
0:0:0:0:0:0:0:1 - - [17/Jun/2020:12:27:23 +0530] "POST /DirectDealing/api/customer/logoutUser HTTP/1.1" 200 60
0:0:0:0:0:0:0:1 - - [17/Jun/2020:12:27:57 +0530] "GET /usermanagement/lclog.html HTTP/1.1" 200 3549
0:0:0:0:0:0:0:1 - - [17/Jun/2020:12:27:57 +0530] "GET /usermanagement/css/bootstrap.min.css HTTP/1.1" 200 138609
0:0:0:0:0:0:0:1 - - [17/Jun/2020:12:27:57 +0530] "GET /usermanagement/js/jquery.min.js HTTP/1.1" 200 85593
0:0:0:0:0:0:0:1 - - [17/Jun/2020:12:27:57 +0530] "GET /usermanagement/js/pan.js HTTP/1.1" 200 13247
0:0:0:0:0:0:0:1 - - [17/Jun/2020:12:27:57 +0530] "GET /usermanagement/js/jquery-val.js HTTP/1.1" 200 50278
0:0:0:0:0:0:0:1 - - [17/Jun/2020:12:27:57 +0530] "GET /usermanagement/css/font-awesome/css/font-awesome.css HTTP/1.1" 200 31002
0:0:0:0:0:0:0:1 - - [17/Jun/2020:12:27:57 +0530] "GET /usermanagement/js/bootstrap.min.js HTTP/1.1" 200 37045
0:0:0:0:0:0:0:1 - - [17/Jun/2020:12:27:57 +0530] "GET /usermanagement/js/logger.js HTTP/1.1" 200 7430
0:0:0:0:0:0:0:1 - - [17/Jun/2020:12:27:57 +0530] "GET /usermanagement/assets/img/axis-bar.png HTTP/1.1" 200 32976
0:0:0:0:0:0:0:1 - - [17/Jun/2020:12:27:57 +0530] "GET /usermanagement/fonts/glyphicons-halflings-regular.woff2 HTTP/1.1" 401 1034
0:0:0:0:0:0:0:1 - - [17/Jun/2020:12:27:57 +0530] "GET /usermanagement/fonts/glyphicons-halflings-regular.woff HTTP/1.1" 401 1034
0:0:0:0:0:0:0:1 - - [17/Jun/2020:12:27:57 +0530] "GET /usermanagement/fonts/glyphicons-halflings-regular.ttf HTTP/1.1" 401 1034
0:0:0:0:0:0:0:1 - - [17/Jun/2020:12:27:57 +0530] "GET /usermanagement/css/bootstrap.min.css.map HTTP/1.1" 200 542194
0:0:0:0:0:0:0:1 - - [17/Jun/2020:12:28:05 +0530] "GET /usermanagement/css/font-awesome/fonts/fontawesome-webfont.woff2?v=4.7.0 HTTP/1.1" 200 66624
0:0:0:0:0:0:0:1 - - [17/Jun/2020:12:28:06 +0530] "POST /usermanagement/auth/login HTTP/1.1" 200 258
