127.0.0.1 - - [20/Mar/2020:17:03:29 +0530] "GET /DealConsolidationPlatform/api/validate HTTP/1.1" 200 79
127.0.0.1 - - [20/Mar/2020:17:03:29 +0530] "GET /DealConsolidationPlatform/api/users/getUserDetails HTTP/1.1" 200 7387
0:0:0:0:0:0:0:1 - - [20/Mar/2020:17:03:30 +0530] "GET /IPA/api/viewRequest?pageNumber=4&pageSize=10 HTTP/1.1" 200 1611
127.0.0.1 - - [20/Mar/2020:17:03:32 +0530] "GET /DealConsolidationPlatform/api/validate HTTP/1.1" 200 79
127.0.0.1 - - [20/Mar/2020:17:03:32 +0530] "GET /DealConsolidationPlatform/api/users/getUserDetails HTTP/1.1" 200 7387
0:0:0:0:0:0:0:1 - - [20/Mar/2020:17:03:33 +0530] "GET /IPA/api/viewRequest?pageNumber=5&pageSize=10 HTTP/1.1" 200 91
127.0.0.1 - - [20/Mar/2020:17:03:34 +0530] "GET /DealConsolidationPlatform/api/validate HTTP/1.1" 200 79
127.0.0.1 - - [20/Mar/2020:17:03:34 +0530] "GET /DealConsolidationPlatform/api/users/getUserDetails HTTP/1.1" 200 7387
0:0:0:0:0:0:0:1 - - [20/Mar/2020:17:03:36 +0530] "GET /IPA/api/viewRequest?pageNumber=1&pageSize=10 HTTP/1.1" 200 5570
127.0.0.1 - - [20/Mar/2020:17:03:50 +0530] "GET /DealConsolidationPlatform/api/validate HTTP/1.1" 200 79
127.0.0.1 - - [20/Mar/2020:17:03:50 +0530] "GET /DealConsolidationPlatform/api/validate HTTP/1.1" 200 79
0:0:0:0:0:0:0:1 - - [20/Mar/2020:17:03:51 +0530] "GET /IPA/api/getIndustryType HTTP/1.1" 200 827
0:0:0:0:0:0:0:1 - - [20/Mar/2020:17:03:51 +0530] "GET /IPA/api/getIssuerCategory HTTP/1.1" 200 1552
127.0.0.1 - - [20/Mar/2020:17:03:57 +0530] "GET /DealConsolidationPlatform/api/validate HTTP/1.1" 200 79
0:0:0:0:0:0:0:1 - - [20/Mar/2020:17:04:04 +0530] "GET /IPA/api/viewAllTranche?customerId=&isinNumber=&pageNumber=1&pageSize=10 HTTP/1.1" 200 71072
127.0.0.1 - - [20/Mar/2020:17:04:18 +0530] "GET /DealConsolidationPlatform/api/validate HTTP/1.1" 200 79
127.0.0.1 - - [20/Mar/2020:17:04:18 +0530] "GET /DealConsolidationPlatform/api/validate HTTP/1.1" 200 79
127.0.0.1 - - [20/Mar/2020:17:04:18 +0530] "GET /DealConsolidationPlatform/api/validate HTTP/1.1" 200 79
0:0:0:0:0:0:0:1 - - [20/Mar/2020:17:04:19 +0530] "GET /IPA/api/getIndustryType HTTP/1.1" 200 827
0:0:0:0:0:0:0:1 - - [20/Mar/2020:17:04:20 +0530] "GET /IPA/api/getIssuerCategory HTTP/1.1" 200 1552
0:0:0:0:0:0:0:1 - - [20/Mar/2020:17:04:22 +0530] "POST /IPA/api/getRatingsDetailsByCPAndTrancheId?cpId=2946&trancheId=9445 HTTP/1.1" 200 19289
127.0.0.1 - - [20/Mar/2020:17:05:08 +0530] "GET /DealConsolidationPlatform/api/validate HTTP/1.1" 200 79
127.0.0.1 - - [20/Mar/2020:17:05:08 +0530] "GET /DealConsolidationPlatform/api/validate HTTP/1.1" 200 79
0:0:0:0:0:0:0:1 - - [20/Mar/2020:17:05:08 +0530] "GET /IPA/api/getIndustryType HTTP/1.1" 200 827
0:0:0:0:0:0:0:1 - - [20/Mar/2020:17:05:09 +0530] "GET /IPA/api/getIssuerCategory HTTP/1.1" 200 1552
127.0.0.1 - - [20/Mar/2020:17:05:10 +0530] "GET /DealConsolidationPlatform/api/validate HTTP/1.1" 200 79
0:0:0:0:0:0:0:1 - - [20/Mar/2020:17:05:22 +0530] "GET /IPA/api/viewAllTranche?customerId=&isinNumber=&pageNumber=1&pageSize=10 HTTP/1.1" 200 71072
127.0.0.1 - - [20/Mar/2020:17:05:33 +0530] "GET /DealConsolidationPlatform/api/validate HTTP/1.1" 200 79
127.0.0.1 - - [20/Mar/2020:17:05:33 +0530] "GET /DealConsolidationPlatform/api/validate HTTP/1.1" 200 79
127.0.0.1 - - [20/Mar/2020:17:05:33 +0530] "GET /DealConsolidationPlatform/api/validate HTTP/1.1" 200 79
0:0:0:0:0:0:0:1 - - [20/Mar/2020:17:05:34 +0530] "GET /IPA/api/getIndustryType HTTP/1.1" 200 827
0:0:0:0:0:0:0:1 - - [20/Mar/2020:17:05:34 +0530] "GET /IPA/api/getIssuerCategory HTTP/1.1" 200 1552
0:0:0:0:0:0:0:1 - - [20/Mar/2020:17:05:35 +0530] "POST /IPA/api/getRatingsDetailsByCPAndTrancheId?cpId=6956&trancheId=9444 HTTP/1.1" 200 8462
127.0.0.1 - - [20/Mar/2020:17:07:31 +0530] "GET /DealConsolidationPlatform/api/validate HTTP/1.1" 200 79
127.0.0.1 - - [20/Mar/2020:17:07:31 +0530] "GET /DealConsolidationPlatform/api/validate HTTP/1.1" 200 79
127.0.0.1 - - [20/Mar/2020:17:07:31 +0530] "GET /DealConsolidationPlatform/api/validate HTTP/1.1" 200 79
127.0.0.1 - - [20/Mar/2020:17:07:31 +0530] "GET /DealConsolidationPlatform/api/users/getUserDetails HTTP/1.1" 200 5987
0:0:0:0:0:0:0:1 - - [20/Mar/2020:17:07:31 +0530] "GET /IPA/api/getUserDetails HTTP/1.1" 200 5987
127.0.0.1 - - [20/Mar/2020:17:07:31 +0530] "GET /DealConsolidationPlatform/api/validate HTTP/1.1" 200 79
127.0.0.1 - - [20/Mar/2020:17:07:31 +0530] "GET /DealConsolidationPlatform/api/users/getUserDetails HTTP/1.1" 200 7387
0:0:0:0:0:0:0:1 - - [20/Mar/2020:17:07:31 +0530] "GET /IPA/api/getUserDetails HTTP/1.1" 200 7387
127.0.0.1 - - [20/Mar/2020:17:07:31 +0530] "GET /DealConsolidationPlatform/api/users/getUserDetails HTTP/1.1" 200 7387
127.0.0.1 - - [20/Mar/2020:17:07:31 +0530] "GET /DealConsolidationPlatform/api/users/getAllUsersId?userRole=ipa_checker HTTP/1.1" 200 26969
0:0:0:0:0:0:0:1 - - [20/Mar/2020:17:07:31 +0530] "GET /IPA/api/getAllCheckersId?userRole=ipa_checker HTTP/1.1" 200 26969
127.0.0.1 - - [20/Mar/2020:17:07:31 +0530] "GET /DealConsolidationPlatform/api/validate HTTP/1.1" 200 79
127.0.0.1 - - [20/Mar/2020:17:07:31 +0530] "GET /DealConsolidationPlatform/api/validate HTTP/1.1" 200 79
0:0:0:0:0:0:0:1 - - [20/Mar/2020:17:07:32 +0530] "GET /IPA/api/getIndustryType HTTP/1.1" 200 827
0:0:0:0:0:0:0:1 - - [20/Mar/2020:17:07:32 +0530] "GET /IPA/api/getIssuerCategory HTTP/1.1" 200 1552
0:0:0:0:0:0:0:1 - - [20/Mar/2020:17:07:33 +0530] "GET /IPA/api/viewRequest?pageNumber=1&pageSize=10 HTTP/1.1" 200 5570
127.0.0.1 - - [20/Mar/2020:17:07:35 +0530] "GET /DealConsolidationPlatform/api/validate HTTP/1.1" 200 79
0:0:0:0:0:0:0:1 - - [20/Mar/2020:17:07:46 +0530] "GET /IPA/api/viewAllTranche?customerId=&isinNumber=&pageNumber=1&pageSize=10 HTTP/1.1" 200 71072
127.0.0.1 - - [20/Mar/2020:17:07:54 +0530] "GET /DealConsolidationPlatform/api/validate HTTP/1.1" 200 79
127.0.0.1 - - [20/Mar/2020:17:07:54 +0530] "GET /DealConsolidationPlatform/api/validate HTTP/1.1" 200 79
127.0.0.1 - - [20/Mar/2020:17:07:54 +0530] "GET /DealConsolidationPlatform/api/validate HTTP/1.1" 200 79
0:0:0:0:0:0:0:1 - - [20/Mar/2020:17:07:55 +0530] "GET /IPA/api/getIndustryType HTTP/1.1" 200 827
0:0:0:0:0:0:0:1 - - [20/Mar/2020:17:07:56 +0530] "GET /IPA/api/getIssuerCategory HTTP/1.1" 200 1552
0:0:0:0:0:0:0:1 - - [20/Mar/2020:17:07:58 +0530] "POST /IPA/api/getRatingsDetailsByCPAndTrancheId?cpId=6956&trancheId=9444 HTTP/1.1" 200 8462
127.0.0.1 - - [20/Mar/2020:17:08:45 +0530] "GET /DealConsolidationPlatform/api/validate HTTP/1.1" 200 79
127.0.0.1 - - [20/Mar/2020:17:08:45 +0530] "GET /DealConsolidationPlatform/api/validate HTTP/1.1" 200 79
127.0.0.1 - - [20/Mar/2020:17:08:45 +0530] "GET /DealConsolidationPlatform/api/validate HTTP/1.1" 200 79
127.0.0.1 - - [20/Mar/2020:17:08:45 +0530] "GET /DealConsolidationPlatform/api/validate HTTP/1.1" 200 79
127.0.0.1 - - [20/Mar/2020:17:08:45 +0530] "GET /DealConsolidationPlatform/api/users/getUserDetails HTTP/1.1" 200 7387
0:0:0:0:0:0:0:1 - - [20/Mar/2020:17:08:45 +0530] "GET /IPA/api/getAllCheckersId?userRole=ipa_checker HTTP/1.1" 200 26969
127.0.0.1 - - [20/Mar/2020:17:08:45 +0530] "GET /DealConsolidationPlatform/api/users/getAllUsersId?userRole=ipa_checker HTTP/1.1" 200 26969
127.0.0.1 - - [20/Mar/2020:17:08:45 +0530] "GET /DealConsolidationPlatform/api/users/getUserDetails HTTP/1.1" 200 5987
0:0:0:0:0:0:0:1 - - [20/Mar/2020:17:08:45 +0530] "GET /IPA/api/getUserDetails HTTP/1.1" 200 5987
127.0.0.1 - - [20/Mar/2020:17:08:45 +0530] "GET /DealConsolidationPlatform/api/users/getUserDetails HTTP/1.1" 200 7387
0:0:0:0:0:0:0:1 - - [20/Mar/2020:17:08:45 +0530] "GET /IPA/api/getUserDetails HTTP/1.1" 200 7387
127.0.0.1 - - [20/Mar/2020:17:08:46 +0530] "GET /DealConsolidationPlatform/api/validate HTTP/1.1" 200 79
127.0.0.1 - - [20/Mar/2020:17:08:46 +0530] "GET /DealConsolidationPlatform/api/validate HTTP/1.1" 200 79
0:0:0:0:0:0:0:1 - - [20/Mar/2020:17:08:47 +0530] "GET /IPA/api/getIndustryType HTTP/1.1" 200 827
0:0:0:0:0:0:0:1 - - [20/Mar/2020:17:08:47 +0530] "GET /IPA/api/getIssuerCategory HTTP/1.1" 200 1552
0:0:0:0:0:0:0:1 - - [20/Mar/2020:17:08:47 +0530] "GET /IPA/api/viewRequest?pageNumber=1&pageSize=10 HTTP/1.1" 200 5570
127.0.0.1 - - [20/Mar/2020:17:08:56 +0530] "GET /DealConsolidationPlatform/api/validate HTTP/1.1" 200 79
127.0.0.1 - - [20/Mar/2020:17:08:56 +0530] "GET /DealConsolidationPlatform/api/validate HTTP/1.1" 200 79
127.0.0.1 - - [20/Mar/2020:17:08:56 +0530] "GET /DealConsolidationPlatform/api/users/getUserDetails HTTP/1.1" 200 7387
0:0:0:0:0:0:0:1 - - [20/Mar/2020:17:08:56 +0530] "GET /IPA/api/getUserDetails HTTP/1.1" 200 7387
127.0.0.1 - - [20/Mar/2020:17:08:56 +0530] "GET /DealConsolidationPlatform/api/validate HTTP/1.1" 200 79
127.0.0.1 - - [20/Mar/2020:17:08:56 +0530] "GET /DealConsolidationPlatform/api/users/getUserDetails HTTP/1.1" 200 5987
0:0:0:0:0:0:0:1 - - [20/Mar/2020:17:08:56 +0530] "GET /IPA/api/getUserDetails HTTP/1.1" 200 5987
127.0.0.1 - - [20/Mar/2020:17:08:56 +0530] "GET /DealConsolidationPlatform/api/users/getAllUsersId?userRole=ipa_checker HTTP/1.1" 200 26969
0:0:0:0:0:0:0:1 - - [20/Mar/2020:17:08:56 +0530] "GET /IPA/api/getAllCheckersId?userRole=ipa_checker HTTP/1.1" 200 26969
127.0.0.1 - - [20/Mar/2020:17:08:57 +0530] "GET /DealConsolidationPlatform/api/validate HTTP/1.1" 200 79
127.0.0.1 - - [20/Mar/2020:17:08:57 +0530] "GET /DealConsolidationPlatform/api/users/getUserDetails HTTP/1.1" 200 7387
127.0.0.1 - - [20/Mar/2020:17:08:58 +0530] "GET /DealConsolidationPlatform/api/validate HTTP/1.1" 200 79
127.0.0.1 - - [20/Mar/2020:17:08:58 +0530] "GET /DealConsolidationPlatform/api/validate HTTP/1.1" 200 79
0:0:0:0:0:0:0:1 - - [20/Mar/2020:17:08:58 +0530] "GET /IPA/api/getIndustryType HTTP/1.1" 200 827
0:0:0:0:0:0:0:1 - - [20/Mar/2020:17:08:58 +0530] "GET /IPA/api/getIssuerCategory HTTP/1.1" 200 1552
0:0:0:0:0:0:0:1 - - [20/Mar/2020:17:08:59 +0530] "GET /IPA/api/viewRequest?pageNumber=1&pageSize=10 HTTP/1.1" 200 5570
127.0.0.1 - - [20/Mar/2020:17:09:34 +0530] "GET /DealConsolidationPlatform/api/validate HTTP/1.1" 200 79
127.0.0.1 - - [20/Mar/2020:17:09:34 +0530] "GET /DealConsolidationPlatform/api/validate HTTP/1.1" 200 79
127.0.0.1 - - [20/Mar/2020:17:09:34 +0530] "GET /DealConsolidationPlatform/api/users/getUserDetails HTTP/1.1" 200 5987
0:0:0:0:0:0:0:1 - - [20/Mar/2020:17:09:34 +0530] "GET /IPA/api/getUserDetails HTTP/1.1" 200 5987
127.0.0.1 - - [20/Mar/2020:17:09:34 +0530] "GET /DealConsolidationPlatform/api/users/getUserDetails HTTP/1.1" 200 7387
0:0:0:0:0:0:0:1 - - [20/Mar/2020:17:09:34 +0530] "GET /IPA/api/getUserDetails HTTP/1.1" 200 7387
127.0.0.1 - - [20/Mar/2020:17:09:34 +0530] "GET /DealConsolidationPlatform/api/validate HTTP/1.1" 200 79
127.0.0.1 - - [20/Mar/2020:17:09:34 +0530] "GET /DealConsolidationPlatform/api/validate HTTP/1.1" 200 79
127.0.0.1 - - [20/Mar/2020:17:09:35 +0530] "GET /DealConsolidationPlatform/api/users/getUserDetails HTTP/1.1" 200 7387
127.0.0.1 - - [20/Mar/2020:17:09:35 +0530] "GET /DealConsolidationPlatform/api/users/getAllUsersId?userRole=ipa_checker HTTP/1.1" 200 26969
0:0:0:0:0:0:0:1 - - [20/Mar/2020:17:09:35 +0530] "GET /IPA/api/getAllCheckersId?userRole=ipa_checker HTTP/1.1" 200 26969
127.0.0.1 - - [20/Mar/2020:17:09:35 +0530] "GET /DealConsolidationPlatform/api/validate HTTP/1.1" 200 79
127.0.0.1 - - [20/Mar/2020:17:09:35 +0530] "GET /DealConsolidationPlatform/api/validate HTTP/1.1" 200 79
0:0:0:0:0:0:0:1 - - [20/Mar/2020:17:09:36 +0530] "GET /IPA/api/getIndustryType HTTP/1.1" 200 827
0:0:0:0:0:0:0:1 - - [20/Mar/2020:17:09:36 +0530] "GET /IPA/api/getIssuerCategory HTTP/1.1" 200 1552
0:0:0:0:0:0:0:1 - - [20/Mar/2020:17:09:37 +0530] "GET /IPA/api/viewRequest?pageNumber=1&pageSize=10 HTTP/1.1" 200 5570
127.0.0.1 - - [20/Mar/2020:17:09:40 +0530] "GET /DealConsolidationPlatform/api/validate HTTP/1.1" 200 79
0:0:0:0:0:0:0:1 - - [20/Mar/2020:17:09:58 +0530] "GET /IPA/api/viewAllCP?customerId=&pageNumber=1&pageSize=10 HTTP/1.1" 200 67373
127.0.0.1 - - [20/Mar/2020:17:10:07 +0530] "GET /DealConsolidationPlatform/api/validate HTTP/1.1" 200 79
127.0.0.1 - - [20/Mar/2020:17:10:07 +0530] "GET /DealConsolidationPlatform/api/validate HTTP/1.1" 200 79
127.0.0.1 - - [20/Mar/2020:17:10:07 +0530] "GET /DealConsolidationPlatform/api/validate HTTP/1.1" 200 79
0:0:0:0:0:0:0:1 - - [20/Mar/2020:17:10:08 +0530] "GET /IPA/api/getAgencyName HTTP/1.1" 200 177
0:0:0:0:0:0:0:1 - - [20/Mar/2020:17:10:08 +0530] "GET /IPA/api/getCreditRating HTTP/1.1" 200 189
0:0:0:0:0:0:0:1 - - [20/Mar/2020:17:10:12 +0530] "POST /IPA/api/getOriginalRatingDetailsByCp?cpId=6956 HTTP/1.1" 200 8398
127.0.0.1 - - [20/Mar/2020:17:10:31 +0530] "GET /DealConsolidationPlatform/api/validate HTTP/1.1" 200 79
0:0:0:0:0:0:0:1 - - [20/Mar/2020:17:10:31 +0530] "POST /IPA/api/downloadCPDoc?cpNumber=8797979387&customerId=8797979&fileName=D:%5CIPA%5Ccustomer%5C8797979%5CTemp%5C11_02_2020_03_30_096345+(2).pdf HTTP/1.1" 200 5
127.0.0.1 - - [20/Mar/2020:17:11:14 +0530] "GET /DealConsolidationPlatform/api/validate HTTP/1.1" 200 79
0:0:0:0:0:0:0:1 - - [20/Mar/2020:17:11:25 +0530] "GET /IPA/api/viewAllCP?customerId=&pageNumber=1&pageSize=10 HTTP/1.1" 200 67373
127.0.0.1 - - [20/Mar/2020:17:11:29 +0530] "GET /DealConsolidationPlatform/api/validate HTTP/1.1" 200 79
127.0.0.1 - - [20/Mar/2020:17:11:29 +0530] "GET /DealConsolidationPlatform/api/validate HTTP/1.1" 200 79
127.0.0.1 - - [20/Mar/2020:17:11:29 +0530] "GET /DealConsolidationPlatform/api/validate HTTP/1.1" 200 79
0:0:0:0:0:0:0:1 - - [20/Mar/2020:17:11:29 +0530] "GET /IPA/api/getAgencyName HTTP/1.1" 200 177
0:0:0:0:0:0:0:1 - - [20/Mar/2020:17:11:29 +0530] "GET /IPA/api/getCreditRating HTTP/1.1" 200 189
0:0:0:0:0:0:0:1 - - [20/Mar/2020:17:11:31 +0530] "POST /IPA/api/getOriginalRatingDetailsByCp?cpId=2946 HTTP/1.1" 200 19224
127.0.0.1 - - [20/Mar/2020:17:11:39 +0530] "GET /DealConsolidationPlatform/api/validate HTTP/1.1" 200 79
127.0.0.1 - - [20/Mar/2020:17:11:39 +0530] "GET /DealConsolidationPlatform/api/validate HTTP/1.1" 200 79
0:0:0:0:0:0:0:1 - - [20/Mar/2020:17:11:39 +0530] "GET /IPA/api/getAgencyName HTTP/1.1" 200 177
0:0:0:0:0:0:0:1 - - [20/Mar/2020:17:11:39 +0530] "GET /IPA/api/getCreditRating HTTP/1.1" 200 189
127.0.0.1 - - [20/Mar/2020:17:11:43 +0530] "GET /DealConsolidationPlatform/api/validate HTTP/1.1" 200 79
0:0:0:0:0:0:0:1 - - [20/Mar/2020:17:11:43 +0530] "GET /IPA/api/getById?customerId=123321 HTTP/1.1" 200 73
127.0.0.1 - - [20/Mar/2020:17:11:44 +0530] "GET /DealConsolidationPlatform/api/validate HTTP/1.1" 200 79
0:0:0:0:0:0:0:1 - - [20/Mar/2020:17:11:44 +0530] "GET /IPA/api/getById?customerId=12332 HTTP/1.1" 200 1810
127.0.0.1 - - [20/Mar/2020:17:12:24 +0530] "GET /DealConsolidationPlatform/api/validate HTTP/1.1" 200 79
0:0:0:0:0:0:0:1 - - [20/Mar/2020:17:12:40 +0530] "GET /IPA/api/viewAllCP?customerId=&pageNumber=1&pageSize=10 HTTP/1.1" 200 67373
127.0.0.1 - - [20/Mar/2020:17:13:03 +0530] "GET /DealConsolidationPlatform/api/validate HTTP/1.1" 200 79
127.0.0.1 - - [20/Mar/2020:17:13:03 +0530] "GET /DealConsolidationPlatform/api/validate HTTP/1.1" 200 79
127.0.0.1 - - [20/Mar/2020:17:13:03 +0530] "GET /DealConsolidationPlatform/api/validate HTTP/1.1" 200 79
127.0.0.1 - - [20/Mar/2020:17:13:03 +0530] "GET /DealConsolidationPlatform/api/users/getAllUsersId?userRole=ipa_checker HTTP/1.1" 200 26969
0:0:0:0:0:0:0:1 - - [20/Mar/2020:17:13:03 +0530] "GET /IPA/api/getAllCheckersId?userRole=ipa_checker HTTP/1.1" 200 26969
127.0.0.1 - - [20/Mar/2020:17:13:03 +0530] "GET /DealConsolidationPlatform/api/users/getUserDetails HTTP/1.1" 200 5987
0:0:0:0:0:0:0:1 - - [20/Mar/2020:17:13:03 +0530] "GET /IPA/api/getUserDetails HTTP/1.1" 200 5987
0:0:0:0:0:0:0:1 - - [20/Mar/2020:17:13:18 +0530] "GET /IPA/api/viewAllCP?customerId=&pageNumber=1&pageSize=10 HTTP/1.1" 200 67373
127.0.0.1 - - [20/Mar/2020:17:13:25 +0530] "GET /DealConsolidationPlatform/api/validate HTTP/1.1" 200 79
127.0.0.1 - - [20/Mar/2020:17:13:25 +0530] "GET /DealConsolidationPlatform/api/validate HTTP/1.1" 200 79
0:0:0:0:0:0:0:1 - - [20/Mar/2020:17:13:25 +0530] "GET /IPA/api/getAgencyName HTTP/1.1" 200 177
0:0:0:0:0:0:0:1 - - [20/Mar/2020:17:13:25 +0530] "GET /IPA/api/getCreditRating HTTP/1.1" 200 189
127.0.0.1 - - [20/Mar/2020:17:13:33 +0530] "GET /DealConsolidationPlatform/api/validate HTTP/1.1" 200 79
0:0:0:0:0:0:0:1 - - [20/Mar/2020:17:13:51 +0530] "GET /IPA/api/viewAllCP?customerId=&pageNumber=1&pageSize=10 HTTP/1.1" 200 67373
127.0.0.1 - - [20/Mar/2020:17:13:54 +0530] "GET /DealConsolidationPlatform/api/validate HTTP/1.1" 200 79
127.0.0.1 - - [20/Mar/2020:17:13:54 +0530] "GET /DealConsolidationPlatform/api/validate HTTP/1.1" 200 79
127.0.0.1 - - [20/Mar/2020:17:13:54 +0530] "GET /DealConsolidationPlatform/api/validate HTTP/1.1" 200 79
0:0:0:0:0:0:0:1 - - [20/Mar/2020:17:13:55 +0530] "POST /IPA/api/getOriginalRatingDetailsByCp?cpId=157909 HTTP/1.1" 200 12
0:0:0:0:0:0:0:1 - - [20/Mar/2020:17:13:55 +0530] "GET /IPA/api/getAgencyName HTTP/1.1" 200 177
0:0:0:0:0:0:0:1 - - [20/Mar/2020:17:13:55 +0530] "GET /IPA/api/getCreditRating HTTP/1.1" 200 189
127.0.0.1 - - [20/Mar/2020:17:13:58 +0530] "GET /DealConsolidationPlatform/api/validate HTTP/1.1" 200 79
0:0:0:0:0:0:0:1 - - [20/Mar/2020:17:14:09 +0530] "GET /IPA/api/viewAllCP?customerId=&pageNumber=1&pageSize=10 HTTP/1.1" 200 67373
127.0.0.1 - - [20/Mar/2020:17:14:12 +0530] "GET /DealConsolidationPlatform/api/validate HTTP/1.1" 200 79
127.0.0.1 - - [20/Mar/2020:17:14:12 +0530] "GET /DealConsolidationPlatform/api/validate HTTP/1.1" 200 79
127.0.0.1 - - [20/Mar/2020:17:14:12 +0530] "GET /DealConsolidationPlatform/api/validate HTTP/1.1" 200 79
0:0:0:0:0:0:0:1 - - [20/Mar/2020:17:14:12 +0530] "GET /IPA/api/getAgencyName HTTP/1.1" 200 177
0:0:0:0:0:0:0:1 - - [20/Mar/2020:17:14:12 +0530] "GET /IPA/api/getCreditRating HTTP/1.1" 200 189
0:0:0:0:0:0:0:1 - - [20/Mar/2020:17:14:14 +0530] "POST /IPA/api/getOriginalRatingDetailsByCp?cpId=2946 HTTP/1.1" 200 19224
127.0.0.1 - - [20/Mar/2020:17:15:16 +0530] "GET /DealConsolidationPlatform/api/validate HTTP/1.1" 200 79
127.0.0.1 - - [20/Mar/2020:17:15:16 +0530] "GET /DealConsolidationPlatform/api/validate HTTP/1.1" 200 79
127.0.0.1 - - [20/Mar/2020:17:15:17 +0530] "GET /DealConsolidationPlatform/api/users/getUserDetails HTTP/1.1" 200 5987
127.0.0.1 - - [20/Mar/2020:17:15:17 +0530] "GET /DealConsolidationPlatform/api/users/getAllUsersId?userRole=ipa_checker HTTP/1.1" 200 26969
0:0:0:0:0:0:0:1 - - [20/Mar/2020:17:15:17 +0530] "GET /IPA/api/getUserDetails HTTP/1.1" 200 5987
0:0:0:0:0:0:0:1 - - [20/Mar/2020:17:15:17 +0530] "GET /IPA/api/getAllCheckersId?userRole=ipa_checker HTTP/1.1" 200 26969
127.0.0.1 - - [20/Mar/2020:17:15:17 +0530] "GET /DealConsolidationPlatform/api/validate HTTP/1.1" 200 79
127.0.0.1 - - [20/Mar/2020:17:15:17 +0530] "GET /DealConsolidationPlatform/api/validate HTTP/1.1" 200 79
0:0:0:0:0:0:0:1 - - [20/Mar/2020:17:15:17 +0530] "GET /IPA/api/getAgencyName HTTP/1.1" 200 177
0:0:0:0:0:0:0:1 - - [20/Mar/2020:17:15:17 +0530] "GET /IPA/api/getCreditRating HTTP/1.1" 200 189
127.0.0.1 - - [20/Mar/2020:17:20:14 +0530] "GET /DealConsolidationPlatform/api/validate HTTP/1.1" 200 79
0:0:0:0:0:0:0:1 - - [20/Mar/2020:17:20:27 +0530] "GET /IPA/api/viewAllCP?customerId=&pageNumber=1&pageSize=10 HTTP/1.1" 200 67373
127.0.0.1 - - [20/Mar/2020:17:20:30 +0530] "GET /DealConsolidationPlatform/api/validate HTTP/1.1" 200 79
127.0.0.1 - - [20/Mar/2020:17:20:30 +0530] "GET /DealConsolidationPlatform/api/validate HTTP/1.1" 200 79
127.0.0.1 - - [20/Mar/2020:17:20:30 +0530] "GET /DealConsolidationPlatform/api/validate HTTP/1.1" 200 79
0:0:0:0:0:0:0:1 - - [20/Mar/2020:17:20:30 +0530] "POST /IPA/api/getOriginalRatingDetailsByCp?cpId=1929 HTTP/1.1" 200 12
0:0:0:0:0:0:0:1 - - [20/Mar/2020:17:20:30 +0530] "GET /IPA/api/getAgencyName HTTP/1.1" 200 177
0:0:0:0:0:0:0:1 - - [20/Mar/2020:17:20:30 +0530] "GET /IPA/api/getCreditRating HTTP/1.1" 200 189
127.0.0.1 - - [20/Mar/2020:17:20:35 +0530] "GET /DealConsolidationPlatform/api/validate HTTP/1.1" 200 79
0:0:0:0:0:0:0:1 - - [20/Mar/2020:17:20:44 +0530] "GET /IPA/api/viewAllCP?customerId=&pageNumber=1&pageSize=10 HTTP/1.1" 200 67373
127.0.0.1 - - [20/Mar/2020:17:20:48 +0530] "GET /DealConsolidationPlatform/api/validate HTTP/1.1" 200 79
127.0.0.1 - - [20/Mar/2020:17:20:48 +0530] "GET /DealConsolidationPlatform/api/validate HTTP/1.1" 200 79
127.0.0.1 - - [20/Mar/2020:17:20:48 +0530] "GET /DealConsolidationPlatform/api/validate HTTP/1.1" 200 79
0:0:0:0:0:0:0:1 - - [20/Mar/2020:17:20:48 +0530] "GET /IPA/api/getCreditRating HTTP/1.1" 200 189
0:0:0:0:0:0:0:1 - - [20/Mar/2020:17:20:48 +0530] "GET /IPA/api/getAgencyName HTTP/1.1" 200 177
0:0:0:0:0:0:0:1 - - [20/Mar/2020:17:20:48 +0530] "POST /IPA/api/getOriginalRatingDetailsByCp?cpId=6956 HTTP/1.1" 200 8398
127.0.0.1 - - [20/Mar/2020:17:21:03 +0530] "GET /DealConsolidationPlatform/api/validate HTTP/1.1" 200 79
127.0.0.1 - - [20/Mar/2020:17:21:03 +0530] "GET /DealConsolidationPlatform/api/validate HTTP/1.1" 200 79
0:0:0:0:0:0:0:1 - - [20/Mar/2020:17:21:04 +0530] "GET /IPA/api/getIndustryType HTTP/1.1" 200 827
0:0:0:0:0:0:0:1 - - [20/Mar/2020:17:21:04 +0530] "GET /IPA/api/getIssuerCategory HTTP/1.1" 200 1552
127.0.0.1 - - [20/Mar/2020:17:21:09 +0530] "GET /DealConsolidationPlatform/api/validate HTTP/1.1" 200 79
0:0:0:0:0:0:0:1 - - [20/Mar/2020:17:21:14 +0530] "GET /IPA/api/viewAllTranche?customerId=&isinNumber=&pageNumber=1&pageSize=10 HTTP/1.1" 200 71072
127.0.0.1 - - [20/Mar/2020:17:21:29 +0530] "GET /DealConsolidationPlatform/api/validate HTTP/1.1" 200 79
127.0.0.1 - - [20/Mar/2020:17:21:29 +0530] "GET /DealConsolidationPlatform/api/validate HTTP/1.1" 200 79
127.0.0.1 - - [20/Mar/2020:17:21:29 +0530] "GET /DealConsolidationPlatform/api/validate HTTP/1.1" 200 79
0:0:0:0:0:0:0:1 - - [20/Mar/2020:17:21:31 +0530] "GET /IPA/api/getIndustryType HTTP/1.1" 200 827
0:0:0:0:0:0:0:1 - - [20/Mar/2020:17:21:31 +0530] "GET /IPA/api/getIssuerCategory HTTP/1.1" 200 1552
0:0:0:0:0:0:0:1 - - [20/Mar/2020:17:21:34 +0530] "POST /IPA/api/getRatingsDetailsByCPAndTrancheId?cpId=2946&trancheId=9445 HTTP/1.1" 200 19289
127.0.0.1 - - [20/Mar/2020:17:22:15 +0530] "GET /DealConsolidationPlatform/api/validate HTTP/1.1" 200 79
0:0:0:0:0:0:0:1 - - [20/Mar/2020:17:22:23 +0530] "GET /IPA/api/viewAllDeal?customerId=&isinNumber=&pageNumber=1&pageSize=10 HTTP/1.1" 200 68794
127.0.0.1 - - [20/Mar/2020:17:22:27 +0530] "GET /DealConsolidationPlatform/api/validate HTTP/1.1" 200 79
0:0:0:0:0:0:0:1 - - [20/Mar/2020:17:22:30 +0530] "POST /IPA/api/getRatingsDetailsByCPAndTrancheId?cpId=1929&trancheId=9422 HTTP/1.1" 200 19401
127.0.0.1 - - [20/Mar/2020:17:25:14 +0530] "GET /DealConsolidationPlatform/api/validate HTTP/1.1" 200 79
127.0.0.1 - - [20/Mar/2020:17:25:14 +0530] "GET /DealConsolidationPlatform/api/validate HTTP/1.1" 200 79
127.0.0.1 - - [20/Mar/2020:17:25:14 +0530] "GET /DealConsolidationPlatform/api/users/getUserDetails HTTP/1.1" 200 5987
0:0:0:0:0:0:0:1 - - [20/Mar/2020:17:25:14 +0530] "GET /IPA/api/getUserDetails HTTP/1.1" 200 5987
127.0.0.1 - - [20/Mar/2020:17:25:14 +0530] "GET /DealConsolidationPlatform/api/users/getAllUsersId?userRole=ipa_checker HTTP/1.1" 200 26969
0:0:0:0:0:0:0:1 - - [20/Mar/2020:17:25:14 +0530] "GET /IPA/api/getAllCheckersId?userRole=ipa_checker HTTP/1.1" 200 26969
127.0.0.1 - - [20/Mar/2020:17:25:28 +0530] "GET /DealConsolidationPlatform/api/validate HTTP/1.1" 200 79
0:0:0:0:0:0:0:1 - - [20/Mar/2020:17:25:36 +0530] "GET /IPA/api/viewAllDeal?customerId=&isinNumber=&pageNumber=1&pageSize=10 HTTP/1.1" 200 68794
127.0.0.1 - - [20/Mar/2020:17:25:47 +0530] "GET /DealConsolidationPlatform/api/validate HTTP/1.1" 200 79
0:0:0:0:0:0:0:1 - - [20/Mar/2020:17:25:49 +0530] "POST /IPA/api/getRatingsDetailsByCPAndTrancheId?cpId=1929&trancheId=9422 HTTP/1.1" 200 19401
127.0.0.1 - - [20/Mar/2020:17:26:38 +0530] "GET /DealConsolidationPlatform/api/validate HTTP/1.1" 200 79
127.0.0.1 - - [20/Mar/2020:17:26:38 +0530] "GET /DealConsolidationPlatform/api/users/getUserDetails HTTP/1.1" 200 5987
0:0:0:0:0:0:0:1 - - [20/Mar/2020:17:26:39 +0530] "GET /IPA/api/benpos/all?lastRecordId=0 HTTP/1.1" 200 164
