127.0.0.1 - - [01/Jul/2020:11:17:10 +0530] "GET / HTTP/1.1" 404 1074
0:0:0:0:0:0:0:1 - - [01/Jul/2020:11:57:11 +0530] "GET /DealConsolidationPlatform/loginPage.html HTTP/1.1" 200 8601
0:0:0:0:0:0:0:1 - - [01/Jul/2020:11:57:12 +0530] "GET /DealConsolidationPlatform/user-mgmt/lib/jquery-val.js HTTP/1.1" 200 50278
0:0:0:0:0:0:0:1 - - [01/Jul/2020:11:57:12 +0530] "GET /DealConsolidationPlatform/user-mgmt/lib/pan.js HTTP/1.1" 200 13247
0:0:0:0:0:0:0:1 - - [01/Jul/2020:11:57:12 +0530] "GET /DealConsolidationPlatform/user-mgmt/components/font-awesome/css/font-awesome.css HTTP/1.1" 200 31002
0:0:0:0:0:0:0:1 - - [01/Jul/2020:11:57:12 +0530] "GET /DealConsolidationPlatform/user-mgmt/plugins/jQuery/jquery.min.js HTTP/1.1" 200 85596
0:0:0:0:0:0:0:1 - - [01/Jul/2020:11:57:12 +0530] "GET /DealConsolidationPlatform/user-mgmt/bootstrap/js/bootstrap.min.js HTTP/1.1" 200 37051
0:0:0:0:0:0:0:1 - - [01/Jul/2020:11:57:12 +0530] "GET /DealConsolidationPlatform/user-mgmt/bootstrap/css/bootstrap.min.css HTTP/1.1" 200 146011
0:0:0:0:0:0:0:1 - - [01/Jul/2020:11:57:12 +0530] "GET /DealConsolidationPlatform/user-mgmt/img/axis-bar.png HTTP/1.1" 200 32976
0:0:0:0:0:0:0:1 - - [01/Jul/2020:11:57:12 +0530] "GET /favicon.ico HTTP/1.1" 404 1085
0:0:0:0:0:0:0:1 - - [01/Jul/2020:11:57:17 +0530] "GET /DealConsolidationPlatform/user-mgmt/components/font-awesome/fonts/fontawesome-webfont.woff2?v=4.7.0 HTTP/1.1" 200 66624
0:0:0:0:0:0:0:1 - - [01/Jul/2020:11:57:19 +0530] "POST /DealConsolidationPlatform/login HTTP/1.1" 200 309
0:0:0:0:0:0:0:1 - - [01/Jul/2020:11:57:19 +0530] "GET /DealConsolidationPlatform/api/users/getUserDetails HTTP/1.1" 200 5987
127.0.0.1 - - [01/Jul/2020:11:57:24 +0530] "GET /DealConsolidationPlatform/api/validate HTTP/1.1" 200 79
127.0.0.1 - - [01/Jul/2020:11:57:24 +0530] "GET /DealConsolidationPlatform/api/validate HTTP/1.1" 200 79
127.0.0.1 - - [01/Jul/2020:11:57:25 +0530] "GET /DealConsolidationPlatform/api/users/getUserDetails HTTP/1.1" 200 5987
127.0.0.1 - - [01/Jul/2020:11:57:25 +0530] "GET /DealConsolidationPlatform/api/users/getAllUsersId?userRole=ipa_checker HTTP/1.1" 200 26961
0:0:0:0:0:0:0:1 - - [01/Jul/2020:11:57:25 +0530] "GET /IPA/api/getUserDetails HTTP/1.1" 200 5987
0:0:0:0:0:0:0:1 - - [01/Jul/2020:11:57:25 +0530] "GET /IPA/api/getAllCheckersId?userRole=ipa_checker HTTP/1.1" 200 26961
127.0.0.1 - - [01/Jul/2020:11:57:27 +0530] "GET /DealConsolidationPlatform/api/validate HTTP/1.1" 200 79
0:0:0:0:0:0:0:1 - - [01/Jul/2020:11:57:27 +0530] "GET /IPA/api/viewAllCustomer?customerId=&pageNumber=1&pageSize=10 HTTP/1.1" 200 91
127.0.0.1 - - [01/Jul/2020:12:04:36 +0530] "GET /DealConsolidationPlatform/api/validate HTTP/1.1" 200 79
0:0:0:0:0:0:0:1 - - [01/Jul/2020:12:04:38 +0530] "GET /IPA/api/viewAllBR?customerId=&pageNumber=1&pageSize=10 HTTP/1.1" 200 27786
127.0.0.1 - - [01/Jul/2020:12:04:43 +0530] "GET /DealConsolidationPlatform/api/validate HTTP/1.1" 200 79
0:0:0:0:0:0:0:1 - - [01/Jul/2020:12:04:44 +0530] "GET /IPA/api/viewAllTranche?customerId=&isinNumber=&pageNumber=1&pageSize=10 HTTP/1.1" 200 71119
127.0.0.1 - - [01/Jul/2020:12:04:47 +0530] "GET /DealConsolidationPlatform/api/validate HTTP/1.1" 200 79
0:0:0:0:0:0:0:1 - - [01/Jul/2020:12:04:47 +0530] "GET /IPA/api/downloadIPA&SDL?tranchId=9445 HTTP/1.1" 200 5
127.0.0.1 - - [01/Jul/2020:12:05:31 +0530] "GET /DealConsolidationPlatform/api/validate HTTP/1.1" 200 79
0:0:0:0:0:0:0:1 - - [01/Jul/2020:12:05:32 +0530] "POST /IPA/api/downloadInvoiceReport?reportData=%7B%22reportCode%22:%22YEARLY%22,%22customerId%22:%2212313%22,%22fyYear%22:%222018-19%22%7D HTTP/1.1" 200 -
127.0.0.1 - - [01/Jul/2020:12:05:51 +0530] "GET /DealConsolidationPlatform/api/validate HTTP/1.1" 200 79
0:0:0:0:0:0:0:1 - - [01/Jul/2020:12:05:52 +0530] "GET /IPA/api/calculateOutstanding/9422 HTTP/1.1" 200 69
127.0.0.1 - - [01/Jul/2020:12:11:06 +0530] "GET /DealConsolidationPlatform/api/validate HTTP/1.1" 200 79
0:0:0:0:0:0:0:1 - - [01/Jul/2020:12:11:08 +0530] "GET /IPA/api/ipaReportDownload?frmDate=01%2F03%2F2020&reportCode=EXCELOURFORMAT&toDate=01%2F07%2F2020 HTTP/1.1" 200 7680
127.0.0.1 - - [01/Jul/2020:12:28:36 +0530] "GET /DealConsolidationPlatform/api/validate HTTP/1.1" 404 1043
127.0.0.1 - - [01/Jul/2020:12:28:36 +0530] "GET /DealConsolidationPlatform/api/validate HTTP/1.1" 404 1043
127.0.0.1 - - [01/Jul/2020:12:28:36 +0530] "GET /DealConsolidationPlatform/api/validate HTTP/1.1" 404 1043
0:0:0:0:0:0:0:1 - - [01/Jul/2020:12:28:36 +0530] "GET /IPA/api/getAllCheckersId?userRole=ipa_checker HTTP/1.1" 401 1030
127.0.0.1 - - [01/Jul/2020:12:28:36 +0530] "GET /DealConsolidationPlatform/api/validate HTTP/1.1" 404 1043
0:0:0:0:0:0:0:1 - - [01/Jul/2020:12:28:36 +0530] "GET /IPA/api/getUserDetails HTTP/1.1" 401 1030
0:0:0:0:0:0:0:1 - - [01/Jul/2020:12:28:36 +0530] "GET /DealConsolidationPlatform/loginPage.html HTTP/1.1" 200 8601
0:0:0:0:0:0:0:1 - - [01/Jul/2020:12:28:36 +0530] "GET /DealConsolidationPlatform/user-mgmt/bootstrap/js/bootstrap.min.js HTTP/1.1" 200 37051
0:0:0:0:0:0:0:1 - - [01/Jul/2020:12:28:36 +0530] "GET /DealConsolidationPlatform/user-mgmt/components/font-awesome/css/font-awesome.css HTTP/1.1" 200 31002
0:0:0:0:0:0:0:1 - - [01/Jul/2020:12:28:36 +0530] "GET /DealConsolidationPlatform/user-mgmt/lib/pan.js HTTP/1.1" 200 13247
0:0:0:0:0:0:0:1 - - [01/Jul/2020:12:28:36 +0530] "GET /DealConsolidationPlatform/user-mgmt/lib/jquery-val.js HTTP/1.1" 200 50278
0:0:0:0:0:0:0:1 - - [01/Jul/2020:12:28:36 +0530] "GET /DealConsolidationPlatform/user-mgmt/bootstrap/css/bootstrap.min.css HTTP/1.1" 200 146011
0:0:0:0:0:0:0:1 - - [01/Jul/2020:12:28:37 +0530] "GET /DealConsolidationPlatform/user-mgmt/img/axis-bar.png HTTP/1.1" 200 32976
0:0:0:0:0:0:0:1 - - [01/Jul/2020:12:28:37 +0530] "GET /DealConsolidationPlatform/user-mgmt/plugins/jQuery/jquery.min.js HTTP/1.1" 200 85596
0:0:0:0:0:0:0:1 - - [01/Jul/2020:12:28:38 +0530] "GET /DealConsolidationPlatform/user-mgmt/bootstrap/css/bootstrap.min.css.map HTTP/1.1" 200 542194
0:0:0:0:0:0:0:1 - - [01/Jul/2020:12:28:46 +0530] "POST /DealConsolidationPlatform/login HTTP/1.1" 200 309
0:0:0:0:0:0:0:1 - - [01/Jul/2020:12:28:46 +0530] "GET /DealConsolidationPlatform/api/users/getUserDetails HTTP/1.1" 200 5987
0:0:0:0:0:0:0:1 - - [01/Jul/2020:12:28:46 +0530] "GET /DealConsolidationPlatform/user-mgmt/components/font-awesome/fonts/fontawesome-webfont.woff2?v=4.7.0 HTTP/1.1" 200 66624
127.0.0.1 - - [01/Jul/2020:12:28:53 +0530] "GET /DealConsolidationPlatform/api/validate HTTP/1.1" 200 79
127.0.0.1 - - [01/Jul/2020:12:28:53 +0530] "GET /DealConsolidationPlatform/api/validate HTTP/1.1" 200 79
127.0.0.1 - - [01/Jul/2020:12:28:54 +0530] "GET /DealConsolidationPlatform/api/users/getUserDetails HTTP/1.1" 200 5987
127.0.0.1 - - [01/Jul/2020:12:28:54 +0530] "GET /DealConsolidationPlatform/api/users/getAllUsersId?userRole=ipa_checker HTTP/1.1" 200 26961
0:0:0:0:0:0:0:1 - - [01/Jul/2020:12:28:54 +0530] "GET /IPA/api/getUserDetails HTTP/1.1" 200 5987
0:0:0:0:0:0:0:1 - - [01/Jul/2020:12:28:54 +0530] "GET /IPA/api/getAllCheckersId?userRole=ipa_checker HTTP/1.1" 200 26961
127.0.0.1 - - [01/Jul/2020:12:28:58 +0530] "GET /DealConsolidationPlatform/api/validate HTTP/1.1" 200 79
0:0:0:0:0:0:0:1 - - [01/Jul/2020:12:29:00 +0530] "GET /IPA/api/viewAllTranche?customerId=&isinNumber=&pageNumber=1&pageSize=10 HTTP/1.1" 200 71119
127.0.0.1 - - [01/Jul/2020:12:29:49 +0530] "GET /DealConsolidationPlatform/api/validate HTTP/1.1" 200 79
0:0:0:0:0:0:0:1 - - [01/Jul/2020:12:29:49 +0530] "GET /IPA/api/getUserDetails HTTP/1.1" 200 5987
127.0.0.1 - - [01/Jul/2020:12:29:49 +0530] "GET /DealConsolidationPlatform/api/users/getUserDetails HTTP/1.1" 200 5987
127.0.0.1 - - [01/Jul/2020:12:29:49 +0530] "GET /DealConsolidationPlatform/api/validate HTTP/1.1" 200 79
127.0.0.1 - - [01/Jul/2020:12:29:50 +0530] "GET /DealConsolidationPlatform/api/validate HTTP/1.1" 200 79
0:0:0:0:0:0:0:1 - - [01/Jul/2020:12:29:50 +0530] "GET /IPA/api/getAllCheckersId?userRole=ipa_checker HTTP/1.1" 200 26961
127.0.0.1 - - [01/Jul/2020:12:29:50 +0530] "GET /DealConsolidationPlatform/api/users/getAllUsersId?userRole=ipa_checker HTTP/1.1" 200 26961
0:0:0:0:0:0:0:1 - - [01/Jul/2020:12:29:56 +0530] "GET /IPA/api/viewAllTranche?customerId=&isinNumber=&pageNumber=1&pageSize=10 HTTP/1.1" 200 71119
127.0.0.1 - - [01/Jul/2020:12:30:39 +0530] "GET /DealConsolidationPlatform/api/validate HTTP/1.1" 200 79
127.0.0.1 - - [01/Jul/2020:12:30:39 +0530] "GET /DealConsolidationPlatform/api/validate HTTP/1.1" 200 79
127.0.0.1 - - [01/Jul/2020:12:30:39 +0530] "GET /DealConsolidationPlatform/api/users/getAllUsersId?userRole=ipa_checker HTTP/1.1" 200 26961
0:0:0:0:0:0:0:1 - - [01/Jul/2020:12:30:39 +0530] "GET /IPA/api/getAllCheckersId?userRole=ipa_checker HTTP/1.1" 200 26961
127.0.0.1 - - [01/Jul/2020:12:30:39 +0530] "GET /DealConsolidationPlatform/api/users/getUserDetails HTTP/1.1" 200 5987
0:0:0:0:0:0:0:1 - - [01/Jul/2020:12:30:39 +0530] "GET /IPA/api/getUserDetails HTTP/1.1" 200 5987
127.0.0.1 - - [01/Jul/2020:12:30:39 +0530] "GET /DealConsolidationPlatform/api/validate HTTP/1.1" 200 79
0:0:0:0:0:0:0:1 - - [01/Jul/2020:12:30:43 +0530] "GET /IPA/api/viewAllTranche?customerId=&isinNumber=&pageNumber=1&pageSize=10 HTTP/1.1" 200 71119
127.0.0.1 - - [01/Jul/2020:12:45:11 +0530] "GET /DealConsolidationPlatform/api/validate HTTP/1.1" 200 79
0:0:0:0:0:0:0:1 - - [01/Jul/2020:12:45:11 +0530] "GET /IPA/api/ipaReportDownload?frmDate=01%2F04%2F2020&reportCode=EXCELOURFORMAT&toDate=01%2F07%2F2020 HTTP/1.1" 200 7680
127.0.0.1 - - [01/Jul/2020:12:51:08 +0530] "GET /DealConsolidationPlatform/api/validate HTTP/1.1" 200 79
0:0:0:0:0:0:0:1 - - [01/Jul/2020:12:51:09 +0530] "GET /IPA/api/ipaReportDownload?frmDate=01%2F04%2F2020&reportCode=DPINSTRUCTION&toDate=01%2F07%2F2020 HTTP/1.1" 200 5120
127.0.0.1 - - [01/Jul/2020:12:52:53 +0530] "GET /DealConsolidationPlatform/api/validate HTTP/1.1" 200 79
127.0.0.1 - - [01/Jul/2020:12:52:53 +0530] "GET /DealConsolidationPlatform/api/validate HTTP/1.1" 200 79
127.0.0.1 - - [01/Jul/2020:12:52:53 +0530] "GET /DealConsolidationPlatform/api/users/getUserDetails HTTP/1.1" 200 5987
0:0:0:0:0:0:0:1 - - [01/Jul/2020:12:52:53 +0530] "GET /IPA/api/getUserDetails HTTP/1.1" 200 5987
127.0.0.1 - - [01/Jul/2020:12:52:53 +0530] "GET /DealConsolidationPlatform/api/users/getAllUsersId?userRole=ipa_checker HTTP/1.1" 200 26961
0:0:0:0:0:0:0:1 - - [01/Jul/2020:12:52:53 +0530] "GET /IPA/api/getAllCheckersId?userRole=ipa_checker HTTP/1.1" 200 26961
127.0.0.1 - - [01/Jul/2020:12:55:26 +0530] "GET /DealConsolidationPlatform/api/validate HTTP/1.1" 200 79
127.0.0.1 - - [01/Jul/2020:12:55:27 +0530] "GET /DealConsolidationPlatform/api/validate HTTP/1.1" 200 79
127.0.0.1 - - [01/Jul/2020:12:55:27 +0530] "GET /DealConsolidationPlatform/api/users/getAllUsersId?userRole=ipa_checker HTTP/1.1" 200 26961
0:0:0:0:0:0:0:1 - - [01/Jul/2020:12:55:27 +0530] "GET /IPA/api/getAllCheckersId?userRole=ipa_checker HTTP/1.1" 200 26961
127.0.0.1 - - [01/Jul/2020:12:55:27 +0530] "GET /DealConsolidationPlatform/api/users/getUserDetails HTTP/1.1" 200 5987
0:0:0:0:0:0:0:1 - - [01/Jul/2020:12:55:27 +0530] "GET /IPA/api/getUserDetails HTTP/1.1" 200 5987
127.0.0.1 - - [01/Jul/2020:13:05:11 +0530] "GET / HTTP/1.1" 404 1074
127.0.0.1 - - [01/Jul/2020:13:05:37 +0530] "GET /DealConsolidationPlatform/api/validate HTTP/1.1" 200 79
0:0:0:0:0:0:0:1 - - [01/Jul/2020:13:05:43 +0530] "GET /IPA/api/viewAllTranche?customerId=&isinNumber=&pageNumber=1&pageSize=10 HTTP/1.1" 200 71119
127.0.0.1 - - [01/Jul/2020:13:05:56 +0530] "GET /DealConsolidationPlatform/api/validate HTTP/1.1" 200 79
0:0:0:0:0:0:0:1 - - [01/Jul/2020:13:06:26 +0530] "GET /IPA/api/downloadInvestorDetails?trancheId=9445 HTTP/1.1" 200 5
127.0.0.1 - - [01/Jul/2020:14:10:30 +0530] "GET /DealConsolidationPlatform/api/validate HTTP/1.1" 404 1043
127.0.0.1 - - [01/Jul/2020:14:10:30 +0530] "GET /DealConsolidationPlatform/api/validate HTTP/1.1" 404 1043
127.0.0.1 - - [01/Jul/2020:14:10:31 +0530] "GET /DealConsolidationPlatform/api/validate HTTP/1.1" 404 1043
127.0.0.1 - - [01/Jul/2020:14:10:31 +0530] "GET /DealConsolidationPlatform/api/validate HTTP/1.1" 404 1043
0:0:0:0:0:0:0:1 - - [01/Jul/2020:14:10:31 +0530] "GET /IPA/api/getUserDetails HTTP/1.1" 401 1030
127.0.0.1 - - [01/Jul/2020:14:10:31 +0530] "GET /DealConsolidationPlatform/api/validate HTTP/1.1" 404 1043
0:0:0:0:0:0:0:1 - - [01/Jul/2020:14:10:31 +0530] "GET /IPA/api/viewAllTranche?customerId=&isinNumber=&pageNumber=1&pageSize=10 HTTP/1.1" 401 1030
127.0.0.1 - - [01/Jul/2020:14:10:31 +0530] "GET /DealConsolidationPlatform/api/validate HTTP/1.1" 404 1043
0:0:0:0:0:0:0:1 - - [01/Jul/2020:14:10:31 +0530] "GET /IPA/api/getAllCheckersId?userRole=ipa_checker HTTP/1.1" 401 1030
0:0:0:0:0:0:0:1 - - [01/Jul/2020:14:10:31 +0530] "GET /DealConsolidationPlatform/loginPage.html HTTP/1.1" 200 8601
0:0:0:0:0:0:0:1 - - [01/Jul/2020:14:10:31 +0530] "GET /DealConsolidationPlatform/user-mgmt/lib/pan.js HTTP/1.1" 200 13247
0:0:0:0:0:0:0:1 - - [01/Jul/2020:14:10:31 +0530] "GET /DealConsolidationPlatform/user-mgmt/components/font-awesome/css/font-awesome.css HTTP/1.1" 200 31002
0:0:0:0:0:0:0:1 - - [01/Jul/2020:14:10:31 +0530] "GET /DealConsolidationPlatform/user-mgmt/lib/jquery-val.js HTTP/1.1" 200 50278
0:0:0:0:0:0:0:1 - - [01/Jul/2020:14:10:31 +0530] "GET /DealConsolidationPlatform/user-mgmt/plugins/jQuery/jquery.min.js HTTP/1.1" 200 85596
0:0:0:0:0:0:0:1 - - [01/Jul/2020:14:10:31 +0530] "GET /DealConsolidationPlatform/user-mgmt/bootstrap/js/bootstrap.min.js HTTP/1.1" 200 37051
0:0:0:0:0:0:0:1 - - [01/Jul/2020:14:10:31 +0530] "GET /DealConsolidationPlatform/user-mgmt/bootstrap/css/bootstrap.min.css HTTP/1.1" 200 146011
0:0:0:0:0:0:0:1 - - [01/Jul/2020:14:10:31 +0530] "GET /DealConsolidationPlatform/user-mgmt/img/axis-bar.png HTTP/1.1" 200 32976
0:0:0:0:0:0:0:1 - - [01/Jul/2020:14:10:32 +0530] "GET /DealConsolidationPlatform/user-mgmt/bootstrap/css/bootstrap.min.css.map HTTP/1.1" 200 542194
0:0:0:0:0:0:0:1 - - [01/Jul/2020:14:10:38 +0530] "GET /DealConsolidationPlatform/user-mgmt/components/font-awesome/fonts/fontawesome-webfont.woff2?v=4.7.0 HTTP/1.1" 200 66624
0:0:0:0:0:0:0:1 - - [01/Jul/2020:14:10:39 +0530] "POST /DealConsolidationPlatform/login HTTP/1.1" 200 309
0:0:0:0:0:0:0:1 - - [01/Jul/2020:14:10:39 +0530] "GET /DealConsolidationPlatform/api/users/getUserDetails HTTP/1.1" 200 5987
127.0.0.1 - - [01/Jul/2020:14:10:45 +0530] "GET /DealConsolidationPlatform/api/validate HTTP/1.1" 200 79
127.0.0.1 - - [01/Jul/2020:14:10:45 +0530] "GET /DealConsolidationPlatform/api/validate HTTP/1.1" 200 79
127.0.0.1 - - [01/Jul/2020:14:10:46 +0530] "GET /DealConsolidationPlatform/api/users/getUserDetails HTTP/1.1" 200 5987
0:0:0:0:0:0:0:1 - - [01/Jul/2020:14:10:46 +0530] "GET /IPA/api/getUserDetails HTTP/1.1" 200 5987
127.0.0.1 - - [01/Jul/2020:14:10:46 +0530] "GET /DealConsolidationPlatform/api/users/getAllUsersId?userRole=ipa_checker HTTP/1.1" 200 26961
0:0:0:0:0:0:0:1 - - [01/Jul/2020:14:10:46 +0530] "GET /IPA/api/getAllCheckersId?userRole=ipa_checker HTTP/1.1" 200 26961
127.0.0.1 - - [01/Jul/2020:14:21:18 +0530] "GET / HTTP/1.1" 404 1074
127.0.0.1 - - [01/Jul/2020:14:24:56 +0530] "GET /DealConsolidationPlatform/api/validate HTTP/1.1" 200 79
0:0:0:0:0:0:0:1 - - [01/Jul/2020:14:25:13 +0530] "GET /IPA/api/viewAllTranche?customerId=&isinNumber=&pageNumber=1&pageSize=10 HTTP/1.1" 200 71119
127.0.0.1 - - [01/Jul/2020:14:25:19 +0530] "GET /DealConsolidationPlatform/api/validate HTTP/1.1" 200 79
127.0.0.1 - - [01/Jul/2020:14:29:45 +0530] "GET /DealConsolidationPlatform/api/validate HTTP/1.1" 200 79
0:0:0:0:0:0:0:1 - - [01/Jul/2020:14:30:06 +0530] "GET /IPA/api/downloadInvestorDetails?trancheId=9445 HTTP/1.1" 200 5
127.0.0.1 - - [01/Jul/2020:14:34:26 +0530] "GET /DealConsolidationPlatform/api/validate HTTP/1.1" 200 79
127.0.0.1 - - [01/Jul/2020:14:34:26 +0530] "GET /DealConsolidationPlatform/api/validate HTTP/1.1" 200 79
0:0:0:0:0:0:0:1 - - [01/Jul/2020:14:34:27 +0530] "GET /IPA/api/getIssuerCategory HTTP/1.1" 200 1552
0:0:0:0:0:0:0:1 - - [01/Jul/2020:14:34:27 +0530] "GET /IPA/api/getIndustryType HTTP/1.1" 200 827
127.0.0.1 - - [01/Jul/2020:14:35:34 +0530] "GET /DealConsolidationPlatform/api/validate HTTP/1.1" 200 79
127.0.0.1 - - [01/Jul/2020:14:35:34 +0530] "GET /DealConsolidationPlatform/api/validate HTTP/1.1" 200 79
0:0:0:0:0:0:0:1 - - [01/Jul/2020:14:35:34 +0530] "GET /IPA/api/getIndustryType HTTP/1.1" 200 827
0:0:0:0:0:0:0:1 - - [01/Jul/2020:14:35:34 +0530] "GET /IPA/api/getIssuerCategory HTTP/1.1" 200 1552
127.0.0.1 - - [01/Jul/2020:14:35:51 +0530] "GET /DealConsolidationPlatform/api/validate HTTP/1.1" 200 79
0:0:0:0:0:0:0:1 - - [01/Jul/2020:14:35:54 +0530] "GET /IPA/api/viewAllDeal?customerId=&isinNumber=&pageNumber=1&pageSize=10 HTTP/1.1" 200 68806
127.0.0.1 - - [01/Jul/2020:14:35:58 +0530] "GET /DealConsolidationPlatform/api/validate HTTP/1.1" 200 79
0:0:0:0:0:0:0:1 - - [01/Jul/2020:14:36:00 +0530] "GET /IPA/api/viewAllDeal?customerId=&isinNumber=&pageNumber=1&pageSize=10 HTTP/1.1" 200 68806
127.0.0.1 - - [01/Jul/2020:14:41:02 +0530] "GET /DealConsolidationPlatform/api/validate HTTP/1.1" 200 79
0:0:0:0:0:0:0:1 - - [01/Jul/2020:14:41:12 +0530] "GET /IPA/api/viewAllTranche?customerId=&isinNumber=&pageNumber=1&pageSize=10 HTTP/1.1" 200 71119
127.0.0.1 - - [01/Jul/2020:14:41:15 +0530] "GET /DealConsolidationPlatform/api/validate HTTP/1.1" 200 79
0:0:0:0:0:0:0:1 - - [01/Jul/2020:14:42:09 +0530] "GET /IPA/api/downloadInvestorDetails?trancheId=9445 HTTP/1.1" 500 2214
127.0.0.1 - - [01/Jul/2020:14:42:12 +0530] "GET /DealConsolidationPlatform/api/validate HTTP/1.1" 200 79
0:0:0:0:0:0:0:1 - - [01/Jul/2020:14:43:36 +0530] "GET /IPA/api/downloadInvestorDetails?trancheId=9445 HTTP/1.1" 200 5
0:0:0:0:0:0:0:1 - - [01/Jul/2020:14:43:39 +0530] "GET /IPA/api/downloadInvestorDetails?trancheId=9445 HTTP/1.1" 200 5
127.0.0.1 - - [01/Jul/2020:15:09:33 +0530] "GET / HTTP/1.1" 404 1074
127.0.0.1 - - [01/Jul/2020:15:12:29 +0530] "GET /DealConsolidationPlatform/api/validate HTTP/1.1" 404 1043
127.0.0.1 - - [01/Jul/2020:15:12:29 +0530] "GET /DealConsolidationPlatform/api/validate HTTP/1.1" 404 1043
0:0:0:0:0:0:0:1 - - [01/Jul/2020:15:12:29 +0530] "GET /IPA/api/viewAllDeal?customerId=&isinNumber=&pageNumber=1&pageSize=10 HTTP/1.1" 401 1030
0:0:0:0:0:0:0:1 - - [01/Jul/2020:15:12:29 +0530] "GET /DealConsolidationPlatform/loginPage.html HTTP/1.1" 200 8601
0:0:0:0:0:0:0:1 - - [01/Jul/2020:15:12:30 +0530] "GET /DealConsolidationPlatform/user-mgmt/plugins/jQuery/jquery.min.js HTTP/1.1" 200 85596
0:0:0:0:0:0:0:1 - - [01/Jul/2020:15:12:30 +0530] "GET /DealConsolidationPlatform/user-mgmt/lib/jquery-val.js HTTP/1.1" 200 50278
0:0:0:0:0:0:0:1 - - [01/Jul/2020:15:12:30 +0530] "GET /DealConsolidationPlatform/user-mgmt/lib/pan.js HTTP/1.1" 200 13247
0:0:0:0:0:0:0:1 - - [01/Jul/2020:15:12:30 +0530] "GET /DealConsolidationPlatform/user-mgmt/components/font-awesome/css/font-awesome.css HTTP/1.1" 200 31002
0:0:0:0:0:0:0:1 - - [01/Jul/2020:15:12:30 +0530] "GET /DealConsolidationPlatform/user-mgmt/bootstrap/js/bootstrap.min.js HTTP/1.1" 200 37051
0:0:0:0:0:0:0:1 - - [01/Jul/2020:15:12:30 +0530] "GET /DealConsolidationPlatform/user-mgmt/bootstrap/css/bootstrap.min.css HTTP/1.1" 200 146011
0:0:0:0:0:0:0:1 - - [01/Jul/2020:15:12:30 +0530] "GET /DealConsolidationPlatform/user-mgmt/img/axis-bar.png HTTP/1.1" 200 32976
0:0:0:0:0:0:0:1 - - [01/Jul/2020:15:12:36 +0530] "GET /DealConsolidationPlatform/user-mgmt/components/font-awesome/fonts/fontawesome-webfont.woff2?v=4.7.0 HTTP/1.1" 200 66624
0:0:0:0:0:0:0:1 - - [01/Jul/2020:15:12:37 +0530] "POST /DealConsolidationPlatform/login HTTP/1.1" 200 309
0:0:0:0:0:0:0:1 - - [01/Jul/2020:15:12:37 +0530] "GET /DealConsolidationPlatform/api/users/getUserDetails HTTP/1.1" 200 5987
127.0.0.1 - - [01/Jul/2020:15:14:25 +0530] "GET /DealConsolidationPlatform/api/validate HTTP/1.1" 200 79
127.0.0.1 - - [01/Jul/2020:15:14:25 +0530] "GET /DealConsolidationPlatform/api/validate HTTP/1.1" 200 79
127.0.0.1 - - [01/Jul/2020:15:14:26 +0530] "GET /DealConsolidationPlatform/api/validate HTTP/1.1" 200 79
127.0.0.1 - - [01/Jul/2020:15:14:26 +0530] "GET /DealConsolidationPlatform/api/users/getUserDetails HTTP/1.1" 200 5987
127.0.0.1 - - [01/Jul/2020:15:14:27 +0530] "GET /DealConsolidationPlatform/api/users/getAllUsersId?userRole=ipa_checker HTTP/1.1" 200 26961
0:0:0:0:0:0:0:1 - - [01/Jul/2020:15:14:27 +0530] "GET /IPA/api/getUserDetails HTTP/1.1" 200 5987
0:0:0:0:0:0:0:1 - - [01/Jul/2020:15:14:27 +0530] "GET /IPA/api/getAllCheckersId?userRole=ipa_checker HTTP/1.1" 200 26961
0:0:0:0:0:0:0:1 - - [01/Jul/2020:15:14:33 +0530] "GET /IPA/api/viewAllDeal?customerId=&isinNumber=&pageNumber=1&pageSize=10 HTTP/1.1" 200 68806
127.0.0.1 - - [01/Jul/2020:17:43:29 +0530] "GET / HTTP/1.1" 404 1074
192.168.0.104 - - [01/Jul/2020:17:43:29 +0530] "GET / HTTP/1.1" 404 1074
127.0.0.1 - - [01/Jul/2020:17:43:33 +0530] "GET /DealConsolidationPlatform/api/validate HTTP/1.1" 404 1043
127.0.0.1 - - [01/Jul/2020:17:43:33 +0530] "GET /DealConsolidationPlatform/api/validate HTTP/1.1" 404 1043
127.0.0.1 - - [01/Jul/2020:17:43:33 +0530] "GET /DealConsolidationPlatform/api/validate HTTP/1.1" 404 1043
0:0:0:0:0:0:0:1 - - [01/Jul/2020:17:43:33 +0530] "GET /IPA/api/getAllCheckersId?userRole=ipa_checker HTTP/1.1" 401 1030
127.0.0.1 - - [01/Jul/2020:17:43:33 +0530] "GET /DealConsolidationPlatform/api/validate HTTP/1.1" 404 1043
0:0:0:0:0:0:0:1 - - [01/Jul/2020:17:43:33 +0530] "GET /IPA/api/getUserDetails HTTP/1.1" 401 1030
0:0:0:0:0:0:0:1 - - [01/Jul/2020:17:43:33 +0530] "GET /DealConsolidationPlatform/loginPage.html HTTP/1.1" 200 8601
0:0:0:0:0:0:0:1 - - [01/Jul/2020:17:43:33 +0530] "GET /DealConsolidationPlatform/user-mgmt/lib/pan.js HTTP/1.1" 200 13247
0:0:0:0:0:0:0:1 - - [01/Jul/2020:17:43:33 +0530] "GET /DealConsolidationPlatform/user-mgmt/lib/jquery-val.js HTTP/1.1" 200 50278
0:0:0:0:0:0:0:1 - - [01/Jul/2020:17:43:33 +0530] "GET /DealConsolidationPlatform/user-mgmt/bootstrap/css/bootstrap.min.css HTTP/1.1" 200 146011
0:0:0:0:0:0:0:1 - - [01/Jul/2020:17:43:33 +0530] "GET /DealConsolidationPlatform/loginPage.html HTTP/1.1" 500 8601
0:0:0:0:0:0:0:1 - - [01/Jul/2020:17:43:33 +0530] "GET /DealConsolidationPlatform/user-mgmt/plugins/jQuery/jquery.min.js HTTP/1.1" 200 85596
0:0:0:0:0:0:0:1 - - [01/Jul/2020:17:43:33 +0530] "GET /DealConsolidationPlatform/user-mgmt/bootstrap/js/bootstrap.min.js HTTP/1.1" 200 37051
0:0:0:0:0:0:0:1 - - [01/Jul/2020:17:43:33 +0530] "GET /DealConsolidationPlatform/user-mgmt/components/font-awesome/css/font-awesome.css HTTP/1.1" 200 31002
0:0:0:0:0:0:0:1 - - [01/Jul/2020:17:43:33 +0530] "GET /DealConsolidationPlatform/user-mgmt/img/axis-bar.png HTTP/1.1" 200 32976
0:0:0:0:0:0:0:1 - - [01/Jul/2020:17:43:37 +0530] "GET /DealConsolidationPlatform/user-mgmt/components/font-awesome/fonts/fontawesome-webfont.woff2?v=4.7.0 HTTP/1.1" 200 66624
0:0:0:0:0:0:0:1 - - [01/Jul/2020:17:43:37 +0530] "POST /DealConsolidationPlatform/login HTTP/1.1" 200 309
0:0:0:0:0:0:0:1 - - [01/Jul/2020:17:43:38 +0530] "GET /DealConsolidationPlatform/api/users/getUserDetails HTTP/1.1" 200 5987
127.0.0.1 - - [01/Jul/2020:17:43:42 +0530] "GET /DealConsolidationPlatform/api/validate HTTP/1.1" 200 79
127.0.0.1 - - [01/Jul/2020:17:43:43 +0530] "GET /DealConsolidationPlatform/api/validate HTTP/1.1" 200 79
127.0.0.1 - - [01/Jul/2020:17:43:44 +0530] "GET /DealConsolidationPlatform/api/users/getUserDetails HTTP/1.1" 200 5987
127.0.0.1 - - [01/Jul/2020:17:43:44 +0530] "GET /DealConsolidationPlatform/api/users/getAllUsersId?userRole=ipa_checker HTTP/1.1" 200 26961
0:0:0:0:0:0:0:1 - - [01/Jul/2020:17:43:44 +0530] "GET /IPA/api/getUserDetails HTTP/1.1" 200 5987
0:0:0:0:0:0:0:1 - - [01/Jul/2020:17:43:44 +0530] "GET /IPA/api/getAllCheckersId?userRole=ipa_checker HTTP/1.1" 200 26961
127.0.0.1 - - [01/Jul/2020:17:43:50 +0530] "GET /DealConsolidationPlatform/api/validate HTTP/1.1" 200 79
0:0:0:0:0:0:0:1 - - [01/Jul/2020:17:43:53 +0530] "GET /IPA/api/viewAllTranche?customerId=&isinNumber=&pageNumber=1&pageSize=10 HTTP/1.1" 200 71119
127.0.0.1 - - [01/Jul/2020:17:43:57 +0530] "GET /DealConsolidationPlatform/api/validate HTTP/1.1" 200 79
0:0:0:0:0:0:0:1 - - [01/Jul/2020:17:44:00 +0530] "GET /IPA/api/downloadInvestorDetails?trancheId=9445 HTTP/1.1" 200 3407
127.0.0.1 - - [01/Jul/2020:17:45:22 +0530] "GET /DealConsolidationPlatform/api/validate HTTP/1.1" 200 79
127.0.0.1 - - [01/Jul/2020:17:45:22 +0530] "GET /DealConsolidationPlatform/api/validate HTTP/1.1" 200 79
127.0.0.1 - - [01/Jul/2020:17:45:22 +0530] "GET /DealConsolidationPlatform/api/users/getUserDetails HTTP/1.1" 200 5987
0:0:0:0:0:0:0:1 - - [01/Jul/2020:17:45:22 +0530] "GET /IPA/api/getUserDetails HTTP/1.1" 200 5987
127.0.0.1 - - [01/Jul/2020:17:45:22 +0530] "GET /DealConsolidationPlatform/api/users/getAllUsersId?userRole=ipa_checker HTTP/1.1" 200 26961
0:0:0:0:0:0:0:1 - - [01/Jul/2020:17:45:22 +0530] "GET /IPA/api/getAllCheckersId?userRole=ipa_checker HTTP/1.1" 200 26961
127.0.0.1 - - [01/Jul/2020:17:45:23 +0530] "GET /DealConsolidationPlatform/api/validate HTTP/1.1" 200 79
0:0:0:0:0:0:0:1 - - [01/Jul/2020:17:45:25 +0530] "GET /IPA/api/viewAllTranche?customerId=&isinNumber=&pageNumber=1&pageSize=10 HTTP/1.1" 200 71119
127.0.0.1 - - [01/Jul/2020:17:45:29 +0530] "GET /DealConsolidationPlatform/api/validate HTTP/1.1" 200 79
0:0:0:0:0:0:0:1 - - [01/Jul/2020:17:45:29 +0530] "GET /IPA/api/downloadInvestorDetails?trancheId=9445 HTTP/1.1" 200 3407
127.0.0.1 - - [01/Jul/2020:17:56:33 +0530] "GET / HTTP/1.1" 404 1074
127.0.0.1 - - [01/Jul/2020:17:58:58 +0530] "GET /DealConsolidationPlatform/api/validate HTTP/1.1" 200 79
0:0:0:0:0:0:0:1 - - [01/Jul/2020:17:59:01 +0530] "GET /IPA/api/downloadInvestorDetails?trancheId=9445 HTTP/1.1" 200 3408
127.0.0.1 - - [01/Jul/2020:17:59:13 +0530] "GET /DealConsolidationPlatform/api/validate HTTP/1.1" 200 79
0:0:0:0:0:0:0:1 - - [01/Jul/2020:17:59:13 +0530] "GET /IPA/api/downloadInvestorDetails?trancheId=9436 HTTP/1.1" 200 3403
0:0:0:0:0:0:0:1 - - [01/Jul/2020:18:00:23 +0530] "GET /IPA/api/downloadInvestorDetails?trancheId=9436 HTTP/1.1" 200 5045
0:0:0:0:0:0:0:1 - - [01/Jul/2020:18:00:24 +0530] "GET /IPA/assets/lib/select2/select2.min.css HTTP/1.1" 200 15197
0:0:0:0:0:0:0:1 - - [01/Jul/2020:18:00:24 +0530] "GET /IPA/assets/lib/bootstrap/css/bootstrap.min.css HTTP/1.1" 200 121205
0:0:0:0:0:0:0:1 - - [01/Jul/2020:18:00:24 +0530] "GET /IPA/assets/lib/jQuery/jquery.min.js HTTP/1.1" 200 85682
0:0:0:0:0:0:0:1 - - [01/Jul/2020:18:00:24 +0530] "GET /IPA/assets/lib/datepicker/datepicker3.css HTTP/1.1" 200 34535
0:0:0:0:0:0:0:1 - - [01/Jul/2020:18:00:24 +0530] "GET /IPA/assets/css/AdminLTE.min.css HTTP/1.1" 200 114027
0:0:0:0:0:0:0:1 - - [01/Jul/2020:18:00:24 +0530] "GET /IPA/assets/lib/adminlte/adminlte.min.js HTTP/1.1" 200 9935
0:0:0:0:0:0:0:1 - - [01/Jul/2020:18:00:24 +0530] "GET /IPA/assets/css/skins/skin-blue.min.css HTTP/1.1" 200 3731
0:0:0:0:0:0:0:1 - - [01/Jul/2020:18:00:24 +0530] "GET /IPA/assets/lib/jQuery/jquery-ui.min.js HTTP/1.1" 200 228067
0:0:0:0:0:0:0:1 - - [01/Jul/2020:18:00:24 +0530] "GET /IPA/assets/lib/datepicker/bootstrap-datepicker.js HTTP/1.1" 200 48464
0:0:0:0:0:0:0:1 - - [01/Jul/2020:18:00:24 +0530] "GET /IPA/assets/lib/fastclick/fastclick.js HTTP/1.1" 200 26806
0:0:0:0:0:0:0:1 - - [01/Jul/2020:18:00:24 +0530] "GET /IPA/assets/lib/sparklines/sparkline.min.js HTTP/1.1" 200 43245
0:0:0:0:0:0:0:1 - - [01/Jul/2020:18:00:24 +0530] "GET /IPA/assets/lib/flot/jquery.flot.resize.min.js HTTP/1.1" 200 2023
0:0:0:0:0:0:0:1 - - [01/Jul/2020:18:00:24 +0530] "GET /IPA/assets/lib/flot/jquery.flot.pie.min.js HTTP/1.1" 200 12024
0:0:0:0:0:0:0:1 - - [01/Jul/2020:18:00:24 +0530] "GET /IPA/assets/lib/flot/jquery.flot.min.js HTTP/1.1" 200 52301
0:0:0:0:0:0:0:1 - - [01/Jul/2020:18:00:24 +0530] "GET /IPA/assets/lib/flot/jquery.flot.categories.min.js HTTP/1.1" 200 2457
0:0:0:0:0:0:0:1 - - [01/Jul/2020:18:00:24 +0530] "GET /IPA/assets/lib/bootstrap/js/bootstrap.min.js HTTP/1.1" 200 37009
0:0:0:0:0:0:0:1 - - [01/Jul/2020:18:00:24 +0530] "GET /IPA/app.bundle.js?d04d9f1835133f718017 HTTP/1.1" 200 666727
0:0:0:0:0:0:0:1 - - [01/Jul/2020:18:00:24 +0530] "GET /IPA/assets/img/loader-64x/axis-loader.gif HTTP/1.1" 200 46156
0:0:0:0:0:0:0:1 - - [01/Jul/2020:18:00:24 +0530] "GET /IPA/vendor.bundle.js?d04d9f1835133f718017 HTTP/1.1" 200 780864
0:0:0:0:0:0:0:1 - - [01/Jul/2020:18:00:25 +0530] "GET /IPA/assets/lib/datepicker/bootstrap-datepicker.js HTTP/1.1" 200 48464
0:0:0:0:0:0:0:1 - - [01/Jul/2020:18:00:27 +0530] "GET /IPA/assets/img/favicon.ico HTTP/1.1" 200 15406
127.0.0.1 - - [01/Jul/2020:18:00:37 +0530] "GET /DealConsolidationPlatform/api/validate HTTP/1.1" 200 79
127.0.0.1 - - [01/Jul/2020:18:00:37 +0530] "GET /DealConsolidationPlatform/api/validate HTTP/1.1" 200 79
127.0.0.1 - - [01/Jul/2020:18:00:38 +0530] "GET /DealConsolidationPlatform/api/validate HTTP/1.1" 200 79
127.0.0.1 - - [01/Jul/2020:18:00:39 +0530] "GET /DealConsolidationPlatform/api/users/getAllUsersId?userRole=ipa_checker HTTP/1.1" 200 26961
127.0.0.1 - - [01/Jul/2020:18:00:39 +0530] "GET /DealConsolidationPlatform/api/users/getUserDetails HTTP/1.1" 200 5987
0:0:0:0:0:0:0:1 - - [01/Jul/2020:18:00:39 +0530] "GET /IPA/api/getUserDetails HTTP/1.1" 200 5987
0:0:0:0:0:0:0:1 - - [01/Jul/2020:18:00:39 +0530] "GET /IPA/api/getAllCheckersId?userRole=ipa_checker HTTP/1.1" 200 26961
0:0:0:0:0:0:0:1 - - [01/Jul/2020:18:00:41 +0530] "GET /IPA/api/viewAllTranche?customerId=&isinNumber=&pageNumber=1&pageSize=10 HTTP/1.1" 200 71119
127.0.0.1 - - [01/Jul/2020:18:00:54 +0530] "GET /DealConsolidationPlatform/api/validate HTTP/1.1" 200 79
0:0:0:0:0:0:0:1 - - [01/Jul/2020:18:00:54 +0530] "GET /IPA/api/downloadInvestorDetails?trancheId=9442 HTTP/1.1" 200 3407
127.0.0.1 - - [01/Jul/2020:18:01:16 +0530] "GET /DealConsolidationPlatform/api/validate HTTP/1.1" 200 79
0:0:0:0:0:0:0:1 - - [01/Jul/2020:18:01:18 +0530] "GET /IPA/api/viewAllTranche?customerId=&isinNumber=&pageNumber=2&pageSize=10 HTTP/1.1" 200 49273
127.0.0.1 - - [01/Jul/2020:18:01:33 +0530] "GET /DealConsolidationPlatform/api/validate HTTP/1.1" 200 79
0:0:0:0:0:0:0:1 - - [01/Jul/2020:18:01:33 +0530] "GET /IPA/api/downloadInvestorDetails?trancheId=7708 HTTP/1.1" 200 3403
127.0.0.1 - - [01/Jul/2020:18:03:39 +0530] "GET /DealConsolidationPlatform/api/validate HTTP/1.1" 200 79
127.0.0.1 - - [01/Jul/2020:18:16:21 +0530] "GET /DealConsolidationPlatform/api/validate HTTP/1.1" 200 79
0:0:0:0:0:0:0:1 - - [01/Jul/2020:18:16:26 +0530] "GET /IPA/api/downloadInvestorDetails?trancheId=9422 HTTP/1.1" 200 4156
127.0.0.1 - - [01/Jul/2020:18:22:06 +0530] "GET /DealConsolidationPlatform/api/validate HTTP/1.1" 200 79
127.0.0.1 - - [01/Jul/2020:18:22:06 +0530] "GET /DealConsolidationPlatform/api/validate HTTP/1.1" 200 79
127.0.0.1 - - [01/Jul/2020:18:22:06 +0530] "GET /DealConsolidationPlatform/api/validate HTTP/1.1" 200 79
127.0.0.1 - - [01/Jul/2020:18:22:07 +0530] "GET /DealConsolidationPlatform/api/users/getUserDetails HTTP/1.1" 200 5987
127.0.0.1 - - [01/Jul/2020:18:22:08 +0530] "GET /DealConsolidationPlatform/api/users/getAllUsersId?userRole=ipa_checker HTTP/1.1" 200 26961
0:0:0:0:0:0:0:1 - - [01/Jul/2020:18:22:08 +0530] "GET /IPA/api/getUserDetails HTTP/1.1" 200 5987
0:0:0:0:0:0:0:1 - - [01/Jul/2020:18:22:08 +0530] "GET /IPA/api/getAllCheckersId?userRole=ipa_checker HTTP/1.1" 200 26961
0:0:0:0:0:0:0:1 - - [01/Jul/2020:18:22:09 +0530] "GET /IPA/api/viewAllTranche?customerId=&isinNumber=&pageNumber=1&pageSize=10 HTTP/1.1" 200 71119
127.0.0.1 - - [01/Jul/2020:18:22:43 +0530] "GET /DealConsolidationPlatform/api/validate HTTP/1.1" 200 79
0:0:0:0:0:0:0:1 - - [01/Jul/2020:18:22:45 +0530] "GET /IPA/api/viewAllTranche?customerId=&isinNumber=&pageNumber=2&pageSize=10 HTTP/1.1" 200 49273
127.0.0.1 - - [01/Jul/2020:18:22:56 +0530] "GET /DealConsolidationPlatform/api/validate HTTP/1.1" 200 79
0:0:0:0:0:0:0:1 - - [01/Jul/2020:18:22:56 +0530] "GET /IPA/api/downloadInvestorDetails?trancheId=9423 HTTP/1.1" 200 3404
127.0.0.1 - - [01/Jul/2020:18:24:02 +0530] "GET /DealConsolidationPlatform/api/validate HTTP/1.1" 200 79
0:0:0:0:0:0:0:1 - - [01/Jul/2020:18:24:04 +0530] "GET /IPA/api/downloadInvestorDetails?trancheId=9422 HTTP/1.1" 200 4162
127.0.0.1 - - [01/Jul/2020:18:26:47 +0530] "GET /DealConsolidationPlatform/api/validate HTTP/1.1" 200 79
127.0.0.1 - - [01/Jul/2020:18:26:47 +0530] "GET /DealConsolidationPlatform/api/validate HTTP/1.1" 200 79
127.0.0.1 - - [01/Jul/2020:18:26:47 +0530] "GET /DealConsolidationPlatform/api/validate HTTP/1.1" 200 79
127.0.0.1 - - [01/Jul/2020:18:26:48 +0530] "GET /DealConsolidationPlatform/api/users/getUserDetails HTTP/1.1" 200 5987
0:0:0:0:0:0:0:1 - - [01/Jul/2020:18:26:48 +0530] "GET /IPA/api/getUserDetails HTTP/1.1" 200 5987
127.0.0.1 - - [01/Jul/2020:18:26:48 +0530] "GET /DealConsolidationPlatform/api/users/getAllUsersId?userRole=ipa_checker HTTP/1.1" 200 26961
0:0:0:0:0:0:0:1 - - [01/Jul/2020:18:26:48 +0530] "GET /IPA/api/getAllCheckersId?userRole=ipa_checker HTTP/1.1" 200 26961
0:0:0:0:0:0:0:1 - - [01/Jul/2020:18:26:51 +0530] "GET /IPA/api/viewAllTranche?customerId=&isinNumber=&pageNumber=1&pageSize=10 HTTP/1.1" 200 71119
127.0.0.1 - - [01/Jul/2020:18:26:56 +0530] "GET /DealConsolidationPlatform/api/validate HTTP/1.1" 200 79
0:0:0:0:0:0:0:1 - - [01/Jul/2020:18:27:00 +0530] "GET /IPA/api/viewAllTranche?customerId=&isinNumber=&pageNumber=2&pageSize=10 HTTP/1.1" 200 49273
127.0.0.1 - - [01/Jul/2020:18:27:07 +0530] "GET /DealConsolidationPlatform/api/validate HTTP/1.1" 200 79
0:0:0:0:0:0:0:1 - - [01/Jul/2020:18:27:08 +0530] "GET /IPA/api/downloadInvestorDetails?trancheId=9422 HTTP/1.1" 200 4165
0:0:0:0:0:0:0:1 - - [01/Jul/2020:18:30:10 +0530] "GET /IPA/api/downloadInvestorDetails?trancheId=9422 HTTP/1.1" 500 2214
127.0.0.1 - - [01/Jul/2020:18:31:35 +0530] "GET /DealConsolidationPlatform/api/validate HTTP/1.1" 200 79
0:0:0:0:0:0:0:1 - - [01/Jul/2020:18:31:40 +0530] "GET /IPA/api/downloadInvestorDetails?trancheId=9422 HTTP/1.1" 200 4273
127.0.0.1 - - [01/Jul/2020:18:34:34 +0530] "GET /DealConsolidationPlatform/api/validate HTTP/1.1" 200 79
0:0:0:0:0:0:0:1 - - [01/Jul/2020:18:34:35 +0530] "GET /IPA/api/downloadInvestorDetails?trancheId=9422 HTTP/1.1" 200 4295
127.0.0.1 - - [01/Jul/2020:18:37:00 +0530] "GET /DealConsolidationPlatform/api/validate HTTP/1.1" 200 79
0:0:0:0:0:0:0:1 - - [01/Jul/2020:18:37:03 +0530] "GET /IPA/api/downloadInvestorDetails?trancheId=9421 HTTP/1.1" 200 3461
127.0.0.1 - - [01/Jul/2020:18:39:51 +0530] "GET /DealConsolidationPlatform/api/validate HTTP/1.1" 200 79
0:0:0:0:0:0:0:1 - - [01/Jul/2020:18:39:54 +0530] "GET /IPA/api/downloadInvestorDetails?trancheId=9421 HTTP/1.1" 200 3463
