127.0.0.1 - - [20/Mar/2020:15:56:53 +0530] "GET /DealConsolidationPlatform/api/validate HTTP/1.1" 200 79
0:0:0:0:0:0:0:1 - - [20/Mar/2020:15:56:54 +0530] "POST /IPA/api/getRequestDetails?customerId=1232&isinNumber=&modelName=BR&pageNumber=1&pageSize=10 HTTP/1.1" 200 6914
0:0:0:0:0:0:0:1 - - [20/Mar/2020:15:56:54 +0530] "POST /IPA/api/getRequestDetails?customerId=123&isinNumber=&modelName=BR&pageNumber=1&pageSize=10 HTTP/1.1" 200 22294
127.0.0.1 - - [20/Mar/2020:15:56:58 +0530] "GET /DealConsolidationPlatform/api/validate HTTP/1.1" 200 79
127.0.0.1 - - [20/Mar/2020:15:56:59 +0530] "GET /DealConsolidationPlatform/api/validate HTTP/1.1" 200 79
127.0.0.1 - - [20/Mar/2020:15:56:59 +0530] "GET /DealConsolidationPlatform/api/validate HTTP/1.1" 200 79
0:0:0:0:0:0:0:1 - - [20/Mar/2020:15:56:59 +0530] "POST /IPA/api/getRequestDetails?customerId=1233&isinNumber=&modelName=BR&pageNumber=1&pageSize=10 HTTP/1.1" 200 91
0:0:0:0:0:0:0:1 - - [20/Mar/2020:15:56:59 +0530] "POST /IPA/api/getRequestDetails?customerId=12332&isinNumber=&modelName=BR&pageNumber=1&pageSize=10 HTTP/1.1" 200 91
0:0:0:0:0:0:0:1 - - [20/Mar/2020:15:56:59 +0530] "POST /IPA/api/getRequestDetails?customerId=123&isinNumber=&modelName=BR&pageNumber=1&pageSize=10 HTTP/1.1" 200 22294
127.0.0.1 - - [20/Mar/2020:15:57:04 +0530] "GET /DealConsolidationPlatform/api/validate HTTP/1.1" 200 79
0:0:0:0:0:0:0:1 - - [20/Mar/2020:15:57:07 +0530] "GET /IPA/api/viewAllBR?customerId=&pageNumber=1&pageSize=10 HTTP/1.1" 200 28234
127.0.0.1 - - [20/Mar/2020:15:57:32 +0530] "GET /DealConsolidationPlatform/api/validate HTTP/1.1" 200 79
0:0:0:0:0:0:0:1 - - [20/Mar/2020:15:57:33 +0530] "POST /IPA/api/getRequestDetails?customerId=123&isinNumber=&modelName=BR&pageNumber=1&pageSize=10 HTTP/1.1" 200 22294
127.0.0.1 - - [20/Mar/2020:15:57:34 +0530] "GET /DealConsolidationPlatform/api/validate HTTP/1.1" 200 79
0:0:0:0:0:0:0:1 - - [20/Mar/2020:15:57:35 +0530] "POST /IPA/api/getRequestDetails?customerId=1233&isinNumber=&modelName=BR&pageNumber=1&pageSize=10 HTTP/1.1" 200 91
127.0.0.1 - - [20/Mar/2020:15:57:37 +0530] "GET /DealConsolidationPlatform/api/validate HTTP/1.1" 200 79
0:0:0:0:0:0:0:1 - - [20/Mar/2020:15:57:38 +0530] "GET /IPA/api/viewAllBR?customerId=1233&pageNumber=1&pageSize=10 HTTP/1.1" 200 91
127.0.0.1 - - [20/Mar/2020:15:57:39 +0530] "GET /DealConsolidationPlatform/api/validate HTTP/1.1" 200 79
0:0:0:0:0:0:0:1 - - [20/Mar/2020:15:57:39 +0530] "GET /IPA/api/viewAllBR?customerId=1233&pageNumber=1&pageSize=10 HTTP/1.1" 200 91
127.0.0.1 - - [20/Mar/2020:15:58:59 +0530] "GET /DealConsolidationPlatform/api/validate HTTP/1.1" 200 79
0:0:0:0:0:0:0:1 - - [20/Mar/2020:15:58:59 +0530] "POST /IPA/api/getRequestDetails?customerId=1233&isinNumber=&modelName=BR&pageNumber=1&pageSize=10 HTTP/1.1" 200 91
127.0.0.1 - - [20/Mar/2020:15:59:00 +0530] "GET /DealConsolidationPlatform/api/validate HTTP/1.1" 200 79
0:0:0:0:0:0:0:1 - - [20/Mar/2020:15:59:00 +0530] "POST /IPA/api/getRequestDetails?customerId=5123232&isinNumber=&modelName=BR&pageNumber=1&pageSize=10 HTTP/1.1" 200 6914
127.0.0.1 - - [20/Mar/2020:15:59:29 +0530] "GET /DealConsolidationPlatform/api/validate HTTP/1.1" 200 79
0:0:0:0:0:0:0:1 - - [20/Mar/2020:15:59:29 +0530] "GET /IPA/api/getById?customerId=12332 HTTP/1.1" 200 1397
0:0:0:0:0:0:0:1 - - [20/Mar/2020:16:01:43 +0530] "GET /DealConsolidationPlatform/loginPage.html HTTP/1.1" 200 8601
127.0.0.1 - - [20/Mar/2020:16:01:43 +0530] "GET /DealConsolidationPlatform/api/validate HTTP/1.1" 404 1043
0:0:0:0:0:0:0:1 - - [20/Mar/2020:16:01:43 +0530] "GET /DealConsolidationPlatform/user-mgmt/components/font-awesome/css/font-awesome.css HTTP/1.1" 200 31002
0:0:0:0:0:0:0:1 - - [20/Mar/2020:16:01:43 +0530] "GET /DealConsolidationPlatform/user-mgmt/img/axis-bar.png HTTP/1.1" 200 32976
0:0:0:0:0:0:0:1 - - [20/Mar/2020:16:01:43 +0530] "GET /DealConsolidationPlatform/user-mgmt/bootstrap/css/bootstrap.min.css HTTP/1.1" 200 146011
0:0:0:0:0:0:0:1 - - [20/Mar/2020:16:01:43 +0530] "GET /DealConsolidationPlatform/user-mgmt/lib/jquery-val.js HTTP/1.1" 200 50278
0:0:0:0:0:0:0:1 - - [20/Mar/2020:16:01:43 +0530] "GET /DealConsolidationPlatform/user-mgmt/bootstrap/js/bootstrap.min.js HTTP/1.1" 200 37051
127.0.0.1 - - [20/Mar/2020:16:01:43 +0530] "GET /DealConsolidationPlatform/api/validate HTTP/1.1" 404 1043
0:0:0:0:0:0:0:1 - - [20/Mar/2020:16:01:43 +0530] "GET /IPA/api/getUserDetails HTTP/1.1" 401 1030
0:0:0:0:0:0:0:1 - - [20/Mar/2020:16:01:43 +0530] "GET /DealConsolidationPlatform/user-mgmt/plugins/jQuery/jquery.min.js HTTP/1.1" 200 85596
0:0:0:0:0:0:0:1 - - [20/Mar/2020:16:01:43 +0530] "GET /DealConsolidationPlatform/user-mgmt/lib/pan.js HTTP/1.1" 200 13247
0:0:0:0:0:0:0:1 - - [20/Mar/2020:16:01:50 +0530] "GET /DealConsolidationPlatform/user-mgmt/components/font-awesome/fonts/fontawesome-webfont.woff2?v=4.7.0 HTTP/1.1" 200 66624
0:0:0:0:0:0:0:1 - - [20/Mar/2020:16:01:50 +0530] "POST /DealConsolidationPlatform/login HTTP/1.1" 200 304
0:0:0:0:0:0:0:1 - - [20/Mar/2020:16:01:50 +0530] "GET /DealConsolidationPlatform/api/users/getUserDetails HTTP/1.1" 200 7387
127.0.0.1 - - [20/Mar/2020:16:01:57 +0530] "GET /DealConsolidationPlatform/api/validate HTTP/1.1" 200 79
127.0.0.1 - - [20/Mar/2020:16:01:57 +0530] "GET /DealConsolidationPlatform/api/users/getUserDetails HTTP/1.1" 200 7387
0:0:0:0:0:0:0:1 - - [20/Mar/2020:16:01:57 +0530] "GET /IPA/api/getUserDetails HTTP/1.1" 200 7387
127.0.0.1 - - [20/Mar/2020:16:02:03 +0530] "GET /DealConsolidationPlatform/api/validate HTTP/1.1" 200 79
127.0.0.1 - - [20/Mar/2020:16:02:03 +0530] "GET /DealConsolidationPlatform/api/users/getUserDetails HTTP/1.1" 200 7387
0:0:0:0:0:0:0:1 - - [20/Mar/2020:16:02:04 +0530] "GET /IPA/api/viewRequest?pageNumber=1&pageSize=10 HTTP/1.1" 200 5563
127.0.0.1 - - [20/Mar/2020:16:02:14 +0530] "GET /DealConsolidationPlatform/api/validate HTTP/1.1" 200 79
0:0:0:0:0:0:0:1 - - [20/Mar/2020:16:02:15 +0530] "POST /IPA/api/getCutomer HTTP/1.1" 200 1395
127.0.0.1 - - [20/Mar/2020:16:02:21 +0530] "GET /DealConsolidationPlatform/api/validate HTTP/1.1" 200 79
127.0.0.1 - - [20/Mar/2020:16:02:21 +0530] "GET /DealConsolidationPlatform/api/users/getUserDetails HTTP/1.1" 200 7387
0:0:0:0:0:0:0:1 - - [20/Mar/2020:16:02:23 +0530] "GET /IPA/api/viewRequest?pageNumber=1&pageSize=10 HTTP/1.1" 200 5563
127.0.0.1 - - [20/Mar/2020:16:10:57 +0530] "GET /DealConsolidationPlatform/api/validate HTTP/1.1" 200 79
0:0:0:0:0:0:0:1 - - [20/Mar/2020:16:11:01 +0530] "GET /IPA/api/viewAllBR?customerId=&pageNumber=1&pageSize=10 HTTP/1.1" 200 28234
127.0.0.1 - - [20/Mar/2020:16:11:02 +0530] "GET /DealConsolidationPlatform/api/validate HTTP/1.1" 200 79
127.0.0.1 - - [20/Mar/2020:16:11:03 +0530] "GET /DealConsolidationPlatform/api/validate HTTP/1.1" 200 79
0:0:0:0:0:0:0:1 - - [20/Mar/2020:16:11:03 +0530] "POST /IPA/api/getRequestDetails?customerId=1232&isinNumber=&modelName=BR&pageNumber=1&pageSize=10 HTTP/1.1" 200 6914
127.0.0.1 - - [20/Mar/2020:16:11:04 +0530] "GET /DealConsolidationPlatform/api/validate HTTP/1.1" 200 79
127.0.0.1 - - [20/Mar/2020:16:11:04 +0530] "GET /DealConsolidationPlatform/api/validate HTTP/1.1" 200 79
0:0:0:0:0:0:0:1 - - [20/Mar/2020:16:11:04 +0530] "POST /IPA/api/getRequestDetails?customerId=123&isinNumber=&modelName=BR&pageNumber=1&pageSize=10 HTTP/1.1" 200 22294
127.0.0.1 - - [20/Mar/2020:16:11:04 +0530] "GET /DealConsolidationPlatform/api/validate HTTP/1.1" 200 79
0:0:0:0:0:0:0:1 - - [20/Mar/2020:16:11:04 +0530] "POST /IPA/api/getRequestDetails?customerId=1233&isinNumber=&modelName=BR&pageNumber=1&pageSize=10 HTTP/1.1" 200 91
0:0:0:0:0:0:0:1 - - [20/Mar/2020:16:11:04 +0530] "POST /IPA/api/getRequestDetails?customerId=12332&isinNumber=&modelName=BR&pageNumber=1&pageSize=10 HTTP/1.1" 200 91
127.0.0.1 - - [20/Mar/2020:16:11:06 +0530] "GET /DealConsolidationPlatform/api/validate HTTP/1.1" 200 79
127.0.0.1 - - [20/Mar/2020:16:11:06 +0530] "GET /DealConsolidationPlatform/api/validate HTTP/1.1" 200 79
0:0:0:0:0:0:0:1 - - [20/Mar/2020:16:11:06 +0530] "POST /IPA/api/getRequestDetails?customerId=123&isinNumber=&modelName=BR&pageNumber=1&pageSize=10 HTTP/1.1" 200 22294
0:0:0:0:0:0:0:1 - - [20/Mar/2020:16:11:06 +0530] "POST /IPA/api/getRequestDetails?customerId=1233&isinNumber=&modelName=BR&pageNumber=1&pageSize=10 HTTP/1.1" 200 91
0:0:0:0:0:0:0:1 - - [20/Mar/2020:16:11:07 +0530] "POST /IPA/api/getRequestDetails?customerId=123&isinNumber=&modelName=BR&pageNumber=1&pageSize=10 HTTP/1.1" 200 22294
127.0.0.1 - - [20/Mar/2020:16:11:15 +0530] "GET /DealConsolidationPlatform/api/validate HTTP/1.1" 200 79
0:0:0:0:0:0:0:1 - - [20/Mar/2020:16:11:16 +0530] "POST /IPA/api/getRequestDetails?customerId=AV+s&isinNumber=&modelName=BR&pageNumber=1&pageSize=10 HTTP/1.1" 200 91
127.0.0.1 - - [20/Mar/2020:16:11:17 +0530] "GET /DealConsolidationPlatform/api/validate HTTP/1.1" 200 79
0:0:0:0:0:0:0:1 - - [20/Mar/2020:16:11:17 +0530] "POST /IPA/api/getRequestDetails?customerId=AV+a&isinNumber=&modelName=BR&pageNumber=1&pageSize=10 HTTP/1.1" 200 91
127.0.0.1 - - [20/Mar/2020:16:11:18 +0530] "GET /DealConsolidationPlatform/api/validate HTTP/1.1" 200 79
0:0:0:0:0:0:0:1 - - [20/Mar/2020:16:11:18 +0530] "POST /IPA/api/getRequestDetails?customerId=AV+as&isinNumber=&modelName=BR&pageNumber=1&pageSize=10 HTTP/1.1" 200 91
127.0.0.1 - - [20/Mar/2020:16:11:19 +0530] "GET /DealConsolidationPlatform/api/validate HTTP/1.1" 200 79
0:0:0:0:0:0:0:1 - - [20/Mar/2020:16:11:19 +0530] "POST /IPA/api/getRequestDetails?customerId=AV+ass&isinNumber=&modelName=BR&pageNumber=1&pageSize=10 HTTP/1.1" 200 91
127.0.0.1 - - [20/Mar/2020:16:11:20 +0530] "GET /DealConsolidationPlatform/api/validate HTTP/1.1" 200 79
127.0.0.1 - - [20/Mar/2020:16:11:20 +0530] "GET /DealConsolidationPlatform/api/validate HTTP/1.1" 200 79
0:0:0:0:0:0:0:1 - - [20/Mar/2020:16:11:20 +0530] "POST /IPA/api/getRequestDetails?customerId=AV+as&isinNumber=&modelName=BR&pageNumber=1&pageSize=10 HTTP/1.1" 200 91
0:0:0:0:0:0:0:1 - - [20/Mar/2020:16:11:21 +0530] "POST /IPA/api/getRequestDetails?customerId=AV+a&isinNumber=&modelName=BR&pageNumber=1&pageSize=10 HTTP/1.1" 200 91
127.0.0.1 - - [20/Mar/2020:16:11:21 +0530] "GET /DealConsolidationPlatform/api/validate HTTP/1.1" 200 79
0:0:0:0:0:0:0:1 - - [20/Mar/2020:16:11:21 +0530] "POST /IPA/api/getRequestDetails?customerId=AV+A&isinNumber=&modelName=BR&pageNumber=1&pageSize=10 HTTP/1.1" 200 91
127.0.0.1 - - [20/Mar/2020:16:11:21 +0530] "GET /DealConsolidationPlatform/api/validate HTTP/1.1" 200 79
0:0:0:0:0:0:0:1 - - [20/Mar/2020:16:11:21 +0530] "POST /IPA/api/getRequestDetails?customerId=AV+As&isinNumber=&modelName=BR&pageNumber=1&pageSize=10 HTTP/1.1" 200 91
127.0.0.1 - - [20/Mar/2020:16:11:22 +0530] "GET /DealConsolidationPlatform/api/validate HTTP/1.1" 200 79
0:0:0:0:0:0:0:1 - - [20/Mar/2020:16:11:22 +0530] "POST /IPA/api/getRequestDetails?customerId=AV+A&isinNumber=&modelName=BR&pageNumber=1&pageSize=10 HTTP/1.1" 200 91
127.0.0.1 - - [20/Mar/2020:16:11:27 +0530] "GET /DealConsolidationPlatform/api/validate HTTP/1.1" 200 79
0:0:0:0:0:0:0:1 - - [20/Mar/2020:16:11:31 +0530] "GET /IPA/api/viewAllBR?customerId=&pageNumber=1&pageSize=10 HTTP/1.1" 200 28234
127.0.0.1 - - [20/Mar/2020:16:16:06 +0530] "GET /DealConsolidationPlatform/api/validate HTTP/1.1" 200 79
0:0:0:0:0:0:0:1 - - [20/Mar/2020:16:16:07 +0530] "POST /IPA/api/getRequestDetails?customerId=5123232&isinNumber=&modelName=BR&pageNumber=1&pageSize=10 HTTP/1.1" 200 6914
127.0.0.1 - - [20/Mar/2020:16:16:14 +0530] "GET /DealConsolidationPlatform/api/validate HTTP/1.1" 200 79
0:0:0:0:0:0:0:1 - - [20/Mar/2020:16:16:14 +0530] "POST /IPA/api/downloadDoc?customerId=5123232&fileName=5123232%2F12_04_2019_12_09_07CALENDAR+Q4+2018-19+_+APPLICATION+SECURITY+-+BLACKBOX+_+CRM+Branch+Banking+_+MOBILE_29-Jan-2019.pdf HTTP/1.1" 200 5
127.0.0.1 - - [20/Mar/2020:16:16:17 +0530] "GET /DealConsolidationPlatform/api/validate HTTP/1.1" 200 79
0:0:0:0:0:0:0:1 - - [20/Mar/2020:16:16:19 +0530] "GET /IPA/api/viewAllBR?customerId=&pageNumber=1&pageSize=10 HTTP/1.1" 200 28234
127.0.0.1 - - [20/Mar/2020:16:16:22 +0530] "GET /DealConsolidationPlatform/api/validate HTTP/1.1" 200 79
0:0:0:0:0:0:0:1 - - [20/Mar/2020:16:16:23 +0530] "POST /IPA/api/getRequestDetails?customerId=5123232&isinNumber=&modelName=BR&pageNumber=1&pageSize=10 HTTP/1.1" 200 6914
127.0.0.1 - - [20/Mar/2020:16:16:26 +0530] "GET /DealConsolidationPlatform/api/validate HTTP/1.1" 200 79
0:0:0:0:0:0:0:1 - - [20/Mar/2020:16:16:26 +0530] "POST /IPA/api/downloadDoc?customerId=5123232&fileName=D:%5CIPA%5Ccustomer%5C5123232%5CTemp%5C20_03_2020_03_56_19test_doc.pdf HTTP/1.1" 200 5
127.0.0.1 - - [20/Mar/2020:16:16:53 +0530] "GET /DealConsolidationPlatform/api/validate HTTP/1.1" 200 79
0:0:0:0:0:0:0:1 - - [20/Mar/2020:16:16:57 +0530] "GET /IPA/api/viewAllBR?customerId=&pageNumber=1&pageSize=10 HTTP/1.1" 200 28234
127.0.0.1 - - [20/Mar/2020:16:17:00 +0530] "GET /DealConsolidationPlatform/api/validate HTTP/1.1" 200 79
0:0:0:0:0:0:0:1 - - [20/Mar/2020:16:17:10 +0530] "GET /IPA/api/viewAllCP?customerId=&pageNumber=1&pageSize=10 HTTP/1.1" 200 67372
127.0.0.1 - - [20/Mar/2020:16:17:18 +0530] "GET /DealConsolidationPlatform/api/validate HTTP/1.1" 200 79
127.0.0.1 - - [20/Mar/2020:16:17:18 +0530] "GET /DealConsolidationPlatform/api/validate HTTP/1.1" 200 79
127.0.0.1 - - [20/Mar/2020:16:17:18 +0530] "GET /DealConsolidationPlatform/api/validate HTTP/1.1" 200 79
0:0:0:0:0:0:0:1 - - [20/Mar/2020:16:17:18 +0530] "GET /IPA/api/getAgencyName HTTP/1.1" 200 177
0:0:0:0:0:0:0:1 - - [20/Mar/2020:16:17:19 +0530] "GET /IPA/api/getCreditRating HTTP/1.1" 200 189
0:0:0:0:0:0:0:1 - - [20/Mar/2020:16:17:20 +0530] "POST /IPA/api/getOriginalRatingDetailsByCp?cpId=6956 HTTP/1.1" 200 8398
127.0.0.1 - - [20/Mar/2020:16:17:31 +0530] "GET /DealConsolidationPlatform/api/validate HTTP/1.1" 200 79
127.0.0.1 - - [20/Mar/2020:16:17:31 +0530] "GET /DealConsolidationPlatform/api/validate HTTP/1.1" 200 79
0:0:0:0:0:0:0:1 - - [20/Mar/2020:16:17:32 +0530] "GET /IPA/api/getCreditRating HTTP/1.1" 200 189
0:0:0:0:0:0:0:1 - - [20/Mar/2020:16:17:32 +0530] "GET /IPA/api/getAgencyName HTTP/1.1" 200 177
127.0.0.1 - - [20/Mar/2020:16:17:32 +0530] "GET /DealConsolidationPlatform/api/validate HTTP/1.1" 200 79
0:0:0:0:0:0:0:1 - - [20/Mar/2020:16:17:47 +0530] "GET /IPA/api/viewAllCP?customerId=&pageNumber=1&pageSize=10 HTTP/1.1" 200 67372
127.0.0.1 - - [20/Mar/2020:16:17:49 +0530] "GET /DealConsolidationPlatform/api/validate HTTP/1.1" 200 79
127.0.0.1 - - [20/Mar/2020:16:17:49 +0530] "GET /DealConsolidationPlatform/api/validate HTTP/1.1" 200 79
127.0.0.1 - - [20/Mar/2020:16:17:49 +0530] "GET /DealConsolidationPlatform/api/validate HTTP/1.1" 200 79
0:0:0:0:0:0:0:1 - - [20/Mar/2020:16:17:50 +0530] "GET /IPA/api/getAgencyName HTTP/1.1" 200 177
0:0:0:0:0:0:0:1 - - [20/Mar/2020:16:17:50 +0530] "GET /IPA/api/getCreditRating HTTP/1.1" 200 189
0:0:0:0:0:0:0:1 - - [20/Mar/2020:16:17:52 +0530] "POST /IPA/api/getOriginalRatingDetailsByCp?cpId=6956 HTTP/1.1" 200 8398
127.0.0.1 - - [20/Mar/2020:16:21:42 +0530] "GET /DealConsolidationPlatform/api/validate HTTP/1.1" 200 79
127.0.0.1 - - [20/Mar/2020:16:21:42 +0530] "GET /DealConsolidationPlatform/api/validate HTTP/1.1" 200 79
127.0.0.1 - - [20/Mar/2020:16:21:42 +0530] "GET /DealConsolidationPlatform/api/users/getUserDetails HTTP/1.1" 200 5987
0:0:0:0:0:0:0:1 - - [20/Mar/2020:16:21:42 +0530] "GET /IPA/api/getUserDetails HTTP/1.1" 200 5987
127.0.0.1 - - [20/Mar/2020:16:21:42 +0530] "GET /DealConsolidationPlatform/api/users/getAllUsersId?userRole=ipa_checker HTTP/1.1" 200 26969
0:0:0:0:0:0:0:1 - - [20/Mar/2020:16:21:42 +0530] "GET /IPA/api/getAllCheckersId?userRole=ipa_checker HTTP/1.1" 200 26969
127.0.0.1 - - [20/Mar/2020:16:21:42 +0530] "GET /DealConsolidationPlatform/api/validate HTTP/1.1" 200 79
127.0.0.1 - - [20/Mar/2020:16:21:42 +0530] "GET /DealConsolidationPlatform/api/validate HTTP/1.1" 200 79
0:0:0:0:0:0:0:1 - - [20/Mar/2020:16:21:42 +0530] "GET /IPA/api/getAgencyName HTTP/1.1" 200 177
0:0:0:0:0:0:0:1 - - [20/Mar/2020:16:21:42 +0530] "GET /IPA/api/getCreditRating HTTP/1.1" 200 189
127.0.0.1 - - [20/Mar/2020:16:21:47 +0530] "GET /DealConsolidationPlatform/api/validate HTTP/1.1" 200 79
0:0:0:0:0:0:0:1 - - [20/Mar/2020:16:21:47 +0530] "GET /IPA/api/getById?customerId=1233 HTTP/1.1" 200 1398
127.0.0.1 - - [20/Mar/2020:16:21:47 +0530] "GET /DealConsolidationPlatform/api/validate HTTP/1.1" 200 79
0:0:0:0:0:0:0:1 - - [20/Mar/2020:16:21:48 +0530] "GET /IPA/api/getById?customerId=12332 HTTP/1.1" 200 1398
127.0.0.1 - - [20/Mar/2020:16:23:48 +0530] "GET /DealConsolidationPlatform/api/validate HTTP/1.1" 200 79
127.0.0.1 - - [20/Mar/2020:16:23:48 +0530] "GET /DealConsolidationPlatform/api/validate HTTP/1.1" 200 79
127.0.0.1 - - [20/Mar/2020:16:23:48 +0530] "GET /DealConsolidationPlatform/api/users/getUserDetails HTTP/1.1" 200 5987
0:0:0:0:0:0:0:1 - - [20/Mar/2020:16:23:48 +0530] "GET /IPA/api/getUserDetails HTTP/1.1" 200 5987
127.0.0.1 - - [20/Mar/2020:16:23:48 +0530] "GET /DealConsolidationPlatform/api/users/getAllUsersId?userRole=ipa_checker HTTP/1.1" 200 26969
0:0:0:0:0:0:0:1 - - [20/Mar/2020:16:23:48 +0530] "GET /IPA/api/getAllCheckersId?userRole=ipa_checker HTTP/1.1" 200 26969
127.0.0.1 - - [20/Mar/2020:16:23:48 +0530] "GET /DealConsolidationPlatform/api/validate HTTP/1.1" 200 79
127.0.0.1 - - [20/Mar/2020:16:23:48 +0530] "GET /DealConsolidationPlatform/api/validate HTTP/1.1" 200 79
0:0:0:0:0:0:0:1 - - [20/Mar/2020:16:23:49 +0530] "GET /IPA/api/getAgencyName HTTP/1.1" 200 177
0:0:0:0:0:0:0:1 - - [20/Mar/2020:16:23:49 +0530] "GET /IPA/api/getCreditRating HTTP/1.1" 200 189
127.0.0.1 - - [20/Mar/2020:16:24:51 +0530] "GET /DealConsolidationPlatform/api/validate HTTP/1.1" 200 79
127.0.0.1 - - [20/Mar/2020:16:24:51 +0530] "GET /DealConsolidationPlatform/api/validate HTTP/1.1" 200 79
127.0.0.1 - - [20/Mar/2020:16:24:51 +0530] "GET /DealConsolidationPlatform/api/users/getUserDetails HTTP/1.1" 200 5987
0:0:0:0:0:0:0:1 - - [20/Mar/2020:16:24:51 +0530] "GET /IPA/api/getUserDetails HTTP/1.1" 200 5987
127.0.0.1 - - [20/Mar/2020:16:24:51 +0530] "GET /DealConsolidationPlatform/api/users/getAllUsersId?userRole=ipa_checker HTTP/1.1" 200 26969
0:0:0:0:0:0:0:1 - - [20/Mar/2020:16:24:51 +0530] "GET /IPA/api/getAllCheckersId?userRole=ipa_checker HTTP/1.1" 200 26969
127.0.0.1 - - [20/Mar/2020:16:24:52 +0530] "GET /DealConsolidationPlatform/api/validate HTTP/1.1" 200 79
127.0.0.1 - - [20/Mar/2020:16:24:52 +0530] "GET /DealConsolidationPlatform/api/validate HTTP/1.1" 200 79
0:0:0:0:0:0:0:1 - - [20/Mar/2020:16:24:52 +0530] "GET /IPA/api/getAgencyName HTTP/1.1" 200 177
0:0:0:0:0:0:0:1 - - [20/Mar/2020:16:24:52 +0530] "GET /IPA/api/getCreditRating HTTP/1.1" 200 189
127.0.0.1 - - [20/Mar/2020:16:24:59 +0530] "GET /DealConsolidationPlatform/api/validate HTTP/1.1" 200 79
127.0.0.1 - - [20/Mar/2020:16:24:59 +0530] "GET /DealConsolidationPlatform/api/validate HTTP/1.1" 200 79
127.0.0.1 - - [20/Mar/2020:16:24:59 +0530] "GET /DealConsolidationPlatform/api/users/getUserDetails HTTP/1.1" 200 5987
0:0:0:0:0:0:0:1 - - [20/Mar/2020:16:24:59 +0530] "GET /IPA/api/getUserDetails HTTP/1.1" 200 5987
127.0.0.1 - - [20/Mar/2020:16:24:59 +0530] "GET /DealConsolidationPlatform/api/users/getAllUsersId?userRole=ipa_checker HTTP/1.1" 200 26969
0:0:0:0:0:0:0:1 - - [20/Mar/2020:16:24:59 +0530] "GET /IPA/api/getAllCheckersId?userRole=ipa_checker HTTP/1.1" 200 26969
127.0.0.1 - - [20/Mar/2020:16:24:59 +0530] "GET /DealConsolidationPlatform/api/validate HTTP/1.1" 200 79
127.0.0.1 - - [20/Mar/2020:16:24:59 +0530] "GET /DealConsolidationPlatform/api/validate HTTP/1.1" 200 79
0:0:0:0:0:0:0:1 - - [20/Mar/2020:16:24:59 +0530] "GET /IPA/api/getAgencyName HTTP/1.1" 200 177
0:0:0:0:0:0:0:1 - - [20/Mar/2020:16:25:00 +0530] "GET /IPA/api/getCreditRating HTTP/1.1" 200 189
127.0.0.1 - - [20/Mar/2020:16:27:28 +0530] "GET /DealConsolidationPlatform/api/validate HTTP/1.1" 200 79
0:0:0:0:0:0:0:1 - - [20/Mar/2020:16:27:50 +0530] "GET /IPA/api/viewAllCP?customerId=&pageNumber=1&pageSize=10 HTTP/1.1" 200 67372
127.0.0.1 - - [20/Mar/2020:16:27:57 +0530] "GET /DealConsolidationPlatform/api/validate HTTP/1.1" 200 79
127.0.0.1 - - [20/Mar/2020:16:27:57 +0530] "GET /DealConsolidationPlatform/api/validate HTTP/1.1" 200 79
127.0.0.1 - - [20/Mar/2020:16:27:57 +0530] "GET /DealConsolidationPlatform/api/validate HTTP/1.1" 200 79
0:0:0:0:0:0:0:1 - - [20/Mar/2020:16:27:58 +0530] "GET /IPA/api/getAgencyName HTTP/1.1" 200 177
0:0:0:0:0:0:0:1 - - [20/Mar/2020:16:27:58 +0530] "GET /IPA/api/getCreditRating HTTP/1.1" 200 189
0:0:0:0:0:0:0:1 - - [20/Mar/2020:16:28:00 +0530] "POST /IPA/api/getOriginalRatingDetailsByCp?cpId=6956 HTTP/1.1" 200 8398
127.0.0.1 - - [20/Mar/2020:16:28:36 +0530] "GET /DealConsolidationPlatform/api/validate HTTP/1.1" 200 79
127.0.0.1 - - [20/Mar/2020:16:28:36 +0530] "GET /DealConsolidationPlatform/api/validate HTTP/1.1" 200 79
127.0.0.1 - - [20/Mar/2020:16:28:36 +0530] "GET /DealConsolidationPlatform/api/users/getUserDetails HTTP/1.1" 200 5987
0:0:0:0:0:0:0:1 - - [20/Mar/2020:16:28:36 +0530] "GET /IPA/api/getUserDetails HTTP/1.1" 200 5987
127.0.0.1 - - [20/Mar/2020:16:28:36 +0530] "GET /DealConsolidationPlatform/api/users/getAllUsersId?userRole=ipa_checker HTTP/1.1" 200 26969
0:0:0:0:0:0:0:1 - - [20/Mar/2020:16:28:36 +0530] "GET /IPA/api/getAllCheckersId?userRole=ipa_checker HTTP/1.1" 200 26969
127.0.0.1 - - [20/Mar/2020:16:28:36 +0530] "GET /DealConsolidationPlatform/api/validate HTTP/1.1" 200 79
127.0.0.1 - - [20/Mar/2020:16:28:36 +0530] "GET /DealConsolidationPlatform/api/validate HTTP/1.1" 200 79
0:0:0:0:0:0:0:1 - - [20/Mar/2020:16:28:37 +0530] "GET /IPA/api/getAgencyName HTTP/1.1" 200 177
0:0:0:0:0:0:0:1 - - [20/Mar/2020:16:28:37 +0530] "GET /IPA/api/getCreditRating HTTP/1.1" 200 189
127.0.0.1 - - [20/Mar/2020:16:29:13 +0530] "GET /DealConsolidationPlatform/api/validate HTTP/1.1" 200 79
0:0:0:0:0:0:0:1 - - [20/Mar/2020:16:29:32 +0530] "GET /IPA/api/viewAllCP?customerId=&pageNumber=1&pageSize=10 HTTP/1.1" 200 67372
127.0.0.1 - - [20/Mar/2020:16:29:35 +0530] "GET /DealConsolidationPlatform/api/validate HTTP/1.1" 200 79
127.0.0.1 - - [20/Mar/2020:16:29:35 +0530] "GET /DealConsolidationPlatform/api/validate HTTP/1.1" 200 79
127.0.0.1 - - [20/Mar/2020:16:29:35 +0530] "GET /DealConsolidationPlatform/api/validate HTTP/1.1" 200 79
0:0:0:0:0:0:0:1 - - [20/Mar/2020:16:29:35 +0530] "GET /IPA/api/getCreditRating HTTP/1.1" 200 189
0:0:0:0:0:0:0:1 - - [20/Mar/2020:16:29:35 +0530] "GET /IPA/api/getAgencyName HTTP/1.1" 200 177
0:0:0:0:0:0:0:1 - - [20/Mar/2020:16:29:38 +0530] "POST /IPA/api/getOriginalRatingDetailsByCp?cpId=6956 HTTP/1.1" 200 8398
127.0.0.1 - - [20/Mar/2020:16:29:55 +0530] "GET /DealConsolidationPlatform/api/validate HTTP/1.1" 200 79
127.0.0.1 - - [20/Mar/2020:16:29:55 +0530] "GET /DealConsolidationPlatform/api/validate HTTP/1.1" 200 79
0:0:0:0:0:0:0:1 - - [20/Mar/2020:16:29:56 +0530] "GET /IPA/api/getCreditRating HTTP/1.1" 200 189
0:0:0:0:0:0:0:1 - - [20/Mar/2020:16:29:56 +0530] "GET /IPA/api/getAgencyName HTTP/1.1" 200 177
127.0.0.1 - - [20/Mar/2020:16:29:59 +0530] "GET /DealConsolidationPlatform/api/validate HTTP/1.1" 200 79
127.0.0.1 - - [20/Mar/2020:16:30:00 +0530] "GET /DealConsolidationPlatform/api/validate HTTP/1.1" 200 79
0:0:0:0:0:0:0:1 - - [20/Mar/2020:16:30:01 +0530] "GET /IPA/api/getById?customerId=123 HTTP/1.1" 500 8206
0:0:0:0:0:0:0:1 - - [20/Mar/2020:16:30:01 +0530] "GET /IPA/api/getById?customerId=12332 HTTP/1.1" 200 1398
127.0.0.1 - - [20/Mar/2020:16:31:25 +0530] "GET /DealConsolidationPlatform/api/validate HTTP/1.1" 200 79
0:0:0:0:0:0:0:1 - - [20/Mar/2020:16:31:39 +0530] "GET /IPA/api/viewAllCP?customerId=&pageNumber=1&pageSize=10 HTTP/1.1" 200 67372
127.0.0.1 - - [20/Mar/2020:16:31:44 +0530] "GET /DealConsolidationPlatform/api/validate HTTP/1.1" 200 79
127.0.0.1 - - [20/Mar/2020:16:31:44 +0530] "GET /DealConsolidationPlatform/api/validate HTTP/1.1" 200 79
127.0.0.1 - - [20/Mar/2020:16:31:44 +0530] "GET /DealConsolidationPlatform/api/validate HTTP/1.1" 200 79
0:0:0:0:0:0:0:1 - - [20/Mar/2020:16:31:45 +0530] "GET /IPA/api/getCreditRating HTTP/1.1" 200 189
0:0:0:0:0:0:0:1 - - [20/Mar/2020:16:31:45 +0530] "GET /IPA/api/getAgencyName HTTP/1.1" 200 177
0:0:0:0:0:0:0:1 - - [20/Mar/2020:16:31:48 +0530] "POST /IPA/api/getOriginalRatingDetailsByCp?cpId=2946 HTTP/1.1" 200 19224
127.0.0.1 - - [20/Mar/2020:16:32:10 +0530] "GET /DealConsolidationPlatform/api/validate HTTP/1.1" 200 79
127.0.0.1 - - [20/Mar/2020:16:32:10 +0530] "GET /DealConsolidationPlatform/api/validate HTTP/1.1" 200 79
0:0:0:0:0:0:0:1 - - [20/Mar/2020:16:32:10 +0530] "POST /IPA/api/downloadCPDoc?cpNumber=12313710&customerId=12313 HTTP/1.1" 405 1111
127.0.0.1 - - [20/Mar/2020:16:32:20 +0530] "GET /DealConsolidationPlatform/api/validate HTTP/1.1" 200 79
127.0.0.1 - - [20/Mar/2020:16:32:20 +0530] "GET /DealConsolidationPlatform/api/validate HTTP/1.1" 200 79
0:0:0:0:0:0:0:1 - - [20/Mar/2020:16:32:20 +0530] "POST /IPA/api/downloadCPDoc?cpNumber=12313710&customerId=12313 HTTP/1.1" 405 1111
127.0.0.1 - - [20/Mar/2020:16:32:21 +0530] "GET /DealConsolidationPlatform/api/validate HTTP/1.1" 200 79
127.0.0.1 - - [20/Mar/2020:16:32:21 +0530] "GET /DealConsolidationPlatform/api/validate HTTP/1.1" 200 79
0:0:0:0:0:0:0:1 - - [20/Mar/2020:16:32:21 +0530] "POST /IPA/api/downloadCPDoc?cpNumber=12313710&customerId=12313 HTTP/1.1" 405 1111
127.0.0.1 - - [20/Mar/2020:16:32:24 +0530] "GET /DealConsolidationPlatform/api/validate HTTP/1.1" 200 79
127.0.0.1 - - [20/Mar/2020:16:32:24 +0530] "GET /DealConsolidationPlatform/api/validate HTTP/1.1" 200 79
0:0:0:0:0:0:0:1 - - [20/Mar/2020:16:32:24 +0530] "POST /IPA/api/downloadCPDoc?cpNumber=12313710&customerId=12313 HTTP/1.1" 405 1111
127.0.0.1 - - [20/Mar/2020:16:32:24 +0530] "GET /DealConsolidationPlatform/api/validate HTTP/1.1" 200 79
127.0.0.1 - - [20/Mar/2020:16:32:24 +0530] "GET /DealConsolidationPlatform/api/validate HTTP/1.1" 200 79
0:0:0:0:0:0:0:1 - - [20/Mar/2020:16:32:24 +0530] "POST /IPA/api/downloadCPDoc?cpNumber=12313710&customerId=12313 HTTP/1.1" 405 1111
127.0.0.1 - - [20/Mar/2020:16:32:24 +0530] "GET /DealConsolidationPlatform/api/validate HTTP/1.1" 200 79
127.0.0.1 - - [20/Mar/2020:16:32:24 +0530] "GET /DealConsolidationPlatform/api/validate HTTP/1.1" 200 79
0:0:0:0:0:0:0:1 - - [20/Mar/2020:16:32:24 +0530] "POST /IPA/api/downloadCPDoc?cpNumber=12313710&customerId=12313 HTTP/1.1" 405 1111
127.0.0.1 - - [20/Mar/2020:16:32:59 +0530] "GET /DealConsolidationPlatform/api/validate HTTP/1.1" 200 79
127.0.0.1 - - [20/Mar/2020:16:32:59 +0530] "GET /DealConsolidationPlatform/api/validate HTTP/1.1" 200 79
0:0:0:0:0:0:0:1 - - [20/Mar/2020:16:33:00 +0530] "GET /IPA/api/getAgencyName HTTP/1.1" 200 177
0:0:0:0:0:0:0:1 - - [20/Mar/2020:16:33:00 +0530] "GET /IPA/api/getCreditRating HTTP/1.1" 200 189
127.0.0.1 - - [20/Mar/2020:16:33:10 +0530] "GET /DealConsolidationPlatform/api/validate HTTP/1.1" 200 79
0:0:0:0:0:0:0:1 - - [20/Mar/2020:16:33:10 +0530] "GET /IPA/api/getById?customerId=12332 HTTP/1.1" 200 1398
127.0.0.1 - - [20/Mar/2020:16:34:52 +0530] "GET /DealConsolidationPlatform/api/validate HTTP/1.1" 200 79
127.0.0.1 - - [20/Mar/2020:16:34:52 +0530] "GET /DealConsolidationPlatform/api/validate HTTP/1.1" 200 79
127.0.0.1 - - [20/Mar/2020:16:34:52 +0530] "GET /DealConsolidationPlatform/api/users/getUserDetails HTTP/1.1" 200 5987
0:0:0:0:0:0:0:1 - - [20/Mar/2020:16:34:52 +0530] "GET /IPA/api/getUserDetails HTTP/1.1" 200 5987
127.0.0.1 - - [20/Mar/2020:16:34:52 +0530] "GET /DealConsolidationPlatform/api/users/getAllUsersId?userRole=ipa_checker HTTP/1.1" 200 26969
0:0:0:0:0:0:0:1 - - [20/Mar/2020:16:34:52 +0530] "GET /IPA/api/getAllCheckersId?userRole=ipa_checker HTTP/1.1" 200 26969
127.0.0.1 - - [20/Mar/2020:16:34:52 +0530] "GET /DealConsolidationPlatform/api/validate HTTP/1.1" 200 79
127.0.0.1 - - [20/Mar/2020:16:34:52 +0530] "GET /DealConsolidationPlatform/api/validate HTTP/1.1" 200 79
0:0:0:0:0:0:0:1 - - [20/Mar/2020:16:34:52 +0530] "GET /IPA/api/getCreditRating HTTP/1.1" 200 189
0:0:0:0:0:0:0:1 - - [20/Mar/2020:16:34:52 +0530] "GET /IPA/api/getAgencyName HTTP/1.1" 200 177
127.0.0.1 - - [20/Mar/2020:16:34:56 +0530] "GET /DealConsolidationPlatform/api/validate HTTP/1.1" 200 79
0:0:0:0:0:0:0:1 - - [20/Mar/2020:16:34:56 +0530] "GET /IPA/api/getById?customerId=12332 HTTP/1.1" 200 1398
127.0.0.1 - - [20/Mar/2020:16:36:11 +0530] "GET /DealConsolidationPlatform/api/validate HTTP/1.1" 200 79
127.0.0.1 - - [20/Mar/2020:16:36:11 +0530] "GET /DealConsolidationPlatform/api/validate HTTP/1.1" 200 79
127.0.0.1 - - [20/Mar/2020:16:36:11 +0530] "GET /DealConsolidationPlatform/api/users/getUserDetails HTTP/1.1" 200 5987
0:0:0:0:0:0:0:1 - - [20/Mar/2020:16:36:11 +0530] "GET /IPA/api/getUserDetails HTTP/1.1" 200 5987
127.0.0.1 - - [20/Mar/2020:16:36:11 +0530] "GET /DealConsolidationPlatform/api/users/getAllUsersId?userRole=ipa_checker HTTP/1.1" 200 26969
0:0:0:0:0:0:0:1 - - [20/Mar/2020:16:36:11 +0530] "GET /IPA/api/getAllCheckersId?userRole=ipa_checker HTTP/1.1" 200 26969
127.0.0.1 - - [20/Mar/2020:16:36:11 +0530] "GET /DealConsolidationPlatform/api/validate HTTP/1.1" 200 79
127.0.0.1 - - [20/Mar/2020:16:36:11 +0530] "GET /DealConsolidationPlatform/api/validate HTTP/1.1" 200 79
0:0:0:0:0:0:0:1 - - [20/Mar/2020:16:36:12 +0530] "GET /IPA/api/getAgencyName HTTP/1.1" 200 177
0:0:0:0:0:0:0:1 - - [20/Mar/2020:16:36:12 +0530] "GET /IPA/api/getCreditRating HTTP/1.1" 200 189
127.0.0.1 - - [20/Mar/2020:16:36:14 +0530] "GET /DealConsolidationPlatform/api/validate HTTP/1.1" 200 79
0:0:0:0:0:0:0:1 - - [20/Mar/2020:16:36:15 +0530] "GET /IPA/api/getById?customerId=1232 HTTP/1.1" 200 2981
127.0.0.1 - - [20/Mar/2020:16:36:15 +0530] "GET /DealConsolidationPlatform/api/validate HTTP/1.1" 200 79
0:0:0:0:0:0:0:1 - - [20/Mar/2020:16:36:16 +0530] "GET /IPA/api/getById?customerId=12332 HTTP/1.1" 200 1398
127.0.0.1 - - [20/Mar/2020:16:37:03 +0530] "GET /DealConsolidationPlatform/api/validate HTTP/1.1" 200 79
127.0.0.1 - - [20/Mar/2020:16:37:03 +0530] "GET /DealConsolidationPlatform/api/validate HTTP/1.1" 200 79
127.0.0.1 - - [20/Mar/2020:16:37:03 +0530] "GET /DealConsolidationPlatform/api/users/getUserDetails HTTP/1.1" 200 5987
0:0:0:0:0:0:0:1 - - [20/Mar/2020:16:37:03 +0530] "GET /IPA/api/getUserDetails HTTP/1.1" 200 5987
127.0.0.1 - - [20/Mar/2020:16:37:03 +0530] "GET /DealConsolidationPlatform/api/users/getAllUsersId?userRole=ipa_checker HTTP/1.1" 200 26969
0:0:0:0:0:0:0:1 - - [20/Mar/2020:16:37:03 +0530] "GET /IPA/api/getAllCheckersId?userRole=ipa_checker HTTP/1.1" 200 26969
127.0.0.1 - - [20/Mar/2020:16:37:03 +0530] "GET /DealConsolidationPlatform/api/validate HTTP/1.1" 200 79
127.0.0.1 - - [20/Mar/2020:16:37:03 +0530] "GET /DealConsolidationPlatform/api/validate HTTP/1.1" 200 79
0:0:0:0:0:0:0:1 - - [20/Mar/2020:16:37:03 +0530] "GET /IPA/api/getAgencyName HTTP/1.1" 200 177
0:0:0:0:0:0:0:1 - - [20/Mar/2020:16:37:03 +0530] "GET /IPA/api/getCreditRating HTTP/1.1" 200 189
127.0.0.1 - - [20/Mar/2020:16:37:09 +0530] "GET /DealConsolidationPlatform/api/validate HTTP/1.1" 200 79
0:0:0:0:0:0:0:1 - - [20/Mar/2020:16:37:10 +0530] "GET /IPA/api/getById?customerId=12332 HTTP/1.1" 200 1398
127.0.0.1 - - [20/Mar/2020:16:37:47 +0530] "GET /DealConsolidationPlatform/api/validate HTTP/1.1" 200 79
0:0:0:0:0:0:0:1 - - [20/Mar/2020:16:37:50 +0530] "GET /IPA/api/viewAllBR?customerId=&pageNumber=1&pageSize=10 HTTP/1.1" 200 28234
127.0.0.1 - - [20/Mar/2020:16:37:52 +0530] "GET /DealConsolidationPlatform/api/validate HTTP/1.1" 200 79
0:0:0:0:0:0:0:1 - - [20/Mar/2020:16:37:53 +0530] "POST /IPA/api/getRequestDetails?customerId=122&isinNumber=&modelName=BR&pageNumber=1&pageSize=10 HTTP/1.1" 200 91
127.0.0.1 - - [20/Mar/2020:16:37:53 +0530] "GET /DealConsolidationPlatform/api/validate HTTP/1.1" 200 79
127.0.0.1 - - [20/Mar/2020:16:37:54 +0530] "GET /DealConsolidationPlatform/api/validate HTTP/1.1" 200 79
127.0.0.1 - - [20/Mar/2020:16:37:54 +0530] "GET /DealConsolidationPlatform/api/validate HTTP/1.1" 200 79
0:0:0:0:0:0:0:1 - - [20/Mar/2020:16:37:54 +0530] "POST /IPA/api/getRequestDetails?customerId=1233&isinNumber=&modelName=BR&pageNumber=1&pageSize=10 HTTP/1.1" 200 91
0:0:0:0:0:0:0:1 - - [20/Mar/2020:16:37:54 +0530] "POST /IPA/api/getRequestDetails?customerId=12332&isinNumber=&modelName=BR&pageNumber=1&pageSize=10 HTTP/1.1" 200 91
127.0.0.1 - - [20/Mar/2020:16:37:55 +0530] "GET /DealConsolidationPlatform/api/validate HTTP/1.1" 200 79
127.0.0.1 - - [20/Mar/2020:16:37:55 +0530] "GET /DealConsolidationPlatform/api/validate HTTP/1.1" 200 79
0:0:0:0:0:0:0:1 - - [20/Mar/2020:16:37:55 +0530] "POST /IPA/api/getRequestDetails?customerId=123&isinNumber=&modelName=BR&pageNumber=1&pageSize=10 HTTP/1.1" 200 22294
0:0:0:0:0:0:0:1 - - [20/Mar/2020:16:37:55 +0530] "POST /IPA/api/getRequestDetails?customerId=1233&isinNumber=&modelName=BR&pageNumber=1&pageSize=10 HTTP/1.1" 200 91
0:0:0:0:0:0:0:1 - - [20/Mar/2020:16:37:57 +0530] "POST /IPA/api/getRequestDetails?customerId=123&isinNumber=&modelName=BR&pageNumber=1&pageSize=10 HTTP/1.1" 200 22294
127.0.0.1 - - [20/Mar/2020:16:37:59 +0530] "GET /DealConsolidationPlatform/api/validate HTTP/1.1" 200 79
127.0.0.1 - - [20/Mar/2020:16:37:59 +0530] "GET /DealConsolidationPlatform/api/validate HTTP/1.1" 200 79
0:0:0:0:0:0:0:1 - - [20/Mar/2020:16:38:01 +0530] "GET /IPA/api/getCreditRating HTTP/1.1" 200 189
0:0:0:0:0:0:0:1 - - [20/Mar/2020:16:38:01 +0530] "GET /IPA/api/getAgencyName HTTP/1.1" 200 177
127.0.0.1 - - [20/Mar/2020:16:38:04 +0530] "GET /DealConsolidationPlatform/api/validate HTTP/1.1" 200 79
127.0.0.1 - - [20/Mar/2020:16:38:04 +0530] "GET /DealConsolidationPlatform/api/validate HTTP/1.1" 200 79
0:0:0:0:0:0:0:1 - - [20/Mar/2020:16:38:04 +0530] "GET /IPA/api/getById?customerId=5212 HTTP/1.1" 200 73
0:0:0:0:0:0:0:1 - - [20/Mar/2020:16:38:05 +0530] "GET /IPA/api/getById?customerId=5212 HTTP/1.1" 200 73
127.0.0.1 - - [20/Mar/2020:16:38:07 +0530] "GET /DealConsolidationPlatform/api/validate HTTP/1.1" 200 79
127.0.0.1 - - [20/Mar/2020:16:38:08 +0530] "GET /DealConsolidationPlatform/api/validate HTTP/1.1" 200 79
0:0:0:0:0:0:0:1 - - [20/Mar/2020:16:38:08 +0530] "GET /IPA/api/getById?customerId=5123 HTTP/1.1" 200 2981
0:0:0:0:0:0:0:1 - - [20/Mar/2020:16:38:08 +0530] "GET /IPA/api/getById?customerId=5123 HTTP/1.1" 200 2981
127.0.0.1 - - [20/Mar/2020:16:38:09 +0530] "GET /DealConsolidationPlatform/api/validate HTTP/1.1" 200 79
0:0:0:0:0:0:0:1 - - [20/Mar/2020:16:38:09 +0530] "GET /IPA/api/getById?customerId=512332 HTTP/1.1" 200 73
127.0.0.1 - - [20/Mar/2020:16:38:11 +0530] "GET /DealConsolidationPlatform/api/validate HTTP/1.1" 200 79
0:0:0:0:0:0:0:1 - - [20/Mar/2020:16:38:11 +0530] "GET /IPA/api/getById?customerId=51233 HTTP/1.1" 200 73
127.0.0.1 - - [20/Mar/2020:16:38:13 +0530] "GET /DealConsolidationPlatform/api/validate HTTP/1.1" 200 79
0:0:0:0:0:0:0:1 - - [20/Mar/2020:16:38:13 +0530] "GET /IPA/api/getById?customerId=5123 HTTP/1.1" 200 2981
127.0.0.1 - - [20/Mar/2020:16:39:30 +0530] "GET /DealConsolidationPlatform/api/validate HTTP/1.1" 200 79
0:0:0:0:0:0:0:1 - - [20/Mar/2020:16:39:30 +0530] "GET /IPA/api/getById?customerId=512323 HTTP/1.1" 200 2982
127.0.0.1 - - [20/Mar/2020:16:39:34 +0530] "GET /DealConsolidationPlatform/api/validate HTTP/1.1" 200 79
0:0:0:0:0:0:0:1 - - [20/Mar/2020:16:39:35 +0530] "POST /IPA/api/registerCP HTTP/1.1" 200 220
127.0.0.1 - - [20/Mar/2020:16:39:59 +0530] "GET /DealConsolidationPlatform/api/validate HTTP/1.1" 200 79
0:0:0:0:0:0:0:1 - - [20/Mar/2020:16:40:01 +0530] "POST /IPA/api/registerCP HTTP/1.1" 200 220
127.0.0.1 - - [20/Mar/2020:16:41:22 +0530] "GET /DealConsolidationPlatform/api/validate HTTP/1.1" 200 79
0:0:0:0:0:0:0:1 - - [20/Mar/2020:16:41:41 +0530] "GET /IPA/api/viewAllCP?customerId=&pageNumber=1&pageSize=10 HTTP/1.1" 200 67373
127.0.0.1 - - [20/Mar/2020:16:42:27 +0530] "GET /DealConsolidationPlatform/api/validate HTTP/1.1" 200 79
127.0.0.1 - - [20/Mar/2020:16:42:27 +0530] "GET /DealConsolidationPlatform/api/validate HTTP/1.1" 200 79
127.0.0.1 - - [20/Mar/2020:16:42:27 +0530] "GET /DealConsolidationPlatform/api/users/getAllUsersId?userRole=ipa_checker HTTP/1.1" 200 26969
0:0:0:0:0:0:0:1 - - [20/Mar/2020:16:42:27 +0530] "GET /IPA/api/getAllCheckersId?userRole=ipa_checker HTTP/1.1" 200 26969
127.0.0.1 - - [20/Mar/2020:16:42:27 +0530] "GET /DealConsolidationPlatform/api/users/getUserDetails HTTP/1.1" 200 5987
0:0:0:0:0:0:0:1 - - [20/Mar/2020:16:42:27 +0530] "GET /IPA/api/getUserDetails HTTP/1.1" 200 5987
127.0.0.1 - - [20/Mar/2020:16:42:27 +0530] "GET /DealConsolidationPlatform/api/validate HTTP/1.1" 200 79
0:0:0:0:0:0:0:1 - - [20/Mar/2020:16:42:43 +0530] "GET /IPA/api/viewAllCP?customerId=&pageNumber=1&pageSize=10 HTTP/1.1" 200 67373
127.0.0.1 - - [20/Mar/2020:16:42:59 +0530] "GET /DealConsolidationPlatform/api/validate HTTP/1.1" 200 79
127.0.0.1 - - [20/Mar/2020:16:42:59 +0530] "GET /DealConsolidationPlatform/api/validate HTTP/1.1" 200 79
0:0:0:0:0:0:0:1 - - [20/Mar/2020:16:43:01 +0530] "POST /IPA/api/getRequestDetails?customerId=5123&isinNumber=&modelName=CP&pageNumber=1&pageSize=10 HTTP/1.1" 200 3568
0:0:0:0:0:0:0:1 - - [20/Mar/2020:16:43:01 +0530] "POST /IPA/api/getRequestDetails?customerId=512&isinNumber=&modelName=CP&pageNumber=1&pageSize=10 HTTP/1.1" 200 3568
127.0.0.1 - - [20/Mar/2020:16:43:03 +0530] "GET /DealConsolidationPlatform/api/validate HTTP/1.1" 200 79
127.0.0.1 - - [20/Mar/2020:16:43:03 +0530] "GET /DealConsolidationPlatform/api/validate HTTP/1.1" 200 79
127.0.0.1 - - [20/Mar/2020:16:43:03 +0530] "GET /DealConsolidationPlatform/api/validate HTTP/1.1" 200 79
0:0:0:0:0:0:0:1 - - [20/Mar/2020:16:43:03 +0530] "POST /IPA/api/getOriginalRatingDetailsByCp?cpId=157909 HTTP/1.1" 200 12
0:0:0:0:0:0:0:1 - - [20/Mar/2020:16:43:03 +0530] "GET /IPA/api/getAgencyName HTTP/1.1" 200 177
0:0:0:0:0:0:0:1 - - [20/Mar/2020:16:43:03 +0530] "GET /IPA/api/getCreditRating HTTP/1.1" 200 189
127.0.0.1 - - [20/Mar/2020:16:43:09 +0530] "GET /DealConsolidationPlatform/api/validate HTTP/1.1" 200 79
127.0.0.1 - - [20/Mar/2020:16:43:09 +0530] "GET /DealConsolidationPlatform/api/validate HTTP/1.1" 200 79
0:0:0:0:0:0:0:1 - - [20/Mar/2020:16:43:09 +0530] "POST /IPA/api/downloadCPDoc?cpNumber=5123232402&customerId=5123232 HTTP/1.1" 405 1111
127.0.0.1 - - [20/Mar/2020:16:44:13 +0530] "GET /DealConsolidationPlatform/api/validate HTTP/1.1" 200 79
0:0:0:0:0:0:0:1 - - [20/Mar/2020:16:44:34 +0530] "GET /IPA/api/viewAllCP?customerId=&pageNumber=1&pageSize=10 HTTP/1.1" 200 67373
127.0.0.1 - - [20/Mar/2020:16:49:26 +0530] "GET /DealConsolidationPlatform/api/validate HTTP/1.1" 200 79
127.0.0.1 - - [20/Mar/2020:16:49:26 +0530] "GET /DealConsolidationPlatform/api/validate HTTP/1.1" 200 79
127.0.0.1 - - [20/Mar/2020:16:49:26 +0530] "GET /DealConsolidationPlatform/api/validate HTTP/1.1" 200 79
0:0:0:0:0:0:0:1 - - [20/Mar/2020:16:49:26 +0530] "POST /IPA/api/getOriginalRatingDetailsByCp?cpId=158735 HTTP/1.1" 200 12
0:0:0:0:0:0:0:1 - - [20/Mar/2020:16:49:28 +0530] "GET /IPA/api/getAgencyName HTTP/1.1" 200 177
0:0:0:0:0:0:0:1 - - [20/Mar/2020:16:49:28 +0530] "GET /IPA/api/getCreditRating HTTP/1.1" 200 189
127.0.0.1 - - [20/Mar/2020:16:49:30 +0530] "GET /DealConsolidationPlatform/api/validate HTTP/1.1" 200 79
0:0:0:0:0:0:0:1 - - [20/Mar/2020:16:49:53 +0530] "GET /IPA/api/viewAllCP?customerId=&pageNumber=1&pageSize=10 HTTP/1.1" 200 67373
127.0.0.1 - - [20/Mar/2020:16:50:54 +0530] "GET /DealConsolidationPlatform/api/validate HTTP/1.1" 200 79
127.0.0.1 - - [20/Mar/2020:16:50:55 +0530] "GET /DealConsolidationPlatform/api/validate HTTP/1.1" 200 79
0:0:0:0:0:0:0:1 - - [20/Mar/2020:16:50:57 +0530] "POST /IPA/api/getRequestDetails?customerId=512&isinNumber=&modelName=CP&pageNumber=1&pageSize=10 HTTP/1.1" 200 3568
0:0:0:0:0:0:0:1 - - [20/Mar/2020:16:50:57 +0530] "POST /IPA/api/getRequestDetails?customerId=5123&isinNumber=&modelName=CP&pageNumber=1&pageSize=10 HTTP/1.1" 200 3568
127.0.0.1 - - [20/Mar/2020:16:50:59 +0530] "GET /DealConsolidationPlatform/api/validate HTTP/1.1" 200 79
127.0.0.1 - - [20/Mar/2020:16:50:59 +0530] "GET /DealConsolidationPlatform/api/validate HTTP/1.1" 200 79
127.0.0.1 - - [20/Mar/2020:16:50:59 +0530] "GET /DealConsolidationPlatform/api/validate HTTP/1.1" 200 79
0:0:0:0:0:0:0:1 - - [20/Mar/2020:16:50:59 +0530] "GET /IPA/api/getAgencyName HTTP/1.1" 200 177
0:0:0:0:0:0:0:1 - - [20/Mar/2020:16:50:59 +0530] "POST /IPA/api/getOriginalRatingDetailsByCp?cpId=157909 HTTP/1.1" 200 12
0:0:0:0:0:0:0:1 - - [20/Mar/2020:16:50:59 +0530] "GET /IPA/api/getCreditRating HTTP/1.1" 200 189
127.0.0.1 - - [20/Mar/2020:16:51:02 +0530] "GET /DealConsolidationPlatform/api/validate HTTP/1.1" 200 79
127.0.0.1 - - [20/Mar/2020:16:51:02 +0530] "GET /DealConsolidationPlatform/api/validate HTTP/1.1" 200 79
0:0:0:0:0:0:0:1 - - [20/Mar/2020:16:51:02 +0530] "POST /IPA/api/downloadCPDoc?cpNumber=5123232402&customerId=5123232 HTTP/1.1" 405 1111
127.0.0.1 - - [20/Mar/2020:16:53:11 +0530] "GET /DealConsolidationPlatform/api/validate HTTP/1.1" 200 79
127.0.0.1 - - [20/Mar/2020:16:53:11 +0530] "GET /DealConsolidationPlatform/api/validate HTTP/1.1" 200 79
0:0:0:0:0:0:0:1 - - [20/Mar/2020:16:53:11 +0530] "GET /IPA/api/getAllCheckersId?userRole=ipa_checker HTTP/1.1" 200 26969
127.0.0.1 - - [20/Mar/2020:16:53:11 +0530] "GET /DealConsolidationPlatform/api/users/getAllUsersId?userRole=ipa_checker HTTP/1.1" 200 26969
127.0.0.1 - - [20/Mar/2020:16:53:12 +0530] "GET /DealConsolidationPlatform/api/users/getUserDetails HTTP/1.1" 200 5987
0:0:0:0:0:0:0:1 - - [20/Mar/2020:16:53:12 +0530] "GET /IPA/api/getUserDetails HTTP/1.1" 200 5987
127.0.0.1 - - [20/Mar/2020:16:53:12 +0530] "GET /DealConsolidationPlatform/api/validate HTTP/1.1" 200 79
127.0.0.1 - - [20/Mar/2020:16:53:12 +0530] "GET /DealConsolidationPlatform/api/validate HTTP/1.1" 200 79
0:0:0:0:0:0:0:1 - - [20/Mar/2020:16:53:13 +0530] "GET /IPA/api/getAgencyName HTTP/1.1" 200 177
0:0:0:0:0:0:0:1 - - [20/Mar/2020:16:53:13 +0530] "GET /IPA/api/getCreditRating HTTP/1.1" 200 189
127.0.0.1 - - [20/Mar/2020:16:53:15 +0530] "GET /DealConsolidationPlatform/api/validate HTTP/1.1" 200 79
0:0:0:0:0:0:0:1 - - [20/Mar/2020:16:53:37 +0530] "GET /IPA/api/viewAllCP?customerId=&pageNumber=1&pageSize=10 HTTP/1.1" 200 67373
127.0.0.1 - - [20/Mar/2020:16:53:41 +0530] "GET /DealConsolidationPlatform/api/validate HTTP/1.1" 200 79
127.0.0.1 - - [20/Mar/2020:16:53:41 +0530] "GET /DealConsolidationPlatform/api/validate HTTP/1.1" 200 79
0:0:0:0:0:0:0:1 - - [20/Mar/2020:16:53:42 +0530] "POST /IPA/api/getRequestDetails?customerId=512&isinNumber=&modelName=CP&pageNumber=1&pageSize=10 HTTP/1.1" 200 3568
0:0:0:0:0:0:0:1 - - [20/Mar/2020:16:53:42 +0530] "POST /IPA/api/getRequestDetails?customerId=5123&isinNumber=&modelName=CP&pageNumber=1&pageSize=10 HTTP/1.1" 200 3568
127.0.0.1 - - [20/Mar/2020:16:54:08 +0530] "GET /DealConsolidationPlatform/api/validate HTTP/1.1" 200 79
127.0.0.1 - - [20/Mar/2020:16:54:08 +0530] "GET /DealConsolidationPlatform/api/validate HTTP/1.1" 200 79
127.0.0.1 - - [20/Mar/2020:16:54:09 +0530] "GET /DealConsolidationPlatform/api/validate HTTP/1.1" 200 79
0:0:0:0:0:0:0:1 - - [20/Mar/2020:16:54:09 +0530] "POST /IPA/api/getOriginalRatingDetailsByCp?cpId=157909 HTTP/1.1" 200 12
0:0:0:0:0:0:0:1 - - [20/Mar/2020:16:54:09 +0530] "GET /IPA/api/getAgencyName HTTP/1.1" 200 177
0:0:0:0:0:0:0:1 - - [20/Mar/2020:16:54:09 +0530] "GET /IPA/api/getCreditRating HTTP/1.1" 200 189
127.0.0.1 - - [20/Mar/2020:16:55:58 +0530] "GET /DealConsolidationPlatform/api/validate HTTP/1.1" 200 79
127.0.0.1 - - [20/Mar/2020:16:55:58 +0530] "GET /DealConsolidationPlatform/api/validate HTTP/1.1" 200 79
0:0:0:0:0:0:0:1 - - [20/Mar/2020:16:55:58 +0530] "GET /IPA/api/getCreditRating HTTP/1.1" 200 189
0:0:0:0:0:0:0:1 - - [20/Mar/2020:16:55:58 +0530] "GET /IPA/api/getAgencyName HTTP/1.1" 200 177
127.0.0.1 - - [20/Mar/2020:16:56:19 +0530] "GET /DealConsolidationPlatform/api/validate HTTP/1.1" 200 79
0:0:0:0:0:0:0:1 - - [20/Mar/2020:16:56:19 +0530] "GET /IPA/api/getById?customerId=123321 HTTP/1.1" 200 73
127.0.0.1 - - [20/Mar/2020:16:56:22 +0530] "GET /DealConsolidationPlatform/api/validate HTTP/1.1" 200 79
0:0:0:0:0:0:0:1 - - [20/Mar/2020:16:56:23 +0530] "GET /IPA/api/getById?customerId=12332 HTTP/1.1" 200 1398
127.0.0.1 - - [20/Mar/2020:16:56:24 +0530] "GET /DealConsolidationPlatform/api/validate HTTP/1.1" 200 79
0:0:0:0:0:0:0:1 - - [20/Mar/2020:16:56:24 +0530] "GET /IPA/api/getById?customerId=1233 HTTP/1.1" 200 1398
127.0.0.1 - - [20/Mar/2020:16:57:28 +0530] "GET /DealConsolidationPlatform/api/validate HTTP/1.1" 200 79
0:0:0:0:0:0:0:1 - - [20/Mar/2020:16:57:30 +0530] "GET /IPA/api/getById?customerId=12332 HTTP/1.1" 200 1398
127.0.0.1 - - [20/Mar/2020:16:57:33 +0530] "GET /DealConsolidationPlatform/api/validate HTTP/1.1" 200 79
0:0:0:0:0:0:0:1 - - [20/Mar/2020:16:57:34 +0530] "POST /IPA/api/addBR HTTP/1.1" 200 80
127.0.0.1 - - [20/Mar/2020:16:57:37 +0530] "GET /DealConsolidationPlatform/api/validate HTTP/1.1" 200 79
0:0:0:0:0:0:0:1 - - [20/Mar/2020:16:57:40 +0530] "GET /IPA/api/viewAllBR?customerId=&pageNumber=1&pageSize=10 HTTP/1.1" 200 27762
127.0.0.1 - - [20/Mar/2020:16:57:59 +0530] "GET /DealConsolidationPlatform/api/validate HTTP/1.1" 200 79
127.0.0.1 - - [20/Mar/2020:16:57:59 +0530] "GET /DealConsolidationPlatform/api/validate HTTP/1.1" 200 79
0:0:0:0:0:0:0:1 - - [20/Mar/2020:16:57:59 +0530] "GET /IPA/api/getCreditRating HTTP/1.1" 200 189
0:0:0:0:0:0:0:1 - - [20/Mar/2020:16:57:59 +0530] "GET /IPA/api/getAgencyName HTTP/1.1" 200 177
127.0.0.1 - - [20/Mar/2020:16:58:02 +0530] "GET /DealConsolidationPlatform/api/validate HTTP/1.1" 200 79
0:0:0:0:0:0:0:1 - - [20/Mar/2020:16:58:02 +0530] "GET /IPA/api/getById?customerId=12332 HTTP/1.1" 200 1810
127.0.0.1 - - [20/Mar/2020:17:00:45 +0530] "GET /DealConsolidationPlatform/api/validate HTTP/1.1" 200 79
0:0:0:0:0:0:0:1 - - [20/Mar/2020:17:00:45 +0530] "POST /IPA/api/registerCP HTTP/1.1" 200 112
127.0.0.1 - - [20/Mar/2020:17:00:55 +0530] "GET /DealConsolidationPlatform/api/validate HTTP/1.1" 200 79
0:0:0:0:0:0:0:1 - - [20/Mar/2020:17:00:55 +0530] "POST /IPA/api/registerCP HTTP/1.1" 200 112
127.0.0.1 - - [20/Mar/2020:17:01:28 +0530] "GET /DealConsolidationPlatform/api/validate HTTP/1.1" 200 79
0:0:0:0:0:0:0:1 - - [20/Mar/2020:17:01:46 +0530] "GET /IPA/api/viewAllCP?customerId=&pageNumber=1&pageSize=10 HTTP/1.1" 200 67373
127.0.0.1 - - [20/Mar/2020:17:02:05 +0530] "GET /DealConsolidationPlatform/api/validate HTTP/1.1" 200 79
127.0.0.1 - - [20/Mar/2020:17:02:05 +0530] "GET /DealConsolidationPlatform/api/validate HTTP/1.1" 200 79
127.0.0.1 - - [20/Mar/2020:17:02:05 +0530] "GET /DealConsolidationPlatform/api/validate HTTP/1.1" 200 79
0:0:0:0:0:0:0:1 - - [20/Mar/2020:17:02:05 +0530] "GET /IPA/api/getCreditRating HTTP/1.1" 200 189
0:0:0:0:0:0:0:1 - - [20/Mar/2020:17:02:06 +0530] "GET /IPA/api/getAgencyName HTTP/1.1" 200 177
0:0:0:0:0:0:0:1 - - [20/Mar/2020:17:02:08 +0530] "POST /IPA/api/getOriginalRatingDetailsByCp?cpId=2946 HTTP/1.1" 200 19224
127.0.0.1 - - [20/Mar/2020:17:02:20 +0530] "GET /DealConsolidationPlatform/api/validate HTTP/1.1" 200 79
0:0:0:0:0:0:0:1 - - [20/Mar/2020:17:02:37 +0530] "GET /DealConsolidationPlatform/loginPage.html HTTP/1.1" 200 8601
0:0:0:0:0:0:0:1 - - [20/Mar/2020:17:02:37 +0530] "GET /DealConsolidationPlatform/user-mgmt/lib/jquery-val.js HTTP/1.1" 200 50278
0:0:0:0:0:0:0:1 - - [20/Mar/2020:17:02:37 +0530] "GET /DealConsolidationPlatform/user-mgmt/plugins/jQuery/jquery.min.js HTTP/1.1" 200 85596
0:0:0:0:0:0:0:1 - - [20/Mar/2020:17:02:37 +0530] "GET /DealConsolidationPlatform/user-mgmt/lib/pan.js HTTP/1.1" 200 13247
0:0:0:0:0:0:0:1 - - [20/Mar/2020:17:02:37 +0530] "GET /DealConsolidationPlatform/user-mgmt/bootstrap/js/bootstrap.min.js HTTP/1.1" 200 37051
0:0:0:0:0:0:0:1 - - [20/Mar/2020:17:02:37 +0530] "GET /DealConsolidationPlatform/user-mgmt/img/axis-bar.png HTTP/1.1" 200 32976
0:0:0:0:0:0:0:1 - - [20/Mar/2020:17:02:37 +0530] "GET /DealConsolidationPlatform/user-mgmt/bootstrap/css/bootstrap.min.css HTTP/1.1" 200 146011
0:0:0:0:0:0:0:1 - - [20/Mar/2020:17:02:37 +0530] "GET /DealConsolidationPlatform/user-mgmt/components/font-awesome/css/font-awesome.css HTTP/1.1" 200 31002
127.0.0.1 - - [20/Mar/2020:17:02:37 +0530] "GET /DealConsolidationPlatform/api/validate HTTP/1.1" 404 1043
127.0.0.1 - - [20/Mar/2020:17:02:37 +0530] "GET /DealConsolidationPlatform/api/validate HTTP/1.1" 404 1043
0:0:0:0:0:0:0:1 - - [20/Mar/2020:17:02:37 +0530] "GET /IPA/api/getUserDetails HTTP/1.1" 401 1030
0:0:0:0:0:0:0:1 - - [20/Mar/2020:17:02:39 +0530] "GET /IPA/api/viewAllCP?customerId=&pageNumber=1&pageSize=10 HTTP/1.1" 200 67373
0:0:0:0:0:0:0:1 - - [20/Mar/2020:17:02:45 +0530] "GET /DealConsolidationPlatform/user-mgmt/components/font-awesome/fonts/fontawesome-webfont.woff2?v=4.7.0 HTTP/1.1" 200 66624
0:0:0:0:0:0:0:1 - - [20/Mar/2020:17:02:45 +0530] "POST /DealConsolidationPlatform/login HTTP/1.1" 200 304
0:0:0:0:0:0:0:1 - - [20/Mar/2020:17:02:45 +0530] "GET /DealConsolidationPlatform/api/users/getUserDetails HTTP/1.1" 200 7387
127.0.0.1 - - [20/Mar/2020:17:02:48 +0530] "GET /DealConsolidationPlatform/api/validate HTTP/1.1" 200 79
127.0.0.1 - - [20/Mar/2020:17:02:48 +0530] "GET /DealConsolidationPlatform/api/users/getUserDetails HTTP/1.1" 200 7387
0:0:0:0:0:0:0:1 - - [20/Mar/2020:17:02:48 +0530] "GET /IPA/api/getUserDetails HTTP/1.1" 200 7387
127.0.0.1 - - [20/Mar/2020:17:02:52 +0530] "GET /DealConsolidationPlatform/api/validate HTTP/1.1" 200 79
127.0.0.1 - - [20/Mar/2020:17:02:52 +0530] "GET /DealConsolidationPlatform/api/users/getUserDetails HTTP/1.1" 200 7387
0:0:0:0:0:0:0:1 - - [20/Mar/2020:17:02:54 +0530] "GET /IPA/api/viewRequest?pageNumber=1&pageSize=10 HTTP/1.1" 200 5570
127.0.0.1 - - [20/Mar/2020:17:03:16 +0530] "GET /DealConsolidationPlatform/api/validate HTTP/1.1" 200 79
127.0.0.1 - - [20/Mar/2020:17:03:17 +0530] "GET /DealConsolidationPlatform/api/users/getUserDetails HTTP/1.1" 200 7387
0:0:0:0:0:0:0:1 - - [20/Mar/2020:17:03:19 +0530] "GET /IPA/api/viewRequest?pageNumber=2&pageSize=10 HTTP/1.1" 200 4699
127.0.0.1 - - [20/Mar/2020:17:03:24 +0530] "GET /DealConsolidationPlatform/api/validate HTTP/1.1" 200 79
127.0.0.1 - - [20/Mar/2020:17:03:24 +0530] "GET /DealConsolidationPlatform/api/users/getUserDetails HTTP/1.1" 200 7387
0:0:0:0:0:0:0:1 - - [20/Mar/2020:17:03:26 +0530] "GET /IPA/api/viewRequest?pageNumber=3&pageSize=10 HTTP/1.1" 200 3977
