0:0:0:0:0:0:0:1 - - [15/Jun/2020:15:14:21 +0530] "GET /DirectDealing/api/customer/getLoggedInUserDetails HTTP/1.1" 200 1260
127.0.0.1 - - [15/Jun/2020:15:14:40 +0530] "GET /usermanagement/auth/validate HTTP/1.1" 200 71
0:0:0:0:0:0:0:1 - - [15/Jun/2020:15:14:40 +0530] "GET /DirectDealing/api/customer/getAllCustomers HTTP/1.1" 200 11143
127.0.0.1 - - [15/Jun/2020:15:17:22 +0530] "GET /usermanagement/auth/validate HTTP/1.1" 200 71
127.0.0.1 - - [15/Jun/2020:15:17:23 +0530] "GET /usermanagement/auth/validate HTTP/1.1" 200 71
0:0:0:0:0:0:0:1 - - [15/Jun/2020:15:17:23 +0530] "GET /DirectDealing/api/customer/getAllCustomers HTTP/1.1" 200 11143
127.0.0.1 - - [15/Jun/2020:15:17:27 +0530] "GET /usermanagement/user/details HTTP/1.1" 200 825
0:0:0:0:0:0:0:1 - - [15/Jun/2020:15:17:27 +0530] "GET /DirectDealing/api/customer/getLoggedInUserDetails HTTP/1.1" 200 1260
127.0.0.1 - - [15/Jun/2020:15:17:54 +0530] "GET /usermanagement/auth/validate HTTP/1.1" 200 71
0:0:0:0:0:0:0:1 - - [15/Jun/2020:15:17:54 +0530] "GET /DirectDealing/api/customer/getAllCustomers HTTP/1.1" 200 11143
127.0.0.1 - - [15/Jun/2020:15:17:54 +0530] "GET /usermanagement/auth/validate HTTP/1.1" 200 71
127.0.0.1 - - [15/Jun/2020:15:17:56 +0530] "GET /usermanagement/user/details HTTP/1.1" 200 825
0:0:0:0:0:0:0:1 - - [15/Jun/2020:15:17:56 +0530] "GET /DirectDealing/api/customer/getLoggedInUserDetails HTTP/1.1" 200 1260
127.0.0.1 - - [15/Jun/2020:15:20:41 +0530] "GET /usermanagement/auth/validate HTTP/1.1" 401 1034
0:0:0:0:0:0:0:1 - - [15/Jun/2020:15:20:41 +0530] "GET /DirectDealing/api/customer/getAllCustomers HTTP/1.1" 401 1030
0:0:0:0:0:0:0:1 - - [15/Jun/2020:15:20:41 +0530] "GET /usermanagement/lclog.html HTTP/1.1" 200 3549
127.0.0.1 - - [15/Jun/2020:15:20:41 +0530] "GET /usermanagement/auth/validate HTTP/1.1" 401 1034
0:0:0:0:0:0:0:1 - - [15/Jun/2020:15:20:41 +0530] "GET /DirectDealing/api/customer/getLoggedInUserDetails HTTP/1.1" 401 1030
0:0:0:0:0:0:0:1 - - [15/Jun/2020:15:20:41 +0530] "GET /usermanagement/js/jquery.min.js HTTP/1.1" 200 85593
0:0:0:0:0:0:0:1 - - [15/Jun/2020:15:20:41 +0530] "GET /usermanagement/js/pan.js HTTP/1.1" 200 13247
0:0:0:0:0:0:0:1 - - [15/Jun/2020:15:20:41 +0530] "GET /usermanagement/js/jquery-val.js HTTP/1.1" 200 50278
0:0:0:0:0:0:0:1 - - [15/Jun/2020:15:20:41 +0530] "GET /usermanagement/css/bootstrap.min.css HTTP/1.1" 200 138609
0:0:0:0:0:0:0:1 - - [15/Jun/2020:15:20:41 +0530] "GET /usermanagement/js/bootstrap.min.js HTTP/1.1" 200 37045
0:0:0:0:0:0:0:1 - - [15/Jun/2020:15:20:41 +0530] "GET /usermanagement/css/font-awesome/css/font-awesome.css HTTP/1.1" 200 31002
0:0:0:0:0:0:0:1 - - [15/Jun/2020:15:20:41 +0530] "GET /usermanagement/js/logger.js HTTP/1.1" 200 7430
0:0:0:0:0:0:0:1 - - [15/Jun/2020:15:20:41 +0530] "GET /usermanagement/assets/img/axis-bar.png HTTP/1.1" 200 32976
0:0:0:0:0:0:0:1 - - [15/Jun/2020:15:20:41 +0530] "GET /usermanagement/fonts/glyphicons-halflings-regular.woff2 HTTP/1.1" 401 1034
0:0:0:0:0:0:0:1 - - [15/Jun/2020:15:20:41 +0530] "GET /usermanagement/fonts/glyphicons-halflings-regular.woff HTTP/1.1" 401 1034
0:0:0:0:0:0:0:1 - - [15/Jun/2020:15:20:41 +0530] "GET /usermanagement/css/bootstrap.min.css.map HTTP/1.1" 200 542194
0:0:0:0:0:0:0:1 - - [15/Jun/2020:15:20:41 +0530] "GET /usermanagement/fonts/glyphicons-halflings-regular.ttf HTTP/1.1" 401 1034
0:0:0:0:0:0:0:1 - - [15/Jun/2020:15:20:41 +0530] "GET /favicon.ico HTTP/1.1" 404 1085
0:0:0:0:0:0:0:1 - - [15/Jun/2020:15:20:45 +0530] "GET /usermanagement/user/details HTTP/1.1" 401 1034
0:0:0:0:0:0:0:1 - - [15/Jun/2020:15:20:47 +0530] "GET /usermanagement/lclog.html HTTP/1.1" 200 3549
0:0:0:0:0:0:0:1 - - [15/Jun/2020:15:20:47 +0530] "GET /usermanagement/js/jquery-val.js HTTP/1.1" 200 50278
0:0:0:0:0:0:0:1 - - [15/Jun/2020:15:20:47 +0530] "GET /usermanagement/js/pan.js HTTP/1.1" 200 13247
0:0:0:0:0:0:0:1 - - [15/Jun/2020:15:20:47 +0530] "GET /usermanagement/js/jquery.min.js HTTP/1.1" 200 85593
0:0:0:0:0:0:0:1 - - [15/Jun/2020:15:20:47 +0530] "GET /usermanagement/css/bootstrap.min.css HTTP/1.1" 200 138609
0:0:0:0:0:0:0:1 - - [15/Jun/2020:15:20:47 +0530] "GET /usermanagement/css/font-awesome/css/font-awesome.css HTTP/1.1" 200 31002
0:0:0:0:0:0:0:1 - - [15/Jun/2020:15:20:47 +0530] "GET /usermanagement/js/bootstrap.min.js HTTP/1.1" 200 37045
0:0:0:0:0:0:0:1 - - [15/Jun/2020:15:20:47 +0530] "GET /usermanagement/js/logger.js HTTP/1.1" 200 7430
0:0:0:0:0:0:0:1 - - [15/Jun/2020:15:20:47 +0530] "GET /usermanagement/assets/img/axis-bar.png HTTP/1.1" 200 32976
0:0:0:0:0:0:0:1 - - [15/Jun/2020:15:20:47 +0530] "GET /usermanagement/fonts/glyphicons-halflings-regular.woff2 HTTP/1.1" 401 1034
0:0:0:0:0:0:0:1 - - [15/Jun/2020:15:20:48 +0530] "GET /usermanagement/css/bootstrap.min.css.map HTTP/1.1" 200 542194
0:0:0:0:0:0:0:1 - - [15/Jun/2020:15:20:48 +0530] "GET /usermanagement/fonts/glyphicons-halflings-regular.woff HTTP/1.1" 401 1034
0:0:0:0:0:0:0:1 - - [15/Jun/2020:15:20:48 +0530] "GET /usermanagement/fonts/glyphicons-halflings-regular.ttf HTTP/1.1" 401 1034
0:0:0:0:0:0:0:1 - - [15/Jun/2020:15:20:48 +0530] "GET /favicon.ico HTTP/1.1" 404 1085
0:0:0:0:0:0:0:1 - - [15/Jun/2020:15:20:49 +0530] "GET /usermanagement/user/details HTTP/1.1" 401 1034
0:0:0:0:0:0:0:1 - - [15/Jun/2020:15:20:52 +0530] "GET /usermanagement/lclog.html HTTP/1.1" 200 3549
0:0:0:0:0:0:0:1 - - [15/Jun/2020:15:20:52 +0530] "GET /usermanagement/js/jquery.min.js HTTP/1.1" 200 85593
0:0:0:0:0:0:0:1 - - [15/Jun/2020:15:20:52 +0530] "GET /usermanagement/js/jquery-val.js HTTP/1.1" 200 50278
0:0:0:0:0:0:0:1 - - [15/Jun/2020:15:20:52 +0530] "GET /usermanagement/js/pan.js HTTP/1.1" 200 13247
0:0:0:0:0:0:0:1 - - [15/Jun/2020:15:20:52 +0530] "GET /usermanagement/js/bootstrap.min.js HTTP/1.1" 200 37045
0:0:0:0:0:0:0:1 - - [15/Jun/2020:15:20:52 +0530] "GET /usermanagement/css/bootstrap.min.css HTTP/1.1" 200 138609
0:0:0:0:0:0:0:1 - - [15/Jun/2020:15:20:52 +0530] "GET /usermanagement/css/font-awesome/css/font-awesome.css HTTP/1.1" 200 31002
0:0:0:0:0:0:0:1 - - [15/Jun/2020:15:20:52 +0530] "GET /usermanagement/js/logger.js HTTP/1.1" 200 7430
0:0:0:0:0:0:0:1 - - [15/Jun/2020:15:20:52 +0530] "GET /usermanagement/assets/img/axis-bar.png HTTP/1.1" 200 32976
0:0:0:0:0:0:0:1 - - [15/Jun/2020:15:20:52 +0530] "GET /usermanagement/fonts/glyphicons-halflings-regular.woff2 HTTP/1.1" 401 1034
0:0:0:0:0:0:0:1 - - [15/Jun/2020:15:20:52 +0530] "GET /usermanagement/css/bootstrap.min.css.map HTTP/1.1" 200 542194
0:0:0:0:0:0:0:1 - - [15/Jun/2020:15:20:52 +0530] "GET /usermanagement/fonts/glyphicons-halflings-regular.woff HTTP/1.1" 401 1034
0:0:0:0:0:0:0:1 - - [15/Jun/2020:15:20:52 +0530] "GET /usermanagement/fonts/glyphicons-halflings-regular.ttf HTTP/1.1" 401 1034
0:0:0:0:0:0:0:1 - - [15/Jun/2020:15:20:52 +0530] "GET /favicon.ico HTTP/1.1" 404 1085
0:0:0:0:0:0:0:1 - - [15/Jun/2020:15:20:58 +0530] "GET /usermanagement/css/font-awesome/fonts/fontawesome-webfont.woff2?v=4.7.0 HTTP/1.1" 200 66624
0:0:0:0:0:0:0:1 - - [15/Jun/2020:15:20:59 +0530] "POST /usermanagement/auth/login HTTP/1.1" 200 258
0:0:0:0:0:0:0:1 - - [15/Jun/2020:15:21:04 +0530] "GET /usermanagement/user/details HTTP/1.1" 200 825
127.0.0.1 - - [15/Jun/2020:15:21:15 +0530] "GET /usermanagement/auth/validate HTTP/1.1" 200 71
127.0.0.1 - - [15/Jun/2020:15:21:18 +0530] "GET /usermanagement/user/details HTTP/1.1" 200 825
0:0:0:0:0:0:0:1 - - [15/Jun/2020:15:21:18 +0530] "GET /DirectDealing/api/customer/getLoggedInUserDetails HTTP/1.1" 200 1260
127.0.0.1 - - [15/Jun/2020:15:21:30 +0530] "GET /usermanagement/auth/validate HTTP/1.1" 200 71
0:0:0:0:0:0:0:1 - - [15/Jun/2020:15:21:30 +0530] "GET /DirectDealing/api/customer/getAllCustomers HTTP/1.1" 200 11143
127.0.0.1 - - [15/Jun/2020:15:25:14 +0530] "GET /usermanagement/auth/validate HTTP/1.1" 200 71
0:0:0:0:0:0:0:1 - - [15/Jun/2020:15:25:14 +0530] "GET /DirectDealing/api/customer/getAllCustomers HTTP/1.1" 200 11143
127.0.0.1 - - [15/Jun/2020:15:25:14 +0530] "GET /usermanagement/auth/validate HTTP/1.1" 200 71
127.0.0.1 - - [15/Jun/2020:15:25:16 +0530] "GET /usermanagement/user/details HTTP/1.1" 200 825
0:0:0:0:0:0:0:1 - - [15/Jun/2020:15:25:16 +0530] "GET /DirectDealing/api/customer/getLoggedInUserDetails HTTP/1.1" 200 1260
127.0.0.1 - - [15/Jun/2020:15:30:24 +0530] "GET /usermanagement/auth/validate HTTP/1.1" 200 71
127.0.0.1 - - [15/Jun/2020:15:30:24 +0530] "GET /usermanagement/auth/validate HTTP/1.1" 200 71
0:0:0:0:0:0:0:1 - - [15/Jun/2020:15:30:25 +0530] "GET /DirectDealing/api/customer/getAllCustomers HTTP/1.1" 200 11143
127.0.0.1 - - [15/Jun/2020:15:30:27 +0530] "GET /usermanagement/user/details HTTP/1.1" 200 825
0:0:0:0:0:0:0:1 - - [15/Jun/2020:15:30:27 +0530] "GET /DirectDealing/api/customer/getLoggedInUserDetails HTTP/1.1" 200 1260
127.0.0.1 - - [15/Jun/2020:15:32:30 +0530] "GET /usermanagement/auth/validate HTTP/1.1" 200 71
0:0:0:0:0:0:0:1 - - [15/Jun/2020:15:32:30 +0530] "GET /DirectDealing/api/customer/getAllCustomers HTTP/1.1" 200 11143
127.0.0.1 - - [15/Jun/2020:15:32:30 +0530] "GET /usermanagement/auth/validate HTTP/1.1" 200 71
127.0.0.1 - - [15/Jun/2020:15:32:34 +0530] "GET /usermanagement/user/details HTTP/1.1" 200 825
0:0:0:0:0:0:0:1 - - [15/Jun/2020:15:32:34 +0530] "GET /DirectDealing/api/customer/getLoggedInUserDetails HTTP/1.1" 200 1260
127.0.0.1 - - [15/Jun/2020:15:36:59 +0530] "GET /usermanagement/auth/validate HTTP/1.1" 401 1034
0:0:0:0:0:0:0:1 - - [15/Jun/2020:15:36:59 +0530] "GET /DirectDealing/api/dashboard/getPendingRequest HTTP/1.1" 401 1030
0:0:0:0:0:0:0:1 - - [15/Jun/2020:15:36:59 +0530] "GET /usermanagement/lclog.html HTTP/1.1" 200 3549
0:0:0:0:0:0:0:1 - - [15/Jun/2020:15:36:59 +0530] "GET /usermanagement/js/jquery.min.js HTTP/1.1" 200 85593
0:0:0:0:0:0:0:1 - - [15/Jun/2020:15:36:59 +0530] "GET /usermanagement/js/pan.js HTTP/1.1" 200 13247
0:0:0:0:0:0:0:1 - - [15/Jun/2020:15:36:59 +0530] "GET /usermanagement/js/jquery-val.js HTTP/1.1" 200 50278
0:0:0:0:0:0:0:1 - - [15/Jun/2020:15:36:59 +0530] "GET /usermanagement/css/bootstrap.min.css HTTP/1.1" 200 138609
0:0:0:0:0:0:0:1 - - [15/Jun/2020:15:36:59 +0530] "GET /usermanagement/js/bootstrap.min.js HTTP/1.1" 200 37045
0:0:0:0:0:0:0:1 - - [15/Jun/2020:15:36:59 +0530] "GET /usermanagement/css/font-awesome/css/font-awesome.css HTTP/1.1" 200 31002
0:0:0:0:0:0:0:1 - - [15/Jun/2020:15:36:59 +0530] "GET /usermanagement/js/logger.js HTTP/1.1" 200 7430
0:0:0:0:0:0:0:1 - - [15/Jun/2020:15:36:59 +0530] "GET /usermanagement/assets/img/axis-bar.png HTTP/1.1" 200 32976
0:0:0:0:0:0:0:1 - - [15/Jun/2020:15:36:59 +0530] "GET /usermanagement/fonts/glyphicons-halflings-regular.woff2 HTTP/1.1" 401 1034
0:0:0:0:0:0:0:1 - - [15/Jun/2020:15:36:59 +0530] "GET /usermanagement/fonts/glyphicons-halflings-regular.woff HTTP/1.1" 401 1034
0:0:0:0:0:0:0:1 - - [15/Jun/2020:15:36:59 +0530] "GET /usermanagement/fonts/glyphicons-halflings-regular.ttf HTTP/1.1" 401 1034
0:0:0:0:0:0:0:1 - - [15/Jun/2020:15:37:00 +0530] "GET /usermanagement/user/details HTTP/1.1" 401 1034
0:0:0:0:0:0:0:1 - - [15/Jun/2020:15:45:03 +0530] "GET /usermanagement/lclog.html HTTP/1.1" 200 3549
0:0:0:0:0:0:0:1 - - [15/Jun/2020:15:45:03 +0530] "GET /usermanagement/js/jquery-val.js HTTP/1.1" 200 50278
0:0:0:0:0:0:0:1 - - [15/Jun/2020:15:45:03 +0530] "GET /usermanagement/js/pan.js HTTP/1.1" 200 13247
0:0:0:0:0:0:0:1 - - [15/Jun/2020:15:45:03 +0530] "GET /usermanagement/js/jquery.min.js HTTP/1.1" 200 85593
0:0:0:0:0:0:0:1 - - [15/Jun/2020:15:45:03 +0530] "GET /usermanagement/css/bootstrap.min.css HTTP/1.1" 200 138609
0:0:0:0:0:0:0:1 - - [15/Jun/2020:15:45:03 +0530] "GET /usermanagement/css/font-awesome/css/font-awesome.css HTTP/1.1" 200 31002
0:0:0:0:0:0:0:1 - - [15/Jun/2020:15:45:03 +0530] "GET /usermanagement/js/bootstrap.min.js HTTP/1.1" 200 37045
0:0:0:0:0:0:0:1 - - [15/Jun/2020:15:45:03 +0530] "GET /usermanagement/js/logger.js HTTP/1.1" 200 7430
0:0:0:0:0:0:0:1 - - [15/Jun/2020:15:45:03 +0530] "GET /usermanagement/assets/img/axis-bar.png HTTP/1.1" 200 32976
0:0:0:0:0:0:0:1 - - [15/Jun/2020:15:45:03 +0530] "GET /usermanagement/fonts/glyphicons-halflings-regular.woff2 HTTP/1.1" 401 1034
0:0:0:0:0:0:0:1 - - [15/Jun/2020:15:45:03 +0530] "GET /usermanagement/fonts/glyphicons-halflings-regular.woff HTTP/1.1" 401 1034
0:0:0:0:0:0:0:1 - - [15/Jun/2020:15:45:03 +0530] "GET /usermanagement/fonts/glyphicons-halflings-regular.ttf HTTP/1.1" 401 1034
0:0:0:0:0:0:0:1 - - [15/Jun/2020:15:45:03 +0530] "GET /favicon.ico HTTP/1.1" 404 1085
0:0:0:0:0:0:0:1 - - [15/Jun/2020:15:45:04 +0530] "GET /usermanagement/user/details HTTP/1.1" 401 1034
0:0:0:0:0:0:0:1 - - [15/Jun/2020:15:45:11 +0530] "GET /usermanagement/css/font-awesome/fonts/fontawesome-webfont.woff2?v=4.7.0 HTTP/1.1" 200 66624
0:0:0:0:0:0:0:1 - - [15/Jun/2020:15:45:12 +0530] "POST /usermanagement/auth/login HTTP/1.1" 401 92
0:0:0:0:0:0:0:1 - - [15/Jun/2020:15:45:40 +0530] "POST /usermanagement/auth/login HTTP/1.1" 200 258
0:0:0:0:0:0:0:1 - - [15/Jun/2020:15:45:42 +0530] "GET /usermanagement/user/details HTTP/1.1" 200 825
127.0.0.1 - - [15/Jun/2020:15:46:13 +0530] "GET /usermanagement/auth/validate HTTP/1.1" 401 1034
0:0:0:0:0:0:0:1 - - [15/Jun/2020:15:46:13 +0530] "GET /DirectDealing/api/customer/getLoggedInUserDetails HTTP/1.1" 401 1030
0:0:0:0:0:0:0:1 - - [15/Jun/2020:15:46:13 +0530] "GET /usermanagement/lclog.html HTTP/1.1" 200 3549
0:0:0:0:0:0:0:1 - - [15/Jun/2020:15:46:13 +0530] "GET /usermanagement/js/jquery.min.js HTTP/1.1" 200 85593
0:0:0:0:0:0:0:1 - - [15/Jun/2020:15:46:13 +0530] "GET /usermanagement/js/jquery-val.js HTTP/1.1" 200 50278
0:0:0:0:0:0:0:1 - - [15/Jun/2020:15:46:13 +0530] "GET /usermanagement/js/pan.js HTTP/1.1" 200 13247
0:0:0:0:0:0:0:1 - - [15/Jun/2020:15:46:13 +0530] "GET /usermanagement/css/bootstrap.min.css HTTP/1.1" 200 138609
0:0:0:0:0:0:0:1 - - [15/Jun/2020:15:46:13 +0530] "GET /usermanagement/js/bootstrap.min.js HTTP/1.1" 200 37045
0:0:0:0:0:0:0:1 - - [15/Jun/2020:15:46:13 +0530] "GET /usermanagement/css/font-awesome/css/font-awesome.css HTTP/1.1" 200 31002
0:0:0:0:0:0:0:1 - - [15/Jun/2020:15:46:14 +0530] "GET /usermanagement/js/logger.js HTTP/1.1" 200 7430
0:0:0:0:0:0:0:1 - - [15/Jun/2020:15:46:14 +0530] "GET /usermanagement/assets/img/axis-bar.png HTTP/1.1" 200 32976
0:0:0:0:0:0:0:1 - - [15/Jun/2020:15:46:14 +0530] "GET /usermanagement/fonts/glyphicons-halflings-regular.woff2 HTTP/1.1" 401 1034
0:0:0:0:0:0:0:1 - - [15/Jun/2020:15:46:14 +0530] "GET /usermanagement/fonts/glyphicons-halflings-regular.woff HTTP/1.1" 401 1034
0:0:0:0:0:0:0:1 - - [15/Jun/2020:15:46:14 +0530] "GET /usermanagement/fonts/glyphicons-halflings-regular.ttf HTTP/1.1" 401 1034
0:0:0:0:0:0:0:1 - - [15/Jun/2020:15:46:15 +0530] "GET /usermanagement/user/details HTTP/1.1" 401 1034
0:0:0:0:0:0:0:1 - - [15/Jun/2020:15:46:21 +0530] "GET /usermanagement/css/font-awesome/fonts/fontawesome-webfont.woff2?v=4.7.0 HTTP/1.1" 200 66624
0:0:0:0:0:0:0:1 - - [15/Jun/2020:15:46:23 +0530] "POST /usermanagement/auth/login HTTP/1.1" 200 258
0:0:0:0:0:0:0:1 - - [15/Jun/2020:15:46:28 +0530] "GET /usermanagement/user/details HTTP/1.1" 200 825
127.0.0.1 - - [15/Jun/2020:15:46:34 +0530] "GET /usermanagement/auth/validate HTTP/1.1" 200 71
127.0.0.1 - - [15/Jun/2020:15:46:37 +0530] "GET /usermanagement/user/details HTTP/1.1" 200 825
0:0:0:0:0:0:0:1 - - [15/Jun/2020:15:46:37 +0530] "GET /DirectDealing/api/customer/getLoggedInUserDetails HTTP/1.1" 200 1260
127.0.0.1 - - [15/Jun/2020:15:46:43 +0530] "GET /usermanagement/auth/validate HTTP/1.1" 401 1034
0:0:0:0:0:0:0:1 - - [15/Jun/2020:15:46:43 +0530] "GET /DirectDealing/api/customer/getAllCustomers HTTP/1.1" 401 1030
0:0:0:0:0:0:0:1 - - [15/Jun/2020:15:46:43 +0530] "GET /usermanagement/lclog.html HTTP/1.1" 200 3549
0:0:0:0:0:0:0:1 - - [15/Jun/2020:15:46:43 +0530] "GET /usermanagement/js/jquery-val.js HTTP/1.1" 200 50278
0:0:0:0:0:0:0:1 - - [15/Jun/2020:15:46:43 +0530] "GET /usermanagement/js/jquery.min.js HTTP/1.1" 200 85593
0:0:0:0:0:0:0:1 - - [15/Jun/2020:15:46:43 +0530] "GET /usermanagement/js/pan.js HTTP/1.1" 200 13247
0:0:0:0:0:0:0:1 - - [15/Jun/2020:15:46:43 +0530] "GET /usermanagement/css/bootstrap.min.css HTTP/1.1" 200 138609
0:0:0:0:0:0:0:1 - - [15/Jun/2020:15:46:43 +0530] "GET /usermanagement/js/bootstrap.min.js HTTP/1.1" 200 37045
0:0:0:0:0:0:0:1 - - [15/Jun/2020:15:46:43 +0530] "GET /usermanagement/css/font-awesome/css/font-awesome.css HTTP/1.1" 200 31002
0:0:0:0:0:0:0:1 - - [15/Jun/2020:15:46:43 +0530] "GET /usermanagement/js/logger.js HTTP/1.1" 200 7430
0:0:0:0:0:0:0:1 - - [15/Jun/2020:15:46:43 +0530] "GET /usermanagement/assets/img/axis-bar.png HTTP/1.1" 200 32976
0:0:0:0:0:0:0:1 - - [15/Jun/2020:15:46:43 +0530] "GET /usermanagement/fonts/glyphicons-halflings-regular.woff2 HTTP/1.1" 401 1034
0:0:0:0:0:0:0:1 - - [15/Jun/2020:15:46:43 +0530] "GET /usermanagement/fonts/glyphicons-halflings-regular.woff HTTP/1.1" 401 1034
0:0:0:0:0:0:0:1 - - [15/Jun/2020:15:46:43 +0530] "GET /usermanagement/fonts/glyphicons-halflings-regular.ttf HTTP/1.1" 401 1034
0:0:0:0:0:0:0:1 - - [15/Jun/2020:15:46:44 +0530] "GET /usermanagement/user/details HTTP/1.1" 401 1034
0:0:0:0:0:0:0:1 - - [15/Jun/2020:15:46:59 +0530] "GET /usermanagement/css/bootstrap.min.css HTTP/1.1" 200 138609
0:0:0:0:0:0:0:1 - - [15/Jun/2020:15:46:59 +0530] "GET /usermanagement/css/font-awesome/css/font-awesome.css HTTP/1.1" 200 31002
0:0:0:0:0:0:0:1 - - [15/Jun/2020:15:46:59 +0530] "GET /usermanagement/css/bootstrap.min.css.map HTTP/1.1" 200 542194
0:0:0:0:0:0:0:1 - - [15/Jun/2020:15:47:10 +0530] "GET /usermanagement/css/font-awesome/fonts/fontawesome-webfont.woff2?v=4.7.0 HTTP/1.1" 200 66624
0:0:0:0:0:0:0:1 - - [15/Jun/2020:15:47:12 +0530] "POST /usermanagement/auth/login HTTP/1.1" 200 258
0:0:0:0:0:0:0:1 - - [15/Jun/2020:15:47:16 +0530] "GET /usermanagement/user/details HTTP/1.1" 200 825
127.0.0.1 - - [15/Jun/2020:15:47:24 +0530] "GET /usermanagement/auth/validate HTTP/1.1" 200 71
127.0.0.1 - - [15/Jun/2020:15:47:29 +0530] "GET /usermanagement/user/details HTTP/1.1" 200 825
0:0:0:0:0:0:0:1 - - [15/Jun/2020:15:47:29 +0530] "GET /DirectDealing/api/customer/getLoggedInUserDetails HTTP/1.1" 200 1260
127.0.0.1 - - [15/Jun/2020:15:47:35 +0530] "GET /usermanagement/auth/validate HTTP/1.1" 200 71
0:0:0:0:0:0:0:1 - - [15/Jun/2020:15:47:35 +0530] "GET /DirectDealing/api/customer/getAllCustomers HTTP/1.1" 200 11143
127.0.0.1 - - [15/Jun/2020:15:51:23 +0530] "GET /usermanagement/auth/validate HTTP/1.1" 401 1034
0:0:0:0:0:0:0:1 - - [15/Jun/2020:15:51:23 +0530] "GET /DirectDealing/api/customer/getLoggedInUserDetails HTTP/1.1" 401 1030
127.0.0.1 - - [15/Jun/2020:15:51:23 +0530] "GET /usermanagement/auth/validate HTTP/1.1" 401 1034
0:0:0:0:0:0:0:1 - - [15/Jun/2020:15:51:23 +0530] "GET /DirectDealing/api/customer/getAllCustomers HTTP/1.1" 401 1030
0:0:0:0:0:0:0:1 - - [15/Jun/2020:15:51:23 +0530] "GET /usermanagement/lclog.html HTTP/1.1" 200 3549
0:0:0:0:0:0:0:1 - - [15/Jun/2020:15:51:23 +0530] "GET /usermanagement/lclog.html HTTP/1.1" 200 3549
0:0:0:0:0:0:0:1 - - [15/Jun/2020:15:51:23 +0530] "GET /usermanagement/js/jquery.min.js HTTP/1.1" 200 85593
0:0:0:0:0:0:0:1 - - [15/Jun/2020:15:51:23 +0530] "GET /usermanagement/js/jquery-val.js HTTP/1.1" 200 50278
0:0:0:0:0:0:0:1 - - [15/Jun/2020:15:51:23 +0530] "GET /usermanagement/js/pan.js HTTP/1.1" 200 13247
0:0:0:0:0:0:0:1 - - [15/Jun/2020:15:51:23 +0530] "GET /usermanagement/css/font-awesome/css/font-awesome.css HTTP/1.1" 200 31002
0:0:0:0:0:0:0:1 - - [15/Jun/2020:15:51:23 +0530] "GET /usermanagement/css/bootstrap.min.css HTTP/1.1" 200 138609
0:0:0:0:0:0:0:1 - - [15/Jun/2020:15:51:23 +0530] "GET /usermanagement/js/bootstrap.min.js HTTP/1.1" 200 37045
0:0:0:0:0:0:0:1 - - [15/Jun/2020:15:51:23 +0530] "GET /usermanagement/js/logger.js HTTP/1.1" 200 7430
0:0:0:0:0:0:0:1 - - [15/Jun/2020:15:51:23 +0530] "GET /usermanagement/assets/img/axis-bar.png HTTP/1.1" 200 32976
0:0:0:0:0:0:0:1 - - [15/Jun/2020:15:51:24 +0530] "GET /usermanagement/fonts/glyphicons-halflings-regular.woff2 HTTP/1.1" 401 1034
0:0:0:0:0:0:0:1 - - [15/Jun/2020:15:51:24 +0530] "GET /usermanagement/fonts/glyphicons-halflings-regular.woff HTTP/1.1" 401 1034
0:0:0:0:0:0:0:1 - - [15/Jun/2020:15:51:24 +0530] "GET /usermanagement/fonts/glyphicons-halflings-regular.ttf HTTP/1.1" 401 1034
0:0:0:0:0:0:0:1 - - [15/Jun/2020:15:51:24 +0530] "GET /usermanagement/user/details HTTP/1.1" 401 1034
0:0:0:0:0:0:0:1 - - [15/Jun/2020:15:51:30 +0530] "GET /usermanagement/css/font-awesome/fonts/fontawesome-webfont.woff2?v=4.7.0 HTTP/1.1" 200 66624
0:0:0:0:0:0:0:1 - - [15/Jun/2020:15:51:31 +0530] "POST /usermanagement/auth/login HTTP/1.1" 200 258
0:0:0:0:0:0:0:1 - - [15/Jun/2020:15:51:34 +0530] "GET /usermanagement/user/details HTTP/1.1" 200 825
127.0.0.1 - - [15/Jun/2020:15:51:42 +0530] "GET /usermanagement/auth/validate HTTP/1.1" 200 71
127.0.0.1 - - [15/Jun/2020:15:51:45 +0530] "GET /usermanagement/user/details HTTP/1.1" 200 825
0:0:0:0:0:0:0:1 - - [15/Jun/2020:15:51:45 +0530] "GET /DirectDealing/api/customer/getLoggedInUserDetails HTTP/1.1" 200 1260
127.0.0.1 - - [15/Jun/2020:15:51:52 +0530] "GET /usermanagement/auth/validate HTTP/1.1" 200 71
0:0:0:0:0:0:0:1 - - [15/Jun/2020:15:51:52 +0530] "GET /DirectDealing/api/customer/getAllCustomers HTTP/1.1" 200 11143
127.0.0.1 - - [15/Jun/2020:15:52:07 +0530] "GET /usermanagement/auth/validate HTTP/1.1" 200 71
127.0.0.1 - - [15/Jun/2020:15:52:07 +0530] "GET /usermanagement/auth/validate HTTP/1.1" 200 71
0:0:0:0:0:0:0:1 - - [15/Jun/2020:15:52:07 +0530] "GET /DirectDealing/api/staticlov/getCurrencyAndProductLovs HTTP/1.1" 200 1231
0:0:0:0:0:0:0:1 - - [15/Jun/2020:15:52:07 +0530] "GET /DirectDealing/api/customer/getById/10016 HTTP/1.1" 200 1988
127.0.0.1 - - [15/Jun/2020:15:52:25 +0530] "GET /usermanagement/auth/validate HTTP/1.1" 200 71
0:0:0:0:0:0:0:1 - - [15/Jun/2020:15:52:25 +0530] "GET /DirectDealing/api/customer/getAllCustomers HTTP/1.1" 200 11143
127.0.0.1 - - [15/Jun/2020:15:52:30 +0530] "GET /usermanagement/auth/validate HTTP/1.1" 200 71
0:0:0:0:0:0:0:1 - - [15/Jun/2020:15:52:30 +0530] "GET /DirectDealing/api/staticlov/getCurrencyAndProductLovs HTTP/1.1" 200 1231
127.0.0.1 - - [15/Jun/2020:15:52:30 +0530] "GET /usermanagement/auth/validate HTTP/1.1" 200 71
0:0:0:0:0:0:0:1 - - [15/Jun/2020:15:52:30 +0530] "GET /DirectDealing/api/customer/getById/10018 HTTP/1.1" 200 2295
127.0.0.1 - - [15/Jun/2020:15:53:47 +0530] "GET /usermanagement/auth/validate HTTP/1.1" 200 71
0:0:0:0:0:0:0:1 - - [15/Jun/2020:15:53:47 +0530] "GET /DirectDealing/api/customer/getAllCustomers HTTP/1.1" 200 11143
127.0.0.1 - - [15/Jun/2020:15:54:40 +0530] "GET /usermanagement/auth/validate HTTP/1.1" 200 71
127.0.0.1 - - [15/Jun/2020:15:54:43 +0530] "GET /usermanagement/user/details HTTP/1.1" 200 825
0:0:0:0:0:0:0:1 - - [15/Jun/2020:15:54:43 +0530] "GET /DirectDealing/api/customer/getLoggedInUserDetails HTTP/1.1" 200 1260
127.0.0.1 - - [15/Jun/2020:15:54:49 +0530] "GET /usermanagement/auth/validate HTTP/1.1" 200 71
0:0:0:0:0:0:0:1 - - [15/Jun/2020:15:54:49 +0530] "GET /DirectDealing/api/customer/getCustomerList?solId=72 HTTP/1.1" 200 11143
127.0.0.1 - - [15/Jun/2020:15:56:16 +0530] "GET /usermanagement/auth/validate HTTP/1.1" 200 71
0:0:0:0:0:0:0:1 - - [15/Jun/2020:15:56:16 +0530] "GET /DirectDealing/api/customer/getCustomerList?solId=undefined HTTP/1.1" 200 492
127.0.0.1 - - [15/Jun/2020:15:56:16 +0530] "GET /usermanagement/auth/validate HTTP/1.1" 200 71
127.0.0.1 - - [15/Jun/2020:15:56:20 +0530] "GET /usermanagement/user/details HTTP/1.1" 200 825
0:0:0:0:0:0:0:1 - - [15/Jun/2020:15:56:20 +0530] "GET /DirectDealing/api/customer/getLoggedInUserDetails HTTP/1.1" 200 1260
127.0.0.1 - - [15/Jun/2020:16:03:07 +0530] "GET /usermanagement/auth/validate HTTP/1.1" 200 71
127.0.0.1 - - [15/Jun/2020:16:03:10 +0530] "GET /usermanagement/user/details HTTP/1.1" 200 825
0:0:0:0:0:0:0:1 - - [15/Jun/2020:16:03:10 +0530] "GET /DirectDealing/api/customer/getLoggedInUserDetails HTTP/1.1" 200 1260
127.0.0.1 - - [15/Jun/2020:16:03:15 +0530] "GET /usermanagement/auth/validate HTTP/1.1" 200 71
0:0:0:0:0:0:0:1 - - [15/Jun/2020:16:03:15 +0530] "GET /DirectDealing/api/customer/getCustomerList?solId=72 HTTP/1.1" 200 11143
127.0.0.1 - - [15/Jun/2020:16:03:32 +0530] "GET /usermanagement/auth/validate HTTP/1.1" 200 71
0:0:0:0:0:0:0:1 - - [15/Jun/2020:16:03:32 +0530] "GET /DirectDealing/api/customer/getById/10021 HTTP/1.1" 200 58
127.0.0.1 - - [15/Jun/2020:16:03:33 +0530] "GET /usermanagement/auth/validate HTTP/1.1" 200 71
0:0:0:0:0:0:0:1 - - [15/Jun/2020:16:03:33 +0530] "GET /DirectDealing/api/staticlov/getCurrencyAndProductLovs HTTP/1.1" 200 1231
127.0.0.1 - - [15/Jun/2020:16:03:46 +0530] "GET /usermanagement/auth/validate HTTP/1.1" 200 71
0:0:0:0:0:0:0:1 - - [15/Jun/2020:16:03:46 +0530] "GET /DirectDealing/api/customer/getCustomerList?solId=72 HTTP/1.1" 200 11143
127.0.0.1 - - [15/Jun/2020:16:04:04 +0530] "GET /usermanagement/auth/validate HTTP/1.1" 200 71
127.0.0.1 - - [15/Jun/2020:16:04:04 +0530] "GET /usermanagement/auth/validate HTTP/1.1" 200 71
0:0:0:0:0:0:0:1 - - [15/Jun/2020:16:04:04 +0530] "GET /DirectDealing/api/staticlov/getCurrencyAndProductLovs HTTP/1.1" 200 1231
0:0:0:0:0:0:0:1 - - [15/Jun/2020:16:04:04 +0530] "GET /DirectDealing/api/customer/getById/10025 HTTP/1.1" 200 58
127.0.0.1 - - [15/Jun/2020:16:04:14 +0530] "GET /usermanagement/auth/validate HTTP/1.1" 200 71
0:0:0:0:0:0:0:1 - - [15/Jun/2020:16:04:14 +0530] "GET /DirectDealing/api/customer/getCustomerList?solId=72 HTTP/1.1" 200 11143
127.0.0.1 - - [15/Jun/2020:16:04:25 +0530] "GET /usermanagement/auth/validate HTTP/1.1" 200 71
0:0:0:0:0:0:0:1 - - [15/Jun/2020:16:04:25 +0530] "GET /DirectDealing/api/staticlov/getCurrencyAndProductLovs HTTP/1.1" 200 1231
127.0.0.1 - - [15/Jun/2020:16:04:25 +0530] "GET /usermanagement/auth/validate HTTP/1.1" 200 71
0:0:0:0:0:0:0:1 - - [15/Jun/2020:16:04:25 +0530] "GET /DirectDealing/api/customer/getById/10021 HTTP/1.1" 200 58
127.0.0.1 - - [15/Jun/2020:16:06:07 +0530] "GET /usermanagement/auth/validate HTTP/1.1" 200 71
0:0:0:0:0:0:0:1 - - [15/Jun/2020:16:06:25 +0530] "GET /DirectDealing/api/customer/getCustomerList?solId=72 HTTP/1.1" 200 11143
127.0.0.1 - - [15/Jun/2020:16:07:22 +0530] "GET /usermanagement/auth/validate HTTP/1.1" 200 71
127.0.0.1 - - [15/Jun/2020:16:07:38 +0530] "GET /usermanagement/auth/validate HTTP/1.1" 200 71
0:0:0:0:0:0:0:1 - - [15/Jun/2020:16:07:41 +0530] "GET /DirectDealing/api/staticlov/getCurrencyAndProductLovs HTTP/1.1" 200 1231
0:0:0:0:0:0:0:1 - - [15/Jun/2020:16:09:29 +0530] "GET /DirectDealing/api/customer/getById/10021 HTTP/1.1" 200 58
127.0.0.1 - - [15/Jun/2020:16:10:34 +0530] "GET /usermanagement/auth/validate HTTP/1.1" 200 71
0:0:0:0:0:0:0:1 - - [15/Jun/2020:16:10:45 +0530] "GET /DirectDealing/api/customer/getCustomerList?solId=72 HTTP/1.1" 200 11143
127.0.0.1 - - [15/Jun/2020:16:12:14 +0530] "GET /usermanagement/auth/validate HTTP/1.1" 200 71
127.0.0.1 - - [15/Jun/2020:16:12:15 +0530] "GET /usermanagement/auth/validate HTTP/1.1" 200 71
0:0:0:0:0:0:0:1 - - [15/Jun/2020:16:12:15 +0530] "GET /DirectDealing/api/staticlov/getCurrencyAndProductLovs HTTP/1.1" 200 1231
0:0:0:0:0:0:0:1 - - [15/Jun/2020:16:12:19 +0530] "GET /DirectDealing/api/customer/getById/10018 HTTP/1.1" 200 2295
127.0.0.1 - - [15/Jun/2020:16:12:20 +0530] "GET /usermanagement/auth/validate HTTP/1.1" 200 71
0:0:0:0:0:0:0:1 - - [15/Jun/2020:16:12:20 +0530] "GET /DirectDealing/api/customer/getCustomerList?solId=72 HTTP/1.1" 200 11143
127.0.0.1 - - [15/Jun/2020:16:12:33 +0530] "GET /usermanagement/auth/validate HTTP/1.1" 200 71
127.0.0.1 - - [15/Jun/2020:16:12:33 +0530] "GET /usermanagement/auth/validate HTTP/1.1" 200 71
0:0:0:0:0:0:0:1 - - [15/Jun/2020:16:12:33 +0530] "GET /DirectDealing/api/staticlov/getCurrencyAndProductLovs HTTP/1.1" 200 1231
0:0:0:0:0:0:0:1 - - [15/Jun/2020:16:12:33 +0530] "GET /DirectDealing/api/customer/getById/10025 HTTP/1.1" 200 58
127.0.0.1 - - [15/Jun/2020:16:13:35 +0530] "GET /usermanagement/auth/validate HTTP/1.1" 200 71
0:0:0:0:0:0:0:1 - - [15/Jun/2020:16:13:36 +0530] "GET /DirectDealing/api/customer/getCustomerList?solId=72 HTTP/1.1" 200 11143
127.0.0.1 - - [15/Jun/2020:16:15:06 +0530] "GET /usermanagement/auth/validate HTTP/1.1" 200 71
0:0:0:0:0:0:0:1 - - [15/Jun/2020:16:15:06 +0530] "GET /DirectDealing/api/customer/getById/10025 HTTP/1.1" 200 58
127.0.0.1 - - [15/Jun/2020:16:15:06 +0530] "GET /usermanagement/auth/validate HTTP/1.1" 200 71
0:0:0:0:0:0:0:1 - - [15/Jun/2020:16:15:06 +0530] "GET /DirectDealing/api/staticlov/getCurrencyAndProductLovs HTTP/1.1" 200 1231
127.0.0.1 - - [15/Jun/2020:16:16:20 +0530] "GET /usermanagement/auth/validate HTTP/1.1" 200 71
127.0.0.1 - - [15/Jun/2020:16:16:28 +0530] "GET /usermanagement/auth/validate HTTP/1.1" 200 71
0:0:0:0:0:0:0:1 - - [15/Jun/2020:16:16:33 +0530] "GET /DirectDealing/api/staticlov/getCurrencyAndProductLovs HTTP/1.1" 200 1231
127.0.0.1 - - [15/Jun/2020:16:16:56 +0530] "GET /usermanagement/auth/validate HTTP/1.1" 200 71
0:0:0:0:0:0:0:1 - - [15/Jun/2020:16:16:56 +0530] "GET /DirectDealing/api/customer/getById/10025 HTTP/1.1" 200 58
127.0.0.1 - - [15/Jun/2020:16:16:59 +0530] "GET /usermanagement/auth/validate HTTP/1.1" 200 71
127.0.0.1 - - [15/Jun/2020:16:17:00 +0530] "GET /usermanagement/user/details HTTP/1.1" 200 825
0:0:0:0:0:0:0:1 - - [15/Jun/2020:16:17:00 +0530] "GET /DirectDealing/api/customer/getLoggedInUserDetails HTTP/1.1" 200 1260
127.0.0.1 - - [15/Jun/2020:16:17:02 +0530] "GET /usermanagement/auth/validate HTTP/1.1" 200 71
0:0:0:0:0:0:0:1 - - [15/Jun/2020:16:17:02 +0530] "GET /DirectDealing/api/customer/getCustomerList?solId=undefined HTTP/1.1" 200 492
127.0.0.1 - - [15/Jun/2020:16:17:03 +0530] "GET /usermanagement/user/details HTTP/1.1" 200 825
0:0:0:0:0:0:0:1 - - [15/Jun/2020:16:17:03 +0530] "GET /DirectDealing/api/customer/getLoggedInUserDetails HTTP/1.1" 200 1260
127.0.0.1 - - [15/Jun/2020:16:17:26 +0530] "GET /usermanagement/auth/validate HTTP/1.1" 200 71
0:0:0:0:0:0:0:1 - - [15/Jun/2020:16:17:26 +0530] "GET /DirectDealing/api/customer/getCustomerList?solId=undefined HTTP/1.1" 200 492
127.0.0.1 - - [15/Jun/2020:16:17:26 +0530] "GET /usermanagement/auth/validate HTTP/1.1" 200 71
127.0.0.1 - - [15/Jun/2020:16:17:27 +0530] "GET /usermanagement/user/details HTTP/1.1" 200 825
0:0:0:0:0:0:0:1 - - [15/Jun/2020:16:17:27 +0530] "GET /DirectDealing/api/customer/getLoggedInUserDetails HTTP/1.1" 200 1260
127.0.0.1 - - [15/Jun/2020:16:17:41 +0530] "GET /usermanagement/auth/validate HTTP/1.1" 200 71
127.0.0.1 - - [15/Jun/2020:16:17:42 +0530] "GET /usermanagement/user/details HTTP/1.1" 200 825
0:0:0:0:0:0:0:1 - - [15/Jun/2020:16:17:42 +0530] "GET /DirectDealing/api/customer/getLoggedInUserDetails HTTP/1.1" 200 1260
127.0.0.1 - - [15/Jun/2020:16:17:53 +0530] "GET /usermanagement/auth/validate HTTP/1.1" 200 71
0:0:0:0:0:0:0:1 - - [15/Jun/2020:16:17:53 +0530] "GET /DirectDealing/api/customer/getCustomerList?solId=72 HTTP/1.1" 200 11143
127.0.0.1 - - [15/Jun/2020:16:18:07 +0530] "GET /usermanagement/auth/validate HTTP/1.1" 200 71
0:0:0:0:0:0:0:1 - - [15/Jun/2020:16:18:07 +0530] "GET /DirectDealing/api/customer/getById/10021 HTTP/1.1" 200 58
127.0.0.1 - - [15/Jun/2020:16:18:07 +0530] "GET /usermanagement/auth/validate HTTP/1.1" 200 71
0:0:0:0:0:0:0:1 - - [15/Jun/2020:16:18:07 +0530] "GET /DirectDealing/api/staticlov/getCurrencyAndProductLovs HTTP/1.1" 200 1231
127.0.0.1 - - [15/Jun/2020:16:18:18 +0530] "GET /usermanagement/auth/validate HTTP/1.1" 200 71
0:0:0:0:0:0:0:1 - - [15/Jun/2020:16:18:18 +0530] "GET /DirectDealing/api/customer/getCustomerList?solId=72 HTTP/1.1" 200 11143
127.0.0.1 - - [15/Jun/2020:16:19:07 +0530] "GET /usermanagement/auth/validate HTTP/1.1" 200 71
127.0.0.1 - - [15/Jun/2020:16:19:09 +0530] "GET /usermanagement/auth/validate HTTP/1.1" 200 71
0:0:0:0:0:0:0:1 - - [15/Jun/2020:16:19:12 +0530] "GET /DirectDealing/api/staticlov/getCurrencyAndProductLovs HTTP/1.1" 200 1231
0:0:0:0:0:0:0:1 - - [15/Jun/2020:16:22:18 +0530] "GET /DirectDealing/api/customer/getById/10021 HTTP/1.1" 500 2214
0:0:0:0:0:0:0:1 - - [15/Jun/2020:16:22:18 +0530] "GET /usermanagement/lclog.html HTTP/1.1" 200 3549
0:0:0:0:0:0:0:1 - - [15/Jun/2020:16:22:19 +0530] "GET /usermanagement/js/jquery-val.js HTTP/1.1" 200 50278
0:0:0:0:0:0:0:1 - - [15/Jun/2020:16:22:19 +0530] "GET /usermanagement/css/font-awesome/css/font-awesome.css HTTP/1.1" 200 31002
0:0:0:0:0:0:0:1 - - [15/Jun/2020:16:22:19 +0530] "GET /usermanagement/js/pan.js HTTP/1.1" 200 13247
0:0:0:0:0:0:0:1 - - [15/Jun/2020:16:22:19 +0530] "GET /usermanagement/js/jquery.min.js HTTP/1.1" 200 85593
0:0:0:0:0:0:0:1 - - [15/Jun/2020:16:22:19 +0530] "GET /usermanagement/js/bootstrap.min.js HTTP/1.1" 200 37045
0:0:0:0:0:0:0:1 - - [15/Jun/2020:16:22:19 +0530] "GET /usermanagement/css/bootstrap.min.css HTTP/1.1" 200 138609
0:0:0:0:0:0:0:1 - - [15/Jun/2020:16:22:19 +0530] "GET /usermanagement/js/logger.js HTTP/1.1" 200 7430
0:0:0:0:0:0:0:1 - - [15/Jun/2020:16:22:19 +0530] "GET /usermanagement/assets/img/axis-bar.png HTTP/1.1" 200 32976
0:0:0:0:0:0:0:1 - - [15/Jun/2020:16:22:19 +0530] "GET /usermanagement/fonts/glyphicons-halflings-regular.woff2 HTTP/1.1" 401 1034
0:0:0:0:0:0:0:1 - - [15/Jun/2020:16:22:19 +0530] "GET /usermanagement/css/bootstrap.min.css.map HTTP/1.1" 200 542194
0:0:0:0:0:0:0:1 - - [15/Jun/2020:16:22:19 +0530] "GET /usermanagement/fonts/glyphicons-halflings-regular.woff HTTP/1.1" 401 1034
0:0:0:0:0:0:0:1 - - [15/Jun/2020:16:22:19 +0530] "GET /usermanagement/fonts/glyphicons-halflings-regular.ttf HTTP/1.1" 401 1034
0:0:0:0:0:0:0:1 - - [15/Jun/2020:16:22:19 +0530] "GET /favicon.ico HTTP/1.1" 404 1085
0:0:0:0:0:0:0:1 - - [15/Jun/2020:16:22:22 +0530] "GET /usermanagement/user/details HTTP/1.1" 200 825
127.0.0.1 - - [15/Jun/2020:16:22:34 +0530] "GET /usermanagement/auth/validate HTTP/1.1" 200 71
127.0.0.1 - - [15/Jun/2020:16:22:36 +0530] "GET /usermanagement/user/details HTTP/1.1" 200 825
0:0:0:0:0:0:0:1 - - [15/Jun/2020:16:22:36 +0530] "GET /DirectDealing/api/customer/getLoggedInUserDetails HTTP/1.1" 200 1260
127.0.0.1 - - [15/Jun/2020:16:22:40 +0530] "GET /usermanagement/auth/validate HTTP/1.1" 200 71
0:0:0:0:0:0:0:1 - - [15/Jun/2020:16:22:41 +0530] "GET /DirectDealing/api/customer/getCustomerList?solId=72 HTTP/1.1" 200 11143
127.0.0.1 - - [15/Jun/2020:16:22:50 +0530] "GET /usermanagement/auth/validate HTTP/1.1" 200 71
127.0.0.1 - - [15/Jun/2020:16:22:50 +0530] "GET /usermanagement/auth/validate HTTP/1.1" 200 71
0:0:0:0:0:0:0:1 - - [15/Jun/2020:16:22:50 +0530] "GET /DirectDealing/api/staticlov/getCurrencyAndProductLovs HTTP/1.1" 200 1231
0:0:0:0:0:0:0:1 - - [15/Jun/2020:16:22:50 +0530] "GET /DirectDealing/api/customer/getById/10021 HTTP/1.1" 200 1308
127.0.0.1 - - [15/Jun/2020:16:23:26 +0530] "GET /usermanagement/auth/validate HTTP/1.1" 200 71
0:0:0:0:0:0:0:1 - - [15/Jun/2020:16:23:26 +0530] "GET /DirectDealing/api/documents/getDocument?documentId=1 HTTP/1.1" 200 296
127.0.0.1 - - [15/Jun/2020:16:27:01 +0530] "GET /usermanagement/auth/validate HTTP/1.1" 200 71
0:0:0:0:0:0:0:1 - - [15/Jun/2020:16:27:01 +0530] "GET /DirectDealing/api/documents/getDocument?documentId=1 HTTP/1.1" 200 296
127.0.0.1 - - [15/Jun/2020:16:29:06 +0530] "GET /usermanagement/auth/validate HTTP/1.1" 200 71
0:0:0:0:0:0:0:1 - - [15/Jun/2020:16:29:06 +0530] "GET /DirectDealing/api/documents/getDocument?documentId=2 HTTP/1.1" 200 296
127.0.0.1 - - [15/Jun/2020:16:30:58 +0530] "GET /usermanagement/auth/validate HTTP/1.1" 200 71
0:0:0:0:0:0:0:1 - - [15/Jun/2020:16:30:59 +0530] "GET /DirectDealing/api/customer/getCustomerList?solId=72 HTTP/1.1" 200 11143
127.0.0.1 - - [15/Jun/2020:16:31:09 +0530] "GET /usermanagement/auth/validate HTTP/1.1" 200 71
127.0.0.1 - - [15/Jun/2020:16:31:10 +0530] "GET /usermanagement/auth/validate HTTP/1.1" 200 71
0:0:0:0:0:0:0:1 - - [15/Jun/2020:16:31:10 +0530] "GET /DirectDealing/api/staticlov/getCurrencyAndProductLovs HTTP/1.1" 200 1231
0:0:0:0:0:0:0:1 - - [15/Jun/2020:16:31:10 +0530] "GET /DirectDealing/api/customer/getById/10016 HTTP/1.1" 200 1988
127.0.0.1 - - [15/Jun/2020:16:31:55 +0530] "GET /usermanagement/auth/validate HTTP/1.1" 200 71
0:0:0:0:0:0:0:1 - - [15/Jun/2020:16:31:55 +0530] "POST /DirectDealing/api/documents/viewPdf?fileName=FILE%201&id=10000 HTTP/1.1" 500 5
0:0:0:0:0:0:0:1 - - [15/Jun/2020:16:31:55 +0530] "GET /usermanagement/lclog.html HTTP/1.1" 200 3549
0:0:0:0:0:0:0:1 - - [15/Jun/2020:16:31:55 +0530] "GET /usermanagement/js/jquery.min.js HTTP/1.1" 200 85593
0:0:0:0:0:0:0:1 - - [15/Jun/2020:16:31:55 +0530] "GET /usermanagement/js/jquery-val.js HTTP/1.1" 200 50278
0:0:0:0:0:0:0:1 - - [15/Jun/2020:16:31:55 +0530] "GET /usermanagement/js/pan.js HTTP/1.1" 200 13247
0:0:0:0:0:0:0:1 - - [15/Jun/2020:16:31:55 +0530] "GET /usermanagement/js/bootstrap.min.js HTTP/1.1" 200 37045
0:0:0:0:0:0:0:1 - - [15/Jun/2020:16:31:55 +0530] "GET /usermanagement/css/bootstrap.min.css HTTP/1.1" 200 138609
0:0:0:0:0:0:0:1 - - [15/Jun/2020:16:31:55 +0530] "GET /usermanagement/css/font-awesome/css/font-awesome.css HTTP/1.1" 200 31002
0:0:0:0:0:0:0:1 - - [15/Jun/2020:16:31:55 +0530] "GET /usermanagement/js/logger.js HTTP/1.1" 200 7430
0:0:0:0:0:0:0:1 - - [15/Jun/2020:16:31:55 +0530] "GET /usermanagement/assets/img/axis-bar.png HTTP/1.1" 200 32976
0:0:0:0:0:0:0:1 - - [15/Jun/2020:16:31:55 +0530] "GET /usermanagement/fonts/glyphicons-halflings-regular.woff2 HTTP/1.1" 401 1034
0:0:0:0:0:0:0:1 - - [15/Jun/2020:16:31:56 +0530] "GET /usermanagement/fonts/glyphicons-halflings-regular.woff HTTP/1.1" 401 1034
0:0:0:0:0:0:0:1 - - [15/Jun/2020:16:31:56 +0530] "GET /usermanagement/fonts/glyphicons-halflings-regular.ttf HTTP/1.1" 401 1034
0:0:0:0:0:0:0:1 - - [15/Jun/2020:16:32:02 +0530] "GET /usermanagement/user/details HTTP/1.1" 200 825
127.0.0.1 - - [15/Jun/2020:16:32:17 +0530] "GET /usermanagement/auth/validate HTTP/1.1" 200 71
127.0.0.1 - - [15/Jun/2020:16:32:23 +0530] "GET /usermanagement/user/details HTTP/1.1" 200 825
0:0:0:0:0:0:0:1 - - [15/Jun/2020:16:32:23 +0530] "GET /DirectDealing/api/customer/getLoggedInUserDetails HTTP/1.1" 200 1260
127.0.0.1 - - [15/Jun/2020:16:32:29 +0530] "GET /usermanagement/auth/validate HTTP/1.1" 200 71
0:0:0:0:0:0:0:1 - - [15/Jun/2020:16:32:29 +0530] "GET /DirectDealing/api/customer/getAllCustomers HTTP/1.1" 200 11143
127.0.0.1 - - [15/Jun/2020:16:32:41 +0530] "GET /usermanagement/auth/validate HTTP/1.1" 200 71
0:0:0:0:0:0:0:1 - - [15/Jun/2020:16:32:42 +0530] "GET /DirectDealing/api/report/getReportData?reportCode=report1 HTTP/1.1" 200 10919
127.0.0.1 - - [15/Jun/2020:16:32:44 +0530] "GET /usermanagement/auth/validate HTTP/1.1" 200 71
0:0:0:0:0:0:0:1 - - [15/Jun/2020:16:32:46 +0530] "GET /DirectDealing/api/report/downloadReport?reportCode=123 HTTP/1.1" 200 3867
127.0.0.1 - - [15/Jun/2020:16:33:16 +0530] "GET /usermanagement/auth/validate HTTP/1.1" 200 71
0:0:0:0:0:0:0:1 - - [15/Jun/2020:16:33:16 +0530] "GET /DirectDealing/api/customer/getAllCustomers HTTP/1.1" 200 11143
