127.0.0.1 - - [20/Mar/2020:10:10:42 +0530] "GET / HTTP/1.1" 404 1074
127.0.0.1 - - [20/Mar/2020:10:32:03 +0530] "GET / HTTP/1.1" 404 1074
0:0:0:0:0:0:0:1 - - [20/Mar/2020:10:37:09 +0530] "GET /DealConsolidationPlatform/loginPage.html HTTP/1.1" 200 8601
0:0:0:0:0:0:0:1 - - [20/Mar/2020:10:37:10 +0530] "GET /DealConsolidationPlatform/user-mgmt/bootstrap/css/bootstrap.min.css HTTP/1.1" 200 146011
0:0:0:0:0:0:0:1 - - [20/Mar/2020:10:37:10 +0530] "GET /DealConsolidationPlatform/user-mgmt/components/font-awesome/css/font-awesome.css HTTP/1.1" 200 31002
0:0:0:0:0:0:0:1 - - [20/Mar/2020:10:37:10 +0530] "GET /DealConsolidationPlatform/user-mgmt/lib/jquery-val.js HTTP/1.1" 200 50278
0:0:0:0:0:0:0:1 - - [20/Mar/2020:10:37:10 +0530] "GET /DealConsolidationPlatform/user-mgmt/lib/pan.js HTTP/1.1" 200 13247
0:0:0:0:0:0:0:1 - - [20/Mar/2020:10:37:10 +0530] "GET /DealConsolidationPlatform/user-mgmt/img/axis-bar.png HTTP/1.1" 200 32976
0:0:0:0:0:0:0:1 - - [20/Mar/2020:10:37:10 +0530] "GET /DealConsolidationPlatform/user-mgmt/bootstrap/js/bootstrap.min.js HTTP/1.1" 200 37051
0:0:0:0:0:0:0:1 - - [20/Mar/2020:10:37:10 +0530] "GET /DealConsolidationPlatform/user-mgmt/plugins/jQuery/jquery.min.js HTTP/1.1" 200 85596
0:0:0:0:0:0:0:1 - - [20/Mar/2020:10:37:10 +0530] "GET /favicon.ico HTTP/1.1" 404 1085
127.0.0.1 - - [20/Mar/2020:10:37:11 +0530] "GET /DealConsolidationPlatform/api/validate HTTP/1.1" 404 1043
127.0.0.1 - - [20/Mar/2020:10:37:11 +0530] "GET /DealConsolidationPlatform/api/validate HTTP/1.1" 404 1043
0:0:0:0:0:0:0:1 - - [20/Mar/2020:10:37:11 +0530] "GET /IPA/api/getUserDetails HTTP/1.1" 401 1030
0:0:0:0:0:0:0:1 - - [20/Mar/2020:10:37:20 +0530] "GET /DealConsolidationPlatform/user-mgmt/components/font-awesome/fonts/fontawesome-webfont.woff2?v=4.7.0 HTTP/1.1" 200 66624
0:0:0:0:0:0:0:1 - - [20/Mar/2020:10:37:21 +0530] "POST /DealConsolidationPlatform/login HTTP/1.1" 200 309
0:0:0:0:0:0:0:1 - - [20/Mar/2020:10:37:22 +0530] "GET /DealConsolidationPlatform/api/users/getUserDetails HTTP/1.1" 200 5987
127.0.0.1 - - [20/Mar/2020:10:37:27 +0530] "GET /DealConsolidationPlatform/api/validate HTTP/1.1" 200 79
127.0.0.1 - - [20/Mar/2020:10:37:27 +0530] "GET /DealConsolidationPlatform/api/users/getUserDetails HTTP/1.1" 200 5987
0:0:0:0:0:0:0:1 - - [20/Mar/2020:10:37:27 +0530] "GET /IPA/api/getUserDetails HTTP/1.1" 200 5987
127.0.0.1 - - [20/Mar/2020:11:01:31 +0530] "GET /DealConsolidationPlatform/api/validate HTTP/1.1" 404 1043
127.0.0.1 - - [20/Mar/2020:11:01:31 +0530] "GET /DealConsolidationPlatform/api/validate HTTP/1.1" 404 1043
127.0.0.1 - - [20/Mar/2020:11:01:31 +0530] "GET /DealConsolidationPlatform/api/validate HTTP/1.1" 404 1043
0:0:0:0:0:0:0:1 - - [20/Mar/2020:11:01:31 +0530] "GET /IPA/api/getAllCheckersId?userRole=ipa_checker HTTP/1.1" 401 1030
127.0.0.1 - - [20/Mar/2020:11:01:31 +0530] "GET /DealConsolidationPlatform/api/validate HTTP/1.1" 404 1043
0:0:0:0:0:0:0:1 - - [20/Mar/2020:11:01:31 +0530] "GET /IPA/api/getUserDetails HTTP/1.1" 401 1030
0:0:0:0:0:0:0:1 - - [20/Mar/2020:11:01:32 +0530] "GET /DealConsolidationPlatform/loginPage.html HTTP/1.1" 200 8601
0:0:0:0:0:0:0:1 - - [20/Mar/2020:11:01:32 +0530] "GET /DealConsolidationPlatform/loginPage.html HTTP/1.1" 500 8601
0:0:0:0:0:0:0:1 - - [20/Mar/2020:11:01:32 +0530] "GET /DealConsolidationPlatform/user-mgmt/plugins/jQuery/jquery.min.js HTTP/1.1" 200 85596
0:0:0:0:0:0:0:1 - - [20/Mar/2020:11:01:32 +0530] "GET /DealConsolidationPlatform/user-mgmt/bootstrap/js/bootstrap.min.js HTTP/1.1" 200 37051
0:0:0:0:0:0:0:1 - - [20/Mar/2020:11:01:32 +0530] "GET /DealConsolidationPlatform/user-mgmt/components/font-awesome/css/font-awesome.css HTTP/1.1" 200 31002
0:0:0:0:0:0:0:1 - - [20/Mar/2020:11:01:32 +0530] "GET /DealConsolidationPlatform/user-mgmt/lib/jquery-val.js HTTP/1.1" 200 50278
0:0:0:0:0:0:0:1 - - [20/Mar/2020:11:01:32 +0530] "GET /DealConsolidationPlatform/user-mgmt/lib/pan.js HTTP/1.1" 200 13247
0:0:0:0:0:0:0:1 - - [20/Mar/2020:11:01:32 +0530] "GET /DealConsolidationPlatform/user-mgmt/bootstrap/css/bootstrap.min.css HTTP/1.1" 200 146011
0:0:0:0:0:0:0:1 - - [20/Mar/2020:11:01:32 +0530] "GET /DealConsolidationPlatform/user-mgmt/img/axis-bar.png HTTP/1.1" 200 32976
0:0:0:0:0:0:0:1 - - [20/Mar/2020:11:01:32 +0530] "GET /favicon.ico HTTP/1.1" 404 1085
127.0.0.1 - - [20/Mar/2020:13:07:34 +0530] "GET / HTTP/1.1" 404 1074
0:0:0:0:0:0:0:1 - - [20/Mar/2020:13:07:35 +0530] "GET /DealConsolidationPlatform/loginPage.html HTTP/1.1" 200 8601
0:0:0:0:0:0:0:1 - - [20/Mar/2020:13:07:35 +0530] "GET /DealConsolidationPlatform/user-mgmt/components/font-awesome/css/font-awesome.css HTTP/1.1" 200 31002
0:0:0:0:0:0:0:1 - - [20/Mar/2020:13:07:35 +0530] "GET /DealConsolidationPlatform/user-mgmt/lib/pan.js HTTP/1.1" 200 13247
0:0:0:0:0:0:0:1 - - [20/Mar/2020:13:07:35 +0530] "GET /DealConsolidationPlatform/user-mgmt/bootstrap/js/bootstrap.min.js HTTP/1.1" 200 37051
0:0:0:0:0:0:0:1 - - [20/Mar/2020:13:07:35 +0530] "GET /DealConsolidationPlatform/user-mgmt/lib/jquery-val.js HTTP/1.1" 200 50278
0:0:0:0:0:0:0:1 - - [20/Mar/2020:13:07:35 +0530] "GET /DealConsolidationPlatform/user-mgmt/bootstrap/css/bootstrap.min.css HTTP/1.1" 200 146011
0:0:0:0:0:0:0:1 - - [20/Mar/2020:13:07:35 +0530] "GET /DealConsolidationPlatform/user-mgmt/plugins/jQuery/jquery.min.js HTTP/1.1" 200 85596
0:0:0:0:0:0:0:1 - - [20/Mar/2020:13:07:35 +0530] "GET /DealConsolidationPlatform/loginPage.html HTTP/1.1" 500 8601
0:0:0:0:0:0:0:1 - - [20/Mar/2020:13:07:35 +0530] "GET /DealConsolidationPlatform/user-mgmt/img/axis-bar.png HTTP/1.1" 200 32976
0:0:0:0:0:0:0:1 - - [20/Mar/2020:13:07:35 +0530] "GET /favicon.ico HTTP/1.1" 404 1085
127.0.0.1 - - [20/Mar/2020:13:07:36 +0530] "GET /DealConsolidationPlatform/api/validate HTTP/1.1" 404 1043
127.0.0.1 - - [20/Mar/2020:13:07:36 +0530] "GET /DealConsolidationPlatform/api/validate HTTP/1.1" 404 1043
127.0.0.1 - - [20/Mar/2020:13:07:36 +0530] "GET /DealConsolidationPlatform/api/validate HTTP/1.1" 404 1043
127.0.0.1 - - [20/Mar/2020:13:07:36 +0530] "GET /DealConsolidationPlatform/api/validate HTTP/1.1" 404 1043
0:0:0:0:0:0:0:1 - - [20/Mar/2020:13:07:36 +0530] "GET /IPA/api/getAllCheckersId?userRole=ipa_checker HTTP/1.1" 401 1030
127.0.0.1 - - [20/Mar/2020:13:07:36 +0530] "GET /DealConsolidationPlatform/api/validate HTTP/1.1" 404 1043
127.0.0.1 - - [20/Mar/2020:13:07:36 +0530] "GET /DealConsolidationPlatform/api/validate HTTP/1.1" 404 1043
0:0:0:0:0:0:0:1 - - [20/Mar/2020:13:07:36 +0530] "GET /IPA/api/getAllCheckersId?userRole=ipa_checker HTTP/1.1" 401 1030
0:0:0:0:0:0:0:1 - - [20/Mar/2020:13:07:36 +0530] "GET /IPA/api/getUserDetails HTTP/1.1" 401 1030
127.0.0.1 - - [20/Mar/2020:13:07:36 +0530] "GET /DealConsolidationPlatform/api/validate HTTP/1.1" 404 1043
0:0:0:0:0:0:0:1 - - [20/Mar/2020:13:07:36 +0530] "GET /IPA/api/getUserDetails HTTP/1.1" 401 1030
127.0.0.1 - - [20/Mar/2020:13:07:36 +0530] "GET /DealConsolidationPlatform/api/validate HTTP/1.1" 404 1043
0:0:0:0:0:0:0:1 - - [20/Mar/2020:13:10:53 +0530] "GET /DealConsolidationPlatform/user-mgmt/components/font-awesome/fonts/fontawesome-webfont.woff2?v=4.7.0 HTTP/1.1" 200 66624
0:0:0:0:0:0:0:1 - - [20/Mar/2020:13:10:54 +0530] "POST /DealConsolidationPlatform/login HTTP/1.1" 200 309
0:0:0:0:0:0:0:1 - - [20/Mar/2020:13:10:54 +0530] "GET /DealConsolidationPlatform/api/users/getUserDetails HTTP/1.1" 200 5987
127.0.0.1 - - [20/Mar/2020:13:10:57 +0530] "GET /DealConsolidationPlatform/api/validate HTTP/1.1" 200 79
127.0.0.1 - - [20/Mar/2020:13:10:57 +0530] "GET /DealConsolidationPlatform/api/validate HTTP/1.1" 200 79
127.0.0.1 - - [20/Mar/2020:13:10:58 +0530] "GET /DealConsolidationPlatform/api/users/getUserDetails HTTP/1.1" 200 5987
127.0.0.1 - - [20/Mar/2020:13:10:58 +0530] "GET /DealConsolidationPlatform/api/users/getAllUsersId?userRole=ipa_checker HTTP/1.1" 200 26969
0:0:0:0:0:0:0:1 - - [20/Mar/2020:13:10:58 +0530] "GET /IPA/api/getUserDetails HTTP/1.1" 200 5987
0:0:0:0:0:0:0:1 - - [20/Mar/2020:13:10:58 +0530] "GET /IPA/api/getAllCheckersId?userRole=ipa_checker HTTP/1.1" 200 26969
127.0.0.1 - - [20/Mar/2020:13:11:01 +0530] "GET /DealConsolidationPlatform/api/validate HTTP/1.1" 200 79
0:0:0:0:0:0:0:1 - - [20/Mar/2020:13:11:03 +0530] "GET /IPA/api/viewAllCustomer?customerId=&pageNumber=1&pageSize=10 HTTP/1.1" 200 18540
127.0.0.1 - - [20/Mar/2020:13:13:02 +0530] "GET /DealConsolidationPlatform/api/validate HTTP/1.1" 200 79
0:0:0:0:0:0:0:1 - - [20/Mar/2020:13:13:30 +0530] "GET /IPA/api/viewAllDeal?customerId=&isinNumber=&pageNumber=1&pageSize=10 HTTP/1.1" 200 68794
127.0.0.1 - - [20/Mar/2020:13:13:49 +0530] "GET /DealConsolidationPlatform/api/validate HTTP/1.1" 200 79
0:0:0:0:0:0:0:1 - - [20/Mar/2020:13:13:57 +0530] "POST /IPA/api/getRatingsDetailsByCPAndTrancheId?cpId=1929&trancheId=9422 HTTP/1.1" 200 19401
127.0.0.1 - - [20/Mar/2020:13:19:24 +0530] "GET /DealConsolidationPlatform/api/validate HTTP/1.1" 200 79
0:0:0:0:0:0:0:1 - - [20/Mar/2020:13:19:25 +0530] "GET /IPA/api/viewAllCustomer?customerId=&pageNumber=1&pageSize=10 HTTP/1.1" 200 18540
127.0.0.1 - - [20/Mar/2020:13:19:37 +0530] "GET /DealConsolidationPlatform/api/validate HTTP/1.1" 200 79
0:0:0:0:0:0:0:1 - - [20/Mar/2020:13:19:37 +0530] "POST /IPA/api/downloadDoc?customerId=00124855&fileName=IpaAgreementdoc_20_11_2018_06_58_23.xls HTTP/1.1" 200 5
127.0.0.1 - - [20/Mar/2020:13:23:03 +0530] "GET /DealConsolidationPlatform/api/validate HTTP/1.1" 200 79
0:0:0:0:0:0:0:1 - - [20/Mar/2020:13:23:05 +0530] "GET /IPA/api/viewAllCustomer?customerId=&pageNumber=1&pageSize=10 HTTP/1.1" 200 18540
127.0.0.1 - - [20/Mar/2020:13:23:06 +0530] "GET /DealConsolidationPlatform/api/validate HTTP/1.1" 200 79
0:0:0:0:0:0:0:1 - - [20/Mar/2020:13:23:07 +0530] "POST /IPA/api/getRequestDetails?customerId=5123232&isinNumber=&modelName=Customer&pageNumber=1&pageSize=10 HTTP/1.1" 200 2512
127.0.0.1 - - [20/Mar/2020:13:30:53 +0530] "GET /DealConsolidationPlatform/api/validate HTTP/1.1" 200 79
127.0.0.1 - - [20/Mar/2020:13:30:53 +0530] "GET /DealConsolidationPlatform/api/validate HTTP/1.1" 200 79
127.0.0.1 - - [20/Mar/2020:13:30:53 +0530] "GET /DealConsolidationPlatform/api/users/getUserDetails HTTP/1.1" 200 5987
127.0.0.1 - - [20/Mar/2020:13:30:53 +0530] "GET /DealConsolidationPlatform/api/users/getAllUsersId?userRole=ipa_checker HTTP/1.1" 200 26969
0:0:0:0:0:0:0:1 - - [20/Mar/2020:13:30:53 +0530] "GET /IPA/api/getUserDetails HTTP/1.1" 200 5987
0:0:0:0:0:0:0:1 - - [20/Mar/2020:13:30:53 +0530] "GET /IPA/api/getAllCheckersId?userRole=ipa_checker HTTP/1.1" 200 26969
127.0.0.1 - - [20/Mar/2020:13:30:59 +0530] "GET /DealConsolidationPlatform/api/validate HTTP/1.1" 200 79
0:0:0:0:0:0:0:1 - - [20/Mar/2020:13:31:02 +0530] "GET /IPA/api/viewAllCustomer?customerId=&pageNumber=1&pageSize=10 HTTP/1.1" 200 18540
127.0.0.1 - - [20/Mar/2020:13:31:03 +0530] "GET /DealConsolidationPlatform/api/validate HTTP/1.1" 200 79
0:0:0:0:0:0:0:1 - - [20/Mar/2020:13:31:04 +0530] "POST /IPA/api/getRequestDetails?customerId=%7B%7B$ctrl.ipaDoc%7D%7D&isinNumber=&modelName=Customer&pageNumber=1&pageSize=10 HTTP/1.1" 200 91
127.0.0.1 - - [20/Mar/2020:13:31:05 +0530] "GET /DealConsolidationPlatform/api/validate HTTP/1.1" 200 79
0:0:0:0:0:0:0:1 - - [20/Mar/2020:13:31:05 +0530] "POST /IPA/api/getRequestDetails?customerId=%7B%7B$ctrl.ipaDoc%7D&isinNumber=&modelName=Customer&pageNumber=1&pageSize=10 HTTP/1.1" 200 91
127.0.0.1 - - [20/Mar/2020:13:31:06 +0530] "GET /DealConsolidationPlatform/api/validate HTTP/1.1" 200 79
127.0.0.1 - - [20/Mar/2020:13:31:06 +0530] "GET /DealConsolidationPlatform/api/validate HTTP/1.1" 200 79
127.0.0.1 - - [20/Mar/2020:13:31:06 +0530] "GET /DealConsolidationPlatform/api/validate HTTP/1.1" 200 79
0:0:0:0:0:0:0:1 - - [20/Mar/2020:13:31:06 +0530] "POST /IPA/api/getRequestDetails?customerId=%7B%7B$ctrl.ipaDoc&isinNumber=&modelName=Customer&pageNumber=1&pageSize=10 HTTP/1.1" 200 91
127.0.0.1 - - [20/Mar/2020:13:31:06 +0530] "GET /DealConsolidationPlatform/api/validate HTTP/1.1" 200 79
127.0.0.1 - - [20/Mar/2020:13:31:06 +0530] "GET /DealConsolidationPlatform/api/validate HTTP/1.1" 200 79
127.0.0.1 - - [20/Mar/2020:13:31:06 +0530] "GET /DealConsolidationPlatform/api/validate HTTP/1.1" 200 79
0:0:0:0:0:0:0:1 - - [20/Mar/2020:13:31:06 +0530] "POST /IPA/api/getRequestDetails?customerId=%7B%7B$ctrl.ipaDo&isinNumber=&modelName=Customer&pageNumber=1&pageSize=10 HTTP/1.1" 200 91
127.0.0.1 - - [20/Mar/2020:13:31:06 +0530] "GET /DealConsolidationPlatform/api/validate HTTP/1.1" 200 79
0:0:0:0:0:0:0:1 - - [20/Mar/2020:13:31:06 +0530] "POST /IPA/api/getRequestDetails?customerId=%7B%7B$ctrl.ipa&isinNumber=&modelName=Customer&pageNumber=1&pageSize=10 HTTP/1.1" 200 91
0:0:0:0:0:0:0:1 - - [20/Mar/2020:13:31:06 +0530] "POST /IPA/api/getRequestDetails?customerId=%7B%7B$ctrl.ipaD&isinNumber=&modelName=Customer&pageNumber=1&pageSize=10 HTTP/1.1" 200 91
127.0.0.1 - - [20/Mar/2020:13:31:06 +0530] "GET /DealConsolidationPlatform/api/validate HTTP/1.1" 200 79
0:0:0:0:0:0:0:1 - - [20/Mar/2020:13:31:06 +0530] "POST /IPA/api/getRequestDetails?customerId=%7B%7B$ctrl.ip&isinNumber=&modelName=Customer&pageNumber=1&pageSize=10 HTTP/1.1" 200 91
127.0.0.1 - - [20/Mar/2020:13:31:06 +0530] "GET /DealConsolidationPlatform/api/validate HTTP/1.1" 200 79
0:0:0:0:0:0:0:1 - - [20/Mar/2020:13:31:06 +0530] "POST /IPA/api/getRequestDetails?customerId=%7B%7B$ctrl.&isinNumber=&modelName=Customer&pageNumber=1&pageSize=10 HTTP/1.1" 200 91
0:0:0:0:0:0:0:1 - - [20/Mar/2020:13:31:06 +0530] "POST /IPA/api/getRequestDetails?customerId=%7B%7B$ctrl.i&isinNumber=&modelName=Customer&pageNumber=1&pageSize=10 HTTP/1.1" 200 91
127.0.0.1 - - [20/Mar/2020:13:31:06 +0530] "GET /DealConsolidationPlatform/api/validate HTTP/1.1" 200 79
0:0:0:0:0:0:0:1 - - [20/Mar/2020:13:31:06 +0530] "POST /IPA/api/getRequestDetails?customerId=%7B%7B$ctrl&isinNumber=&modelName=Customer&pageNumber=1&pageSize=10 HTTP/1.1" 200 91
127.0.0.1 - - [20/Mar/2020:13:31:06 +0530] "GET /DealConsolidationPlatform/api/validate HTTP/1.1" 200 79
0:0:0:0:0:0:0:1 - - [20/Mar/2020:13:31:06 +0530] "POST /IPA/api/getRequestDetails?customerId=%7B%7B$ctr&isinNumber=&modelName=Customer&pageNumber=1&pageSize=10 HTTP/1.1" 200 91
127.0.0.1 - - [20/Mar/2020:13:31:06 +0530] "GET /DealConsolidationPlatform/api/validate HTTP/1.1" 200 79
0:0:0:0:0:0:0:1 - - [20/Mar/2020:13:31:06 +0530] "POST /IPA/api/getRequestDetails?customerId=%7B%7B$ct&isinNumber=&modelName=Customer&pageNumber=1&pageSize=10 HTTP/1.1" 200 91
0:0:0:0:0:0:0:1 - - [20/Mar/2020:13:31:06 +0530] "POST /IPA/api/getRequestDetails?customerId=%7B%7B$c&isinNumber=&modelName=Customer&pageNumber=1&pageSize=10 HTTP/1.1" 200 91
0:0:0:0:0:0:0:1 - - [20/Mar/2020:13:31:06 +0530] "POST /IPA/api/getRequestDetails?customerId=%7B%7B$&isinNumber=&modelName=Customer&pageNumber=1&pageSize=10 HTTP/1.1" 200 91
127.0.0.1 - - [20/Mar/2020:13:31:08 +0530] "GET /DealConsolidationPlatform/api/validate HTTP/1.1" 200 79
0:0:0:0:0:0:0:1 - - [20/Mar/2020:13:31:09 +0530] "POST /IPA/api/getRequestDetails?customerId=512&isinNumber=&modelName=Customer&pageNumber=1&pageSize=10 HTTP/1.1" 200 2512
127.0.0.1 - - [20/Mar/2020:13:31:14 +0530] "GET /DealConsolidationPlatform/api/validate HTTP/1.1" 200 79
0:0:0:0:0:0:0:1 - - [20/Mar/2020:13:31:14 +0530] "POST /IPA/api/downloadDoc?customerId=5123232&fileName=5123232%2F12_04_2019_12_03_40Calendar+18-19+_+Application+Security+-+Grey+Box+Test+_+RM+Tab+EngagePro+_+Mobile+-+iOS,+Android+_+Medium+_19-Nov-2018+(1).pdf HTTP/1.1" 200 5
127.0.0.1 - - [20/Mar/2020:13:42:41 +0530] "GET / HTTP/1.1" 404 1074
127.0.0.1 - - [20/Mar/2020:13:42:51 +0530] "GET /DealConsolidationPlatform/api/validate HTTP/1.1" 200 79
0:0:0:0:0:0:0:1 - - [20/Mar/2020:13:42:51 +0530] "POST /IPA/api/downloadDoc?customerId=5123232&fileName=5123232%2F12_04_2019_12_03_40Calendar+18-19+_+Application+Security+-+Grey+Box+Test+_+RM+Tab+EngagePro+_+Mobile+-+iOS,+Android+_+Medium+_19-Nov-2018+(1).pdf HTTP/1.1" 200 5
127.0.0.1 - - [20/Mar/2020:13:43:13 +0530] "GET /DealConsolidationPlatform/api/validate HTTP/1.1" 200 79
127.0.0.1 - - [20/Mar/2020:13:46:39 +0530] "GET / HTTP/1.1" 404 1074
127.0.0.1 - - [20/Mar/2020:13:53:23 +0530] "GET / HTTP/1.1" 404 1074
127.0.0.1 - - [20/Mar/2020:13:53:25 +0530] "GET /DealConsolidationPlatform/api/validate HTTP/1.1" 200 79
127.0.0.1 - - [20/Mar/2020:13:53:25 +0530] "GET /DealConsolidationPlatform/api/validate HTTP/1.1" 200 79
127.0.0.1 - - [20/Mar/2020:13:53:25 +0530] "GET /DealConsolidationPlatform/api/validate HTTP/1.1" 200 79
127.0.0.1 - - [20/Mar/2020:13:53:26 +0530] "GET /DealConsolidationPlatform/api/users/getUserDetails HTTP/1.1" 200 5987
127.0.0.1 - - [20/Mar/2020:13:53:26 +0530] "GET /DealConsolidationPlatform/api/users/getAllUsersId?userRole=ipa_checker HTTP/1.1" 200 26969
0:0:0:0:0:0:0:1 - - [20/Mar/2020:13:53:26 +0530] "GET /IPA/api/viewAllCustomer?customerId=&pageNumber=1&pageSize=10 HTTP/1.1" 200 91
0:0:0:0:0:0:0:1 - - [20/Mar/2020:13:53:27 +0530] "GET /IPA/api/getUserDetails HTTP/1.1" 200 5987
0:0:0:0:0:0:0:1 - - [20/Mar/2020:13:53:27 +0530] "GET /IPA/api/getAllCheckersId?userRole=ipa_checker HTTP/1.1" 200 26969
127.0.0.1 - - [20/Mar/2020:13:53:49 +0530] "GET /DealConsolidationPlatform/api/validate HTTP/1.1" 200 79
0:0:0:0:0:0:0:1 - - [20/Mar/2020:13:53:49 +0530] "GET /IPA/api/viewAllBR?customerId=&pageNumber=1&pageSize=10 HTTP/1.1" 200 91
127.0.0.1 - - [20/Mar/2020:13:54:46 +0530] "GET /DealConsolidationPlatform/api/validate HTTP/1.1" 200 79
0:0:0:0:0:0:0:1 - - [20/Mar/2020:13:54:46 +0530] "GET /IPA/api/viewAllCP?customerId=&pageNumber=1&pageSize=10 HTTP/1.1" 200 91
127.0.0.1 - - [20/Mar/2020:13:54:51 +0530] "GET /DealConsolidationPlatform/api/validate HTTP/1.1" 200 79
127.0.0.1 - - [20/Mar/2020:13:54:51 +0530] "GET /DealConsolidationPlatform/api/validate HTTP/1.1" 200 79
0:0:0:0:0:0:0:1 - - [20/Mar/2020:13:54:51 +0530] "GET /IPA/api/getCreditRating HTTP/1.1" 200 12
0:0:0:0:0:0:0:1 - - [20/Mar/2020:13:54:51 +0530] "GET /IPA/api/getAgencyName HTTP/1.1" 200 12
127.0.0.1 - - [20/Mar/2020:13:54:57 +0530] "GET /DealConsolidationPlatform/api/validate HTTP/1.1" 200 79
0:0:0:0:0:0:0:1 - - [20/Mar/2020:13:54:57 +0530] "GET /IPA/api/viewAllCustomer?customerId=&pageNumber=1&pageSize=10 HTTP/1.1" 200 91
127.0.0.1 - - [20/Mar/2020:13:55:01 +0530] "GET /DealConsolidationPlatform/api/validate HTTP/1.1" 200 79
0:0:0:0:0:0:0:1 - - [20/Mar/2020:13:55:01 +0530] "GET /IPA/api/viewAllBR?customerId=&pageNumber=1&pageSize=10 HTTP/1.1" 200 91
127.0.0.1 - - [20/Mar/2020:14:10:14 +0530] "GET /DealConsolidationPlatform/api/validate HTTP/1.1" 404 1043
127.0.0.1 - - [20/Mar/2020:14:10:14 +0530] "GET /DealConsolidationPlatform/api/validate HTTP/1.1" 404 1043
0:0:0:0:0:0:0:1 - - [20/Mar/2020:14:10:14 +0530] "GET /IPA/api/getAllCheckersId?userRole=ipa_checker HTTP/1.1" 401 1030
127.0.0.1 - - [20/Mar/2020:14:10:14 +0530] "GET /DealConsolidationPlatform/api/validate HTTP/1.1" 404 1043
0:0:0:0:0:0:0:1 - - [20/Mar/2020:14:10:14 +0530] "GET /IPA/api/getUserDetails HTTP/1.1" 401 1030
127.0.0.1 - - [20/Mar/2020:14:10:14 +0530] "GET /DealConsolidationPlatform/api/validate HTTP/1.1" 404 1043
0:0:0:0:0:0:0:1 - - [20/Mar/2020:14:10:15 +0530] "GET /DealConsolidationPlatform/loginPage.html HTTP/1.1" 200 8601
0:0:0:0:0:0:0:1 - - [20/Mar/2020:14:10:15 +0530] "GET /DealConsolidationPlatform/loginPage.html HTTP/1.1" 500 8601
0:0:0:0:0:0:0:1 - - [20/Mar/2020:14:10:15 +0530] "GET /DealConsolidationPlatform/user-mgmt/lib/jquery-val.js HTTP/1.1" 200 50278
0:0:0:0:0:0:0:1 - - [20/Mar/2020:14:10:15 +0530] "GET /DealConsolidationPlatform/user-mgmt/bootstrap/css/bootstrap.min.css HTTP/1.1" 200 146011
0:0:0:0:0:0:0:1 - - [20/Mar/2020:14:10:15 +0530] "GET /DealConsolidationPlatform/user-mgmt/components/font-awesome/css/font-awesome.css HTTP/1.1" 200 31002
0:0:0:0:0:0:0:1 - - [20/Mar/2020:14:10:15 +0530] "GET /DealConsolidationPlatform/user-mgmt/lib/pan.js HTTP/1.1" 200 13247
0:0:0:0:0:0:0:1 - - [20/Mar/2020:14:10:15 +0530] "GET /DealConsolidationPlatform/user-mgmt/bootstrap/js/bootstrap.min.js HTTP/1.1" 200 37051
0:0:0:0:0:0:0:1 - - [20/Mar/2020:14:10:15 +0530] "GET /DealConsolidationPlatform/user-mgmt/img/axis-bar.png HTTP/1.1" 200 32976
0:0:0:0:0:0:0:1 - - [20/Mar/2020:14:10:15 +0530] "GET /DealConsolidationPlatform/user-mgmt/plugins/jQuery/jquery.min.js HTTP/1.1" 200 85596
0:0:0:0:0:0:0:1 - - [20/Mar/2020:14:10:25 +0530] "GET /DealConsolidationPlatform/user-mgmt/components/font-awesome/fonts/fontawesome-webfont.woff2?v=4.7.0 HTTP/1.1" 200 66624
0:0:0:0:0:0:0:1 - - [20/Mar/2020:14:10:25 +0530] "POST /DealConsolidationPlatform/login HTTP/1.1" 200 304
0:0:0:0:0:0:0:1 - - [20/Mar/2020:14:10:25 +0530] "GET /DealConsolidationPlatform/api/users/getUserDetails HTTP/1.1" 200 7387
127.0.0.1 - - [20/Mar/2020:14:10:28 +0530] "GET /DealConsolidationPlatform/api/validate HTTP/1.1" 200 79
127.0.0.1 - - [20/Mar/2020:14:10:28 +0530] "GET /DealConsolidationPlatform/api/validate HTTP/1.1" 200 79
127.0.0.1 - - [20/Mar/2020:14:10:28 +0530] "GET /DealConsolidationPlatform/api/users/getAllUsersId?userRole=ipa_checker HTTP/1.1" 200 26971
0:0:0:0:0:0:0:1 - - [20/Mar/2020:14:10:28 +0530] "GET /IPA/api/getAllCheckersId?userRole=ipa_checker HTTP/1.1" 200 26971
127.0.0.1 - - [20/Mar/2020:14:10:28 +0530] "GET /DealConsolidationPlatform/api/users/getUserDetails HTTP/1.1" 200 7387
0:0:0:0:0:0:0:1 - - [20/Mar/2020:14:10:28 +0530] "GET /IPA/api/getUserDetails HTTP/1.1" 200 7387
0:0:0:0:0:0:0:1 - - [20/Mar/2020:14:10:33 +0530] "GET /DealConsolidationPlatform/loginPage.html HTTP/1.1" 200 8601
0:0:0:0:0:0:0:1 - - [20/Mar/2020:14:10:33 +0530] "GET /DealConsolidationPlatform/user-mgmt/lib/jquery-val.js HTTP/1.1" 200 50278
0:0:0:0:0:0:0:1 - - [20/Mar/2020:14:10:33 +0530] "GET /DealConsolidationPlatform/user-mgmt/plugins/jQuery/jquery.min.js HTTP/1.1" 200 85596
0:0:0:0:0:0:0:1 - - [20/Mar/2020:14:10:33 +0530] "GET /DealConsolidationPlatform/user-mgmt/bootstrap/js/bootstrap.min.js HTTP/1.1" 200 37051
0:0:0:0:0:0:0:1 - - [20/Mar/2020:14:10:33 +0530] "GET /DealConsolidationPlatform/user-mgmt/lib/pan.js HTTP/1.1" 200 13247
0:0:0:0:0:0:0:1 - - [20/Mar/2020:14:10:33 +0530] "GET /DealConsolidationPlatform/user-mgmt/components/font-awesome/css/font-awesome.css HTTP/1.1" 200 31002
0:0:0:0:0:0:0:1 - - [20/Mar/2020:14:10:33 +0530] "GET /DealConsolidationPlatform/user-mgmt/bootstrap/css/bootstrap.min.css HTTP/1.1" 200 146011
0:0:0:0:0:0:0:1 - - [20/Mar/2020:14:10:33 +0530] "GET /DealConsolidationPlatform/user-mgmt/img/axis-bar.png HTTP/1.1" 200 32976
0:0:0:0:0:0:0:1 - - [20/Mar/2020:14:10:38 +0530] "GET /DealConsolidationPlatform/user-mgmt/components/font-awesome/fonts/fontawesome-webfont.woff2?v=4.7.0 HTTP/1.1" 200 66624
0:0:0:0:0:0:0:1 - - [20/Mar/2020:14:10:38 +0530] "POST /DealConsolidationPlatform/login HTTP/1.1" 200 309
0:0:0:0:0:0:0:1 - - [20/Mar/2020:14:10:38 +0530] "GET /DealConsolidationPlatform/api/users/getUserDetails HTTP/1.1" 200 5987
127.0.0.1 - - [20/Mar/2020:14:10:42 +0530] "GET /DealConsolidationPlatform/api/validate HTTP/1.1" 200 79
127.0.0.1 - - [20/Mar/2020:14:10:42 +0530] "GET /DealConsolidationPlatform/api/users/getUserDetails HTTP/1.1" 200 5987
0:0:0:0:0:0:0:1 - - [20/Mar/2020:14:10:42 +0530] "GET /IPA/api/getUserDetails HTTP/1.1" 200 5987
127.0.0.1 - - [20/Mar/2020:14:10:44 +0530] "GET /DealConsolidationPlatform/api/validate HTTP/1.1" 200 79
0:0:0:0:0:0:0:1 - - [20/Mar/2020:14:10:44 +0530] "GET /IPA/api/viewAllCustomer?customerId=&pageNumber=1&pageSize=10 HTTP/1.1" 200 91
127.0.0.1 - - [20/Mar/2020:14:13:37 +0530] "GET /DealConsolidationPlatform/api/validate HTTP/1.1" 200 79
0:0:0:0:0:0:0:1 - - [20/Mar/2020:14:13:37 +0530] "POST /IPA/api/registerCustomer HTTP/1.1" 200 229
127.0.0.1 - - [20/Mar/2020:14:20:02 +0530] "GET /DealConsolidationPlatform/api/validate HTTP/1.1" 200 79
0:0:0:0:0:0:0:1 - - [20/Mar/2020:14:20:38 +0530] "POST /IPA/api/registerCustomer HTTP/1.1" 200 229
127.0.0.1 - - [20/Mar/2020:14:28:01 +0530] "GET /DealConsolidationPlatform/api/validate HTTP/1.1" 200 79
0:0:0:0:0:0:0:1 - - [20/Mar/2020:14:28:01 +0530] "POST /IPA/api/registerCustomer HTTP/1.1" 200 229
127.0.0.1 - - [20/Mar/2020:14:34:51 +0530] "GET /DealConsolidationPlatform/api/validate HTTP/1.1" 200 79
0:0:0:0:0:0:0:1 - - [20/Mar/2020:14:34:51 +0530] "POST /IPA/api/registerCustomer HTTP/1.1" 200 229
127.0.0.1 - - [20/Mar/2020:14:37:57 +0530] "GET /DealConsolidationPlatform/api/validate HTTP/1.1" 200 79
0:0:0:0:0:0:0:1 - - [20/Mar/2020:14:37:57 +0530] "POST /IPA/api/registerCustomer HTTP/1.1" 200 229
127.0.0.1 - - [20/Mar/2020:14:40:04 +0530] "GET /DealConsolidationPlatform/api/validate HTTP/1.1" 200 79
0:0:0:0:0:0:0:1 - - [20/Mar/2020:14:40:05 +0530] "POST /IPA/api/registerCustomer HTTP/1.1" 200 229
127.0.0.1 - - [20/Mar/2020:14:42:03 +0530] "GET /DealConsolidationPlatform/api/validate HTTP/1.1" 200 79
0:0:0:0:0:0:0:1 - - [20/Mar/2020:14:42:03 +0530] "POST /IPA/api/registerCustomer HTTP/1.1" 200 229
127.0.0.1 - - [20/Mar/2020:14:54:53 +0530] "GET /DealConsolidationPlatform/api/validate HTTP/1.1" 200 79
0:0:0:0:0:0:0:1 - - [20/Mar/2020:14:55:51 +0530] "POST /IPA/api/registerCustomer HTTP/1.1" 200 229
127.0.0.1 - - [20/Mar/2020:15:06:49 +0530] "GET / HTTP/1.1" 404 1074
127.0.0.1 - - [20/Mar/2020:15:13:17 +0530] "GET / HTTP/1.1" 404 1074
127.0.0.1 - - [20/Mar/2020:15:14:47 +0530] "GET /DealConsolidationPlatform/api/validate HTTP/1.1" 404 1043
127.0.0.1 - - [20/Mar/2020:15:14:47 +0530] "GET /DealConsolidationPlatform/api/validate HTTP/1.1" 404 1043
0:0:0:0:0:0:0:1 - - [20/Mar/2020:15:14:47 +0530] "POST /IPA/api/registerCustomer HTTP/1.1" 401 1030
0:0:0:0:0:0:0:1 - - [20/Mar/2020:15:14:47 +0530] "GET /DealConsolidationPlatform/loginPage.html HTTP/1.1" 200 8601
0:0:0:0:0:0:0:1 - - [20/Mar/2020:15:14:47 +0530] "GET /DealConsolidationPlatform/user-mgmt/bootstrap/css/bootstrap.min.css HTTP/1.1" 200 146011
0:0:0:0:0:0:0:1 - - [20/Mar/2020:15:14:47 +0530] "GET /DealConsolidationPlatform/user-mgmt/lib/jquery-val.js HTTP/1.1" 200 50278
0:0:0:0:0:0:0:1 - - [20/Mar/2020:15:14:47 +0530] "GET /DealConsolidationPlatform/user-mgmt/components/font-awesome/css/font-awesome.css HTTP/1.1" 200 31002
0:0:0:0:0:0:0:1 - - [20/Mar/2020:15:14:47 +0530] "GET /DealConsolidationPlatform/user-mgmt/lib/pan.js HTTP/1.1" 200 13247
0:0:0:0:0:0:0:1 - - [20/Mar/2020:15:14:47 +0530] "GET /DealConsolidationPlatform/user-mgmt/bootstrap/js/bootstrap.min.js HTTP/1.1" 200 37051
0:0:0:0:0:0:0:1 - - [20/Mar/2020:15:14:47 +0530] "GET /DealConsolidationPlatform/user-mgmt/plugins/jQuery/jquery.min.js HTTP/1.1" 200 85596
0:0:0:0:0:0:0:1 - - [20/Mar/2020:15:14:47 +0530] "GET /DealConsolidationPlatform/user-mgmt/img/axis-bar.png HTTP/1.1" 200 32976
0:0:0:0:0:0:0:1 - - [20/Mar/2020:15:14:48 +0530] "GET /DealConsolidationPlatform/user-mgmt/bootstrap/css/bootstrap.min.css.map HTTP/1.1" 200 542194
0:0:0:0:0:0:0:1 - - [20/Mar/2020:15:15:24 +0530] "GET /DealConsolidationPlatform/user-mgmt/components/font-awesome/fonts/fontawesome-webfont.woff2?v=4.7.0 HTTP/1.1" 200 66624
0:0:0:0:0:0:0:1 - - [20/Mar/2020:15:15:25 +0530] "POST /DealConsolidationPlatform/login HTTP/1.1" 200 304
0:0:0:0:0:0:0:1 - - [20/Mar/2020:15:15:25 +0530] "GET /DealConsolidationPlatform/api/users/getUserDetails HTTP/1.1" 404 1043
0:0:0:0:0:0:0:1 - - [20/Mar/2020:15:15:27 +0530] "POST /DealConsolidationPlatform/login HTTP/1.1" 200 304
0:0:0:0:0:0:0:1 - - [20/Mar/2020:15:15:28 +0530] "GET /DealConsolidationPlatform/api/users/getUserDetails HTTP/1.1" 200 7387
127.0.0.1 - - [20/Mar/2020:15:15:33 +0530] "GET /DealConsolidationPlatform/api/validate HTTP/1.1" 200 79
127.0.0.1 - - [20/Mar/2020:15:15:33 +0530] "GET /DealConsolidationPlatform/api/validate HTTP/1.1" 200 79
127.0.0.1 - - [20/Mar/2020:15:15:34 +0530] "GET /DealConsolidationPlatform/api/users/getUserDetails HTTP/1.1" 200 7387
127.0.0.1 - - [20/Mar/2020:15:15:34 +0530] "GET /DealConsolidationPlatform/api/users/getAllUsersId?userRole=ipa_checker HTTP/1.1" 200 26971
0:0:0:0:0:0:0:1 - - [20/Mar/2020:15:15:34 +0530] "GET /IPA/api/getUserDetails HTTP/1.1" 200 7387
0:0:0:0:0:0:0:1 - - [20/Mar/2020:15:15:34 +0530] "GET /IPA/api/getAllCheckersId?userRole=ipa_checker HTTP/1.1" 200 26971
0:0:0:0:0:0:0:1 - - [20/Mar/2020:15:15:40 +0530] "GET /DealConsolidationPlatform/loginPage.html HTTP/1.1" 200 8601
0:0:0:0:0:0:0:1 - - [20/Mar/2020:15:15:40 +0530] "GET /DealConsolidationPlatform/user-mgmt/plugins/jQuery/jquery.min.js HTTP/1.1" 200 85596
0:0:0:0:0:0:0:1 - - [20/Mar/2020:15:15:40 +0530] "GET /DealConsolidationPlatform/user-mgmt/lib/jquery-val.js HTTP/1.1" 200 50278
0:0:0:0:0:0:0:1 - - [20/Mar/2020:15:15:40 +0530] "GET /DealConsolidationPlatform/user-mgmt/bootstrap/css/bootstrap.min.css HTTP/1.1" 200 146011
0:0:0:0:0:0:0:1 - - [20/Mar/2020:15:15:40 +0530] "GET /DealConsolidationPlatform/user-mgmt/bootstrap/js/bootstrap.min.js HTTP/1.1" 200 37051
0:0:0:0:0:0:0:1 - - [20/Mar/2020:15:15:40 +0530] "GET /DealConsolidationPlatform/user-mgmt/lib/pan.js HTTP/1.1" 200 13247
0:0:0:0:0:0:0:1 - - [20/Mar/2020:15:15:40 +0530] "GET /DealConsolidationPlatform/user-mgmt/components/font-awesome/css/font-awesome.css HTTP/1.1" 200 31002
0:0:0:0:0:0:0:1 - - [20/Mar/2020:15:15:40 +0530] "GET /DealConsolidationPlatform/user-mgmt/img/axis-bar.png HTTP/1.1" 200 32976
0:0:0:0:0:0:0:1 - - [20/Mar/2020:15:15:41 +0530] "GET /DealConsolidationPlatform/user-mgmt/bootstrap/css/bootstrap.min.css.map HTTP/1.1" 200 542194
0:0:0:0:0:0:0:1 - - [20/Mar/2020:15:15:44 +0530] "POST /DealConsolidationPlatform/login HTTP/1.1" 200 309
0:0:0:0:0:0:0:1 - - [20/Mar/2020:15:15:44 +0530] "GET /DealConsolidationPlatform/api/users/getUserDetails HTTP/1.1" 200 5987
0:0:0:0:0:0:0:1 - - [20/Mar/2020:15:15:45 +0530] "GET /DealConsolidationPlatform/user-mgmt/components/font-awesome/fonts/fontawesome-webfont.woff2?v=4.7.0 HTTP/1.1" 200 66624
127.0.0.1 - - [20/Mar/2020:15:15:49 +0530] "GET /DealConsolidationPlatform/api/validate HTTP/1.1" 200 79
127.0.0.1 - - [20/Mar/2020:15:15:49 +0530] "GET /DealConsolidationPlatform/api/users/getUserDetails HTTP/1.1" 200 5987
0:0:0:0:0:0:0:1 - - [20/Mar/2020:15:15:49 +0530] "GET /IPA/api/getUserDetails HTTP/1.1" 200 5987
127.0.0.1 - - [20/Mar/2020:15:17:39 +0530] "GET /DealConsolidationPlatform/api/validate HTTP/1.1" 200 79
0:0:0:0:0:0:0:1 - - [20/Mar/2020:15:17:44 +0530] "POST /IPA/api/registerCustomer HTTP/1.1" 200 80
127.0.0.1 - - [20/Mar/2020:15:17:47 +0530] "GET /DealConsolidationPlatform/api/validate HTTP/1.1" 200 79
0:0:0:0:0:0:0:1 - - [20/Mar/2020:15:17:50 +0530] "GET /IPA/api/viewAllCustomer?customerId=&pageNumber=1&pageSize=10 HTTP/1.1" 200 18194
127.0.0.1 - - [20/Mar/2020:15:17:57 +0530] "GET /DealConsolidationPlatform/api/validate HTTP/1.1" 200 79
0:0:0:0:0:0:0:1 - - [20/Mar/2020:15:18:00 +0530] "POST /IPA/api/getRequestDetails?customerId=123&isinNumber=&modelName=Customer&pageNumber=1&pageSize=10 HTTP/1.1" 200 15737
127.0.0.1 - - [20/Mar/2020:15:18:10 +0530] "GET /DealConsolidationPlatform/api/validate HTTP/1.1" 200 79
127.0.0.1 - - [20/Mar/2020:15:18:10 +0530] "GET /DealConsolidationPlatform/api/validate HTTP/1.1" 200 79
0:0:0:0:0:0:0:1 - - [20/Mar/2020:15:18:11 +0530] "POST /IPA/api/getRequestDetails?customerId=123323&isinNumber=&modelName=Customer&pageNumber=1&pageSize=10 HTTP/1.1" 200 1418
0:0:0:0:0:0:0:1 - - [20/Mar/2020:15:18:12 +0530] "POST /IPA/api/getRequestDetails?customerId=123&isinNumber=&modelName=Customer&pageNumber=1&pageSize=10 HTTP/1.1" 200 15737
127.0.0.1 - - [20/Mar/2020:15:19:25 +0530] "GET /DealConsolidationPlatform/api/validate HTTP/1.1" 200 79
127.0.0.1 - - [20/Mar/2020:15:19:25 +0530] "GET /DealConsolidationPlatform/api/validate HTTP/1.1" 200 79
0:0:0:0:0:0:0:1 - - [20/Mar/2020:15:19:25 +0530] "GET /IPA/api/getAllCheckersId?userRole=ipa_checker HTTP/1.1" 200 26969
127.0.0.1 - - [20/Mar/2020:15:19:25 +0530] "GET /DealConsolidationPlatform/api/users/getAllUsersId?userRole=ipa_checker HTTP/1.1" 200 26969
127.0.0.1 - - [20/Mar/2020:15:19:25 +0530] "GET /DealConsolidationPlatform/api/users/getUserDetails HTTP/1.1" 200 5987
0:0:0:0:0:0:0:1 - - [20/Mar/2020:15:19:25 +0530] "GET /IPA/api/getUserDetails HTTP/1.1" 200 5987
127.0.0.1 - - [20/Mar/2020:15:19:30 +0530] "GET /DealConsolidationPlatform/api/validate HTTP/1.1" 200 79
0:0:0:0:0:0:0:1 - - [20/Mar/2020:15:19:34 +0530] "GET /IPA/api/viewAllCustomer?customerId=&pageNumber=1&pageSize=10 HTTP/1.1" 200 18194
127.0.0.1 - - [20/Mar/2020:15:19:36 +0530] "GET /DealConsolidationPlatform/api/validate HTTP/1.1" 200 79
0:0:0:0:0:0:0:1 - - [20/Mar/2020:15:19:37 +0530] "POST /IPA/api/getRequestDetails?customerId=123323&isinNumber=&modelName=Customer&pageNumber=1&pageSize=10 HTTP/1.1" 200 1418
127.0.0.1 - - [20/Mar/2020:15:19:43 +0530] "GET /DealConsolidationPlatform/api/validate HTTP/1.1" 200 79
0:0:0:0:0:0:0:1 - - [20/Mar/2020:15:19:44 +0530] "POST /IPA/api/downloadDoc?customerId=123323&fileName=D:%5CIPA%5Ccustomer%5C123323%5CTemp%5C20_03_2020_03_17_39test_doc.pdf HTTP/1.1" 200 183685
0:0:0:0:0:0:0:1 - - [20/Mar/2020:15:20:26 +0530] "POST /IPA/api/downloadDoc?customerId=123323&fileName=D:%5CIPA%5Ccustomer%5C123323%5CTemp%5C20_03_2020_03_17_39test_doc.pdf HTTP/1.1" 200 183685
127.0.0.1 - - [20/Mar/2020:15:20:26 +0530] "GET /DealConsolidationPlatform/api/validate HTTP/1.1" 200 79
127.0.0.1 - - [20/Mar/2020:15:20:30 +0530] "GET /DealConsolidationPlatform/api/validate HTTP/1.1" 200 79
0:0:0:0:0:0:0:1 - - [20/Mar/2020:15:20:32 +0530] "GET /IPA/api/viewAllCustomer?customerId=&pageNumber=1&pageSize=10 HTTP/1.1" 200 18194
127.0.0.1 - - [20/Mar/2020:15:23:34 +0530] "GET / HTTP/1.1" 404 1074
127.0.0.1 - - [20/Mar/2020:15:23:36 +0530] "GET /DealConsolidationPlatform/api/validate HTTP/1.1" 200 79
127.0.0.1 - - [20/Mar/2020:15:23:36 +0530] "GET /DealConsolidationPlatform/api/validate HTTP/1.1" 200 79
127.0.0.1 - - [20/Mar/2020:15:23:36 +0530] "GET /DealConsolidationPlatform/api/validate HTTP/1.1" 200 79
127.0.0.1 - - [20/Mar/2020:15:23:36 +0530] "GET /DealConsolidationPlatform/api/validate HTTP/1.1" 200 79
127.0.0.1 - - [20/Mar/2020:15:23:37 +0530] "GET /DealConsolidationPlatform/api/users/getAllUsersId?userRole=ipa_checker HTTP/1.1" 200 26969
127.0.0.1 - - [20/Mar/2020:15:23:37 +0530] "GET /DealConsolidationPlatform/api/users/getUserDetails HTTP/1.1" 200 5987
0:0:0:0:0:0:0:1 - - [20/Mar/2020:15:23:37 +0530] "GET /IPA/api/getUserDetails HTTP/1.1" 200 5987
0:0:0:0:0:0:0:1 - - [20/Mar/2020:15:23:37 +0530] "GET /IPA/api/getAllCheckersId?userRole=ipa_checker HTTP/1.1" 200 26969
0:0:0:0:0:0:0:1 - - [20/Mar/2020:15:23:40 +0530] "GET /IPA/api/viewAllCustomer?customerId=&pageNumber=1&pageSize=10 HTTP/1.1" 200 18194
0:0:0:0:0:0:0:1 - - [20/Mar/2020:15:23:41 +0530] "GET /IPA/api/viewAllCustomer?customerId=&pageNumber=1&pageSize=10 HTTP/1.1" 500 8206
127.0.0.1 - - [20/Mar/2020:15:27:26 +0530] "GET /DealConsolidationPlatform/api/validate HTTP/1.1" 200 79
0:0:0:0:0:0:0:1 - - [20/Mar/2020:15:27:27 +0530] "POST /IPA/api/getRequestDetails?customerId=123323&isinNumber=&modelName=Customer&pageNumber=1&pageSize=10 HTTP/1.1" 200 1418
127.0.0.1 - - [20/Mar/2020:15:27:33 +0530] "GET /DealConsolidationPlatform/api/validate HTTP/1.1" 200 79
0:0:0:0:0:0:0:1 - - [20/Mar/2020:15:27:33 +0530] "POST /IPA/api/downloadDoc?customerId=123323&fileName=D:%5CIPA%5Ccustomer%5C123323%5CTemp%5C20_03_2020_03_17_39test_doc.pdf HTTP/1.1" 200 5
127.0.0.1 - - [20/Mar/2020:15:29:07 +0530] "GET /DealConsolidationPlatform/api/validate HTTP/1.1" 200 79
127.0.0.1 - - [20/Mar/2020:15:29:07 +0530] "GET /DealConsolidationPlatform/api/validate HTTP/1.1" 200 79
127.0.0.1 - - [20/Mar/2020:15:29:07 +0530] "GET /DealConsolidationPlatform/api/users/getUserDetails HTTP/1.1" 200 5987
0:0:0:0:0:0:0:1 - - [20/Mar/2020:15:29:07 +0530] "GET /IPA/api/getUserDetails HTTP/1.1" 200 5987
127.0.0.1 - - [20/Mar/2020:15:29:07 +0530] "GET /DealConsolidationPlatform/api/users/getAllUsersId?userRole=ipa_checker HTTP/1.1" 200 26969
0:0:0:0:0:0:0:1 - - [20/Mar/2020:15:29:07 +0530] "GET /IPA/api/getAllCheckersId?userRole=ipa_checker HTTP/1.1" 200 26969
127.0.0.1 - - [20/Mar/2020:15:29:14 +0530] "GET /DealConsolidationPlatform/api/validate HTTP/1.1" 200 79
0:0:0:0:0:0:0:1 - - [20/Mar/2020:15:29:17 +0530] "GET /IPA/api/viewAllCustomer?customerId=&pageNumber=1&pageSize=10 HTTP/1.1" 200 18194
127.0.0.1 - - [20/Mar/2020:15:29:18 +0530] "GET /DealConsolidationPlatform/api/validate HTTP/1.1" 200 79
0:0:0:0:0:0:0:1 - - [20/Mar/2020:15:29:19 +0530] "POST /IPA/api/getRequestDetails?customerId=123323&isinNumber=&modelName=Customer&pageNumber=1&pageSize=10 HTTP/1.1" 200 1418
127.0.0.1 - - [20/Mar/2020:15:29:26 +0530] "GET /DealConsolidationPlatform/api/validate HTTP/1.1" 200 79
0:0:0:0:0:0:0:1 - - [20/Mar/2020:15:29:28 +0530] "GET /IPA/api/viewAllCustomer?customerId=&pageNumber=1&pageSize=10 HTTP/1.1" 200 18194
127.0.0.1 - - [20/Mar/2020:15:29:57 +0530] "GET /DealConsolidationPlatform/api/validate HTTP/1.1" 200 79
0:0:0:0:0:0:0:1 - - [20/Mar/2020:15:30:01 +0530] "GET /IPA/api/viewAllBR?customerId=&pageNumber=1&pageSize=10 HTTP/1.1" 200 26914
127.0.0.1 - - [20/Mar/2020:15:30:36 +0530] "GET /DealConsolidationPlatform/api/validate HTTP/1.1" 200 79
127.0.0.1 - - [20/Mar/2020:15:30:36 +0530] "GET /DealConsolidationPlatform/api/validate HTTP/1.1" 200 79
127.0.0.1 - - [20/Mar/2020:15:30:36 +0530] "GET /DealConsolidationPlatform/api/users/getAllUsersId?userRole=ipa_checker HTTP/1.1" 200 26969
0:0:0:0:0:0:0:1 - - [20/Mar/2020:15:30:36 +0530] "GET /IPA/api/getAllCheckersId?userRole=ipa_checker HTTP/1.1" 200 26969
127.0.0.1 - - [20/Mar/2020:15:30:36 +0530] "GET /DealConsolidationPlatform/api/users/getUserDetails HTTP/1.1" 200 5987
0:0:0:0:0:0:0:1 - - [20/Mar/2020:15:30:36 +0530] "GET /IPA/api/getUserDetails HTTP/1.1" 200 5987
127.0.0.1 - - [20/Mar/2020:15:30:36 +0530] "GET /DealConsolidationPlatform/api/validate HTTP/1.1" 200 79
0:0:0:0:0:0:0:1 - - [20/Mar/2020:15:30:39 +0530] "GET /IPA/api/viewAllBR?customerId=&pageNumber=1&pageSize=10 HTTP/1.1" 200 26914
127.0.0.1 - - [20/Mar/2020:15:30:50 +0530] "GET /DealConsolidationPlatform/api/validate HTTP/1.1" 200 79
127.0.0.1 - - [20/Mar/2020:15:30:50 +0530] "GET /DealConsolidationPlatform/api/validate HTTP/1.1" 200 79
0:0:0:0:0:0:0:1 - - [20/Mar/2020:15:30:52 +0530] "POST /IPA/api/getRequestDetails?customerId=AJay&isinNumber=&modelName=BR&pageNumber=1&pageSize=10 HTTP/1.1" 200 91
0:0:0:0:0:0:0:1 - - [20/Mar/2020:15:30:52 +0530] "POST /IPA/api/getRequestDetails?customerId=AJa&isinNumber=&modelName=BR&pageNumber=1&pageSize=10 HTTP/1.1" 200 91
127.0.0.1 - - [20/Mar/2020:15:30:53 +0530] "GET /DealConsolidationPlatform/api/validate HTTP/1.1" 200 79
0:0:0:0:0:0:0:1 - - [20/Mar/2020:15:30:54 +0530] "POST /IPA/api/getRequestDetails?customerId=AJa&isinNumber=&modelName=BR&pageNumber=1&pageSize=10 HTTP/1.1" 200 91
127.0.0.1 - - [20/Mar/2020:15:30:56 +0530] "GET /DealConsolidationPlatform/api/validate HTTP/1.1" 200 79
0:0:0:0:0:0:0:1 - - [20/Mar/2020:15:30:57 +0530] "POST /IPA/api/getRequestDetails?customerId=879&isinNumber=&modelName=BR&pageNumber=1&pageSize=10 HTTP/1.1" 200 2787
127.0.0.1 - - [20/Mar/2020:15:32:31 +0530] "GET /DealConsolidationPlatform/api/validate HTTP/1.1" 200 79
127.0.0.1 - - [20/Mar/2020:15:32:31 +0530] "GET /DealConsolidationPlatform/api/validate HTTP/1.1" 200 79
127.0.0.1 - - [20/Mar/2020:15:32:31 +0530] "GET /DealConsolidationPlatform/api/validate HTTP/1.1" 200 79
127.0.0.1 - - [20/Mar/2020:15:32:31 +0530] "GET /DealConsolidationPlatform/api/users/getAllUsersId?userRole=ipa_checker HTTP/1.1" 200 26969
0:0:0:0:0:0:0:1 - - [20/Mar/2020:15:32:31 +0530] "GET /IPA/api/getAllCheckersId?userRole=ipa_checker HTTP/1.1" 200 26969
127.0.0.1 - - [20/Mar/2020:15:32:31 +0530] "GET /DealConsolidationPlatform/api/users/getUserDetails HTTP/1.1" 200 5987
0:0:0:0:0:0:0:1 - - [20/Mar/2020:15:32:31 +0530] "GET /IPA/api/getUserDetails HTTP/1.1" 200 5987
0:0:0:0:0:0:0:1 - - [20/Mar/2020:15:32:34 +0530] "GET /IPA/api/viewAllBR?customerId=&pageNumber=1&pageSize=10 HTTP/1.1" 200 26914
127.0.0.1 - - [20/Mar/2020:15:32:55 +0530] "GET /DealConsolidationPlatform/api/validate HTTP/1.1" 200 79
127.0.0.1 - - [20/Mar/2020:15:32:55 +0530] "GET /DealConsolidationPlatform/api/validate HTTP/1.1" 200 79
127.0.0.1 - - [20/Mar/2020:15:32:55 +0530] "GET /DealConsolidationPlatform/api/users/getAllUsersId?userRole=ipa_checker HTTP/1.1" 200 26969
0:0:0:0:0:0:0:1 - - [20/Mar/2020:15:32:55 +0530] "GET /IPA/api/getAllCheckersId?userRole=ipa_checker HTTP/1.1" 200 26969
127.0.0.1 - - [20/Mar/2020:15:32:55 +0530] "GET /DealConsolidationPlatform/api/users/getUserDetails HTTP/1.1" 200 5987
0:0:0:0:0:0:0:1 - - [20/Mar/2020:15:32:55 +0530] "GET /IPA/api/getUserDetails HTTP/1.1" 200 5987
127.0.0.1 - - [20/Mar/2020:15:32:55 +0530] "GET /DealConsolidationPlatform/api/validate HTTP/1.1" 200 79
0:0:0:0:0:0:0:1 - - [20/Mar/2020:15:32:59 +0530] "GET /IPA/api/viewAllBR?customerId=&pageNumber=1&pageSize=10 HTTP/1.1" 200 26914
127.0.0.1 - - [20/Mar/2020:15:34:01 +0530] "GET /DealConsolidationPlatform/api/validate HTTP/1.1" 200 79
127.0.0.1 - - [20/Mar/2020:15:34:01 +0530] "GET /DealConsolidationPlatform/api/validate HTTP/1.1" 200 79
0:0:0:0:0:0:0:1 - - [20/Mar/2020:15:34:01 +0530] "GET /IPA/api/getAllCheckersId?userRole=ipa_checker HTTP/1.1" 200 26969
127.0.0.1 - - [20/Mar/2020:15:34:01 +0530] "GET /DealConsolidationPlatform/api/users/getAllUsersId?userRole=ipa_checker HTTP/1.1" 200 26969
127.0.0.1 - - [20/Mar/2020:15:34:01 +0530] "GET /DealConsolidationPlatform/api/users/getUserDetails HTTP/1.1" 200 5987
0:0:0:0:0:0:0:1 - - [20/Mar/2020:15:34:01 +0530] "GET /IPA/api/getUserDetails HTTP/1.1" 200 5987
127.0.0.1 - - [20/Mar/2020:15:34:01 +0530] "GET /DealConsolidationPlatform/api/validate HTTP/1.1" 200 79
0:0:0:0:0:0:0:1 - - [20/Mar/2020:15:34:05 +0530] "GET /IPA/api/viewAllBR?customerId=&pageNumber=1&pageSize=10 HTTP/1.1" 200 26914
127.0.0.1 - - [20/Mar/2020:15:37:19 +0530] "GET /DealConsolidationPlatform/api/validate HTTP/1.1" 200 79
127.0.0.1 - - [20/Mar/2020:15:37:19 +0530] "GET /DealConsolidationPlatform/api/validate HTTP/1.1" 200 79
0:0:0:0:0:0:0:1 - - [20/Mar/2020:15:37:19 +0530] "GET /IPA/api/getUserDetails HTTP/1.1" 200 5987
127.0.0.1 - - [20/Mar/2020:15:37:19 +0530] "GET /DealConsolidationPlatform/api/users/getUserDetails HTTP/1.1" 200 5987
127.0.0.1 - - [20/Mar/2020:15:37:19 +0530] "GET /DealConsolidationPlatform/api/users/getAllUsersId?userRole=ipa_checker HTTP/1.1" 200 26969
0:0:0:0:0:0:0:1 - - [20/Mar/2020:15:37:19 +0530] "GET /IPA/api/getAllCheckersId?userRole=ipa_checker HTTP/1.1" 200 26969
127.0.0.1 - - [20/Mar/2020:15:37:20 +0530] "GET /DealConsolidationPlatform/api/validate HTTP/1.1" 200 79
0:0:0:0:0:0:0:1 - - [20/Mar/2020:15:37:24 +0530] "GET /IPA/api/viewAllBR?customerId=&pageNumber=1&pageSize=10 HTTP/1.1" 200 26914
127.0.0.1 - - [20/Mar/2020:15:40:37 +0530] "GET /DealConsolidationPlatform/api/validate HTTP/1.1" 200 79
0:0:0:0:0:0:0:1 - - [20/Mar/2020:15:40:52 +0530] "GET /IPA/api/viewAllCP?customerId=&pageNumber=1&pageSize=10 HTTP/1.1" 200 66882
127.0.0.1 - - [20/Mar/2020:15:41:35 +0530] "GET /DealConsolidationPlatform/api/validate HTTP/1.1" 200 79
127.0.0.1 - - [20/Mar/2020:15:41:35 +0530] "GET /DealConsolidationPlatform/api/validate HTTP/1.1" 200 79
127.0.0.1 - - [20/Mar/2020:15:41:35 +0530] "GET /DealConsolidationPlatform/api/users/getAllUsersId?userRole=ipa_checker HTTP/1.1" 200 26969
127.0.0.1 - - [20/Mar/2020:15:41:36 +0530] "GET /DealConsolidationPlatform/api/users/getUserDetails HTTP/1.1" 200 5987
0:0:0:0:0:0:0:1 - - [20/Mar/2020:15:41:36 +0530] "GET /IPA/api/getAllCheckersId?userRole=ipa_checker HTTP/1.1" 200 26969
0:0:0:0:0:0:0:1 - - [20/Mar/2020:15:41:36 +0530] "GET /IPA/api/getUserDetails HTTP/1.1" 200 5987
127.0.0.1 - - [20/Mar/2020:15:41:36 +0530] "GET /DealConsolidationPlatform/api/validate HTTP/1.1" 200 79
0:0:0:0:0:0:0:1 - - [20/Mar/2020:15:41:52 +0530] "GET /IPA/api/viewAllCP?customerId=&pageNumber=1&pageSize=10 HTTP/1.1" 200 66882
127.0.0.1 - - [20/Mar/2020:15:42:00 +0530] "GET /DealConsolidationPlatform/api/validate HTTP/1.1" 200 79
0:0:0:0:0:0:0:1 - - [20/Mar/2020:15:42:03 +0530] "GET /IPA/api/viewAllBR?customerId=&pageNumber=1&pageSize=10 HTTP/1.1" 200 26914
127.0.0.1 - - [20/Mar/2020:15:42:40 +0530] "GET /DealConsolidationPlatform/api/validate HTTP/1.1" 200 79
127.0.0.1 - - [20/Mar/2020:15:42:40 +0530] "GET /DealConsolidationPlatform/api/validate HTTP/1.1" 200 79
127.0.0.1 - - [20/Mar/2020:15:42:41 +0530] "GET /DealConsolidationPlatform/api/users/getAllUsersId?userRole=ipa_checker HTTP/1.1" 200 26969
0:0:0:0:0:0:0:1 - - [20/Mar/2020:15:42:41 +0530] "GET /IPA/api/getAllCheckersId?userRole=ipa_checker HTTP/1.1" 200 26969
127.0.0.1 - - [20/Mar/2020:15:42:41 +0530] "GET /DealConsolidationPlatform/api/users/getUserDetails HTTP/1.1" 200 5987
0:0:0:0:0:0:0:1 - - [20/Mar/2020:15:42:41 +0530] "GET /IPA/api/getUserDetails HTTP/1.1" 200 5987
127.0.0.1 - - [20/Mar/2020:15:42:41 +0530] "GET /DealConsolidationPlatform/api/validate HTTP/1.1" 200 79
0:0:0:0:0:0:0:1 - - [20/Mar/2020:15:42:43 +0530] "GET /IPA/api/viewAllBR?customerId=&pageNumber=1&pageSize=10 HTTP/1.1" 200 26914
127.0.0.1 - - [20/Mar/2020:15:43:14 +0530] "GET /DealConsolidationPlatform/api/validate HTTP/1.1" 200 79
127.0.0.1 - - [20/Mar/2020:15:43:14 +0530] "GET /DealConsolidationPlatform/api/validate HTTP/1.1" 200 79
127.0.0.1 - - [20/Mar/2020:15:43:14 +0530] "GET /DealConsolidationPlatform/api/users/getUserDetails HTTP/1.1" 200 5987
0:0:0:0:0:0:0:1 - - [20/Mar/2020:15:43:14 +0530] "GET /IPA/api/getUserDetails HTTP/1.1" 200 5987
127.0.0.1 - - [20/Mar/2020:15:43:14 +0530] "GET /DealConsolidationPlatform/api/users/getAllUsersId?userRole=ipa_checker HTTP/1.1" 200 26969
0:0:0:0:0:0:0:1 - - [20/Mar/2020:15:43:14 +0530] "GET /IPA/api/getAllCheckersId?userRole=ipa_checker HTTP/1.1" 200 26969
127.0.0.1 - - [20/Mar/2020:15:43:15 +0530] "GET /DealConsolidationPlatform/api/validate HTTP/1.1" 200 79
0:0:0:0:0:0:0:1 - - [20/Mar/2020:15:43:19 +0530] "GET /IPA/api/viewAllBR?customerId=&pageNumber=1&pageSize=10 HTTP/1.1" 200 26914
127.0.0.1 - - [20/Mar/2020:15:43:54 +0530] "GET /DealConsolidationPlatform/api/validate HTTP/1.1" 200 79
127.0.0.1 - - [20/Mar/2020:15:43:54 +0530] "GET /DealConsolidationPlatform/api/validate HTTP/1.1" 200 79
127.0.0.1 - - [20/Mar/2020:15:43:54 +0530] "GET /DealConsolidationPlatform/api/users/getUserDetails HTTP/1.1" 200 5987
0:0:0:0:0:0:0:1 - - [20/Mar/2020:15:43:54 +0530] "GET /IPA/api/getUserDetails HTTP/1.1" 200 5987
127.0.0.1 - - [20/Mar/2020:15:43:54 +0530] "GET /DealConsolidationPlatform/api/users/getAllUsersId?userRole=ipa_checker HTTP/1.1" 200 26969
0:0:0:0:0:0:0:1 - - [20/Mar/2020:15:43:54 +0530] "GET /IPA/api/getAllCheckersId?userRole=ipa_checker HTTP/1.1" 200 26969
127.0.0.1 - - [20/Mar/2020:15:43:54 +0530] "GET /DealConsolidationPlatform/api/validate HTTP/1.1" 200 79
0:0:0:0:0:0:0:1 - - [20/Mar/2020:15:43:57 +0530] "GET /IPA/api/viewAllBR?customerId=&pageNumber=1&pageSize=10 HTTP/1.1" 200 26914
127.0.0.1 - - [20/Mar/2020:15:44:12 +0530] "GET /DealConsolidationPlatform/api/validate HTTP/1.1" 200 79
127.0.0.1 - - [20/Mar/2020:15:44:12 +0530] "GET /DealConsolidationPlatform/api/validate HTTP/1.1" 200 79
127.0.0.1 - - [20/Mar/2020:15:44:12 +0530] "GET /DealConsolidationPlatform/api/users/getUserDetails HTTP/1.1" 200 5987
0:0:0:0:0:0:0:1 - - [20/Mar/2020:15:44:12 +0530] "GET /IPA/api/getUserDetails HTTP/1.1" 200 5987
127.0.0.1 - - [20/Mar/2020:15:44:12 +0530] "GET /DealConsolidationPlatform/api/users/getAllUsersId?userRole=ipa_checker HTTP/1.1" 200 26969
0:0:0:0:0:0:0:1 - - [20/Mar/2020:15:44:12 +0530] "GET /IPA/api/getAllCheckersId?userRole=ipa_checker HTTP/1.1" 200 26969
127.0.0.1 - - [20/Mar/2020:15:44:12 +0530] "GET /DealConsolidationPlatform/api/validate HTTP/1.1" 200 79
0:0:0:0:0:0:0:1 - - [20/Mar/2020:15:44:18 +0530] "GET /IPA/api/viewAllBR?customerId=&pageNumber=1&pageSize=10 HTTP/1.1" 200 26914
127.0.0.1 - - [20/Mar/2020:15:46:59 +0530] "GET /DealConsolidationPlatform/api/validate HTTP/1.1" 200 79
127.0.0.1 - - [20/Mar/2020:15:46:59 +0530] "GET /DealConsolidationPlatform/api/validate HTTP/1.1" 200 79
127.0.0.1 - - [20/Mar/2020:15:46:59 +0530] "GET /DealConsolidationPlatform/api/users/getUserDetails HTTP/1.1" 200 5987
0:0:0:0:0:0:0:1 - - [20/Mar/2020:15:46:59 +0530] "GET /IPA/api/getUserDetails HTTP/1.1" 200 5987
127.0.0.1 - - [20/Mar/2020:15:46:59 +0530] "GET /DealConsolidationPlatform/api/users/getAllUsersId?userRole=ipa_checker HTTP/1.1" 200 26969
0:0:0:0:0:0:0:1 - - [20/Mar/2020:15:46:59 +0530] "GET /IPA/api/getAllCheckersId?userRole=ipa_checker HTTP/1.1" 200 26969
127.0.0.1 - - [20/Mar/2020:15:47:13 +0530] "GET /DealConsolidationPlatform/api/validate HTTP/1.1" 200 79
127.0.0.1 - - [20/Mar/2020:15:47:13 +0530] "GET /DealConsolidationPlatform/api/validate HTTP/1.1" 200 79
127.0.0.1 - - [20/Mar/2020:15:47:13 +0530] "GET /DealConsolidationPlatform/api/users/getUserDetails HTTP/1.1" 200 5987
127.0.0.1 - - [20/Mar/2020:15:47:13 +0530] "GET /DealConsolidationPlatform/api/users/getAllUsersId?userRole=ipa_checker HTTP/1.1" 200 26969
0:0:0:0:0:0:0:1 - - [20/Mar/2020:15:47:13 +0530] "GET /IPA/api/getUserDetails HTTP/1.1" 200 5987
0:0:0:0:0:0:0:1 - - [20/Mar/2020:15:47:13 +0530] "GET /IPA/api/getAllCheckersId?userRole=ipa_checker HTTP/1.1" 200 26969
127.0.0.1 - - [20/Mar/2020:15:48:43 +0530] "GET /DealConsolidationPlatform/api/validate HTTP/1.1" 200 79
0:0:0:0:0:0:0:1 - - [20/Mar/2020:15:48:47 +0530] "GET /IPA/api/viewAllBR?customerId=&pageNumber=1&pageSize=10 HTTP/1.1" 200 26914
127.0.0.1 - - [20/Mar/2020:15:48:57 +0530] "GET /DealConsolidationPlatform/api/validate HTTP/1.1" 200 79
0:0:0:0:0:0:0:1 - - [20/Mar/2020:15:48:58 +0530] "GET /IPA/api/getById?customerId=1233 HTTP/1.1" 200 1397
127.0.0.1 - - [20/Mar/2020:15:56:14 +0530] "GET /DealConsolidationPlatform/api/validate HTTP/1.1" 200 79
0:0:0:0:0:0:0:1 - - [20/Mar/2020:15:56:15 +0530] "GET /IPA/api/getById?customerId=12323 HTTP/1.1" 200 2491
127.0.0.1 - - [20/Mar/2020:15:56:19 +0530] "GET /DealConsolidationPlatform/api/validate HTTP/1.1" 200 79
0:0:0:0:0:0:0:1 - - [20/Mar/2020:15:56:22 +0530] "POST /IPA/api/addBR HTTP/1.1" 200 80
127.0.0.1 - - [20/Mar/2020:15:56:43 +0530] "GET /DealConsolidationPlatform/api/validate HTTP/1.1" 200 79
0:0:0:0:0:0:0:1 - - [20/Mar/2020:15:56:45 +0530] "GET /IPA/api/viewAllBR?customerId=&pageNumber=1&pageSize=10 HTTP/1.1" 200 28234
127.0.0.1 - - [20/Mar/2020:15:56:53 +0530] "GET /DealConsolidationPlatform/api/validate HTTP/1.1" 200 79
